19:01:53.643 [main] INFO com.tngtech.archunit.core.PluginLoader -- Detected Java version 21.0.5
19:02:08.792 [main] INFO org.springframework.test.context.support.AnnotationConfigContextLoaderUtils -- Could not detect default configuration classes for test class [io.github.lystrosaurus.admin.auth.AuthControllerTest]: AuthControllerTest does not declare any static, non-private, non-final, nested classes annotated with @Configuration.
19:02:08.986 [main] INFO org.springframework.boot.test.context.SpringBootTestContextBootstrapper -- Found @SpringBootConfiguration io.github.lystrosaurus.admin.AdminManagementScaffoldApplication for test class io.github.lystrosaurus.admin.auth.AuthControllerTest

  .   ____          _            __ _ _
 /\\ / ___'_ __ _ _(_)_ __  __ _ \ \ \ \
( ( )\___ | '_ | '_| | '_ \/ _` | \ \ \ \
 \\/  ___)| |_)| | | | | || (_| |  ) ) ) )
  '  |____| .__|_| |_|_| |_\__, | / / / /
 =========|_|==============|___/=/_/_/_/
 :: Spring Boot ::                (v3.2.5)

2026-05-23 19:02:09.627 [main] INFO  i.g.lystrosaurus.admin.auth.AuthControllerTest - Starting AuthControllerTest using Java 21.0.5 with PID 54236 (started by lannt in C:\workspace\admin-management-scaffold\backend)
2026-05-23 19:02:09.627 [main] DEBUG i.g.lystrosaurus.admin.auth.AuthControllerTest - Running with Spring Boot v3.2.5, Spring v6.1.6
2026-05-23 19:02:09.627 [main] INFO  i.g.lystrosaurus.admin.auth.AuthControllerTest - The following 1 profile is active: "test"
2026-05-23 19:02:14.876 [main] INFO  i.g.l.admin.config.TestDatabaseInitializer - 测试数据库 admin_scaffold_test 创建成功或已存在
2026-05-23 19:02:15.445 [main] INFO  i.g.l.admin.config.TestDatabaseInitializer - 测试数据库已清理，将手动执行 Flyway 迁移
2026-05-23 19:02:15.653 [main] DEBUG o.f.c.internal.scanner.classpath.ClassPathScanner - Scanning for classpath resources at 'classpath:db/callback' ...
2026-05-23 19:02:15.653 [main] DEBUG o.f.c.internal.scanner.classpath.ClassPathScanner - Determining location urls for classpath:db/callback using ClassLoader jdk.internal.loader.ClassLoaders$AppClassLoader@5c647e05 ...
2026-05-23 19:02:15.653 [main] DEBUG o.f.c.internal.scanner.classpath.ClassPathScanner - Unable to resolve location classpath:db/callback.
2026-05-23 19:02:15.653 [main] DEBUG o.f.c.internal.scanner.classpath.ClassPathScanner - Scanning for classpath resources at 'classpath:db/migration' ...
2026-05-23 19:02:15.653 [main] DEBUG o.f.c.internal.scanner.classpath.ClassPathScanner - Determining location urls for classpath:db/migration using ClassLoader jdk.internal.loader.ClassLoaders$AppClassLoader@5c647e05 ...
2026-05-23 19:02:15.653 [main] DEBUG o.f.c.internal.scanner.classpath.ClassPathScanner - Scanning URL: file:/C:/workspace/admin-management-scaffold/backend/target/classes/db/migration
2026-05-23 19:02:15.658 [main] DEBUG o.f.c.i.s.c.FileSystemClassPathLocationScanner - Scanning starting at classpath root in filesystem: C:\workspace\admin-management-scaffold\backend\target\classes\
2026-05-23 19:02:15.659 [main] DEBUG o.f.c.i.s.c.FileSystemClassPathLocationScanner - Scanning for resources in path: C:\workspace\admin-management-scaffold\backend\target\classes\db\migration (db/migration)
2026-05-23 19:02:15.664 [main] DEBUG o.f.c.internal.scanner.classpath.ClassPathScanner - Found resource: db/migration/V1__init_schema.sql
2026-05-23 19:02:15.664 [main] DEBUG o.f.c.internal.scanner.classpath.ClassPathScanner - Found resource: db/migration/V2__add_menu_and_permission_fields.sql
2026-05-23 19:02:15.664 [main] DEBUG o.f.c.internal.scanner.classpath.ClassPathScanner - Found resource: db/migration/V3__seed_data.sql
2026-05-23 19:02:15.664 [main] DEBUG o.f.c.internal.scanner.classpath.ClassPathScanner - Found resource: db/migration/V4__add_employee_org_tables.sql
2026-05-23 19:02:15.664 [main] DEBUG o.f.c.internal.scanner.classpath.ClassPathScanner - Found resource: db/migration/V5__seed_data_org.sql
2026-05-23 19:02:15.664 [main] DEBUG o.f.c.internal.scanner.classpath.ClassPathScanner - Scanning for classes at classpath:db/migration
2026-05-23 19:02:15.671 [main] DEBUG o.f.core.internal.resource.ResourceNameValidator - Validating V4__add_employee_org_tables.sql
2026-05-23 19:02:15.683 [main] DEBUG o.f.core.internal.resource.ResourceNameValidator - Validating V1__init_schema.sql
2026-05-23 19:02:15.683 [main] DEBUG o.f.core.internal.resource.ResourceNameValidator - Validating V2__add_menu_and_permission_fields.sql
2026-05-23 19:02:15.683 [main] DEBUG o.f.core.internal.resource.ResourceNameValidator - Validating V3__seed_data.sql
2026-05-23 19:02:15.683 [main] DEBUG o.f.core.internal.resource.ResourceNameValidator - Validating V5__seed_data_org.sql
2026-05-23 19:02:15.740 [main] INFO  org.flywaydb.core.FlywayExecutor - Database: jdbc:mysql://localhost:3306/admin_scaffold_test (MySQL 9.1)
2026-05-23 19:02:15.741 [main] DEBUG org.flywaydb.core.FlywayExecutor - Database Type: MySQL
2026-05-23 19:02:15.741 [main] DEBUG org.flywaydb.core.FlywayExecutor - Driver: MySQL Connector/J mysql-connector-j-8.3.0 (Revision: 805f872a57875f311cb82487efcfb070411a3fa0)
2026-05-23 19:02:15.741 [main] DEBUG org.flywaydb.core.FlywayExecutor - DDL Transactions Supported: false
2026-05-23 19:02:15.743 [main] DEBUG o.f.c.internal.schemahistory.SchemaHistoryFactory - Schemas: 
2026-05-23 19:02:15.744 [main] DEBUG o.f.c.internal.schemahistory.SchemaHistoryFactory - Default schema: null
2026-05-23 19:02:15.765 [main] WARN  org.flywaydb.core.internal.database.base.Database - Flyway upgrade recommended: MySQL 9.1 is newer than this version of Flyway and support has not been tested. The latest supported version of MySQL is 8.1.
2026-05-23 19:02:15.767 [main] DEBUG o.f.c.internal.callback.SqlScriptCallbackFactory - Scanning for SQL callbacks ...
2026-05-23 19:02:15.777 [main] DEBUG org.flywaydb.core.internal.command.DbValidate - Validating migrations ...
2026-05-23 19:02:15.783 [main] DEBUG o.f.core.api.configuration.ClassicConfiguration - CherryPickConfigurationExtension not found
2026-05-23 19:02:15.798 [main] DEBUG org.flywaydb.core.internal.scanner.Scanner - Filtering out resource: db/migration/V4__add_employee_org_tables.sql (filename: V4__add_employee_org_tables.sql)
2026-05-23 19:02:15.798 [main] DEBUG org.flywaydb.core.internal.scanner.Scanner - Filtering out resource: db/migration/V1__init_schema.sql (filename: V1__init_schema.sql)
2026-05-23 19:02:15.798 [main] DEBUG org.flywaydb.core.internal.scanner.Scanner - Filtering out resource: db/migration/V2__add_menu_and_permission_fields.sql (filename: V2__add_menu_and_permission_fields.sql)
2026-05-23 19:02:15.798 [main] DEBUG org.flywaydb.core.internal.scanner.Scanner - Filtering out resource: db/migration/V3__seed_data.sql (filename: V3__seed_data.sql)
2026-05-23 19:02:15.798 [main] DEBUG org.flywaydb.core.internal.scanner.Scanner - Filtering out resource: db/migration/V5__seed_data_org.sql (filename: V5__seed_data_org.sql)
2026-05-23 19:02:15.801 [main] DEBUG org.flywaydb.core.internal.scanner.Scanner - Filtering out resource: db/migration/V4__add_employee_org_tables.sql (filename: V4__add_employee_org_tables.sql)
2026-05-23 19:02:15.801 [main] DEBUG org.flywaydb.core.internal.scanner.Scanner - Filtering out resource: db/migration/V1__init_schema.sql (filename: V1__init_schema.sql)
2026-05-23 19:02:15.801 [main] DEBUG org.flywaydb.core.internal.scanner.Scanner - Filtering out resource: db/migration/V2__add_menu_and_permission_fields.sql (filename: V2__add_menu_and_permission_fields.sql)
2026-05-23 19:02:15.801 [main] DEBUG org.flywaydb.core.internal.scanner.Scanner - Filtering out resource: db/migration/V3__seed_data.sql (filename: V3__seed_data.sql)
2026-05-23 19:02:15.801 [main] DEBUG org.flywaydb.core.internal.scanner.Scanner - Filtering out resource: db/migration/V5__seed_data_org.sql (filename: V5__seed_data_org.sql)
2026-05-23 19:02:15.808 [main] INFO  o.f.c.i.schemahistory.JdbcTableSchemaHistory - Schema history table `admin_scaffold_test`.`flyway_schema_history` does not exist yet
2026-05-23 19:02:15.814 [main] INFO  org.flywaydb.core.internal.command.DbValidate - Successfully validated 5 migrations (execution time 00:00.035s)
2026-05-23 19:02:15.822 [main] DEBUG org.flywaydb.core.internal.command.DbSchemas - Skipping creation of existing schema: `admin_scaffold_test`
2026-05-23 19:02:15.843 [main] INFO  o.f.c.i.schemahistory.JdbcTableSchemaHistory - Creating Schema History table `admin_scaffold_test`.`flyway_schema_history` ...
2026-05-23 19:02:15.850 [main] DEBUG org.flywaydb.core.internal.parser.Parser - Parsing  ...
2026-05-23 19:02:15.865 [main] DEBUG o.flywaydb.core.internal.sqlscript.ParserSqlScript - Found statement at line 1: CREATE TABLE `admin_scaffold_test`.`flyway_schema_history` (
    `installed_rank` INT NOT NULL,
    `version` VARCHAR(50),
    `description` VARCHAR(200) NOT NULL,
    `type` VARCHAR(20) NOT NULL,
    `script` VARCHAR(1000) NOT NULL,
    `checksum` INT,
    `installed_by` VARCHAR(100) NOT NULL,
    `installed_on` TIMESTAMP NOT NULL DEFAULT CURRENT_TIMESTAMP,
    `execution_time` INT NOT NULL,
    `success` BOOL NOT NULL,
    CONSTRAINT `flyway_schema_history_pk` PRIMARY KEY (`installed_rank`)
) ENGINE=InnoDB
2026-05-23 19:02:15.865 [main] DEBUG o.flywaydb.core.internal.sqlscript.ParserSqlScript - Found statement at line 14: CREATE INDEX `flyway_schema_history_s_idx` ON `admin_scaffold_test`.`flyway_schema_history` (`success`)
2026-05-23 19:02:15.868 [main] DEBUG o.f.c.internal.sqlscript.DefaultSqlScriptExecutor - Executing SQL: CREATE TABLE `admin_scaffold_test`.`flyway_schema_history` (
    `installed_rank` INT NOT NULL,
    `version` VARCHAR(50),
    `description` VARCHAR(200) NOT NULL,
    `type` VARCHAR(20) NOT NULL,
    `script` VARCHAR(1000) NOT NULL,
    `checksum` INT,
    `installed_by` VARCHAR(100) NOT NULL,
    `installed_on` TIMESTAMP NOT NULL DEFAULT CURRENT_TIMESTAMP,
    `execution_time` INT NOT NULL,
    `success` BOOL NOT NULL,
    CONSTRAINT `flyway_schema_history_pk` PRIMARY KEY (`installed_rank`)
) ENGINE=InnoDB
2026-05-23 19:02:15.922 [main] DEBUG o.f.c.internal.sqlscript.DefaultSqlScriptExecutor - 0 rows affected
2026-05-23 19:02:15.923 [main] DEBUG o.f.c.internal.sqlscript.DefaultSqlScriptExecutor - Executing SQL: CREATE INDEX `flyway_schema_history_s_idx` ON `admin_scaffold_test`.`flyway_schema_history` (`success`)
2026-05-23 19:02:15.957 [main] DEBUG o.f.c.internal.sqlscript.DefaultSqlScriptExecutor - 0 rows affected
2026-05-23 19:02:15.957 [main] DEBUG o.f.c.i.schemahistory.JdbcTableSchemaHistory - Created Schema History table `admin_scaffold_test`.`flyway_schema_history`
2026-05-23 19:02:15.975 [main] DEBUG o.f.core.api.configuration.ClassicConfiguration - CherryPickConfigurationExtension not found
2026-05-23 19:02:15.990 [main] INFO  org.flywaydb.core.internal.command.DbMigrate - Current version of schema `admin_scaffold_test`: << Empty Schema >>
2026-05-23 19:02:15.992 [main] DEBUG org.flywaydb.core.internal.parser.Parser - Parsing V1__init_schema.sql ...
2026-05-23 19:02:15.999 [main] DEBUG o.flywaydb.core.internal.sqlscript.ParserSqlScript - Found statement at line 3: -- 初始化数据库架构
-- 创建用户表
CREATE TABLE IF NOT EXISTS `sys_user` (
    `id` BIGINT NOT NULL COMMENT '主键ID',
    `username` VARCHAR(50) NOT NULL COMMENT '用户名',
    `password` VARCHAR(100) NOT NULL COMMENT '密码',
    `nickname` VARCHAR(50) COMMENT '昵称',
    `email` VARCHAR(100) COMMENT '邮箱',
    `phone` VARCHAR(20) COMMENT '手机号',
    `avatar` VARCHAR(255) COMMENT '头像',
    `status` TINYINT DEFAULT 1 COMMENT '状态：0-禁用，1-启用',
    `created_at` DATETIME DEFAULT CURRENT_TIMESTAMP COMMENT '创建时间',
    `updated_at` DATETIME DEFAULT CURRENT_TIMESTAMP ON UPDATE CURRENT_TIMESTAMP COMMENT '更新时间',
    `created_by` VARCHAR(50) COMMENT '创建人',
    `updated_by` VARCHAR(50) COMMENT '更新人',
    `deleted` TINYINT DEFAULT 0 COMMENT '逻辑删除标志：0-未删除，1-已删除',
    `version` INT DEFAULT 1 COMMENT '版本号',
    PRIMARY KEY (`id`),
    UNIQUE KEY `uk_username` (`username`),
    KEY `idx_email` (`email`),
    KEY `idx_phone` (`phone`)
) ENGINE=InnoDB DEFAULT CHARSET=utf8mb4 COLLATE=utf8mb4_unicode_ci COMMENT='系统用户表'
2026-05-23 19:02:16.001 [main] DEBUG o.flywaydb.core.internal.sqlscript.ParserSqlScript - Found statement at line 25: -- 创建角色表
CREATE TABLE IF NOT EXISTS `sys_role` (
    `id` BIGINT NOT NULL COMMENT '主键ID',
    `role_name` VARCHAR(50) NOT NULL COMMENT '角色名称',
    `role_code` VARCHAR(50) NOT NULL COMMENT '角色编码',
    `description` VARCHAR(255) COMMENT '描述',
    `status` TINYINT DEFAULT 1 COMMENT '状态：0-禁用，1-启用',
    `created_at` DATETIME DEFAULT CURRENT_TIMESTAMP COMMENT '创建时间',
    `updated_at` DATETIME DEFAULT CURRENT_TIMESTAMP ON UPDATE CURRENT_TIMESTAMP COMMENT '更新时间',
    `created_by` VARCHAR(50) COMMENT '创建人',
    `updated_by` VARCHAR(50) COMMENT '更新人',
    `deleted` TINYINT DEFAULT 0 COMMENT '逻辑删除标志：0-未删除，1-已删除',
    `version` INT DEFAULT 1 COMMENT '版本号',
    PRIMARY KEY (`id`),
    UNIQUE KEY `uk_role_code` (`role_code`)
) ENGINE=InnoDB DEFAULT CHARSET=utf8mb4 COLLATE=utf8mb4_unicode_ci COMMENT='系统角色表'
2026-05-23 19:02:16.001 [main] DEBUG o.flywaydb.core.internal.sqlscript.ParserSqlScript - Found statement at line 42: -- 创建用户角色关联表
CREATE TABLE IF NOT EXISTS `sys_user_role` (
    `id` BIGINT NOT NULL COMMENT '主键ID',
    `user_id` BIGINT NOT NULL COMMENT '用户ID',
    `role_id` BIGINT NOT NULL COMMENT '角色ID',
    `created_at` DATETIME DEFAULT CURRENT_TIMESTAMP COMMENT '创建时间',
    `created_by` VARCHAR(50) COMMENT '创建人',
    `updated_at` DATETIME DEFAULT CURRENT_TIMESTAMP ON UPDATE CURRENT_TIMESTAMP COMMENT '更新时间',
    `updated_by` VARCHAR(50) COMMENT '更新人',
    `deleted` TINYINT DEFAULT 0 COMMENT '逻辑删除标志：0-未删除，1-已删除',
    PRIMARY KEY (`id`),
    UNIQUE KEY `uk_user_role` (`user_id`, `role_id`),
    KEY `idx_role_id` (`role_id`)
) ENGINE=InnoDB DEFAULT CHARSET=utf8mb4 COLLATE=utf8mb4_unicode_ci COMMENT='用户角色关联表'
2026-05-23 19:02:16.004 [main] DEBUG o.flywaydb.core.internal.sqlscript.ParserSqlScript - Found statement at line 57: -- 创建权限表
CREATE TABLE IF NOT EXISTS `sys_permission` (
    `id` BIGINT NOT NULL COMMENT '主键ID',
    `permission_name` VARCHAR(50) NOT NULL COMMENT '权限名称',
    `permission_code` VARCHAR(100) NOT NULL COMMENT '权限编码',
    `description` VARCHAR(255) COMMENT '描述',
    `status` TINYINT DEFAULT 1 COMMENT '状态：0-禁用，1-启用',
    `created_at` DATETIME DEFAULT CURRENT_TIMESTAMP COMMENT '创建时间',
    `updated_at` DATETIME DEFAULT CURRENT_TIMESTAMP ON UPDATE CURRENT_TIMESTAMP COMMENT '更新时间',
    `created_by` VARCHAR(50) COMMENT '创建人',
    `updated_by` VARCHAR(50) COMMENT '更新人',
    `deleted` TINYINT DEFAULT 0 COMMENT '逻辑删除标志：0-未删除，1-已删除',
    `version` INT DEFAULT 1 COMMENT '版本号',
    PRIMARY KEY (`id`),
    UNIQUE KEY `uk_permission_code` (`permission_code`)
) ENGINE=InnoDB DEFAULT CHARSET=utf8mb4 COLLATE=utf8mb4_unicode_ci COMMENT='系统权限表'
2026-05-23 19:02:16.008 [main] DEBUG o.flywaydb.core.internal.sqlscript.ParserSqlScript - Found statement at line 74: -- 创建角色权限关联表
CREATE TABLE IF NOT EXISTS `sys_role_permission` (
    `id` BIGINT NOT NULL COMMENT '主键ID',
    `role_id` BIGINT NOT NULL COMMENT '角色ID',
    `permission_id` BIGINT NOT NULL COMMENT '权限ID',
    `created_at` DATETIME DEFAULT CURRENT_TIMESTAMP COMMENT '创建时间',
    `created_by` VARCHAR(50) COMMENT '创建人',
    `updated_at` DATETIME DEFAULT CURRENT_TIMESTAMP ON UPDATE CURRENT_TIMESTAMP COMMENT '更新时间',
    `updated_by` VARCHAR(50) COMMENT '更新人',
    `deleted` TINYINT DEFAULT 0 COMMENT '逻辑删除标志：0-未删除，1-已删除',
    PRIMARY KEY (`id`),
    UNIQUE KEY `uk_role_permission` (`role_id`, `permission_id`),
    KEY `idx_permission_id` (`permission_id`)
) ENGINE=InnoDB DEFAULT CHARSET=utf8mb4 COLLATE=utf8mb4_unicode_ci COMMENT='角色权限关联表'
2026-05-23 19:02:16.014 [main] DEBUG org.flywaydb.core.internal.command.DbMigrate - Starting migration of schema `admin_scaffold_test` to version "1 - init schema" ...
2026-05-23 19:02:16.021 [main] INFO  org.flywaydb.core.internal.command.DbMigrate - Migrating schema `admin_scaffold_test` to version "1 - init schema"
2026-05-23 19:02:16.027 [main] DEBUG o.f.c.internal.sqlscript.DefaultSqlScriptExecutor - Executing SQL: -- 初始化数据库架构
-- 创建用户表
CREATE TABLE IF NOT EXISTS `sys_user` (
    `id` BIGINT NOT NULL COMMENT '主键ID',
    `username` VARCHAR(50) NOT NULL COMMENT '用户名',
    `password` VARCHAR(100) NOT NULL COMMENT '密码',
    `nickname` VARCHAR(50) COMMENT '昵称',
    `email` VARCHAR(100) COMMENT '邮箱',
    `phone` VARCHAR(20) COMMENT '手机号',
    `avatar` VARCHAR(255) COMMENT '头像',
    `status` TINYINT DEFAULT 1 COMMENT '状态：0-禁用，1-启用',
    `created_at` DATETIME DEFAULT CURRENT_TIMESTAMP COMMENT '创建时间',
    `updated_at` DATETIME DEFAULT CURRENT_TIMESTAMP ON UPDATE CURRENT_TIMESTAMP COMMENT '更新时间',
    `created_by` VARCHAR(50) COMMENT '创建人',
    `updated_by` VARCHAR(50) COMMENT '更新人',
    `deleted` TINYINT DEFAULT 0 COMMENT '逻辑删除标志：0-未删除，1-已删除',
    `version` INT DEFAULT 1 COMMENT '版本号',
    PRIMARY KEY (`id`),
    UNIQUE KEY `uk_username` (`username`),
    KEY `idx_email` (`email`),
    KEY `idx_phone` (`phone`)
) ENGINE=InnoDB DEFAULT CHARSET=utf8mb4 COLLATE=utf8mb4_unicode_ci COMMENT='系统用户表'
2026-05-23 19:02:16.109 [main] DEBUG o.f.c.internal.sqlscript.DefaultSqlScriptExecutor - 0 rows affected
2026-05-23 19:02:16.109 [main] DEBUG o.f.c.internal.sqlscript.DefaultSqlScriptExecutor - Executing SQL: -- 创建角色表
CREATE TABLE IF NOT EXISTS `sys_role` (
    `id` BIGINT NOT NULL COMMENT '主键ID',
    `role_name` VARCHAR(50) NOT NULL COMMENT '角色名称',
    `role_code` VARCHAR(50) NOT NULL COMMENT '角色编码',
    `description` VARCHAR(255) COMMENT '描述',
    `status` TINYINT DEFAULT 1 COMMENT '状态：0-禁用，1-启用',
    `created_at` DATETIME DEFAULT CURRENT_TIMESTAMP COMMENT '创建时间',
    `updated_at` DATETIME DEFAULT CURRENT_TIMESTAMP ON UPDATE CURRENT_TIMESTAMP COMMENT '更新时间',
    `created_by` VARCHAR(50) COMMENT '创建人',
    `updated_by` VARCHAR(50) COMMENT '更新人',
    `deleted` TINYINT DEFAULT 0 COMMENT '逻辑删除标志：0-未删除，1-已删除',
    `version` INT DEFAULT 1 COMMENT '版本号',
    PRIMARY KEY (`id`),
    UNIQUE KEY `uk_role_code` (`role_code`)
) ENGINE=InnoDB DEFAULT CHARSET=utf8mb4 COLLATE=utf8mb4_unicode_ci COMMENT='系统角色表'
2026-05-23 19:02:16.165 [main] DEBUG o.f.c.internal.sqlscript.DefaultSqlScriptExecutor - 0 rows affected
2026-05-23 19:02:16.166 [main] DEBUG o.f.c.internal.sqlscript.DefaultSqlScriptExecutor - Executing SQL: -- 创建用户角色关联表
CREATE TABLE IF NOT EXISTS `sys_user_role` (
    `id` BIGINT NOT NULL COMMENT '主键ID',
    `user_id` BIGINT NOT NULL COMMENT '用户ID',
    `role_id` BIGINT NOT NULL COMMENT '角色ID',
    `created_at` DATETIME DEFAULT CURRENT_TIMESTAMP COMMENT '创建时间',
    `created_by` VARCHAR(50) COMMENT '创建人',
    `updated_at` DATETIME DEFAULT CURRENT_TIMESTAMP ON UPDATE CURRENT_TIMESTAMP COMMENT '更新时间',
    `updated_by` VARCHAR(50) COMMENT '更新人',
    `deleted` TINYINT DEFAULT 0 COMMENT '逻辑删除标志：0-未删除，1-已删除',
    PRIMARY KEY (`id`),
    UNIQUE KEY `uk_user_role` (`user_id`, `role_id`),
    KEY `idx_role_id` (`role_id`)
) ENGINE=InnoDB DEFAULT CHARSET=utf8mb4 COLLATE=utf8mb4_unicode_ci COMMENT='用户角色关联表'
2026-05-23 19:02:16.228 [main] DEBUG o.f.c.internal.sqlscript.DefaultSqlScriptExecutor - 0 rows affected
2026-05-23 19:02:16.229 [main] DEBUG o.f.c.internal.sqlscript.DefaultSqlScriptExecutor - Executing SQL: -- 创建权限表
CREATE TABLE IF NOT EXISTS `sys_permission` (
    `id` BIGINT NOT NULL COMMENT '主键ID',
    `permission_name` VARCHAR(50) NOT NULL COMMENT '权限名称',
    `permission_code` VARCHAR(100) NOT NULL COMMENT '权限编码',
    `description` VARCHAR(255) COMMENT '描述',
    `status` TINYINT DEFAULT 1 COMMENT '状态：0-禁用，1-启用',
    `created_at` DATETIME DEFAULT CURRENT_TIMESTAMP COMMENT '创建时间',
    `updated_at` DATETIME DEFAULT CURRENT_TIMESTAMP ON UPDATE CURRENT_TIMESTAMP COMMENT '更新时间',
    `created_by` VARCHAR(50) COMMENT '创建人',
    `updated_by` VARCHAR(50) COMMENT '更新人',
    `deleted` TINYINT DEFAULT 0 COMMENT '逻辑删除标志：0-未删除，1-已删除',
    `version` INT DEFAULT 1 COMMENT '版本号',
    PRIMARY KEY (`id`),
    UNIQUE KEY `uk_permission_code` (`permission_code`)
) ENGINE=InnoDB DEFAULT CHARSET=utf8mb4 COLLATE=utf8mb4_unicode_ci COMMENT='系统权限表'
2026-05-23 19:02:16.288 [main] DEBUG o.f.c.internal.sqlscript.DefaultSqlScriptExecutor - 0 rows affected
2026-05-23 19:02:16.288 [main] DEBUG o.f.c.internal.sqlscript.DefaultSqlScriptExecutor - Executing SQL: -- 创建角色权限关联表
CREATE TABLE IF NOT EXISTS `sys_role_permission` (
    `id` BIGINT NOT NULL COMMENT '主键ID',
    `role_id` BIGINT NOT NULL COMMENT '角色ID',
    `permission_id` BIGINT NOT NULL COMMENT '权限ID',
    `created_at` DATETIME DEFAULT CURRENT_TIMESTAMP COMMENT '创建时间',
    `created_by` VARCHAR(50) COMMENT '创建人',
    `updated_at` DATETIME DEFAULT CURRENT_TIMESTAMP ON UPDATE CURRENT_TIMESTAMP COMMENT '更新时间',
    `updated_by` VARCHAR(50) COMMENT '更新人',
    `deleted` TINYINT DEFAULT 0 COMMENT '逻辑删除标志：0-未删除，1-已删除',
    PRIMARY KEY (`id`),
    UNIQUE KEY `uk_role_permission` (`role_id`, `permission_id`),
    KEY `idx_permission_id` (`permission_id`)
) ENGINE=InnoDB DEFAULT CHARSET=utf8mb4 COLLATE=utf8mb4_unicode_ci COMMENT='角色权限关联表'
2026-05-23 19:02:16.354 [main] DEBUG o.f.c.internal.sqlscript.DefaultSqlScriptExecutor - 0 rows affected
2026-05-23 19:02:16.354 [main] DEBUG org.flywaydb.core.internal.command.DbMigrate - Successfully completed migration of schema `admin_scaffold_test` to version "1 - init schema"
2026-05-23 19:02:16.376 [main] DEBUG o.f.c.i.schemahistory.JdbcTableSchemaHistory - Schema History table `admin_scaffold_test`.`flyway_schema_history` successfully updated to reflect changes
2026-05-23 19:02:16.395 [main] DEBUG o.f.core.api.configuration.ClassicConfiguration - CherryPickConfigurationExtension not found
2026-05-23 19:02:16.405 [main] DEBUG org.flywaydb.core.internal.parser.Parser - Parsing V2__add_menu_and_permission_fields.sql ...
2026-05-23 19:02:16.410 [main] DEBUG o.flywaydb.core.internal.sqlscript.ParserSqlScript - Found statement at line 7: -- V2: 添加菜单表和权限字段扩展
-- 任务: 创建 sys_menu 表，补充 sys_permission 字段，创建 sys_role_menu 关联表

-- ============================================================
-- 1. 创建菜单表 sys_menu
-- ============================================================
CREATE TABLE IF NOT EXISTS `sys_menu` (
    `id` BIGINT NOT NULL COMMENT '主键ID',
    `parent_id` BIGINT DEFAULT 0 COMMENT '父菜单ID，0表示顶级菜单',
    `name` VARCHAR(64) NOT NULL COMMENT '菜单名称',
    `path` VARCHAR(255) COMMENT '路由路径',
    `component` VARCHAR(255) COMMENT '前端组件路径',
    `icon` VARCHAR(64) COMMENT '图标',
    `sort_order` INT DEFAULT 0 COMMENT '排序号',
    `type` TINYINT NOT NULL COMMENT '类型：1-目录，2-菜单，3-按钮',
    `permission_code` VARCHAR(64) COMMENT '权限码',
    `visible` TINYINT DEFAULT 1 COMMENT '是否可见：0-隐藏，1-显示',
    `status` TINYINT DEFAULT 1 COMMENT '状态：0-禁用，1-启用',
    `created_at` DATETIME DEFAULT CURRENT_TIMESTAMP COMMENT '创建时间',
    `created_by` VARCHAR(50) COMMENT '创建人',
    `updated_at` DATETIME DEFAULT CURRENT_TIMESTAMP ON UPDATE CURRENT_TIMESTAMP COMMENT '更新时间',
    `updated_by` VARCHAR(50) COMMENT '更新人',
    `deleted` TINYINT DEFAULT 0 COMMENT '逻辑删除标志：0-未删除，1-已删除',
    `version` INT DEFAULT 1 COMMENT '版本号',
    PRIMARY KEY (`id`),
    KEY `idx_parent_id` (`parent_id`),
    KEY `idx_permission_code` (`permission_code`)
) ENGINE=InnoDB DEFAULT CHARSET=utf8mb4 COLLATE=utf8mb4_unicode_ci COMMENT='系统菜单表'
2026-05-23 19:02:16.411 [main] DEBUG o.flywaydb.core.internal.sqlscript.ParserSqlScript - Found statement at line 33: -- ============================================================
-- 2. 扩展 sys_permission 表字段
-- ============================================================
ALTER TABLE `sys_permission`
    ADD COLUMN `type` VARCHAR(32) COMMENT '权限类型：MENU-菜单权限，BUTTON-按钮权限，API-接口权限' AFTER `description`,
    ADD COLUMN `module` VARCHAR(64) COMMENT '所属模块，如 system、auth' AFTER `type`,
    ADD COLUMN `resource` VARCHAR(64) COMMENT '资源标识，如 user、role' AFTER `module`,
    ADD COLUMN `action` VARCHAR(32) COMMENT '操作类型，如 view、create、update、delete' AFTER `resource`
2026-05-23 19:02:16.411 [main] DEBUG o.flywaydb.core.internal.sqlscript.ParserSqlScript - Found statement at line 40: -- 为权限类型字段添加索引
ALTER TABLE `sys_permission`
    ADD KEY `idx_type` (`type`)
2026-05-23 19:02:16.413 [main] DEBUG o.flywaydb.core.internal.sqlscript.ParserSqlScript - Found statement at line 46: -- ============================================================
-- 3. 创建角色菜单关联表 sys_role_menu
-- ============================================================
CREATE TABLE IF NOT EXISTS `sys_role_menu` (
    `id` BIGINT NOT NULL COMMENT '主键ID',
    `role_id` BIGINT NOT NULL COMMENT '角色ID',
    `menu_id` BIGINT NOT NULL COMMENT '菜单ID',
    `created_at` DATETIME DEFAULT CURRENT_TIMESTAMP COMMENT '创建时间',
    `created_by` VARCHAR(50) COMMENT '创建人',
    `updated_at` DATETIME DEFAULT CURRENT_TIMESTAMP ON UPDATE CURRENT_TIMESTAMP COMMENT '更新时间',
    `updated_by` VARCHAR(50) COMMENT '更新人',
    `deleted` TINYINT DEFAULT 0 COMMENT '逻辑删除标志：0-未删除，1-已删除',
    PRIMARY KEY (`id`),
    UNIQUE KEY `uk_role_menu` (`role_id`, `menu_id`),
    KEY `idx_menu_id` (`menu_id`)
) ENGINE=InnoDB DEFAULT CHARSET=utf8mb4 COLLATE=utf8mb4_unicode_ci COMMENT='角色菜单关联表'
2026-05-23 19:02:16.414 [main] DEBUG org.flywaydb.core.internal.command.DbMigrate - Starting migration of schema `admin_scaffold_test` to version "2 - add menu and permission fields" ...
2026-05-23 19:02:16.420 [main] INFO  org.flywaydb.core.internal.command.DbMigrate - Migrating schema `admin_scaffold_test` to version "2 - add menu and permission fields"
2026-05-23 19:02:16.421 [main] DEBUG o.f.c.internal.sqlscript.DefaultSqlScriptExecutor - Executing SQL: -- V2: 添加菜单表和权限字段扩展
-- 任务: 创建 sys_menu 表，补充 sys_permission 字段，创建 sys_role_menu 关联表

-- ============================================================
-- 1. 创建菜单表 sys_menu
-- ============================================================
CREATE TABLE IF NOT EXISTS `sys_menu` (
    `id` BIGINT NOT NULL COMMENT '主键ID',
    `parent_id` BIGINT DEFAULT 0 COMMENT '父菜单ID，0表示顶级菜单',
    `name` VARCHAR(64) NOT NULL COMMENT '菜单名称',
    `path` VARCHAR(255) COMMENT '路由路径',
    `component` VARCHAR(255) COMMENT '前端组件路径',
    `icon` VARCHAR(64) COMMENT '图标',
    `sort_order` INT DEFAULT 0 COMMENT '排序号',
    `type` TINYINT NOT NULL COMMENT '类型：1-目录，2-菜单，3-按钮',
    `permission_code` VARCHAR(64) COMMENT '权限码',
    `visible` TINYINT DEFAULT 1 COMMENT '是否可见：0-隐藏，1-显示',
    `status` TINYINT DEFAULT 1 COMMENT '状态：0-禁用，1-启用',
    `created_at` DATETIME DEFAULT CURRENT_TIMESTAMP COMMENT '创建时间',
    `created_by` VARCHAR(50) COMMENT '创建人',
    `updated_at` DATETIME DEFAULT CURRENT_TIMESTAMP ON UPDATE CURRENT_TIMESTAMP COMMENT '更新时间',
    `updated_by` VARCHAR(50) COMMENT '更新人',
    `deleted` TINYINT DEFAULT 0 COMMENT '逻辑删除标志：0-未删除，1-已删除',
    `version` INT DEFAULT 1 COMMENT '版本号',
    PRIMARY KEY (`id`),
    KEY `idx_parent_id` (`parent_id`),
    KEY `idx_permission_code` (`permission_code`)
) ENGINE=InnoDB DEFAULT CHARSET=utf8mb4 COLLATE=utf8mb4_unicode_ci COMMENT='系统菜单表'
2026-05-23 19:02:16.489 [main] DEBUG o.f.c.internal.sqlscript.DefaultSqlScriptExecutor - 0 rows affected
2026-05-23 19:02:16.490 [main] DEBUG o.f.c.internal.sqlscript.DefaultSqlScriptExecutor - Executing SQL: -- ============================================================
-- 2. 扩展 sys_permission 表字段
-- ============================================================
ALTER TABLE `sys_permission`
    ADD COLUMN `type` VARCHAR(32) COMMENT '权限类型：MENU-菜单权限，BUTTON-按钮权限，API-接口权限' AFTER `description`,
    ADD COLUMN `module` VARCHAR(64) COMMENT '所属模块，如 system、auth' AFTER `type`,
    ADD COLUMN `resource` VARCHAR(64) COMMENT '资源标识，如 user、role' AFTER `module`,
    ADD COLUMN `action` VARCHAR(32) COMMENT '操作类型，如 view、create、update、delete' AFTER `resource`
2026-05-23 19:02:16.519 [main] DEBUG o.f.c.internal.sqlscript.DefaultSqlScriptExecutor - 0 rows affected
2026-05-23 19:02:16.520 [main] DEBUG o.f.c.internal.sqlscript.DefaultSqlScriptExecutor - Executing SQL: -- 为权限类型字段添加索引
ALTER TABLE `sys_permission`
    ADD KEY `idx_type` (`type`)
2026-05-23 19:02:16.555 [main] DEBUG o.f.c.internal.sqlscript.DefaultSqlScriptExecutor - 0 rows affected
2026-05-23 19:02:16.555 [main] DEBUG o.f.c.internal.sqlscript.DefaultSqlScriptExecutor - Executing SQL: -- ============================================================
-- 3. 创建角色菜单关联表 sys_role_menu
-- ============================================================
CREATE TABLE IF NOT EXISTS `sys_role_menu` (
    `id` BIGINT NOT NULL COMMENT '主键ID',
    `role_id` BIGINT NOT NULL COMMENT '角色ID',
    `menu_id` BIGINT NOT NULL COMMENT '菜单ID',
    `created_at` DATETIME DEFAULT CURRENT_TIMESTAMP COMMENT '创建时间',
    `created_by` VARCHAR(50) COMMENT '创建人',
    `updated_at` DATETIME DEFAULT CURRENT_TIMESTAMP ON UPDATE CURRENT_TIMESTAMP COMMENT '更新时间',
    `updated_by` VARCHAR(50) COMMENT '更新人',
    `deleted` TINYINT DEFAULT 0 COMMENT '逻辑删除标志：0-未删除，1-已删除',
    PRIMARY KEY (`id`),
    UNIQUE KEY `uk_role_menu` (`role_id`, `menu_id`),
    KEY `idx_menu_id` (`menu_id`)
) ENGINE=InnoDB DEFAULT CHARSET=utf8mb4 COLLATE=utf8mb4_unicode_ci COMMENT='角色菜单关联表'
2026-05-23 19:02:16.623 [main] DEBUG o.f.c.internal.sqlscript.DefaultSqlScriptExecutor - 0 rows affected
2026-05-23 19:02:16.623 [main] DEBUG org.flywaydb.core.internal.command.DbMigrate - Successfully completed migration of schema `admin_scaffold_test` to version "2 - add menu and permission fields"
2026-05-23 19:02:16.636 [main] DEBUG o.f.c.i.schemahistory.JdbcTableSchemaHistory - Schema History table `admin_scaffold_test`.`flyway_schema_history` successfully updated to reflect changes
2026-05-23 19:02:16.652 [main] DEBUG o.f.core.api.configuration.ClassicConfiguration - CherryPickConfigurationExtension not found
2026-05-23 19:02:16.659 [main] DEBUG org.flywaydb.core.internal.parser.Parser - Parsing V3__seed_data.sql ...
2026-05-23 19:02:16.661 [main] DEBUG o.flywaydb.core.internal.sqlscript.ParserSqlScript - Found statement at line 9: -- V3: 修复列名不匹配 + 种子数据
-- LOCAL-ONLY: 仅用于本地开发环境
-- 修复 V1 Schema 与 Entity 字段名之间的不一致（MyBatis-Plus 驼峰映射）

-- ============================================================
-- 1. 修复 sys_user 列名
-- ============================================================
-- status: TINYINT → VARCHAR(32)，映射 0→DISABLED, 1→ENABLED
ALTER TABLE `sys_user` MODIFY COLUMN `status` VARCHAR(32) NOT NULL DEFAULT 'ENABLED' COMMENT '状态(ENABLED/DISABLED/LOCKED)'
2026-05-23 19:02:16.661 [main] DEBUG o.flywaydb.core.internal.sqlscript.ParserSqlScript - Found statement at line 10: UPDATE `sys_user` SET `status` = CASE WHEN `status` = '0' THEN 'DISABLED' WHEN `status` = '1' THEN 'ENABLED' ELSE `status` END WHERE `status` IN ('0', '1')
2026-05-23 19:02:16.661 [main] DEBUG o.flywaydb.core.internal.sqlscript.ParserSqlScript - Found statement at line 12: -- password → password_hash
ALTER TABLE `sys_user` CHANGE COLUMN `password` `password_hash` VARCHAR(100) NOT NULL COMMENT '密码哈希'
2026-05-23 19:02:16.661 [main] DEBUG o.flywaydb.core.internal.sqlscript.ParserSqlScript - Found statement at line 14: -- avatar → avatar_file_id（类型不变仍为 VARCHAR，后续可通过新迁移改为 BIGINT）
ALTER TABLE `sys_user` CHANGE COLUMN `avatar` `avatar_file_id` VARCHAR(255) COMMENT '头像文件ID'
2026-05-23 19:02:16.662 [main] DEBUG o.flywaydb.core.internal.sqlscript.ParserSqlScript - Found statement at line 16: -- 添加缺失列
ALTER TABLE `sys_user` ADD COLUMN `token_version` INT DEFAULT 1 COMMENT 'token版本号' AFTER `status`
2026-05-23 19:02:16.662 [main] DEBUG o.flywaydb.core.internal.sqlscript.ParserSqlScript - Found statement at line 17: ALTER TABLE `sys_user` ADD COLUMN `last_login_at` DATETIME COMMENT '最后登录时间' AFTER `token_version`
2026-05-23 19:02:16.662 [main] DEBUG o.flywaydb.core.internal.sqlscript.ParserSqlScript - Found statement at line 18: ALTER TABLE `sys_user` ADD COLUMN `last_login_ip` VARCHAR(50) COMMENT '最后登录IP' AFTER `last_login_at`
2026-05-23 19:02:16.663 [main] DEBUG o.flywaydb.core.internal.sqlscript.ParserSqlScript - Found statement at line 19: ALTER TABLE `sys_user` ADD COLUMN `employee_id` BIGINT COMMENT '绑定员工ID' AFTER `avatar_file_id`
2026-05-23 19:02:16.663 [main] DEBUG o.flywaydb.core.internal.sqlscript.ParserSqlScript - Found statement at line 24: -- ============================================================
-- 1b. 修复 sys_user_role 缺失列
-- ============================================================
ALTER TABLE `sys_user_role` ADD COLUMN `version` INT DEFAULT 1 COMMENT '版本号' AFTER `deleted`
2026-05-23 19:02:16.663 [main] DEBUG o.flywaydb.core.internal.sqlscript.ParserSqlScript - Found statement at line 29: -- ============================================================
-- 1c. 修复 sys_role_permission 缺失列
-- ============================================================
ALTER TABLE `sys_role_permission` ADD COLUMN `version` INT DEFAULT 1 COMMENT '版本号' AFTER `deleted`
2026-05-23 19:02:16.663 [main] DEBUG o.flywaydb.core.internal.sqlscript.ParserSqlScript - Found statement at line 34: -- ============================================================
-- 1d. 修复 sys_role_menu 缺失列
-- ============================================================
ALTER TABLE `sys_role_menu` ADD COLUMN `version` INT DEFAULT 1 COMMENT '版本号' AFTER `deleted`
2026-05-23 19:02:16.663 [main] DEBUG o.flywaydb.core.internal.sqlscript.ParserSqlScript - Found statement at line 40: -- ============================================================
-- 2. 修复 sys_role 列名
-- ============================================================
-- status: TINYINT → VARCHAR(32)
ALTER TABLE `sys_role` MODIFY COLUMN `status` VARCHAR(32) NOT NULL DEFAULT 'ENABLED' COMMENT '状态(ENABLED/DISABLED)'
2026-05-23 19:02:16.664 [main] DEBUG o.flywaydb.core.internal.sqlscript.ParserSqlScript - Found statement at line 41: UPDATE `sys_role` SET `status` = CASE WHEN `status` = '0' THEN 'DISABLED' WHEN `status` = '1' THEN 'ENABLED' ELSE `status` END WHERE `status` IN ('0', '1')
2026-05-23 19:02:16.664 [main] DEBUG o.flywaydb.core.internal.sqlscript.ParserSqlScript - Found statement at line 43: -- role_name → name, role_code → code
ALTER TABLE `sys_role` CHANGE COLUMN `role_name` `name` VARCHAR(50) NOT NULL COMMENT '角色名称'
2026-05-23 19:02:16.664 [main] DEBUG o.flywaydb.core.internal.sqlscript.ParserSqlScript - Found statement at line 44: ALTER TABLE `sys_role` CHANGE COLUMN `role_code` `code` VARCHAR(50) NOT NULL COMMENT '角色编码'
2026-05-23 19:02:16.664 [main] DEBUG o.flywaydb.core.internal.sqlscript.ParserSqlScript - Found statement at line 46: -- 添加缺失列
ALTER TABLE `sys_role` ADD COLUMN `sort_order` INT DEFAULT 0 COMMENT '排序号' AFTER `description`
2026-05-23 19:02:16.664 [main] DEBUG o.flywaydb.core.internal.sqlscript.ParserSqlScript - Found statement at line 47: ALTER TABLE `sys_role` ADD COLUMN `data_scope_type` VARCHAR(32) DEFAULT 'SELF' COMMENT '数据权限范围' AFTER `sort_order`
2026-05-23 19:02:16.664 [main] DEBUG o.flywaydb.core.internal.sqlscript.ParserSqlScript - Found statement at line 53: -- ============================================================
-- 3. 修复 sys_permission 列名和类型
-- ============================================================
-- status: TINYINT → VARCHAR(32)
ALTER TABLE `sys_permission` MODIFY COLUMN `status` VARCHAR(32) NOT NULL DEFAULT 'ENABLED' COMMENT '状态'
2026-05-23 19:02:16.664 [main] DEBUG o.flywaydb.core.internal.sqlscript.ParserSqlScript - Found statement at line 54: UPDATE `sys_permission` SET `status` = CASE WHEN `status` = '0' THEN 'DISABLED' WHEN `status` = '1' THEN 'ENABLED' ELSE `status` END WHERE `status` IN ('0', '1')
2026-05-23 19:02:16.665 [main] DEBUG o.flywaydb.core.internal.sqlscript.ParserSqlScript - Found statement at line 56: -- permission_name → name, permission_code → code
ALTER TABLE `sys_permission` CHANGE COLUMN `permission_name` `name` VARCHAR(50) NOT NULL COMMENT '权限名称'
2026-05-23 19:02:16.665 [main] DEBUG o.flywaydb.core.internal.sqlscript.ParserSqlScript - Found statement at line 57: ALTER TABLE `sys_permission` CHANGE COLUMN `permission_code` `code` VARCHAR(100) NOT NULL COMMENT '权限编码'
2026-05-23 19:02:16.665 [main] DEBUG o.flywaydb.core.internal.sqlscript.ParserSqlScript - Found statement at line 59: -- 添加缺失列
ALTER TABLE `sys_permission` ADD COLUMN `sort_order` INT DEFAULT 0 COMMENT '排序号' AFTER `status`
2026-05-23 19:02:16.665 [main] DEBUG o.flywaydb.core.internal.sqlscript.ParserSqlScript - Found statement at line 64: -- ============================================================
-- 4. 种子数据：管理员角色
-- ============================================================
INSERT INTO sys_role (id, code, name, description, status, data_scope_type, sort_order, created_at, updated_at, created_by, updated_by, deleted, version)
VALUES (1, 'ADMIN', '超级管理员', '系统超级管理员，拥有所有权限', 'ENABLED', 'ALL', 1, NOW(), NOW(), 'system', 'system', 0, 1)
2026-05-23 19:02:16.665 [main] DEBUG o.flywaydb.core.internal.sqlscript.ParserSqlScript - Found statement at line 70: -- ============================================================
-- 5. 种子数据：普通用户角色
-- ============================================================
INSERT INTO sys_role (id, code, name, description, status, data_scope_type, sort_order, created_at, updated_at, created_by, updated_by, deleted, version)
VALUES (2, 'USER', '普通用户', '普通用户，拥有基本查看权限', 'ENABLED', 'SELF', 2, NOW(), NOW(), 'system', 'system', 0, 1)
2026-05-23 19:02:16.667 [main] DEBUG o.flywaydb.core.internal.sqlscript.ParserSqlScript - Found statement at line 76: -- ============================================================
-- 6. 种子数据：管理员用户（密码: admin123，BCrypt 加密）
-- ============================================================
INSERT INTO sys_user (id, username, password_hash, nickname, status, created_at, updated_at, created_by, updated_by, deleted, version)
VALUES (1, 'admin', '$2a$10$P6lqkvsCYZINKMUv0gjW7ON8IJB8UM71Rk4i9oAQxaHjSoXZ5TCLm', '超级管理员', 'ENABLED', NOW(), NOW(), 'system', 'system', 0, 1)
2026-05-23 19:02:16.667 [main] DEBUG o.flywaydb.core.internal.sqlscript.ParserSqlScript - Found statement at line 82: -- ============================================================
-- 7. 种子数据：测试用户（密码: test123，BCrypt 加密）
-- ============================================================
INSERT INTO sys_user (id, username, password_hash, nickname, status, created_at, updated_at, created_by, updated_by, deleted, version)
VALUES (2, 'testuser', '$2a$10$P6lqkvsCYZINKMUv0gjW7ON8IJB8UM71Rk4i9oAQxaHjSoXZ5TCLm', '测试用户', 'ENABLED', NOW(), NOW(), 'system', 'system', 0, 1)
2026-05-23 19:02:16.668 [main] DEBUG o.flywaydb.core.internal.sqlscript.ParserSqlScript - Found statement at line 88: -- ============================================================
-- 8. 关联管理员用户和角色
-- ============================================================
INSERT INTO sys_user_role (id, user_id, role_id, created_at, created_by, updated_at, updated_by, deleted)
VALUES (1, 1, 1, NOW(), 'system', NOW(), 'system', 0)
2026-05-23 19:02:16.670 [main] DEBUG o.flywaydb.core.internal.sqlscript.ParserSqlScript - Found statement at line 94: -- ============================================================
-- 9. 种子数据：基础权限
-- ============================================================
INSERT INTO sys_permission (id, code, name, description, status, type, module, resource, action, sort_order, created_at, updated_at, created_by, updated_by, deleted, version)
VALUES
(1, 'system:user:view', '查看用户', '查看用户信息', 'ENABLED', 'BUTTON', 'system', 'user', 'view', 1, NOW(), NOW(), 'system', 'system', 0, 1),
(2, 'system:user:create', '创建用户', '创建新用户', 'ENABLED', 'BUTTON', 'system', 'user', 'create', 2, NOW(), NOW(), 'system', 'system', 0, 1),
(3, 'system:user:update', '编辑用户', '编辑用户信息', 'ENABLED', 'BUTTON', 'system', 'user', 'update', 3, NOW(), NOW(), 'system', 'system', 0, 1),
(4, 'system:user:delete', '删除用户', '删除用户', 'ENABLED', 'BUTTON', 'system', 'user', 'delete', 4, NOW(), NOW(), 'system', 'system', 0, 1),
(5, 'system:role:view', '查看角色', '查看角色信息', 'ENABLED', 'BUTTON', 'system', 'role', 'view', 5, NOW(), NOW(), 'system', 'system', 0, 1),
(6, 'system:role:create', '创建角色', '创建新角色', 'ENABLED', 'BUTTON', 'system', 'role', 'create', 6, NOW(), NOW(), 'system', 'system', 0, 1),
(7, 'system:role:update', '编辑角色', '编辑角色信息', 'ENABLED', 'BUTTON', 'system', 'role', 'update', 7, NOW(), NOW(), 'system', 'system', 0, 1),
(8, 'system:role:delete', '删除角色', '删除角色', 'ENABLED', 'BUTTON', 'system', 'role', 'delete', 8, NOW(), NOW(), 'system', 'system', 0, 1)
2026-05-23 19:02:16.671 [main] DEBUG o.flywaydb.core.internal.sqlscript.ParserSqlScript - Found statement at line 108: -- ============================================================
-- 10. 种子数据：基础菜单
-- ============================================================
INSERT INTO sys_menu (id, parent_id, name, path, component, icon, sort_order, type, permission_code, visible, status, created_at, updated_at, created_by, updated_by, deleted, version)
VALUES
(1, 0, '系统管理', '/system', NULL, 'setting', 1, 1, NULL, 1, 1, NOW(), NOW(), 'system', 'system', 0, 1),
(2, 1, '用户管理', '/system/users', 'system/users/index', 'user', 1, 2, 'system:user:view', 1, 1, NOW(), NOW(), 'system', 'system', 0, 1),
(3, 1, '角色管理', '/system/roles', 'system/roles/index', 'team', 2, 2, 'system:role:view', 1, 1, NOW(), NOW(), 'system', 'system', 0, 1),
(4, 1, '权限管理', '/system/permissions', 'system/permissions/index', 'safety', 3, 2, 'system:permission:view', 1, 1, NOW(), NOW(), 'system', 'system', 0, 1),
(5, 1, '菜单管理', '/system/menus', 'system/menus/index', 'menu', 4, 2, 'system:menu:view', 1, 1, NOW(), NOW(), 'system', 'system', 0, 1)
2026-05-23 19:02:16.671 [main] DEBUG o.flywaydb.core.internal.sqlscript.ParserSqlScript - Found statement at line 119: -- ============================================================
-- 11. 关联管理员角色和所有权限
-- ============================================================
INSERT INTO sys_role_permission (id, role_id, permission_id, created_at, created_by, updated_at, updated_by, deleted)
VALUES
(1, 1, 1, NOW(), 'system', NOW(), 'system', 0),
(2, 1, 2, NOW(), 'system', NOW(), 'system', 0),
(3, 1, 3, NOW(), 'system', NOW(), 'system', 0),
(4, 1, 4, NOW(), 'system', NOW(), 'system', 0),
(5, 1, 5, NOW(), 'system', NOW(), 'system', 0),
(6, 1, 6, NOW(), 'system', NOW(), 'system', 0),
(7, 1, 7, NOW(), 'system', NOW(), 'system', 0),
(8, 1, 8, NOW(), 'system', NOW(), 'system', 0)
2026-05-23 19:02:16.673 [main] DEBUG o.flywaydb.core.internal.sqlscript.ParserSqlScript - Found statement at line 133: -- ============================================================
-- 12. 关联管理员角色和所有菜单
-- ============================================================
INSERT INTO sys_role_menu (id, role_id, menu_id, created_at, created_by, updated_at, updated_by, deleted)
VALUES
(1, 1, 1, NOW(), 'system', NOW(), 'system', 0),
(2, 1, 2, NOW(), 'system', NOW(), 'system', 0),
(3, 1, 3, NOW(), 'system', NOW(), 'system', 0),
(4, 1, 4, NOW(), 'system', NOW(), 'system', 0),
(5, 1, 5, NOW(), 'system', NOW(), 'system', 0)
2026-05-23 19:02:16.676 [main] DEBUG org.flywaydb.core.internal.command.DbMigrate - Starting migration of schema `admin_scaffold_test` to version "3 - seed data" ...
2026-05-23 19:02:16.682 [main] INFO  org.flywaydb.core.internal.command.DbMigrate - Migrating schema `admin_scaffold_test` to version "3 - seed data"
2026-05-23 19:02:16.683 [main] DEBUG o.f.c.internal.sqlscript.DefaultSqlScriptExecutor - Executing SQL: -- V3: 修复列名不匹配 + 种子数据
-- LOCAL-ONLY: 仅用于本地开发环境
-- 修复 V1 Schema 与 Entity 字段名之间的不一致（MyBatis-Plus 驼峰映射）

-- ============================================================
-- 1. 修复 sys_user 列名
-- ============================================================
-- status: TINYINT → VARCHAR(32)，映射 0→DISABLED, 1→ENABLED
ALTER TABLE `sys_user` MODIFY COLUMN `status` VARCHAR(32) NOT NULL DEFAULT 'ENABLED' COMMENT '状态(ENABLED/DISABLED/LOCKED)'
2026-05-23 19:02:16.822 [main] DEBUG o.f.c.internal.sqlscript.DefaultSqlScriptExecutor - 0 rows affected
2026-05-23 19:02:16.823 [main] DEBUG o.f.c.internal.sqlscript.DefaultSqlScriptExecutor - Executing SQL: UPDATE `sys_user` SET `status` = CASE WHEN `status` = '0' THEN 'DISABLED' WHEN `status` = '1' THEN 'ENABLED' ELSE `status` END WHERE `status` IN ('0', '1')
2026-05-23 19:02:16.827 [main] DEBUG o.f.c.internal.sqlscript.DefaultSqlScriptExecutor - 0 rows affected
2026-05-23 19:02:16.827 [main] DEBUG o.f.c.internal.sqlscript.DefaultSqlScriptExecutor - Executing SQL: -- password → password_hash
ALTER TABLE `sys_user` CHANGE COLUMN `password` `password_hash` VARCHAR(100) NOT NULL COMMENT '密码哈希'
2026-05-23 19:02:16.855 [main] DEBUG o.f.c.internal.sqlscript.DefaultSqlScriptExecutor - 0 rows affected
2026-05-23 19:02:16.855 [main] DEBUG o.f.c.internal.sqlscript.DefaultSqlScriptExecutor - Executing SQL: -- avatar → avatar_file_id（类型不变仍为 VARCHAR，后续可通过新迁移改为 BIGINT）
ALTER TABLE `sys_user` CHANGE COLUMN `avatar` `avatar_file_id` VARCHAR(255) COMMENT '头像文件ID'
2026-05-23 19:02:16.882 [main] DEBUG o.f.c.internal.sqlscript.DefaultSqlScriptExecutor - 0 rows affected
2026-05-23 19:02:16.882 [main] DEBUG o.f.c.internal.sqlscript.DefaultSqlScriptExecutor - Executing SQL: -- 添加缺失列
ALTER TABLE `sys_user` ADD COLUMN `token_version` INT DEFAULT 1 COMMENT 'token版本号' AFTER `status`
2026-05-23 19:02:16.910 [main] DEBUG o.f.c.internal.sqlscript.DefaultSqlScriptExecutor - 0 rows affected
2026-05-23 19:02:16.910 [main] DEBUG o.f.c.internal.sqlscript.DefaultSqlScriptExecutor - Executing SQL: ALTER TABLE `sys_user` ADD COLUMN `last_login_at` DATETIME COMMENT '最后登录时间' AFTER `token_version`
2026-05-23 19:02:16.939 [main] DEBUG o.f.c.internal.sqlscript.DefaultSqlScriptExecutor - 0 rows affected
2026-05-23 19:02:16.939 [main] DEBUG o.f.c.internal.sqlscript.DefaultSqlScriptExecutor - Executing SQL: ALTER TABLE `sys_user` ADD COLUMN `last_login_ip` VARCHAR(50) COMMENT '最后登录IP' AFTER `last_login_at`
2026-05-23 19:02:16.967 [main] DEBUG o.f.c.internal.sqlscript.DefaultSqlScriptExecutor - 0 rows affected
2026-05-23 19:02:16.967 [main] DEBUG o.f.c.internal.sqlscript.DefaultSqlScriptExecutor - Executing SQL: ALTER TABLE `sys_user` ADD COLUMN `employee_id` BIGINT COMMENT '绑定员工ID' AFTER `avatar_file_id`
2026-05-23 19:02:16.996 [main] DEBUG o.f.c.internal.sqlscript.DefaultSqlScriptExecutor - 0 rows affected
2026-05-23 19:02:16.996 [main] DEBUG o.f.c.internal.sqlscript.DefaultSqlScriptExecutor - Executing SQL: -- ============================================================
-- 1b. 修复 sys_user_role 缺失列
-- ============================================================
ALTER TABLE `sys_user_role` ADD COLUMN `version` INT DEFAULT 1 COMMENT '版本号' AFTER `deleted`
2026-05-23 19:02:17.024 [main] DEBUG o.f.c.internal.sqlscript.DefaultSqlScriptExecutor - 0 rows affected
2026-05-23 19:02:17.024 [main] DEBUG o.f.c.internal.sqlscript.DefaultSqlScriptExecutor - Executing SQL: -- ============================================================
-- 1c. 修复 sys_role_permission 缺失列
-- ============================================================
ALTER TABLE `sys_role_permission` ADD COLUMN `version` INT DEFAULT 1 COMMENT '版本号' AFTER `deleted`
2026-05-23 19:02:17.050 [main] DEBUG o.f.c.internal.sqlscript.DefaultSqlScriptExecutor - 0 rows affected
2026-05-23 19:02:17.051 [main] DEBUG o.f.c.internal.sqlscript.DefaultSqlScriptExecutor - Executing SQL: -- ============================================================
-- 1d. 修复 sys_role_menu 缺失列
-- ============================================================
ALTER TABLE `sys_role_menu` ADD COLUMN `version` INT DEFAULT 1 COMMENT '版本号' AFTER `deleted`
2026-05-23 19:02:17.079 [main] DEBUG o.f.c.internal.sqlscript.DefaultSqlScriptExecutor - 0 rows affected
2026-05-23 19:02:17.079 [main] DEBUG o.f.c.internal.sqlscript.DefaultSqlScriptExecutor - Executing SQL: -- ============================================================
-- 2. 修复 sys_role 列名
-- ============================================================
-- status: TINYINT → VARCHAR(32)
ALTER TABLE `sys_role` MODIFY COLUMN `status` VARCHAR(32) NOT NULL DEFAULT 'ENABLED' COMMENT '状态(ENABLED/DISABLED)'
2026-05-23 19:02:17.203 [main] DEBUG o.f.c.internal.sqlscript.DefaultSqlScriptExecutor - 0 rows affected
2026-05-23 19:02:17.203 [main] DEBUG o.f.c.internal.sqlscript.DefaultSqlScriptExecutor - Executing SQL: UPDATE `sys_role` SET `status` = CASE WHEN `status` = '0' THEN 'DISABLED' WHEN `status` = '1' THEN 'ENABLED' ELSE `status` END WHERE `status` IN ('0', '1')
2026-05-23 19:02:17.206 [main] DEBUG o.f.c.internal.sqlscript.DefaultSqlScriptExecutor - 0 rows affected
2026-05-23 19:02:17.206 [main] DEBUG o.f.c.internal.sqlscript.DefaultSqlScriptExecutor - Executing SQL: -- role_name → name, role_code → code
ALTER TABLE `sys_role` CHANGE COLUMN `role_name` `name` VARCHAR(50) NOT NULL COMMENT '角色名称'
2026-05-23 19:02:17.231 [main] DEBUG o.f.c.internal.sqlscript.DefaultSqlScriptExecutor - 0 rows affected
2026-05-23 19:02:17.231 [main] DEBUG o.f.c.internal.sqlscript.DefaultSqlScriptExecutor - Executing SQL: ALTER TABLE `sys_role` CHANGE COLUMN `role_code` `code` VARCHAR(50) NOT NULL COMMENT '角色编码'
2026-05-23 19:02:17.261 [main] DEBUG o.f.c.internal.sqlscript.DefaultSqlScriptExecutor - 0 rows affected
2026-05-23 19:02:17.262 [main] DEBUG o.f.c.internal.sqlscript.DefaultSqlScriptExecutor - Executing SQL: -- 添加缺失列
ALTER TABLE `sys_role` ADD COLUMN `sort_order` INT DEFAULT 0 COMMENT '排序号' AFTER `description`
2026-05-23 19:02:17.288 [main] DEBUG o.f.c.internal.sqlscript.DefaultSqlScriptExecutor - 0 rows affected
2026-05-23 19:02:17.291 [main] DEBUG o.f.c.internal.sqlscript.DefaultSqlScriptExecutor - Executing SQL: ALTER TABLE `sys_role` ADD COLUMN `data_scope_type` VARCHAR(32) DEFAULT 'SELF' COMMENT '数据权限范围' AFTER `sort_order`
2026-05-23 19:02:17.319 [main] DEBUG o.f.c.internal.sqlscript.DefaultSqlScriptExecutor - 0 rows affected
2026-05-23 19:02:17.319 [main] DEBUG o.f.c.internal.sqlscript.DefaultSqlScriptExecutor - Executing SQL: -- ============================================================
-- 3. 修复 sys_permission 列名和类型
-- ============================================================
-- status: TINYINT → VARCHAR(32)
ALTER TABLE `sys_permission` MODIFY COLUMN `status` VARCHAR(32) NOT NULL DEFAULT 'ENABLED' COMMENT '状态'
2026-05-23 19:02:17.449 [main] DEBUG o.f.c.internal.sqlscript.DefaultSqlScriptExecutor - 0 rows affected
2026-05-23 19:02:17.450 [main] DEBUG o.f.c.internal.sqlscript.DefaultSqlScriptExecutor - Executing SQL: UPDATE `sys_permission` SET `status` = CASE WHEN `status` = '0' THEN 'DISABLED' WHEN `status` = '1' THEN 'ENABLED' ELSE `status` END WHERE `status` IN ('0', '1')
2026-05-23 19:02:17.452 [main] DEBUG o.f.c.internal.sqlscript.DefaultSqlScriptExecutor - 0 rows affected
2026-05-23 19:02:17.452 [main] DEBUG o.f.c.internal.sqlscript.DefaultSqlScriptExecutor - Executing SQL: -- permission_name → name, permission_code → code
ALTER TABLE `sys_permission` CHANGE COLUMN `permission_name` `name` VARCHAR(50) NOT NULL COMMENT '权限名称'
2026-05-23 19:02:17.480 [main] DEBUG o.f.c.internal.sqlscript.DefaultSqlScriptExecutor - 0 rows affected
2026-05-23 19:02:17.480 [main] DEBUG o.f.c.internal.sqlscript.DefaultSqlScriptExecutor - Executing SQL: ALTER TABLE `sys_permission` CHANGE COLUMN `permission_code` `code` VARCHAR(100) NOT NULL COMMENT '权限编码'
2026-05-23 19:02:17.503 [main] DEBUG o.f.c.internal.sqlscript.DefaultSqlScriptExecutor - 0 rows affected
2026-05-23 19:02:17.503 [main] DEBUG o.f.c.internal.sqlscript.DefaultSqlScriptExecutor - Executing SQL: -- 添加缺失列
ALTER TABLE `sys_permission` ADD COLUMN `sort_order` INT DEFAULT 0 COMMENT '排序号' AFTER `status`
2026-05-23 19:02:17.529 [main] DEBUG o.f.c.internal.sqlscript.DefaultSqlScriptExecutor - 0 rows affected
2026-05-23 19:02:17.529 [main] DEBUG o.f.c.internal.sqlscript.DefaultSqlScriptExecutor - Executing SQL: -- ============================================================
-- 4. 种子数据：管理员角色
-- ============================================================
INSERT INTO sys_role (id, code, name, description, status, data_scope_type, sort_order, created_at, updated_at, created_by, updated_by, deleted, version)
VALUES (1, 'ADMIN', '超级管理员', '系统超级管理员，拥有所有权限', 'ENABLED', 'ALL', 1, NOW(), NOW(), 'system', 'system', 0, 1)
2026-05-23 19:02:17.536 [main] DEBUG o.f.c.internal.sqlscript.DefaultSqlScriptExecutor - 1 row affected
2026-05-23 19:02:17.536 [main] DEBUG o.f.c.internal.sqlscript.DefaultSqlScriptExecutor - Executing SQL: -- ============================================================
-- 5. 种子数据：普通用户角色
-- ============================================================
INSERT INTO sys_role (id, code, name, description, status, data_scope_type, sort_order, created_at, updated_at, created_by, updated_by, deleted, version)
VALUES (2, 'USER', '普通用户', '普通用户，拥有基本查看权限', 'ENABLED', 'SELF', 2, NOW(), NOW(), 'system', 'system', 0, 1)
2026-05-23 19:02:17.538 [main] DEBUG o.f.c.internal.sqlscript.DefaultSqlScriptExecutor - 1 row affected
2026-05-23 19:02:17.538 [main] DEBUG o.f.c.internal.sqlscript.DefaultSqlScriptExecutor - Executing SQL: -- ============================================================
-- 6. 种子数据：管理员用户（密码: admin123，BCrypt 加密）
-- ============================================================
INSERT INTO sys_user (id, username, password_hash, nickname, status, created_at, updated_at, created_by, updated_by, deleted, version)
VALUES (1, 'admin', '$2a$10$P6lqkvsCYZINKMUv0gjW7ON8IJB8UM71Rk4i9oAQxaHjSoXZ5TCLm', '超级管理员', 'ENABLED', NOW(), NOW(), 'system', 'system', 0, 1)
2026-05-23 19:02:17.540 [main] DEBUG o.f.c.internal.sqlscript.DefaultSqlScriptExecutor - 1 row affected
2026-05-23 19:02:17.541 [main] DEBUG o.f.c.internal.sqlscript.DefaultSqlScriptExecutor - Executing SQL: -- ============================================================
-- 7. 种子数据：测试用户（密码: test123，BCrypt 加密）
-- ============================================================
INSERT INTO sys_user (id, username, password_hash, nickname, status, created_at, updated_at, created_by, updated_by, deleted, version)
VALUES (2, 'testuser', '$2a$10$P6lqkvsCYZINKMUv0gjW7ON8IJB8UM71Rk4i9oAQxaHjSoXZ5TCLm', '测试用户', 'ENABLED', NOW(), NOW(), 'system', 'system', 0, 1)
2026-05-23 19:02:17.544 [main] DEBUG o.f.c.internal.sqlscript.DefaultSqlScriptExecutor - 1 row affected
2026-05-23 19:02:17.544 [main] DEBUG o.f.c.internal.sqlscript.DefaultSqlScriptExecutor - Executing SQL: -- ============================================================
-- 8. 关联管理员用户和角色
-- ============================================================
INSERT INTO sys_user_role (id, user_id, role_id, created_at, created_by, updated_at, updated_by, deleted)
VALUES (1, 1, 1, NOW(), 'system', NOW(), 'system', 0)
2026-05-23 19:02:17.546 [main] DEBUG o.f.c.internal.sqlscript.DefaultSqlScriptExecutor - 1 row affected
2026-05-23 19:02:17.547 [main] DEBUG o.f.c.internal.sqlscript.DefaultSqlScriptExecutor - Executing SQL: -- ============================================================
-- 9. 种子数据：基础权限
-- ============================================================
INSERT INTO sys_permission (id, code, name, description, status, type, module, resource, action, sort_order, created_at, updated_at, created_by, updated_by, deleted, version)
VALUES
(1, 'system:user:view', '查看用户', '查看用户信息', 'ENABLED', 'BUTTON', 'system', 'user', 'view', 1, NOW(), NOW(), 'system', 'system', 0, 1),
(2, 'system:user:create', '创建用户', '创建新用户', 'ENABLED', 'BUTTON', 'system', 'user', 'create', 2, NOW(), NOW(), 'system', 'system', 0, 1),
(3, 'system:user:update', '编辑用户', '编辑用户信息', 'ENABLED', 'BUTTON', 'system', 'user', 'update', 3, NOW(), NOW(), 'system', 'system', 0, 1),
(4, 'system:user:delete', '删除用户', '删除用户', 'ENABLED', 'BUTTON', 'system', 'user', 'delete', 4, NOW(), NOW(), 'system', 'system', 0, 1),
(5, 'system:role:view', '查看角色', '查看角色信息', 'ENABLED', 'BUTTON', 'system', 'role', 'view', 5, NOW(), NOW(), 'system', 'system', 0, 1),
(6, 'system:role:create', '创建角色', '创建新角色', 'ENABLED', 'BUTTON', 'system', 'role', 'create', 6, NOW(), NOW(), 'system', 'system', 0, 1),
(7, 'system:role:update', '编辑角色', '编辑角色信息', 'ENABLED', 'BUTTON', 'system', 'role', 'update', 7, NOW(), NOW(), 'system', 'system', 0, 1),
(8, 'system:role:delete', '删除角色', '删除角色', 'ENABLED', 'BUTTON', 'system', 'role', 'delete', 8, NOW(), NOW(), 'system', 'system', 0, 1)
2026-05-23 19:02:17.550 [main] DEBUG o.f.c.internal.sqlscript.DefaultSqlScriptExecutor - 8 rows affected
2026-05-23 19:02:17.550 [main] DEBUG o.f.c.internal.sqlscript.DefaultSqlScriptExecutor - Executing SQL: -- ============================================================
-- 10. 种子数据：基础菜单
-- ============================================================
INSERT INTO sys_menu (id, parent_id, name, path, component, icon, sort_order, type, permission_code, visible, status, created_at, updated_at, created_by, updated_by, deleted, version)
VALUES
(1, 0, '系统管理', '/system', NULL, 'setting', 1, 1, NULL, 1, 1, NOW(), NOW(), 'system', 'system', 0, 1),
(2, 1, '用户管理', '/system/users', 'system/users/index', 'user', 1, 2, 'system:user:view', 1, 1, NOW(), NOW(), 'system', 'system', 0, 1),
(3, 1, '角色管理', '/system/roles', 'system/roles/index', 'team', 2, 2, 'system:role:view', 1, 1, NOW(), NOW(), 'system', 'system', 0, 1),
(4, 1, '权限管理', '/system/permissions', 'system/permissions/index', 'safety', 3, 2, 'system:permission:view', 1, 1, NOW(), NOW(), 'system', 'system', 0, 1),
(5, 1, '菜单管理', '/system/menus', 'system/menus/index', 'menu', 4, 2, 'system:menu:view', 1, 1, NOW(), NOW(), 'system', 'system', 0, 1)
2026-05-23 19:02:17.553 [main] DEBUG o.f.c.internal.sqlscript.DefaultSqlScriptExecutor - 5 rows affected
2026-05-23 19:02:17.553 [main] DEBUG o.f.c.internal.sqlscript.DefaultSqlScriptExecutor - Executing SQL: -- ============================================================
-- 11. 关联管理员角色和所有权限
-- ============================================================
INSERT INTO sys_role_permission (id, role_id, permission_id, created_at, created_by, updated_at, updated_by, deleted)
VALUES
(1, 1, 1, NOW(), 'system', NOW(), 'system', 0),
(2, 1, 2, NOW(), 'system', NOW(), 'system', 0),
(3, 1, 3, NOW(), 'system', NOW(), 'system', 0),
(4, 1, 4, NOW(), 'system', NOW(), 'system', 0),
(5, 1, 5, NOW(), 'system', NOW(), 'system', 0),
(6, 1, 6, NOW(), 'system', NOW(), 'system', 0),
(7, 1, 7, NOW(), 'system', NOW(), 'system', 0),
(8, 1, 8, NOW(), 'system', NOW(), 'system', 0)
2026-05-23 19:02:17.555 [main] DEBUG o.f.c.internal.sqlscript.DefaultSqlScriptExecutor - 8 rows affected
2026-05-23 19:02:17.555 [main] DEBUG o.f.c.internal.sqlscript.DefaultSqlScriptExecutor - Executing SQL: -- ============================================================
-- 12. 关联管理员角色和所有菜单
-- ============================================================
INSERT INTO sys_role_menu (id, role_id, menu_id, created_at, created_by, updated_at, updated_by, deleted)
VALUES
(1, 1, 1, NOW(), 'system', NOW(), 'system', 0),
(2, 1, 2, NOW(), 'system', NOW(), 'system', 0),
(3, 1, 3, NOW(), 'system', NOW(), 'system', 0),
(4, 1, 4, NOW(), 'system', NOW(), 'system', 0),
(5, 1, 5, NOW(), 'system', NOW(), 'system', 0)
2026-05-23 19:02:17.557 [main] DEBUG o.f.c.internal.sqlscript.DefaultSqlScriptExecutor - 5 rows affected
2026-05-23 19:02:17.557 [main] DEBUG org.flywaydb.core.internal.command.DbMigrate - Successfully completed migration of schema `admin_scaffold_test` to version "3 - seed data"
2026-05-23 19:02:17.573 [main] DEBUG o.f.c.i.schemahistory.JdbcTableSchemaHistory - Schema History table `admin_scaffold_test`.`flyway_schema_history` successfully updated to reflect changes
2026-05-23 19:02:17.594 [main] DEBUG o.f.core.api.configuration.ClassicConfiguration - CherryPickConfigurationExtension not found
2026-05-23 19:02:17.600 [main] DEBUG org.flywaydb.core.internal.parser.Parser - Parsing V4__add_employee_org_tables.sql ...
2026-05-23 19:02:17.602 [main] DEBUG o.flywaydb.core.internal.sqlscript.ParserSqlScript - Found statement at line 8: -- M3: 员工组织模块 - 新增4张表
-- hr_employee: 员工主数据表
-- org_unit: 组织架构表
-- employee_org: 员工-组织多对多关联表
-- sys_role_org: 角色-组织自定义数据权限范围表

-- 员工主数据表
CREATE TABLE IF NOT EXISTS `hr_employee` (
    `id` BIGINT NOT NULL AUTO_INCREMENT COMMENT '主键ID',
    `employee_no` VARCHAR(64) NOT NULL COMMENT '员工工号',
    `name` VARCHAR(100) NOT NULL COMMENT '员工姓名',
    `preferred_name` VARCHAR(100) COMMENT '常用名/花名',
    `mobile` VARCHAR(32) COMMENT '手机号',
    `email` VARCHAR(100) COMMENT '邮箱',
    `primary_org_id` BIGINT COMMENT '主组织ID',
    `job_title` VARCHAR(100) COMMENT '职位',
    `employment_status` VARCHAR(32) NOT NULL DEFAULT 'ACTIVE' COMMENT '在职状态(ACTIVE/RESIGNED/SUSPENDED)',
    `entry_date` DATE COMMENT '入职日期',
    `leave_date` DATE COMMENT '离职日期',
    `source_type` VARCHAR(32) NOT NULL DEFAULT 'MANUAL' COMMENT '数据来源(MANUAL/IMPORT/API)',
    `created_at` DATETIME DEFAULT CURRENT_TIMESTAMP COMMENT '创建时间',
    `created_by` VARCHAR(50) COMMENT '创建人',
    `updated_at` DATETIME DEFAULT CURRENT_TIMESTAMP ON UPDATE CURRENT_TIMESTAMP COMMENT '更新时间',
    `updated_by` VARCHAR(50) COMMENT '更新人',
    `deleted` INT DEFAULT 0 COMMENT '逻辑删除标志：0-未删除，1-已删除',
    `version` INT DEFAULT 1 COMMENT '版本号',
    PRIMARY KEY (`id`),
    UNIQUE KEY `uk_employee_no` (`employee_no`),
    KEY `idx_name` (`name`),
    KEY `idx_mobile` (`mobile`),
    KEY `idx_primary_org_id` (`primary_org_id`),
    KEY `idx_employment_status` (`employment_status`)
) ENGINE=InnoDB DEFAULT CHARSET=utf8mb4 COLLATE=utf8mb4_0900_ai_ci COMMENT='员工主数据表'
2026-05-23 19:02:17.603 [main] DEBUG o.flywaydb.core.internal.sqlscript.ParserSqlScript - Found statement at line 36: -- 组织架构表
CREATE TABLE IF NOT EXISTS `org_unit` (
    `id` BIGINT NOT NULL AUTO_INCREMENT COMMENT '主键ID',
    `parent_id` BIGINT NOT NULL DEFAULT 0 COMMENT '父节点ID(0表示根节点)',
    `code` VARCHAR(64) NOT NULL COMMENT '组织编码',
    `name` VARCHAR(100) NOT NULL COMMENT '组织名称',
    `full_path` VARCHAR(500) COMMENT '完整路径(如/1/5/12/)',
    `level` INT DEFAULT 1 COMMENT '层级(从1开始)',
    `manager_employee_id` BIGINT COMMENT '负责人员工ID',
    `sort_order` INT DEFAULT 0 COMMENT '排序号',
    `status` VARCHAR(32) DEFAULT 'ENABLED' COMMENT '状态(ENABLED/DISABLED)',
    `source_type` VARCHAR(32) NOT NULL DEFAULT 'MANUAL' COMMENT '数据来源(MANUAL/IMPORT/API)',
    `created_at` DATETIME DEFAULT CURRENT_TIMESTAMP COMMENT '创建时间',
    `created_by` VARCHAR(50) COMMENT '创建人',
    `updated_at` DATETIME DEFAULT CURRENT_TIMESTAMP ON UPDATE CURRENT_TIMESTAMP COMMENT '更新时间',
    `updated_by` VARCHAR(50) COMMENT '更新人',
    `deleted` INT DEFAULT 0 COMMENT '逻辑删除标志：0-未删除，1-已删除',
    `version` INT DEFAULT 1 COMMENT '版本号',
    PRIMARY KEY (`id`),
    UNIQUE KEY `uk_code` (`code`),
    KEY `idx_parent_id` (`parent_id`),
    KEY `idx_manager_employee_id` (`manager_employee_id`)
) ENGINE=InnoDB DEFAULT CHARSET=utf8mb4 COLLATE=utf8mb4_0900_ai_ci COMMENT='组织架构表'
2026-05-23 19:02:17.603 [main] DEBUG o.flywaydb.core.internal.sqlscript.ParserSqlScript - Found statement at line 60: -- 员工-组织多对多关联表
CREATE TABLE IF NOT EXISTS `employee_org` (
    `id` BIGINT NOT NULL AUTO_INCREMENT COMMENT '主键ID',
    `employee_id` BIGINT NOT NULL COMMENT '员工ID',
    `org_id` BIGINT NOT NULL COMMENT '组织ID',
    `is_primary` TINYINT DEFAULT 0 COMMENT '是否主组织(0-否，1-是)',
    `position_name` VARCHAR(100) COMMENT '岗位名称',
    `start_date` DATE COMMENT '开始日期',
    `end_date` DATE COMMENT '结束日期',
    `status` VARCHAR(32) DEFAULT 'ACTIVE' COMMENT '状态(ACTIVE/INACTIVE)',
    `created_at` DATETIME DEFAULT CURRENT_TIMESTAMP COMMENT '创建时间',
    `created_by` VARCHAR(50) COMMENT '创建人',
    `updated_at` DATETIME DEFAULT CURRENT_TIMESTAMP ON UPDATE CURRENT_TIMESTAMP COMMENT '更新时间',
    `updated_by` VARCHAR(50) COMMENT '更新人',
    `deleted` INT DEFAULT 0 COMMENT '逻辑删除标志：0-未删除，1-已删除',
    `version` INT DEFAULT 1 COMMENT '版本号',
    PRIMARY KEY (`id`),
    UNIQUE KEY `uk_employee_org` (`employee_id`, `org_id`),
    KEY `idx_org_id` (`org_id`),
    KEY `idx_status` (`status`)
) ENGINE=InnoDB DEFAULT CHARSET=utf8mb4 COLLATE=utf8mb4_0900_ai_ci COMMENT='员工-组织关联表'
2026-05-23 19:02:17.604 [main] DEBUG o.flywaydb.core.internal.sqlscript.ParserSqlScript - Found statement at line 82: -- 角色-组织自定义数据权限范围表(物理删除，不做逻辑删除)
CREATE TABLE IF NOT EXISTS `sys_role_org` (
    `id` BIGINT NOT NULL AUTO_INCREMENT COMMENT '主键ID',
    `role_id` BIGINT NOT NULL COMMENT '角色ID',
    `org_id` BIGINT NOT NULL COMMENT '组织ID',
    `created_at` DATETIME DEFAULT CURRENT_TIMESTAMP COMMENT '创建时间',
    `created_by` VARCHAR(50) COMMENT '创建人',
    PRIMARY KEY (`id`),
    UNIQUE KEY `uk_role_org` (`role_id`, `org_id`),
    KEY `idx_org_id` (`org_id`)
) ENGINE=InnoDB DEFAULT CHARSET=utf8mb4 COLLATE=utf8mb4_0900_ai_ci COMMENT='角色-组织数据权限范围表'
2026-05-23 19:02:17.606 [main] DEBUG org.flywaydb.core.internal.command.DbMigrate - Starting migration of schema `admin_scaffold_test` to version "4 - add employee org tables" ...
2026-05-23 19:02:17.612 [main] INFO  org.flywaydb.core.internal.command.DbMigrate - Migrating schema `admin_scaffold_test` to version "4 - add employee org tables"
2026-05-23 19:02:17.613 [main] DEBUG o.f.c.internal.sqlscript.DefaultSqlScriptExecutor - Executing SQL: -- M3: 员工组织模块 - 新增4张表
-- hr_employee: 员工主数据表
-- org_unit: 组织架构表
-- employee_org: 员工-组织多对多关联表
-- sys_role_org: 角色-组织自定义数据权限范围表

-- 员工主数据表
CREATE TABLE IF NOT EXISTS `hr_employee` (
    `id` BIGINT NOT NULL AUTO_INCREMENT COMMENT '主键ID',
    `employee_no` VARCHAR(64) NOT NULL COMMENT '员工工号',
    `name` VARCHAR(100) NOT NULL COMMENT '员工姓名',
    `preferred_name` VARCHAR(100) COMMENT '常用名/花名',
    `mobile` VARCHAR(32) COMMENT '手机号',
    `email` VARCHAR(100) COMMENT '邮箱',
    `primary_org_id` BIGINT COMMENT '主组织ID',
    `job_title` VARCHAR(100) COMMENT '职位',
    `employment_status` VARCHAR(32) NOT NULL DEFAULT 'ACTIVE' COMMENT '在职状态(ACTIVE/RESIGNED/SUSPENDED)',
    `entry_date` DATE COMMENT '入职日期',
    `leave_date` DATE COMMENT '离职日期',
    `source_type` VARCHAR(32) NOT NULL DEFAULT 'MANUAL' COMMENT '数据来源(MANUAL/IMPORT/API)',
    `created_at` DATETIME DEFAULT CURRENT_TIMESTAMP COMMENT '创建时间',
    `created_by` VARCHAR(50) COMMENT '创建人',
    `updated_at` DATETIME DEFAULT CURRENT_TIMESTAMP ON UPDATE CURRENT_TIMESTAMP COMMENT '更新时间',
    `updated_by` VARCHAR(50) COMMENT '更新人',
    `deleted` INT DEFAULT 0 COMMENT '逻辑删除标志：0-未删除，1-已删除',
    `version` INT DEFAULT 1 COMMENT '版本号',
    PRIMARY KEY (`id`),
    UNIQUE KEY `uk_employee_no` (`employee_no`),
    KEY `idx_name` (`name`),
    KEY `idx_mobile` (`mobile`),
    KEY `idx_primary_org_id` (`primary_org_id`),
    KEY `idx_employment_status` (`employment_status`)
) ENGINE=InnoDB DEFAULT CHARSET=utf8mb4 COLLATE=utf8mb4_0900_ai_ci COMMENT='员工主数据表'
2026-05-23 19:02:17.702 [main] DEBUG o.f.c.internal.sqlscript.DefaultSqlScriptExecutor - 0 rows affected
2026-05-23 19:02:17.703 [main] DEBUG o.f.c.internal.sqlscript.DefaultSqlScriptExecutor - Executing SQL: -- 组织架构表
CREATE TABLE IF NOT EXISTS `org_unit` (
    `id` BIGINT NOT NULL AUTO_INCREMENT COMMENT '主键ID',
    `parent_id` BIGINT NOT NULL DEFAULT 0 COMMENT '父节点ID(0表示根节点)',
    `code` VARCHAR(64) NOT NULL COMMENT '组织编码',
    `name` VARCHAR(100) NOT NULL COMMENT '组织名称',
    `full_path` VARCHAR(500) COMMENT '完整路径(如/1/5/12/)',
    `level` INT DEFAULT 1 COMMENT '层级(从1开始)',
    `manager_employee_id` BIGINT COMMENT '负责人员工ID',
    `sort_order` INT DEFAULT 0 COMMENT '排序号',
    `status` VARCHAR(32) DEFAULT 'ENABLED' COMMENT '状态(ENABLED/DISABLED)',
    `source_type` VARCHAR(32) NOT NULL DEFAULT 'MANUAL' COMMENT '数据来源(MANUAL/IMPORT/API)',
    `created_at` DATETIME DEFAULT CURRENT_TIMESTAMP COMMENT '创建时间',
    `created_by` VARCHAR(50) COMMENT '创建人',
    `updated_at` DATETIME DEFAULT CURRENT_TIMESTAMP ON UPDATE CURRENT_TIMESTAMP COMMENT '更新时间',
    `updated_by` VARCHAR(50) COMMENT '更新人',
    `deleted` INT DEFAULT 0 COMMENT '逻辑删除标志：0-未删除，1-已删除',
    `version` INT DEFAULT 1 COMMENT '版本号',
    PRIMARY KEY (`id`),
    UNIQUE KEY `uk_code` (`code`),
    KEY `idx_parent_id` (`parent_id`),
    KEY `idx_manager_employee_id` (`manager_employee_id`)
) ENGINE=InnoDB DEFAULT CHARSET=utf8mb4 COLLATE=utf8mb4_0900_ai_ci COMMENT='组织架构表'
2026-05-23 19:02:17.784 [main] DEBUG o.f.c.internal.sqlscript.DefaultSqlScriptExecutor - 0 rows affected
2026-05-23 19:02:17.784 [main] DEBUG o.f.c.internal.sqlscript.DefaultSqlScriptExecutor - Executing SQL: -- 员工-组织多对多关联表
CREATE TABLE IF NOT EXISTS `employee_org` (
    `id` BIGINT NOT NULL AUTO_INCREMENT COMMENT '主键ID',
    `employee_id` BIGINT NOT NULL COMMENT '员工ID',
    `org_id` BIGINT NOT NULL COMMENT '组织ID',
    `is_primary` TINYINT DEFAULT 0 COMMENT '是否主组织(0-否，1-是)',
    `position_name` VARCHAR(100) COMMENT '岗位名称',
    `start_date` DATE COMMENT '开始日期',
    `end_date` DATE COMMENT '结束日期',
    `status` VARCHAR(32) DEFAULT 'ACTIVE' COMMENT '状态(ACTIVE/INACTIVE)',
    `created_at` DATETIME DEFAULT CURRENT_TIMESTAMP COMMENT '创建时间',
    `created_by` VARCHAR(50) COMMENT '创建人',
    `updated_at` DATETIME DEFAULT CURRENT_TIMESTAMP ON UPDATE CURRENT_TIMESTAMP COMMENT '更新时间',
    `updated_by` VARCHAR(50) COMMENT '更新人',
    `deleted` INT DEFAULT 0 COMMENT '逻辑删除标志：0-未删除，1-已删除',
    `version` INT DEFAULT 1 COMMENT '版本号',
    PRIMARY KEY (`id`),
    UNIQUE KEY `uk_employee_org` (`employee_id`, `org_id`),
    KEY `idx_org_id` (`org_id`),
    KEY `idx_status` (`status`)
) ENGINE=InnoDB DEFAULT CHARSET=utf8mb4 COLLATE=utf8mb4_0900_ai_ci COMMENT='员工-组织关联表'
2026-05-23 19:02:17.855 [main] DEBUG o.f.c.internal.sqlscript.DefaultSqlScriptExecutor - 0 rows affected
2026-05-23 19:02:17.856 [main] DEBUG o.f.c.internal.sqlscript.DefaultSqlScriptExecutor - Executing SQL: -- 角色-组织自定义数据权限范围表(物理删除，不做逻辑删除)
CREATE TABLE IF NOT EXISTS `sys_role_org` (
    `id` BIGINT NOT NULL AUTO_INCREMENT COMMENT '主键ID',
    `role_id` BIGINT NOT NULL COMMENT '角色ID',
    `org_id` BIGINT NOT NULL COMMENT '组织ID',
    `created_at` DATETIME DEFAULT CURRENT_TIMESTAMP COMMENT '创建时间',
    `created_by` VARCHAR(50) COMMENT '创建人',
    PRIMARY KEY (`id`),
    UNIQUE KEY `uk_role_org` (`role_id`, `org_id`),
    KEY `idx_org_id` (`org_id`)
) ENGINE=InnoDB DEFAULT CHARSET=utf8mb4 COLLATE=utf8mb4_0900_ai_ci COMMENT='角色-组织数据权限范围表'
2026-05-23 19:02:17.913 [main] DEBUG o.f.c.internal.sqlscript.DefaultSqlScriptExecutor - 0 rows affected
2026-05-23 19:02:17.918 [main] DEBUG org.flywaydb.core.internal.command.DbMigrate - Successfully completed migration of schema `admin_scaffold_test` to version "4 - add employee org tables"
2026-05-23 19:02:17.930 [main] DEBUG o.f.c.i.schemahistory.JdbcTableSchemaHistory - Schema History table `admin_scaffold_test`.`flyway_schema_history` successfully updated to reflect changes
2026-05-23 19:02:17.950 [main] DEBUG o.f.core.api.configuration.ClassicConfiguration - CherryPickConfigurationExtension not found
2026-05-23 19:02:17.956 [main] DEBUG org.flywaydb.core.internal.parser.Parser - Parsing V5__seed_data_org.sql ...
2026-05-23 19:02:17.958 [main] DEBUG o.flywaydb.core.internal.sqlscript.ParserSqlScript - Found statement at line 8: -- V5: 组织模块种子数据
-- LOCAL-ONLY: 仅用于本地开发环境
-- 依赖 V4 表结构

-- ============================================================
-- 1. 部门树：总公司(100) → 技术部(101)/产品部(102) → 后端组(103)/前端组(104)
-- ============================================================
INSERT INTO org_unit (id, parent_id, code, name, full_path, level, sort_order, status, source_type, created_at, updated_at, created_by, updated_by, deleted, version)
VALUES
(100, 0, 'HQ', '总公司', '/100/', 1, 1, 'ENABLED', 'MANUAL', NOW(), NOW(), 'system', 'system', 0, 1),
(101, 100, 'TECH', '技术部', '/100/101/', 2, 1, 'ENABLED', 'MANUAL', NOW(), NOW(), 'system', 'system', 0, 1),
(102, 100, 'PRODUCT', '产品部', '/100/102/', 2, 2, 'ENABLED', 'MANUAL', NOW(), NOW(), 'system', 'system', 0, 1),
(103, 101, 'BACKEND', '后端组', '/100/101/103/', 3, 1, 'ENABLED', 'MANUAL', NOW(), NOW(), 'system', 'system', 0, 1),
(104, 101, 'FRONTEND', '前端组', '/100/101/104/', 3, 2, 'ENABLED', 'MANUAL', NOW(), NOW(), 'system', 'system', 0, 1)
2026-05-23 19:02:17.959 [main] DEBUG o.flywaydb.core.internal.sqlscript.ParserSqlScript - Found statement at line 19: -- ============================================================
-- 2. 员工数据
-- ============================================================
INSERT INTO hr_employee (id, employee_no, name, mobile, email, primary_org_id, job_title, employment_status, entry_date, source_type, created_at, updated_at, created_by, updated_by, deleted, version)
VALUES
(100, 'EMP001', '张三', '13800000001', 'zhangsan@example.com', 101, '技术总监', 'ACTIVE', '2024-01-01', 'MANUAL', NOW(), NOW(), 'system', 'system', 0, 1),
(101, 'EMP002', '李四', '13800000002', 'lisi@example.com', 103, '后端开发', 'ACTIVE', '2024-03-15', 'MANUAL', NOW(), NOW(), 'system', 'system', 0, 1),
(102, 'EMP003', '王五', '13800000003', 'wangwu@example.com', 102, '产品经理', 'ACTIVE', '2024-06-01', 'MANUAL', NOW(), NOW(), 'system', 'system', 0, 1)
2026-05-23 19:02:17.959 [main] DEBUG o.flywaydb.core.internal.sqlscript.ParserSqlScript - Found statement at line 28: -- ============================================================
-- 3. 员工-组织关联
-- ============================================================
INSERT INTO employee_org (id, employee_id, org_id, is_primary, position_name, status, created_at, created_by, updated_at, updated_by, deleted, version)
VALUES
(1, 100, 101, 1, '技术总监', 'ACTIVE', NOW(), 'system', NOW(), 'system', 0, 1),
(2, 101, 103, 1, '后端开发', 'ACTIVE', NOW(), 'system', NOW(), 'system', 0, 1),
(3, 102, 102, 1, '产品经理', 'ACTIVE', NOW(), 'system', NOW(), 'system', 0, 1)
2026-05-23 19:02:17.961 [main] DEBUG o.flywaydb.core.internal.sqlscript.ParserSqlScript - Found statement at line 38: -- ============================================================
-- 4. 角色-组织关联（CUSTOM 数据权限）
-- role_id=2 为 V3 中的普通用户角色（USER），赋予技术部(101)的自定义数据权限
-- ============================================================
INSERT INTO sys_role_org (id, role_id, org_id, created_at, created_by)
VALUES
(1, 2, 101, NOW(), 'system'),
(2, 2, 102, NOW(), 'system')
2026-05-23 19:02:17.962 [main] DEBUG org.flywaydb.core.internal.command.DbMigrate - Starting migration of schema `admin_scaffold_test` to version "5 - seed data org" ...
2026-05-23 19:02:17.967 [main] INFO  org.flywaydb.core.internal.command.DbMigrate - Migrating schema `admin_scaffold_test` to version "5 - seed data org"
2026-05-23 19:02:17.968 [main] DEBUG o.f.c.internal.sqlscript.DefaultSqlScriptExecutor - Executing SQL: -- V5: 组织模块种子数据
-- LOCAL-ONLY: 仅用于本地开发环境
-- 依赖 V4 表结构

-- ============================================================
-- 1. 部门树：总公司(100) → 技术部(101)/产品部(102) → 后端组(103)/前端组(104)
-- ============================================================
INSERT INTO org_unit (id, parent_id, code, name, full_path, level, sort_order, status, source_type, created_at, updated_at, created_by, updated_by, deleted, version)
VALUES
(100, 0, 'HQ', '总公司', '/100/', 1, 1, 'ENABLED', 'MANUAL', NOW(), NOW(), 'system', 'system', 0, 1),
(101, 100, 'TECH', '技术部', '/100/101/', 2, 1, 'ENABLED', 'MANUAL', NOW(), NOW(), 'system', 'system', 0, 1),
(102, 100, 'PRODUCT', '产品部', '/100/102/', 2, 2, 'ENABLED', 'MANUAL', NOW(), NOW(), 'system', 'system', 0, 1),
(103, 101, 'BACKEND', '后端组', '/100/101/103/', 3, 1, 'ENABLED', 'MANUAL', NOW(), NOW(), 'system', 'system', 0, 1),
(104, 101, 'FRONTEND', '前端组', '/100/101/104/', 3, 2, 'ENABLED', 'MANUAL', NOW(), NOW(), 'system', 'system', 0, 1)
2026-05-23 19:02:17.970 [main] DEBUG o.f.c.internal.sqlscript.DefaultSqlScriptExecutor - 5 rows affected
2026-05-23 19:02:17.971 [main] DEBUG o.f.c.internal.sqlscript.DefaultSqlScriptExecutor - Executing SQL: -- ============================================================
-- 2. 员工数据
-- ============================================================
INSERT INTO hr_employee (id, employee_no, name, mobile, email, primary_org_id, job_title, employment_status, entry_date, source_type, created_at, updated_at, created_by, updated_by, deleted, version)
VALUES
(100, 'EMP001', '张三', '13800000001', 'zhangsan@example.com', 101, '技术总监', 'ACTIVE', '2024-01-01', 'MANUAL', NOW(), NOW(), 'system', 'system', 0, 1),
(101, 'EMP002', '李四', '13800000002', 'lisi@example.com', 103, '后端开发', 'ACTIVE', '2024-03-15', 'MANUAL', NOW(), NOW(), 'system', 'system', 0, 1),
(102, 'EMP003', '王五', '13800000003', 'wangwu@example.com', 102, '产品经理', 'ACTIVE', '2024-06-01', 'MANUAL', NOW(), NOW(), 'system', 'system', 0, 1)
2026-05-23 19:02:17.974 [main] DEBUG o.f.c.internal.sqlscript.DefaultSqlScriptExecutor - 3 rows affected
2026-05-23 19:02:17.974 [main] DEBUG o.f.c.internal.sqlscript.DefaultSqlScriptExecutor - Executing SQL: -- ============================================================
-- 3. 员工-组织关联
-- ============================================================
INSERT INTO employee_org (id, employee_id, org_id, is_primary, position_name, status, created_at, created_by, updated_at, updated_by, deleted, version)
VALUES
(1, 100, 101, 1, '技术总监', 'ACTIVE', NOW(), 'system', NOW(), 'system', 0, 1),
(2, 101, 103, 1, '后端开发', 'ACTIVE', NOW(), 'system', NOW(), 'system', 0, 1),
(3, 102, 102, 1, '产品经理', 'ACTIVE', NOW(), 'system', NOW(), 'system', 0, 1)
2026-05-23 19:02:17.978 [main] DEBUG o.f.c.internal.sqlscript.DefaultSqlScriptExecutor - 3 rows affected
2026-05-23 19:02:17.978 [main] DEBUG o.f.c.internal.sqlscript.DefaultSqlScriptExecutor - Executing SQL: -- ============================================================
-- 4. 角色-组织关联（CUSTOM 数据权限）
-- role_id=2 为 V3 中的普通用户角色（USER），赋予技术部(101)的自定义数据权限
-- ============================================================
INSERT INTO sys_role_org (id, role_id, org_id, created_at, created_by)
VALUES
(1, 2, 101, NOW(), 'system'),
(2, 2, 102, NOW(), 'system')
2026-05-23 19:02:17.980 [main] DEBUG o.f.c.internal.sqlscript.DefaultSqlScriptExecutor - 2 rows affected
2026-05-23 19:02:17.980 [main] DEBUG org.flywaydb.core.internal.command.DbMigrate - Successfully completed migration of schema `admin_scaffold_test` to version "5 - seed data org"
2026-05-23 19:02:17.992 [main] DEBUG o.f.c.i.schemahistory.JdbcTableSchemaHistory - Schema History table `admin_scaffold_test`.`flyway_schema_history` successfully updated to reflect changes
2026-05-23 19:02:18.011 [main] DEBUG o.f.core.api.configuration.ClassicConfiguration - CherryPickConfigurationExtension not found
2026-05-23 19:02:18.025 [main] INFO  org.flywaydb.core.internal.command.DbMigrate - Successfully applied 5 migrations to schema `admin_scaffold_test`, now at version v5 (execution time 00:01.758s)
2026-05-23 19:02:18.037 [main] DEBUG org.flywaydb.core.FlywayExecutor - Memory usage: 159 of 256M
2026-05-23 19:02:18.037 [main] INFO  i.g.l.admin.config.TestDatabaseInitializer - Flyway 迁移完成
2026-05-23 19:02:18.076 [main] DEBUG o.f.c.internal.scanner.classpath.ClassPathScanner - Scanning for classpath resources at 'classpath:db/callback' ...
2026-05-23 19:02:18.076 [main] DEBUG o.f.c.internal.scanner.classpath.ClassPathScanner - Determining location urls for classpath:db/callback using ClassLoader jdk.internal.loader.ClassLoaders$AppClassLoader@5c647e05 ...
2026-05-23 19:02:18.078 [main] DEBUG o.f.c.internal.scanner.classpath.ClassPathScanner - Unable to resolve location classpath:db/callback.
2026-05-23 19:02:18.093 [main] DEBUG o.f.c.internal.scanner.classpath.ClassPathScanner - Scanning for classpath resources at 'classpath:db/migration' ...
2026-05-23 19:02:18.093 [main] DEBUG o.f.c.internal.scanner.classpath.ClassPathScanner - Determining location urls for classpath:db/migration using ClassLoader jdk.internal.loader.ClassLoaders$AppClassLoader@5c647e05 ...
2026-05-23 19:02:18.093 [main] DEBUG o.f.c.internal.scanner.classpath.ClassPathScanner - Scanning URL: file:/C:/workspace/admin-management-scaffold/backend/target/classes/db/migration
2026-05-23 19:02:18.095 [main] DEBUG o.f.c.i.s.c.FileSystemClassPathLocationScanner - Scanning starting at classpath root in filesystem: C:\workspace\admin-management-scaffold\backend\target\classes\
2026-05-23 19:02:18.095 [main] DEBUG o.f.c.i.s.c.FileSystemClassPathLocationScanner - Scanning for resources in path: C:\workspace\admin-management-scaffold\backend\target\classes\db\migration (db/migration)
2026-05-23 19:02:18.095 [main] DEBUG o.f.c.internal.scanner.classpath.ClassPathScanner - Found resource: db/migration/V1__init_schema.sql
2026-05-23 19:02:18.095 [main] DEBUG o.f.c.internal.scanner.classpath.ClassPathScanner - Found resource: db/migration/V2__add_menu_and_permission_fields.sql
2026-05-23 19:02:18.095 [main] DEBUG o.f.c.internal.scanner.classpath.ClassPathScanner - Found resource: db/migration/V3__seed_data.sql
2026-05-23 19:02:18.095 [main] DEBUG o.f.c.internal.scanner.classpath.ClassPathScanner - Found resource: db/migration/V4__add_employee_org_tables.sql
2026-05-23 19:02:18.095 [main] DEBUG o.f.c.internal.scanner.classpath.ClassPathScanner - Found resource: db/migration/V5__seed_data_org.sql
2026-05-23 19:02:18.095 [main] DEBUG o.f.c.internal.scanner.classpath.ClassPathScanner - Scanning for classes at classpath:db/migration
2026-05-23 19:02:18.098 [main] DEBUG o.f.core.internal.resource.ResourceNameValidator - Validating V4__add_employee_org_tables.sql
2026-05-23 19:02:18.107 [main] DEBUG o.f.core.internal.resource.ResourceNameValidator - Validating V1__init_schema.sql
2026-05-23 19:02:18.107 [main] DEBUG o.f.core.internal.resource.ResourceNameValidator - Validating V2__add_menu_and_permission_fields.sql
2026-05-23 19:02:18.107 [main] DEBUG o.f.core.internal.resource.ResourceNameValidator - Validating V3__seed_data.sql
2026-05-23 19:02:18.109 [main] DEBUG o.f.core.internal.resource.ResourceNameValidator - Validating V5__seed_data_org.sql
2026-05-23 19:02:18.137 [main] INFO  org.flywaydb.core.FlywayExecutor - Database: jdbc:mysql://localhost:3306/admin_scaffold_test (MySQL 9.1)
2026-05-23 19:02:18.137 [main] DEBUG org.flywaydb.core.FlywayExecutor - Database Type: MySQL
2026-05-23 19:02:18.137 [main] DEBUG org.flywaydb.core.FlywayExecutor - Driver: MySQL Connector/J mysql-connector-j-8.3.0 (Revision: 805f872a57875f311cb82487efcfb070411a3fa0)
2026-05-23 19:02:18.137 [main] DEBUG org.flywaydb.core.FlywayExecutor - DDL Transactions Supported: false
2026-05-23 19:02:18.137 [main] DEBUG o.f.c.internal.schemahistory.SchemaHistoryFactory - Schemas: 
2026-05-23 19:02:18.137 [main] DEBUG o.f.c.internal.schemahistory.SchemaHistoryFactory - Default schema: null
2026-05-23 19:02:18.147 [main] WARN  org.flywaydb.core.internal.database.base.Database - Flyway upgrade recommended: MySQL 9.1 is newer than this version of Flyway and support has not been tested. The latest supported version of MySQL is 8.1.
2026-05-23 19:02:18.147 [main] DEBUG o.f.c.internal.callback.SqlScriptCallbackFactory - Scanning for SQL callbacks ...
2026-05-23 19:02:18.150 [main] DEBUG org.flywaydb.core.internal.command.DbSchemas - Skipping creation of existing schema: `admin_scaffold_test`
2026-05-23 19:02:18.162 [main] DEBUG o.f.core.api.configuration.ClassicConfiguration - CherryPickConfigurationExtension not found
2026-05-23 19:02:18.170 [main] DEBUG org.flywaydb.core.internal.scanner.Scanner - Filtering out resource: db/migration/V4__add_employee_org_tables.sql (filename: V4__add_employee_org_tables.sql)
2026-05-23 19:02:18.170 [main] DEBUG org.flywaydb.core.internal.scanner.Scanner - Filtering out resource: db/migration/V1__init_schema.sql (filename: V1__init_schema.sql)
2026-05-23 19:02:18.170 [main] DEBUG org.flywaydb.core.internal.scanner.Scanner - Filtering out resource: db/migration/V2__add_menu_and_permission_fields.sql (filename: V2__add_menu_and_permission_fields.sql)
2026-05-23 19:02:18.170 [main] DEBUG org.flywaydb.core.internal.scanner.Scanner - Filtering out resource: db/migration/V3__seed_data.sql (filename: V3__seed_data.sql)
2026-05-23 19:02:18.170 [main] DEBUG org.flywaydb.core.internal.scanner.Scanner - Filtering out resource: db/migration/V5__seed_data_org.sql (filename: V5__seed_data_org.sql)
2026-05-23 19:02:18.170 [main] DEBUG org.flywaydb.core.internal.scanner.Scanner - Filtering out resource: db/migration/V4__add_employee_org_tables.sql (filename: V4__add_employee_org_tables.sql)
2026-05-23 19:02:18.170 [main] DEBUG org.flywaydb.core.internal.scanner.Scanner - Filtering out resource: db/migration/V1__init_schema.sql (filename: V1__init_schema.sql)
2026-05-23 19:02:18.170 [main] DEBUG org.flywaydb.core.internal.scanner.Scanner - Filtering out resource: db/migration/V2__add_menu_and_permission_fields.sql (filename: V2__add_menu_and_permission_fields.sql)
2026-05-23 19:02:18.170 [main] DEBUG org.flywaydb.core.internal.scanner.Scanner - Filtering out resource: db/migration/V3__seed_data.sql (filename: V3__seed_data.sql)
2026-05-23 19:02:18.170 [main] DEBUG org.flywaydb.core.internal.scanner.Scanner - Filtering out resource: db/migration/V5__seed_data_org.sql (filename: V5__seed_data_org.sql)
2026-05-23 19:02:18.180 [main] INFO  org.flywaydb.core.internal.command.DbMigrate - Current version of schema `admin_scaffold_test`: 5
2026-05-23 19:02:18.183 [main] INFO  org.flywaydb.core.internal.command.DbMigrate - Schema `admin_scaffold_test` is up to date. No migration necessary.
2026-05-23 19:02:18.190 [main] DEBUG org.flywaydb.core.FlywayExecutor - Memory usage: 163 of 256M
 _ _   |_  _ _|_. ___ _ |    _ 
| | |\/|_)(_| | |_\  |_)||_|_\ 
     /               |         
                        3.5.16 
____ ____    ___ ____ _  _ ____ _  _ 
[__  |__| __  |  |  | |_/  |___ |\ | 
___] |  |     |  |__| | \_ |___ | \| 
https://sa-token.cc (v1.45.0)
2026-05-23 19:02:22.769 [main] INFO  i.g.lystrosaurus.admin.auth.AuthControllerTest - Started AuthControllerTest in 13.594 seconds (process running for 30.304)
2026-05-23 19:02:23.133 [main] INFO  i.g.lystrosaurus.admin.filter.RequestLogFilter - 请求开始: POST /public/auth/login  from 127.0.0.1
2026-05-23 19:02:23.278 [main] WARN  i.g.l.admin.handler.GlobalExceptionHandler - 业务异常: code=2001, message=用户不存在
2026-05-23 19:02:23.298 [main] INFO  i.g.lystrosaurus.admin.filter.RequestLogFilter - 请求结束: POST /public/auth/login status=200 耗时=165ms
2026-05-23 19:02:23.415 [main] INFO  i.g.lystrosaurus.admin.filter.RequestLogFilter - 请求开始: GET /public/auth/refresh  from 127.0.0.1
2026-05-23 19:02:23.425 [main] INFO  i.g.lystrosaurus.admin.filter.RequestLogFilter - 请求结束: GET /public/auth/refresh status=200 耗时=10ms
2026-05-23 19:02:23.433 [main] INFO  i.g.lystrosaurus.admin.filter.RequestLogFilter - 请求开始: POST /public/auth/login  from 127.0.0.1
2026-05-23 19:02:23.444 [main] WARN  i.g.l.admin.handler.GlobalExceptionHandler - 业务异常: code=2005, message=用户已禁用
2026-05-23 19:02:23.444 [main] INFO  i.g.lystrosaurus.admin.filter.RequestLogFilter - 请求结束: POST /public/auth/login status=200 耗时=11ms
2026-05-23 19:02:23.454 [main] INFO  i.g.lystrosaurus.admin.filter.RequestLogFilter - 请求开始: POST /public/auth/login  from 127.0.0.1
2026-05-23 19:02:23.460 [main] WARN  i.g.l.admin.handler.GlobalExceptionHandler - 业务异常: code=2007, message=密码不匹配
2026-05-23 19:02:23.461 [main] INFO  i.g.lystrosaurus.admin.filter.RequestLogFilter - 请求结束: POST /public/auth/login status=200 耗时=7ms
2026-05-23 19:02:23.485 [main] INFO  i.g.lystrosaurus.admin.filter.RequestLogFilter - 请求开始: POST /public/auth/login  from 127.0.0.1
2026-05-23 19:02:23.509 [main] WARN  i.g.l.admin.handler.GlobalExceptionHandler - 参数校验失败: 用户名不能为空
2026-05-23 19:02:23.512 [main] INFO  i.g.lystrosaurus.admin.filter.RequestLogFilter - 请求结束: POST /public/auth/login status=400 耗时=27ms
2026-05-23 19:02:23.518 [main] INFO  i.g.lystrosaurus.admin.filter.RequestLogFilter - 请求开始: GET /public/auth/refresh  from 127.0.0.1
2026-05-23 19:02:23.522 [main] WARN  i.g.l.admin.handler.GlobalExceptionHandler - 业务异常: code=1001, message=认证失败
2026-05-23 19:02:23.522 [main] INFO  i.g.lystrosaurus.admin.filter.RequestLogFilter - 请求结束: GET /public/auth/refresh status=200 耗时=4ms
2026-05-23 19:02:23.530 [main] INFO  i.g.lystrosaurus.admin.filter.RequestLogFilter - 请求开始: POST /public/auth/logout  from 127.0.0.1
2026-05-23 19:02:23.532 [main] INFO  i.g.lystrosaurus.admin.filter.RequestLogFilter - 请求结束: POST /public/auth/logout status=200 耗时=2ms
2026-05-23 19:02:23.538 [main] INFO  i.g.lystrosaurus.admin.filter.RequestLogFilter - 请求开始: POST /public/auth/login  from 127.0.0.1
2026-05-23 19:02:23.538 [main] WARN  i.g.l.admin.handler.GlobalExceptionHandler - 参数校验失败: 密码不能为空
2026-05-23 19:02:23.538 [main] INFO  i.g.lystrosaurus.admin.filter.RequestLogFilter - 请求结束: POST /public/auth/login status=400 耗时=0ms
2026-05-23 19:02:23.548 [main] INFO  i.g.lystrosaurus.admin.filter.RequestLogFilter - 请求开始: POST /public/auth/login  from 127.0.0.1
2026-05-23 19:02:23.548 [main] INFO  i.g.lystrosaurus.admin.filter.RequestLogFilter - 请求结束: POST /public/auth/login status=200 耗时=0ms

  .   ____          _            __ _ _
 /\\ / ___'_ __ _ _(_)_ __  __ _ \ \ \ \
( ( )\___ | '_ | '_| | '_ \/ _` | \ \ \ \
 \\/  ___)| |_)| | | | | || (_| |  ) ) ) )
  '  |____| .__|_| |_|_| |_\__, | / / / /
 =========|_|==============|___/=/_/_/_/
 :: Spring Boot ::                (v3.2.5)

2026-05-23 19:02:24.328 [main] INFO  i.g.l.admin.auth.controller.ProfileControllerTest - Starting ProfileControllerTest using Java 21.0.5 with PID 54236 (started by lannt in C:\workspace\admin-management-scaffold\backend)
2026-05-23 19:02:24.328 [main] DEBUG i.g.l.admin.auth.controller.ProfileControllerTest - Running with Spring Boot v3.2.5, Spring v6.1.6
2026-05-23 19:02:24.328 [main] INFO  i.g.l.admin.auth.controller.ProfileControllerTest - The following 1 profile is active: "test"
2026-05-23 19:02:25.646 [main] INFO  i.g.l.admin.config.TestDatabaseInitializer - 测试数据库 admin_scaffold_test 创建成功或已存在
2026-05-23 19:02:26.264 [main] INFO  i.g.l.admin.config.TestDatabaseInitializer - 测试数据库已清理，将手动执行 Flyway 迁移
2026-05-23 19:02:26.274 [main] DEBUG o.f.c.internal.scanner.classpath.ClassPathScanner - Scanning for classpath resources at 'classpath:db/callback' ...
2026-05-23 19:02:26.275 [main] DEBUG o.f.c.internal.scanner.classpath.ClassPathScanner - Determining location urls for classpath:db/callback using ClassLoader jdk.internal.loader.ClassLoaders$AppClassLoader@5c647e05 ...
2026-05-23 19:02:26.275 [main] DEBUG o.f.c.internal.scanner.classpath.ClassPathScanner - Unable to resolve location classpath:db/callback.
2026-05-23 19:02:26.277 [main] DEBUG o.f.c.internal.scanner.classpath.ClassPathScanner - Scanning for classpath resources at 'classpath:db/migration' ...
2026-05-23 19:02:26.277 [main] DEBUG o.f.c.internal.scanner.classpath.ClassPathScanner - Determining location urls for classpath:db/migration using ClassLoader jdk.internal.loader.ClassLoaders$AppClassLoader@5c647e05 ...
2026-05-23 19:02:26.277 [main] DEBUG o.f.c.internal.scanner.classpath.ClassPathScanner - Scanning URL: file:/C:/workspace/admin-management-scaffold/backend/target/classes/db/migration
2026-05-23 19:02:26.278 [main] DEBUG o.f.c.i.s.c.FileSystemClassPathLocationScanner - Scanning starting at classpath root in filesystem: C:\workspace\admin-management-scaffold\backend\target\classes\
2026-05-23 19:02:26.278 [main] DEBUG o.f.c.i.s.c.FileSystemClassPathLocationScanner - Scanning for resources in path: C:\workspace\admin-management-scaffold\backend\target\classes\db\migration (db/migration)
2026-05-23 19:02:26.278 [main] DEBUG o.f.c.internal.scanner.classpath.ClassPathScanner - Found resource: db/migration/V1__init_schema.sql
2026-05-23 19:02:26.278 [main] DEBUG o.f.c.internal.scanner.classpath.ClassPathScanner - Found resource: db/migration/V2__add_menu_and_permission_fields.sql
2026-05-23 19:02:26.278 [main] DEBUG o.f.c.internal.scanner.classpath.ClassPathScanner - Found resource: db/migration/V3__seed_data.sql
2026-05-23 19:02:26.278 [main] DEBUG o.f.c.internal.scanner.classpath.ClassPathScanner - Found resource: db/migration/V4__add_employee_org_tables.sql
2026-05-23 19:02:26.278 [main] DEBUG o.f.c.internal.scanner.classpath.ClassPathScanner - Found resource: db/migration/V5__seed_data_org.sql
2026-05-23 19:02:26.278 [main] DEBUG o.f.c.internal.scanner.classpath.ClassPathScanner - Scanning for classes at classpath:db/migration
2026-05-23 19:02:26.278 [main] DEBUG o.f.core.internal.resource.ResourceNameValidator - Validating V4__add_employee_org_tables.sql
2026-05-23 19:02:26.278 [main] DEBUG o.f.core.internal.resource.ResourceNameValidator - Validating V1__init_schema.sql
2026-05-23 19:02:26.278 [main] DEBUG o.f.core.internal.resource.ResourceNameValidator - Validating V2__add_menu_and_permission_fields.sql
2026-05-23 19:02:26.278 [main] DEBUG o.f.core.internal.resource.ResourceNameValidator - Validating V3__seed_data.sql
2026-05-23 19:02:26.278 [main] DEBUG o.f.core.internal.resource.ResourceNameValidator - Validating V5__seed_data_org.sql
2026-05-23 19:02:26.296 [main] INFO  org.flywaydb.core.FlywayExecutor - Database: jdbc:mysql://localhost:3306/admin_scaffold_test (MySQL 9.1)
2026-05-23 19:02:26.296 [main] DEBUG org.flywaydb.core.FlywayExecutor - Database Type: MySQL
2026-05-23 19:02:26.296 [main] DEBUG org.flywaydb.core.FlywayExecutor - Driver: MySQL Connector/J mysql-connector-j-8.3.0 (Revision: 805f872a57875f311cb82487efcfb070411a3fa0)
2026-05-23 19:02:26.296 [main] DEBUG org.flywaydb.core.FlywayExecutor - DDL Transactions Supported: false
2026-05-23 19:02:26.296 [main] DEBUG o.f.c.internal.schemahistory.SchemaHistoryFactory - Schemas: 
2026-05-23 19:02:26.296 [main] DEBUG o.f.c.internal.schemahistory.SchemaHistoryFactory - Default schema: null
2026-05-23 19:02:26.312 [main] WARN  org.flywaydb.core.internal.database.base.Database - Flyway upgrade recommended: MySQL 9.1 is newer than this version of Flyway and support has not been tested. The latest supported version of MySQL is 8.1.
2026-05-23 19:02:26.312 [main] DEBUG o.f.c.internal.callback.SqlScriptCallbackFactory - Scanning for SQL callbacks ...
2026-05-23 19:02:26.314 [main] DEBUG org.flywaydb.core.internal.command.DbValidate - Validating migrations ...
2026-05-23 19:02:26.316 [main] DEBUG o.f.core.api.configuration.ClassicConfiguration - CherryPickConfigurationExtension not found
2026-05-23 19:02:26.324 [main] DEBUG org.flywaydb.core.internal.scanner.Scanner - Filtering out resource: db/migration/V4__add_employee_org_tables.sql (filename: V4__add_employee_org_tables.sql)
2026-05-23 19:02:26.324 [main] DEBUG org.flywaydb.core.internal.scanner.Scanner - Filtering out resource: db/migration/V1__init_schema.sql (filename: V1__init_schema.sql)
2026-05-23 19:02:26.324 [main] DEBUG org.flywaydb.core.internal.scanner.Scanner - Filtering out resource: db/migration/V2__add_menu_and_permission_fields.sql (filename: V2__add_menu_and_permission_fields.sql)
2026-05-23 19:02:26.324 [main] DEBUG org.flywaydb.core.internal.scanner.Scanner - Filtering out resource: db/migration/V3__seed_data.sql (filename: V3__seed_data.sql)
2026-05-23 19:02:26.324 [main] DEBUG org.flywaydb.core.internal.scanner.Scanner - Filtering out resource: db/migration/V5__seed_data_org.sql (filename: V5__seed_data_org.sql)
2026-05-23 19:02:26.324 [main] DEBUG org.flywaydb.core.internal.scanner.Scanner - Filtering out resource: db/migration/V4__add_employee_org_tables.sql (filename: V4__add_employee_org_tables.sql)
2026-05-23 19:02:26.324 [main] DEBUG org.flywaydb.core.internal.scanner.Scanner - Filtering out resource: db/migration/V1__init_schema.sql (filename: V1__init_schema.sql)
2026-05-23 19:02:26.324 [main] DEBUG org.flywaydb.core.internal.scanner.Scanner - Filtering out resource: db/migration/V2__add_menu_and_permission_fields.sql (filename: V2__add_menu_and_permission_fields.sql)
2026-05-23 19:02:26.324 [main] DEBUG org.flywaydb.core.internal.scanner.Scanner - Filtering out resource: db/migration/V3__seed_data.sql (filename: V3__seed_data.sql)
2026-05-23 19:02:26.325 [main] DEBUG org.flywaydb.core.internal.scanner.Scanner - Filtering out resource: db/migration/V5__seed_data_org.sql (filename: V5__seed_data_org.sql)
2026-05-23 19:02:26.330 [main] INFO  o.f.c.i.schemahistory.JdbcTableSchemaHistory - Schema history table `admin_scaffold_test`.`flyway_schema_history` does not exist yet
2026-05-23 19:02:26.333 [main] INFO  org.flywaydb.core.internal.command.DbValidate - Successfully validated 5 migrations (execution time 00:00.017s)
2026-05-23 19:02:26.335 [main] DEBUG org.flywaydb.core.internal.command.DbSchemas - Skipping creation of existing schema: `admin_scaffold_test`
2026-05-23 19:02:26.355 [main] INFO  o.f.c.i.schemahistory.JdbcTableSchemaHistory - Creating Schema History table `admin_scaffold_test`.`flyway_schema_history` ...
2026-05-23 19:02:26.356 [main] DEBUG org.flywaydb.core.internal.parser.Parser - Parsing  ...
2026-05-23 19:02:26.358 [main] DEBUG o.flywaydb.core.internal.sqlscript.ParserSqlScript - Found statement at line 1: CREATE TABLE `admin_scaffold_test`.`flyway_schema_history` (
    `installed_rank` INT NOT NULL,
    `version` VARCHAR(50),
    `description` VARCHAR(200) NOT NULL,
    `type` VARCHAR(20) NOT NULL,
    `script` VARCHAR(1000) NOT NULL,
    `checksum` INT,
    `installed_by` VARCHAR(100) NOT NULL,
    `installed_on` TIMESTAMP NOT NULL DEFAULT CURRENT_TIMESTAMP,
    `execution_time` INT NOT NULL,
    `success` BOOL NOT NULL,
    CONSTRAINT `flyway_schema_history_pk` PRIMARY KEY (`installed_rank`)
) ENGINE=InnoDB
2026-05-23 19:02:26.358 [main] DEBUG o.flywaydb.core.internal.sqlscript.ParserSqlScript - Found statement at line 14: CREATE INDEX `flyway_schema_history_s_idx` ON `admin_scaffold_test`.`flyway_schema_history` (`success`)
2026-05-23 19:02:26.358 [main] DEBUG o.f.c.internal.sqlscript.DefaultSqlScriptExecutor - Executing SQL: CREATE TABLE `admin_scaffold_test`.`flyway_schema_history` (
    `installed_rank` INT NOT NULL,
    `version` VARCHAR(50),
    `description` VARCHAR(200) NOT NULL,
    `type` VARCHAR(20) NOT NULL,
    `script` VARCHAR(1000) NOT NULL,
    `checksum` INT,
    `installed_by` VARCHAR(100) NOT NULL,
    `installed_on` TIMESTAMP NOT NULL DEFAULT CURRENT_TIMESTAMP,
    `execution_time` INT NOT NULL,
    `success` BOOL NOT NULL,
    CONSTRAINT `flyway_schema_history_pk` PRIMARY KEY (`installed_rank`)
) ENGINE=InnoDB
2026-05-23 19:02:26.429 [main] DEBUG o.f.c.internal.sqlscript.DefaultSqlScriptExecutor - 0 rows affected
2026-05-23 19:02:26.429 [main] DEBUG o.f.c.internal.sqlscript.DefaultSqlScriptExecutor - Executing SQL: CREATE INDEX `flyway_schema_history_s_idx` ON `admin_scaffold_test`.`flyway_schema_history` (`success`)
2026-05-23 19:02:26.462 [main] DEBUG o.f.c.internal.sqlscript.DefaultSqlScriptExecutor - 0 rows affected
2026-05-23 19:02:26.462 [main] DEBUG o.f.c.i.schemahistory.JdbcTableSchemaHistory - Created Schema History table `admin_scaffold_test`.`flyway_schema_history`
2026-05-23 19:02:26.476 [main] DEBUG o.f.core.api.configuration.ClassicConfiguration - CherryPickConfigurationExtension not found
2026-05-23 19:02:26.483 [main] INFO  org.flywaydb.core.internal.command.DbMigrate - Current version of schema `admin_scaffold_test`: << Empty Schema >>
2026-05-23 19:02:26.483 [main] DEBUG org.flywaydb.core.internal.parser.Parser - Parsing V1__init_schema.sql ...
2026-05-23 19:02:26.485 [main] DEBUG o.flywaydb.core.internal.sqlscript.ParserSqlScript - Found statement at line 3: -- 初始化数据库架构
-- 创建用户表
CREATE TABLE IF NOT EXISTS `sys_user` (
    `id` BIGINT NOT NULL COMMENT '主键ID',
    `username` VARCHAR(50) NOT NULL COMMENT '用户名',
    `password` VARCHAR(100) NOT NULL COMMENT '密码',
    `nickname` VARCHAR(50) COMMENT '昵称',
    `email` VARCHAR(100) COMMENT '邮箱',
    `phone` VARCHAR(20) COMMENT '手机号',
    `avatar` VARCHAR(255) COMMENT '头像',
    `status` TINYINT DEFAULT 1 COMMENT '状态：0-禁用，1-启用',
    `created_at` DATETIME DEFAULT CURRENT_TIMESTAMP COMMENT '创建时间',
    `updated_at` DATETIME DEFAULT CURRENT_TIMESTAMP ON UPDATE CURRENT_TIMESTAMP COMMENT '更新时间',
    `created_by` VARCHAR(50) COMMENT '创建人',
    `updated_by` VARCHAR(50) COMMENT '更新人',
    `deleted` TINYINT DEFAULT 0 COMMENT '逻辑删除标志：0-未删除，1-已删除',
    `version` INT DEFAULT 1 COMMENT '版本号',
    PRIMARY KEY (`id`),
    UNIQUE KEY `uk_username` (`username`),
    KEY `idx_email` (`email`),
    KEY `idx_phone` (`phone`)
) ENGINE=InnoDB DEFAULT CHARSET=utf8mb4 COLLATE=utf8mb4_unicode_ci COMMENT='系统用户表'
2026-05-23 19:02:26.485 [main] DEBUG o.flywaydb.core.internal.sqlscript.ParserSqlScript - Found statement at line 25: -- 创建角色表
CREATE TABLE IF NOT EXISTS `sys_role` (
    `id` BIGINT NOT NULL COMMENT '主键ID',
    `role_name` VARCHAR(50) NOT NULL COMMENT '角色名称',
    `role_code` VARCHAR(50) NOT NULL COMMENT '角色编码',
    `description` VARCHAR(255) COMMENT '描述',
    `status` TINYINT DEFAULT 1 COMMENT '状态：0-禁用，1-启用',
    `created_at` DATETIME DEFAULT CURRENT_TIMESTAMP COMMENT '创建时间',
    `updated_at` DATETIME DEFAULT CURRENT_TIMESTAMP ON UPDATE CURRENT_TIMESTAMP COMMENT '更新时间',
    `created_by` VARCHAR(50) COMMENT '创建人',
    `updated_by` VARCHAR(50) COMMENT '更新人',
    `deleted` TINYINT DEFAULT 0 COMMENT '逻辑删除标志：0-未删除，1-已删除',
    `version` INT DEFAULT 1 COMMENT '版本号',
    PRIMARY KEY (`id`),
    UNIQUE KEY `uk_role_code` (`role_code`)
) ENGINE=InnoDB DEFAULT CHARSET=utf8mb4 COLLATE=utf8mb4_unicode_ci COMMENT='系统角色表'
2026-05-23 19:02:26.486 [main] DEBUG o.flywaydb.core.internal.sqlscript.ParserSqlScript - Found statement at line 42: -- 创建用户角色关联表
CREATE TABLE IF NOT EXISTS `sys_user_role` (
    `id` BIGINT NOT NULL COMMENT '主键ID',
    `user_id` BIGINT NOT NULL COMMENT '用户ID',
    `role_id` BIGINT NOT NULL COMMENT '角色ID',
    `created_at` DATETIME DEFAULT CURRENT_TIMESTAMP COMMENT '创建时间',
    `created_by` VARCHAR(50) COMMENT '创建人',
    `updated_at` DATETIME DEFAULT CURRENT_TIMESTAMP ON UPDATE CURRENT_TIMESTAMP COMMENT '更新时间',
    `updated_by` VARCHAR(50) COMMENT '更新人',
    `deleted` TINYINT DEFAULT 0 COMMENT '逻辑删除标志：0-未删除，1-已删除',
    PRIMARY KEY (`id`),
    UNIQUE KEY `uk_user_role` (`user_id`, `role_id`),
    KEY `idx_role_id` (`role_id`)
) ENGINE=InnoDB DEFAULT CHARSET=utf8mb4 COLLATE=utf8mb4_unicode_ci COMMENT='用户角色关联表'
2026-05-23 19:02:26.486 [main] DEBUG o.flywaydb.core.internal.sqlscript.ParserSqlScript - Found statement at line 57: -- 创建权限表
CREATE TABLE IF NOT EXISTS `sys_permission` (
    `id` BIGINT NOT NULL COMMENT '主键ID',
    `permission_name` VARCHAR(50) NOT NULL COMMENT '权限名称',
    `permission_code` VARCHAR(100) NOT NULL COMMENT '权限编码',
    `description` VARCHAR(255) COMMENT '描述',
    `status` TINYINT DEFAULT 1 COMMENT '状态：0-禁用，1-启用',
    `created_at` DATETIME DEFAULT CURRENT_TIMESTAMP COMMENT '创建时间',
    `updated_at` DATETIME DEFAULT CURRENT_TIMESTAMP ON UPDATE CURRENT_TIMESTAMP COMMENT '更新时间',
    `created_by` VARCHAR(50) COMMENT '创建人',
    `updated_by` VARCHAR(50) COMMENT '更新人',
    `deleted` TINYINT DEFAULT 0 COMMENT '逻辑删除标志：0-未删除，1-已删除',
    `version` INT DEFAULT 1 COMMENT '版本号',
    PRIMARY KEY (`id`),
    UNIQUE KEY `uk_permission_code` (`permission_code`)
) ENGINE=InnoDB DEFAULT CHARSET=utf8mb4 COLLATE=utf8mb4_unicode_ci COMMENT='系统权限表'
2026-05-23 19:02:26.487 [main] DEBUG o.flywaydb.core.internal.sqlscript.ParserSqlScript - Found statement at line 74: -- 创建角色权限关联表
CREATE TABLE IF NOT EXISTS `sys_role_permission` (
    `id` BIGINT NOT NULL COMMENT '主键ID',
    `role_id` BIGINT NOT NULL COMMENT '角色ID',
    `permission_id` BIGINT NOT NULL COMMENT '权限ID',
    `created_at` DATETIME DEFAULT CURRENT_TIMESTAMP COMMENT '创建时间',
    `created_by` VARCHAR(50) COMMENT '创建人',
    `updated_at` DATETIME DEFAULT CURRENT_TIMESTAMP ON UPDATE CURRENT_TIMESTAMP COMMENT '更新时间',
    `updated_by` VARCHAR(50) COMMENT '更新人',
    `deleted` TINYINT DEFAULT 0 COMMENT '逻辑删除标志：0-未删除，1-已删除',
    PRIMARY KEY (`id`),
    UNIQUE KEY `uk_role_permission` (`role_id`, `permission_id`),
    KEY `idx_permission_id` (`permission_id`)
) ENGINE=InnoDB DEFAULT CHARSET=utf8mb4 COLLATE=utf8mb4_unicode_ci COMMENT='角色权限关联表'
2026-05-23 19:02:26.490 [main] DEBUG org.flywaydb.core.internal.command.DbMigrate - Starting migration of schema `admin_scaffold_test` to version "1 - init schema" ...
2026-05-23 19:02:26.496 [main] INFO  org.flywaydb.core.internal.command.DbMigrate - Migrating schema `admin_scaffold_test` to version "1 - init schema"
2026-05-23 19:02:26.497 [main] DEBUG o.f.c.internal.sqlscript.DefaultSqlScriptExecutor - Executing SQL: -- 初始化数据库架构
-- 创建用户表
CREATE TABLE IF NOT EXISTS `sys_user` (
    `id` BIGINT NOT NULL COMMENT '主键ID',
    `username` VARCHAR(50) NOT NULL COMMENT '用户名',
    `password` VARCHAR(100) NOT NULL COMMENT '密码',
    `nickname` VARCHAR(50) COMMENT '昵称',
    `email` VARCHAR(100) COMMENT '邮箱',
    `phone` VARCHAR(20) COMMENT '手机号',
    `avatar` VARCHAR(255) COMMENT '头像',
    `status` TINYINT DEFAULT 1 COMMENT '状态：0-禁用，1-启用',
    `created_at` DATETIME DEFAULT CURRENT_TIMESTAMP COMMENT '创建时间',
    `updated_at` DATETIME DEFAULT CURRENT_TIMESTAMP ON UPDATE CURRENT_TIMESTAMP COMMENT '更新时间',
    `created_by` VARCHAR(50) COMMENT '创建人',
    `updated_by` VARCHAR(50) COMMENT '更新人',
    `deleted` TINYINT DEFAULT 0 COMMENT '逻辑删除标志：0-未删除，1-已删除',
    `version` INT DEFAULT 1 COMMENT '版本号',
    PRIMARY KEY (`id`),
    UNIQUE KEY `uk_username` (`username`),
    KEY `idx_email` (`email`),
    KEY `idx_phone` (`phone`)
) ENGINE=InnoDB DEFAULT CHARSET=utf8mb4 COLLATE=utf8mb4_unicode_ci COMMENT='系统用户表'
2026-05-23 19:02:26.575 [main] DEBUG o.f.c.internal.sqlscript.DefaultSqlScriptExecutor - 0 rows affected
2026-05-23 19:02:26.577 [main] DEBUG o.f.c.internal.sqlscript.DefaultSqlScriptExecutor - Executing SQL: -- 创建角色表
CREATE TABLE IF NOT EXISTS `sys_role` (
    `id` BIGINT NOT NULL COMMENT '主键ID',
    `role_name` VARCHAR(50) NOT NULL COMMENT '角色名称',
    `role_code` VARCHAR(50) NOT NULL COMMENT '角色编码',
    `description` VARCHAR(255) COMMENT '描述',
    `status` TINYINT DEFAULT 1 COMMENT '状态：0-禁用，1-启用',
    `created_at` DATETIME DEFAULT CURRENT_TIMESTAMP COMMENT '创建时间',
    `updated_at` DATETIME DEFAULT CURRENT_TIMESTAMP ON UPDATE CURRENT_TIMESTAMP COMMENT '更新时间',
    `created_by` VARCHAR(50) COMMENT '创建人',
    `updated_by` VARCHAR(50) COMMENT '更新人',
    `deleted` TINYINT DEFAULT 0 COMMENT '逻辑删除标志：0-未删除，1-已删除',
    `version` INT DEFAULT 1 COMMENT '版本号',
    PRIMARY KEY (`id`),
    UNIQUE KEY `uk_role_code` (`role_code`)
) ENGINE=InnoDB DEFAULT CHARSET=utf8mb4 COLLATE=utf8mb4_unicode_ci COMMENT='系统角色表'
2026-05-23 19:02:26.633 [main] DEBUG o.f.c.internal.sqlscript.DefaultSqlScriptExecutor - 0 rows affected
2026-05-23 19:02:26.634 [main] DEBUG o.f.c.internal.sqlscript.DefaultSqlScriptExecutor - Executing SQL: -- 创建用户角色关联表
CREATE TABLE IF NOT EXISTS `sys_user_role` (
    `id` BIGINT NOT NULL COMMENT '主键ID',
    `user_id` BIGINT NOT NULL COMMENT '用户ID',
    `role_id` BIGINT NOT NULL COMMENT '角色ID',
    `created_at` DATETIME DEFAULT CURRENT_TIMESTAMP COMMENT '创建时间',
    `created_by` VARCHAR(50) COMMENT '创建人',
    `updated_at` DATETIME DEFAULT CURRENT_TIMESTAMP ON UPDATE CURRENT_TIMESTAMP COMMENT '更新时间',
    `updated_by` VARCHAR(50) COMMENT '更新人',
    `deleted` TINYINT DEFAULT 0 COMMENT '逻辑删除标志：0-未删除，1-已删除',
    PRIMARY KEY (`id`),
    UNIQUE KEY `uk_user_role` (`user_id`, `role_id`),
    KEY `idx_role_id` (`role_id`)
) ENGINE=InnoDB DEFAULT CHARSET=utf8mb4 COLLATE=utf8mb4_unicode_ci COMMENT='用户角色关联表'
2026-05-23 19:02:26.698 [main] DEBUG o.f.c.internal.sqlscript.DefaultSqlScriptExecutor - 0 rows affected
2026-05-23 19:02:26.698 [main] DEBUG o.f.c.internal.sqlscript.DefaultSqlScriptExecutor - Executing SQL: -- 创建权限表
CREATE TABLE IF NOT EXISTS `sys_permission` (
    `id` BIGINT NOT NULL COMMENT '主键ID',
    `permission_name` VARCHAR(50) NOT NULL COMMENT '权限名称',
    `permission_code` VARCHAR(100) NOT NULL COMMENT '权限编码',
    `description` VARCHAR(255) COMMENT '描述',
    `status` TINYINT DEFAULT 1 COMMENT '状态：0-禁用，1-启用',
    `created_at` DATETIME DEFAULT CURRENT_TIMESTAMP COMMENT '创建时间',
    `updated_at` DATETIME DEFAULT CURRENT_TIMESTAMP ON UPDATE CURRENT_TIMESTAMP COMMENT '更新时间',
    `created_by` VARCHAR(50) COMMENT '创建人',
    `updated_by` VARCHAR(50) COMMENT '更新人',
    `deleted` TINYINT DEFAULT 0 COMMENT '逻辑删除标志：0-未删除，1-已删除',
    `version` INT DEFAULT 1 COMMENT '版本号',
    PRIMARY KEY (`id`),
    UNIQUE KEY `uk_permission_code` (`permission_code`)
) ENGINE=InnoDB DEFAULT CHARSET=utf8mb4 COLLATE=utf8mb4_unicode_ci COMMENT='系统权限表'
2026-05-23 19:02:26.759 [main] DEBUG o.f.c.internal.sqlscript.DefaultSqlScriptExecutor - 0 rows affected
2026-05-23 19:02:26.760 [main] DEBUG o.f.c.internal.sqlscript.DefaultSqlScriptExecutor - Executing SQL: -- 创建角色权限关联表
CREATE TABLE IF NOT EXISTS `sys_role_permission` (
    `id` BIGINT NOT NULL COMMENT '主键ID',
    `role_id` BIGINT NOT NULL COMMENT '角色ID',
    `permission_id` BIGINT NOT NULL COMMENT '权限ID',
    `created_at` DATETIME DEFAULT CURRENT_TIMESTAMP COMMENT '创建时间',
    `created_by` VARCHAR(50) COMMENT '创建人',
    `updated_at` DATETIME DEFAULT CURRENT_TIMESTAMP ON UPDATE CURRENT_TIMESTAMP COMMENT '更新时间',
    `updated_by` VARCHAR(50) COMMENT '更新人',
    `deleted` TINYINT DEFAULT 0 COMMENT '逻辑删除标志：0-未删除，1-已删除',
    PRIMARY KEY (`id`),
    UNIQUE KEY `uk_role_permission` (`role_id`, `permission_id`),
    KEY `idx_permission_id` (`permission_id`)
) ENGINE=InnoDB DEFAULT CHARSET=utf8mb4 COLLATE=utf8mb4_unicode_ci COMMENT='角色权限关联表'
2026-05-23 19:02:26.831 [main] DEBUG o.f.c.internal.sqlscript.DefaultSqlScriptExecutor - 0 rows affected
2026-05-23 19:02:26.831 [main] DEBUG org.flywaydb.core.internal.command.DbMigrate - Successfully completed migration of schema `admin_scaffold_test` to version "1 - init schema"
2026-05-23 19:02:26.849 [main] DEBUG o.f.c.i.schemahistory.JdbcTableSchemaHistory - Schema History table `admin_scaffold_test`.`flyway_schema_history` successfully updated to reflect changes
2026-05-23 19:02:26.870 [main] DEBUG o.f.core.api.configuration.ClassicConfiguration - CherryPickConfigurationExtension not found
2026-05-23 19:02:26.877 [main] DEBUG org.flywaydb.core.internal.parser.Parser - Parsing V2__add_menu_and_permission_fields.sql ...
2026-05-23 19:02:26.880 [main] DEBUG o.flywaydb.core.internal.sqlscript.ParserSqlScript - Found statement at line 7: -- V2: 添加菜单表和权限字段扩展
-- 任务: 创建 sys_menu 表，补充 sys_permission 字段，创建 sys_role_menu 关联表

-- ============================================================
-- 1. 创建菜单表 sys_menu
-- ============================================================
CREATE TABLE IF NOT EXISTS `sys_menu` (
    `id` BIGINT NOT NULL COMMENT '主键ID',
    `parent_id` BIGINT DEFAULT 0 COMMENT '父菜单ID，0表示顶级菜单',
    `name` VARCHAR(64) NOT NULL COMMENT '菜单名称',
    `path` VARCHAR(255) COMMENT '路由路径',
    `component` VARCHAR(255) COMMENT '前端组件路径',
    `icon` VARCHAR(64) COMMENT '图标',
    `sort_order` INT DEFAULT 0 COMMENT '排序号',
    `type` TINYINT NOT NULL COMMENT '类型：1-目录，2-菜单，3-按钮',
    `permission_code` VARCHAR(64) COMMENT '权限码',
    `visible` TINYINT DEFAULT 1 COMMENT '是否可见：0-隐藏，1-显示',
    `status` TINYINT DEFAULT 1 COMMENT '状态：0-禁用，1-启用',
    `created_at` DATETIME DEFAULT CURRENT_TIMESTAMP COMMENT '创建时间',
    `created_by` VARCHAR(50) COMMENT '创建人',
    `updated_at` DATETIME DEFAULT CURRENT_TIMESTAMP ON UPDATE CURRENT_TIMESTAMP COMMENT '更新时间',
    `updated_by` VARCHAR(50) COMMENT '更新人',
    `deleted` TINYINT DEFAULT 0 COMMENT '逻辑删除标志：0-未删除，1-已删除',
    `version` INT DEFAULT 1 COMMENT '版本号',
    PRIMARY KEY (`id`),
    KEY `idx_parent_id` (`parent_id`),
    KEY `idx_permission_code` (`permission_code`)
) ENGINE=InnoDB DEFAULT CHARSET=utf8mb4 COLLATE=utf8mb4_unicode_ci COMMENT='系统菜单表'
2026-05-23 19:02:26.880 [main] DEBUG o.flywaydb.core.internal.sqlscript.ParserSqlScript - Found statement at line 33: -- ============================================================
-- 2. 扩展 sys_permission 表字段
-- ============================================================
ALTER TABLE `sys_permission`
    ADD COLUMN `type` VARCHAR(32) COMMENT '权限类型：MENU-菜单权限，BUTTON-按钮权限，API-接口权限' AFTER `description`,
    ADD COLUMN `module` VARCHAR(64) COMMENT '所属模块，如 system、auth' AFTER `type`,
    ADD COLUMN `resource` VARCHAR(64) COMMENT '资源标识，如 user、role' AFTER `module`,
    ADD COLUMN `action` VARCHAR(32) COMMENT '操作类型，如 view、create、update、delete' AFTER `resource`
2026-05-23 19:02:26.881 [main] DEBUG o.flywaydb.core.internal.sqlscript.ParserSqlScript - Found statement at line 40: -- 为权限类型字段添加索引
ALTER TABLE `sys_permission`
    ADD KEY `idx_type` (`type`)
2026-05-23 19:02:26.882 [main] DEBUG o.flywaydb.core.internal.sqlscript.ParserSqlScript - Found statement at line 46: -- ============================================================
-- 3. 创建角色菜单关联表 sys_role_menu
-- ============================================================
CREATE TABLE IF NOT EXISTS `sys_role_menu` (
    `id` BIGINT NOT NULL COMMENT '主键ID',
    `role_id` BIGINT NOT NULL COMMENT '角色ID',
    `menu_id` BIGINT NOT NULL COMMENT '菜单ID',
    `created_at` DATETIME DEFAULT CURRENT_TIMESTAMP COMMENT '创建时间',
    `created_by` VARCHAR(50) COMMENT '创建人',
    `updated_at` DATETIME DEFAULT CURRENT_TIMESTAMP ON UPDATE CURRENT_TIMESTAMP COMMENT '更新时间',
    `updated_by` VARCHAR(50) COMMENT '更新人',
    `deleted` TINYINT DEFAULT 0 COMMENT '逻辑删除标志：0-未删除，1-已删除',
    PRIMARY KEY (`id`),
    UNIQUE KEY `uk_role_menu` (`role_id`, `menu_id`),
    KEY `idx_menu_id` (`menu_id`)
) ENGINE=InnoDB DEFAULT CHARSET=utf8mb4 COLLATE=utf8mb4_unicode_ci COMMENT='角色菜单关联表'
2026-05-23 19:02:26.883 [main] DEBUG org.flywaydb.core.internal.command.DbMigrate - Starting migration of schema `admin_scaffold_test` to version "2 - add menu and permission fields" ...
2026-05-23 19:02:26.888 [main] INFO  org.flywaydb.core.internal.command.DbMigrate - Migrating schema `admin_scaffold_test` to version "2 - add menu and permission fields"
2026-05-23 19:02:26.889 [main] DEBUG o.f.c.internal.sqlscript.DefaultSqlScriptExecutor - Executing SQL: -- V2: 添加菜单表和权限字段扩展
-- 任务: 创建 sys_menu 表，补充 sys_permission 字段，创建 sys_role_menu 关联表

-- ============================================================
-- 1. 创建菜单表 sys_menu
-- ============================================================
CREATE TABLE IF NOT EXISTS `sys_menu` (
    `id` BIGINT NOT NULL COMMENT '主键ID',
    `parent_id` BIGINT DEFAULT 0 COMMENT '父菜单ID，0表示顶级菜单',
    `name` VARCHAR(64) NOT NULL COMMENT '菜单名称',
    `path` VARCHAR(255) COMMENT '路由路径',
    `component` VARCHAR(255) COMMENT '前端组件路径',
    `icon` VARCHAR(64) COMMENT '图标',
    `sort_order` INT DEFAULT 0 COMMENT '排序号',
    `type` TINYINT NOT NULL COMMENT '类型：1-目录，2-菜单，3-按钮',
    `permission_code` VARCHAR(64) COMMENT '权限码',
    `visible` TINYINT DEFAULT 1 COMMENT '是否可见：0-隐藏，1-显示',
    `status` TINYINT DEFAULT 1 COMMENT '状态：0-禁用，1-启用',
    `created_at` DATETIME DEFAULT CURRENT_TIMESTAMP COMMENT '创建时间',
    `created_by` VARCHAR(50) COMMENT '创建人',
    `updated_at` DATETIME DEFAULT CURRENT_TIMESTAMP ON UPDATE CURRENT_TIMESTAMP COMMENT '更新时间',
    `updated_by` VARCHAR(50) COMMENT '更新人',
    `deleted` TINYINT DEFAULT 0 COMMENT '逻辑删除标志：0-未删除，1-已删除',
    `version` INT DEFAULT 1 COMMENT '版本号',
    PRIMARY KEY (`id`),
    KEY `idx_parent_id` (`parent_id`),
    KEY `idx_permission_code` (`permission_code`)
) ENGINE=InnoDB DEFAULT CHARSET=utf8mb4 COLLATE=utf8mb4_unicode_ci COMMENT='系统菜单表'
2026-05-23 19:02:26.952 [main] DEBUG o.f.c.internal.sqlscript.DefaultSqlScriptExecutor - 0 rows affected
2026-05-23 19:02:26.952 [main] DEBUG o.f.c.internal.sqlscript.DefaultSqlScriptExecutor - Executing SQL: -- ============================================================
-- 2. 扩展 sys_permission 表字段
-- ============================================================
ALTER TABLE `sys_permission`
    ADD COLUMN `type` VARCHAR(32) COMMENT '权限类型：MENU-菜单权限，BUTTON-按钮权限，API-接口权限' AFTER `description`,
    ADD COLUMN `module` VARCHAR(64) COMMENT '所属模块，如 system、auth' AFTER `type`,
    ADD COLUMN `resource` VARCHAR(64) COMMENT '资源标识，如 user、role' AFTER `module`,
    ADD COLUMN `action` VARCHAR(32) COMMENT '操作类型，如 view、create、update、delete' AFTER `resource`
2026-05-23 19:02:26.981 [main] DEBUG o.f.c.internal.sqlscript.DefaultSqlScriptExecutor - 0 rows affected
2026-05-23 19:02:26.981 [main] DEBUG o.f.c.internal.sqlscript.DefaultSqlScriptExecutor - Executing SQL: -- 为权限类型字段添加索引
ALTER TABLE `sys_permission`
    ADD KEY `idx_type` (`type`)
2026-05-23 19:02:27.014 [main] DEBUG o.f.c.internal.sqlscript.DefaultSqlScriptExecutor - 0 rows affected
2026-05-23 19:02:27.015 [main] DEBUG o.f.c.internal.sqlscript.DefaultSqlScriptExecutor - Executing SQL: -- ============================================================
-- 3. 创建角色菜单关联表 sys_role_menu
-- ============================================================
CREATE TABLE IF NOT EXISTS `sys_role_menu` (
    `id` BIGINT NOT NULL COMMENT '主键ID',
    `role_id` BIGINT NOT NULL COMMENT '角色ID',
    `menu_id` BIGINT NOT NULL COMMENT '菜单ID',
    `created_at` DATETIME DEFAULT CURRENT_TIMESTAMP COMMENT '创建时间',
    `created_by` VARCHAR(50) COMMENT '创建人',
    `updated_at` DATETIME DEFAULT CURRENT_TIMESTAMP ON UPDATE CURRENT_TIMESTAMP COMMENT '更新时间',
    `updated_by` VARCHAR(50) COMMENT '更新人',
    `deleted` TINYINT DEFAULT 0 COMMENT '逻辑删除标志：0-未删除，1-已删除',
    PRIMARY KEY (`id`),
    UNIQUE KEY `uk_role_menu` (`role_id`, `menu_id`),
    KEY `idx_menu_id` (`menu_id`)
) ENGINE=InnoDB DEFAULT CHARSET=utf8mb4 COLLATE=utf8mb4_unicode_ci COMMENT='角色菜单关联表'
2026-05-23 19:02:27.083 [main] DEBUG o.f.c.internal.sqlscript.DefaultSqlScriptExecutor - 0 rows affected
2026-05-23 19:02:27.083 [main] DEBUG org.flywaydb.core.internal.command.DbMigrate - Successfully completed migration of schema `admin_scaffold_test` to version "2 - add menu and permission fields"
2026-05-23 19:02:27.102 [main] DEBUG o.f.c.i.schemahistory.JdbcTableSchemaHistory - Schema History table `admin_scaffold_test`.`flyway_schema_history` successfully updated to reflect changes
2026-05-23 19:02:27.123 [main] DEBUG o.f.core.api.configuration.ClassicConfiguration - CherryPickConfigurationExtension not found
2026-05-23 19:02:27.130 [main] DEBUG org.flywaydb.core.internal.parser.Parser - Parsing V3__seed_data.sql ...
2026-05-23 19:02:27.132 [main] DEBUG o.flywaydb.core.internal.sqlscript.ParserSqlScript - Found statement at line 9: -- V3: 修复列名不匹配 + 种子数据
-- LOCAL-ONLY: 仅用于本地开发环境
-- 修复 V1 Schema 与 Entity 字段名之间的不一致（MyBatis-Plus 驼峰映射）

-- ============================================================
-- 1. 修复 sys_user 列名
-- ============================================================
-- status: TINYINT → VARCHAR(32)，映射 0→DISABLED, 1→ENABLED
ALTER TABLE `sys_user` MODIFY COLUMN `status` VARCHAR(32) NOT NULL DEFAULT 'ENABLED' COMMENT '状态(ENABLED/DISABLED/LOCKED)'
2026-05-23 19:02:27.132 [main] DEBUG o.flywaydb.core.internal.sqlscript.ParserSqlScript - Found statement at line 10: UPDATE `sys_user` SET `status` = CASE WHEN `status` = '0' THEN 'DISABLED' WHEN `status` = '1' THEN 'ENABLED' ELSE `status` END WHERE `status` IN ('0', '1')
2026-05-23 19:02:27.133 [main] DEBUG o.flywaydb.core.internal.sqlscript.ParserSqlScript - Found statement at line 12: -- password → password_hash
ALTER TABLE `sys_user` CHANGE COLUMN `password` `password_hash` VARCHAR(100) NOT NULL COMMENT '密码哈希'
2026-05-23 19:02:27.133 [main] DEBUG o.flywaydb.core.internal.sqlscript.ParserSqlScript - Found statement at line 14: -- avatar → avatar_file_id（类型不变仍为 VARCHAR，后续可通过新迁移改为 BIGINT）
ALTER TABLE `sys_user` CHANGE COLUMN `avatar` `avatar_file_id` VARCHAR(255) COMMENT '头像文件ID'
2026-05-23 19:02:27.133 [main] DEBUG o.flywaydb.core.internal.sqlscript.ParserSqlScript - Found statement at line 16: -- 添加缺失列
ALTER TABLE `sys_user` ADD COLUMN `token_version` INT DEFAULT 1 COMMENT 'token版本号' AFTER `status`
2026-05-23 19:02:27.133 [main] DEBUG o.flywaydb.core.internal.sqlscript.ParserSqlScript - Found statement at line 17: ALTER TABLE `sys_user` ADD COLUMN `last_login_at` DATETIME COMMENT '最后登录时间' AFTER `token_version`
2026-05-23 19:02:27.133 [main] DEBUG o.flywaydb.core.internal.sqlscript.ParserSqlScript - Found statement at line 18: ALTER TABLE `sys_user` ADD COLUMN `last_login_ip` VARCHAR(50) COMMENT '最后登录IP' AFTER `last_login_at`
2026-05-23 19:02:27.133 [main] DEBUG o.flywaydb.core.internal.sqlscript.ParserSqlScript - Found statement at line 19: ALTER TABLE `sys_user` ADD COLUMN `employee_id` BIGINT COMMENT '绑定员工ID' AFTER `avatar_file_id`
2026-05-23 19:02:27.133 [main] DEBUG o.flywaydb.core.internal.sqlscript.ParserSqlScript - Found statement at line 24: -- ============================================================
-- 1b. 修复 sys_user_role 缺失列
-- ============================================================
ALTER TABLE `sys_user_role` ADD COLUMN `version` INT DEFAULT 1 COMMENT '版本号' AFTER `deleted`
2026-05-23 19:02:27.133 [main] DEBUG o.flywaydb.core.internal.sqlscript.ParserSqlScript - Found statement at line 29: -- ============================================================
-- 1c. 修复 sys_role_permission 缺失列
-- ============================================================
ALTER TABLE `sys_role_permission` ADD COLUMN `version` INT DEFAULT 1 COMMENT '版本号' AFTER `deleted`
2026-05-23 19:02:27.133 [main] DEBUG o.flywaydb.core.internal.sqlscript.ParserSqlScript - Found statement at line 34: -- ============================================================
-- 1d. 修复 sys_role_menu 缺失列
-- ============================================================
ALTER TABLE `sys_role_menu` ADD COLUMN `version` INT DEFAULT 1 COMMENT '版本号' AFTER `deleted`
2026-05-23 19:02:27.134 [main] DEBUG o.flywaydb.core.internal.sqlscript.ParserSqlScript - Found statement at line 40: -- ============================================================
-- 2. 修复 sys_role 列名
-- ============================================================
-- status: TINYINT → VARCHAR(32)
ALTER TABLE `sys_role` MODIFY COLUMN `status` VARCHAR(32) NOT NULL DEFAULT 'ENABLED' COMMENT '状态(ENABLED/DISABLED)'
2026-05-23 19:02:27.134 [main] DEBUG o.flywaydb.core.internal.sqlscript.ParserSqlScript - Found statement at line 41: UPDATE `sys_role` SET `status` = CASE WHEN `status` = '0' THEN 'DISABLED' WHEN `status` = '1' THEN 'ENABLED' ELSE `status` END WHERE `status` IN ('0', '1')
2026-05-23 19:02:27.134 [main] DEBUG o.flywaydb.core.internal.sqlscript.ParserSqlScript - Found statement at line 43: -- role_name → name, role_code → code
ALTER TABLE `sys_role` CHANGE COLUMN `role_name` `name` VARCHAR(50) NOT NULL COMMENT '角色名称'
2026-05-23 19:02:27.134 [main] DEBUG o.flywaydb.core.internal.sqlscript.ParserSqlScript - Found statement at line 44: ALTER TABLE `sys_role` CHANGE COLUMN `role_code` `code` VARCHAR(50) NOT NULL COMMENT '角色编码'
2026-05-23 19:02:27.134 [main] DEBUG o.flywaydb.core.internal.sqlscript.ParserSqlScript - Found statement at line 46: -- 添加缺失列
ALTER TABLE `sys_role` ADD COLUMN `sort_order` INT DEFAULT 0 COMMENT '排序号' AFTER `description`
2026-05-23 19:02:27.134 [main] DEBUG o.flywaydb.core.internal.sqlscript.ParserSqlScript - Found statement at line 47: ALTER TABLE `sys_role` ADD COLUMN `data_scope_type` VARCHAR(32) DEFAULT 'SELF' COMMENT '数据权限范围' AFTER `sort_order`
2026-05-23 19:02:27.134 [main] DEBUG o.flywaydb.core.internal.sqlscript.ParserSqlScript - Found statement at line 53: -- ============================================================
-- 3. 修复 sys_permission 列名和类型
-- ============================================================
-- status: TINYINT → VARCHAR(32)
ALTER TABLE `sys_permission` MODIFY COLUMN `status` VARCHAR(32) NOT NULL DEFAULT 'ENABLED' COMMENT '状态'
2026-05-23 19:02:27.134 [main] DEBUG o.flywaydb.core.internal.sqlscript.ParserSqlScript - Found statement at line 54: UPDATE `sys_permission` SET `status` = CASE WHEN `status` = '0' THEN 'DISABLED' WHEN `status` = '1' THEN 'ENABLED' ELSE `status` END WHERE `status` IN ('0', '1')
2026-05-23 19:02:27.134 [main] DEBUG o.flywaydb.core.internal.sqlscript.ParserSqlScript - Found statement at line 56: -- permission_name → name, permission_code → code
ALTER TABLE `sys_permission` CHANGE COLUMN `permission_name` `name` VARCHAR(50) NOT NULL COMMENT '权限名称'
2026-05-23 19:02:27.134 [main] DEBUG o.flywaydb.core.internal.sqlscript.ParserSqlScript - Found statement at line 57: ALTER TABLE `sys_permission` CHANGE COLUMN `permission_code` `code` VARCHAR(100) NOT NULL COMMENT '权限编码'
2026-05-23 19:02:27.135 [main] DEBUG o.flywaydb.core.internal.sqlscript.ParserSqlScript - Found statement at line 59: -- 添加缺失列
ALTER TABLE `sys_permission` ADD COLUMN `sort_order` INT DEFAULT 0 COMMENT '排序号' AFTER `status`
2026-05-23 19:02:27.135 [main] DEBUG o.flywaydb.core.internal.sqlscript.ParserSqlScript - Found statement at line 64: -- ============================================================
-- 4. 种子数据：管理员角色
-- ============================================================
INSERT INTO sys_role (id, code, name, description, status, data_scope_type, sort_order, created_at, updated_at, created_by, updated_by, deleted, version)
VALUES (1, 'ADMIN', '超级管理员', '系统超级管理员，拥有所有权限', 'ENABLED', 'ALL', 1, NOW(), NOW(), 'system', 'system', 0, 1)
2026-05-23 19:02:27.135 [main] DEBUG o.flywaydb.core.internal.sqlscript.ParserSqlScript - Found statement at line 70: -- ============================================================
-- 5. 种子数据：普通用户角色
-- ============================================================
INSERT INTO sys_role (id, code, name, description, status, data_scope_type, sort_order, created_at, updated_at, created_by, updated_by, deleted, version)
VALUES (2, 'USER', '普通用户', '普通用户，拥有基本查看权限', 'ENABLED', 'SELF', 2, NOW(), NOW(), 'system', 'system', 0, 1)
2026-05-23 19:02:27.135 [main] DEBUG o.flywaydb.core.internal.sqlscript.ParserSqlScript - Found statement at line 76: -- ============================================================
-- 6. 种子数据：管理员用户（密码: admin123，BCrypt 加密）
-- ============================================================
INSERT INTO sys_user (id, username, password_hash, nickname, status, created_at, updated_at, created_by, updated_by, deleted, version)
VALUES (1, 'admin', '$2a$10$P6lqkvsCYZINKMUv0gjW7ON8IJB8UM71Rk4i9oAQxaHjSoXZ5TCLm', '超级管理员', 'ENABLED', NOW(), NOW(), 'system', 'system', 0, 1)
2026-05-23 19:02:27.136 [main] DEBUG o.flywaydb.core.internal.sqlscript.ParserSqlScript - Found statement at line 82: -- ============================================================
-- 7. 种子数据：测试用户（密码: test123，BCrypt 加密）
-- ============================================================
INSERT INTO sys_user (id, username, password_hash, nickname, status, created_at, updated_at, created_by, updated_by, deleted, version)
VALUES (2, 'testuser', '$2a$10$P6lqkvsCYZINKMUv0gjW7ON8IJB8UM71Rk4i9oAQxaHjSoXZ5TCLm', '测试用户', 'ENABLED', NOW(), NOW(), 'system', 'system', 0, 1)
2026-05-23 19:02:27.136 [main] DEBUG o.flywaydb.core.internal.sqlscript.ParserSqlScript - Found statement at line 88: -- ============================================================
-- 8. 关联管理员用户和角色
-- ============================================================
INSERT INTO sys_user_role (id, user_id, role_id, created_at, created_by, updated_at, updated_by, deleted)
VALUES (1, 1, 1, NOW(), 'system', NOW(), 'system', 0)
2026-05-23 19:02:27.137 [main] DEBUG o.flywaydb.core.internal.sqlscript.ParserSqlScript - Found statement at line 94: -- ============================================================
-- 9. 种子数据：基础权限
-- ============================================================
INSERT INTO sys_permission (id, code, name, description, status, type, module, resource, action, sort_order, created_at, updated_at, created_by, updated_by, deleted, version)
VALUES
(1, 'system:user:view', '查看用户', '查看用户信息', 'ENABLED', 'BUTTON', 'system', 'user', 'view', 1, NOW(), NOW(), 'system', 'system', 0, 1),
(2, 'system:user:create', '创建用户', '创建新用户', 'ENABLED', 'BUTTON', 'system', 'user', 'create', 2, NOW(), NOW(), 'system', 'system', 0, 1),
(3, 'system:user:update', '编辑用户', '编辑用户信息', 'ENABLED', 'BUTTON', 'system', 'user', 'update', 3, NOW(), NOW(), 'system', 'system', 0, 1),
(4, 'system:user:delete', '删除用户', '删除用户', 'ENABLED', 'BUTTON', 'system', 'user', 'delete', 4, NOW(), NOW(), 'system', 'system', 0, 1),
(5, 'system:role:view', '查看角色', '查看角色信息', 'ENABLED', 'BUTTON', 'system', 'role', 'view', 5, NOW(), NOW(), 'system', 'system', 0, 1),
(6, 'system:role:create', '创建角色', '创建新角色', 'ENABLED', 'BUTTON', 'system', 'role', 'create', 6, NOW(), NOW(), 'system', 'system', 0, 1),
(7, 'system:role:update', '编辑角色', '编辑角色信息', 'ENABLED', 'BUTTON', 'system', 'role', 'update', 7, NOW(), NOW(), 'system', 'system', 0, 1),
(8, 'system:role:delete', '删除角色', '删除角色', 'ENABLED', 'BUTTON', 'system', 'role', 'delete', 8, NOW(), NOW(), 'system', 'system', 0, 1)
2026-05-23 19:02:27.137 [main] DEBUG o.flywaydb.core.internal.sqlscript.ParserSqlScript - Found statement at line 108: -- ============================================================
-- 10. 种子数据：基础菜单
-- ============================================================
INSERT INTO sys_menu (id, parent_id, name, path, component, icon, sort_order, type, permission_code, visible, status, created_at, updated_at, created_by, updated_by, deleted, version)
VALUES
(1, 0, '系统管理', '/system', NULL, 'setting', 1, 1, NULL, 1, 1, NOW(), NOW(), 'system', 'system', 0, 1),
(2, 1, '用户管理', '/system/users', 'system/users/index', 'user', 1, 2, 'system:user:view', 1, 1, NOW(), NOW(), 'system', 'system', 0, 1),
(3, 1, '角色管理', '/system/roles', 'system/roles/index', 'team', 2, 2, 'system:role:view', 1, 1, NOW(), NOW(), 'system', 'system', 0, 1),
(4, 1, '权限管理', '/system/permissions', 'system/permissions/index', 'safety', 3, 2, 'system:permission:view', 1, 1, NOW(), NOW(), 'system', 'system', 0, 1),
(5, 1, '菜单管理', '/system/menus', 'system/menus/index', 'menu', 4, 2, 'system:menu:view', 1, 1, NOW(), NOW(), 'system', 'system', 0, 1)
2026-05-23 19:02:27.138 [main] DEBUG o.flywaydb.core.internal.sqlscript.ParserSqlScript - Found statement at line 119: -- ============================================================
-- 11. 关联管理员角色和所有权限
-- ============================================================
INSERT INTO sys_role_permission (id, role_id, permission_id, created_at, created_by, updated_at, updated_by, deleted)
VALUES
(1, 1, 1, NOW(), 'system', NOW(), 'system', 0),
(2, 1, 2, NOW(), 'system', NOW(), 'system', 0),
(3, 1, 3, NOW(), 'system', NOW(), 'system', 0),
(4, 1, 4, NOW(), 'system', NOW(), 'system', 0),
(5, 1, 5, NOW(), 'system', NOW(), 'system', 0),
(6, 1, 6, NOW(), 'system', NOW(), 'system', 0),
(7, 1, 7, NOW(), 'system', NOW(), 'system', 0),
(8, 1, 8, NOW(), 'system', NOW(), 'system', 0)
2026-05-23 19:02:27.138 [main] DEBUG o.flywaydb.core.internal.sqlscript.ParserSqlScript - Found statement at line 133: -- ============================================================
-- 12. 关联管理员角色和所有菜单
-- ============================================================
INSERT INTO sys_role_menu (id, role_id, menu_id, created_at, created_by, updated_at, updated_by, deleted)
VALUES
(1, 1, 1, NOW(), 'system', NOW(), 'system', 0),
(2, 1, 2, NOW(), 'system', NOW(), 'system', 0),
(3, 1, 3, NOW(), 'system', NOW(), 'system', 0),
(4, 1, 4, NOW(), 'system', NOW(), 'system', 0),
(5, 1, 5, NOW(), 'system', NOW(), 'system', 0)
2026-05-23 19:02:27.141 [main] DEBUG org.flywaydb.core.internal.command.DbMigrate - Starting migration of schema `admin_scaffold_test` to version "3 - seed data" ...
2026-05-23 19:02:27.148 [main] INFO  org.flywaydb.core.internal.command.DbMigrate - Migrating schema `admin_scaffold_test` to version "3 - seed data"
2026-05-23 19:02:27.150 [main] DEBUG o.f.c.internal.sqlscript.DefaultSqlScriptExecutor - Executing SQL: -- V3: 修复列名不匹配 + 种子数据
-- LOCAL-ONLY: 仅用于本地开发环境
-- 修复 V1 Schema 与 Entity 字段名之间的不一致（MyBatis-Plus 驼峰映射）

-- ============================================================
-- 1. 修复 sys_user 列名
-- ============================================================
-- status: TINYINT → VARCHAR(32)，映射 0→DISABLED, 1→ENABLED
ALTER TABLE `sys_user` MODIFY COLUMN `status` VARCHAR(32) NOT NULL DEFAULT 'ENABLED' COMMENT '状态(ENABLED/DISABLED/LOCKED)'
2026-05-23 19:02:27.295 [main] DEBUG o.f.c.internal.sqlscript.DefaultSqlScriptExecutor - 0 rows affected
2026-05-23 19:02:27.296 [main] DEBUG o.f.c.internal.sqlscript.DefaultSqlScriptExecutor - Executing SQL: UPDATE `sys_user` SET `status` = CASE WHEN `status` = '0' THEN 'DISABLED' WHEN `status` = '1' THEN 'ENABLED' ELSE `status` END WHERE `status` IN ('0', '1')
2026-05-23 19:02:27.299 [main] DEBUG o.f.c.internal.sqlscript.DefaultSqlScriptExecutor - 0 rows affected
2026-05-23 19:02:27.299 [main] DEBUG o.f.c.internal.sqlscript.DefaultSqlScriptExecutor - Executing SQL: -- password → password_hash
ALTER TABLE `sys_user` CHANGE COLUMN `password` `password_hash` VARCHAR(100) NOT NULL COMMENT '密码哈希'
2026-05-23 19:02:27.327 [main] DEBUG o.f.c.internal.sqlscript.DefaultSqlScriptExecutor - 0 rows affected
2026-05-23 19:02:27.327 [main] DEBUG o.f.c.internal.sqlscript.DefaultSqlScriptExecutor - Executing SQL: -- avatar → avatar_file_id（类型不变仍为 VARCHAR，后续可通过新迁移改为 BIGINT）
ALTER TABLE `sys_user` CHANGE COLUMN `avatar` `avatar_file_id` VARCHAR(255) COMMENT '头像文件ID'
2026-05-23 19:02:27.353 [main] DEBUG o.f.c.internal.sqlscript.DefaultSqlScriptExecutor - 0 rows affected
2026-05-23 19:02:27.354 [main] DEBUG o.f.c.internal.sqlscript.DefaultSqlScriptExecutor - Executing SQL: -- 添加缺失列
ALTER TABLE `sys_user` ADD COLUMN `token_version` INT DEFAULT 1 COMMENT 'token版本号' AFTER `status`
2026-05-23 19:02:27.380 [main] DEBUG o.f.c.internal.sqlscript.DefaultSqlScriptExecutor - 0 rows affected
2026-05-23 19:02:27.380 [main] DEBUG o.f.c.internal.sqlscript.DefaultSqlScriptExecutor - Executing SQL: ALTER TABLE `sys_user` ADD COLUMN `last_login_at` DATETIME COMMENT '最后登录时间' AFTER `token_version`
2026-05-23 19:02:27.409 [main] DEBUG o.f.c.internal.sqlscript.DefaultSqlScriptExecutor - 0 rows affected
2026-05-23 19:02:27.410 [main] DEBUG o.f.c.internal.sqlscript.DefaultSqlScriptExecutor - Executing SQL: ALTER TABLE `sys_user` ADD COLUMN `last_login_ip` VARCHAR(50) COMMENT '最后登录IP' AFTER `last_login_at`
2026-05-23 19:02:27.436 [main] DEBUG o.f.c.internal.sqlscript.DefaultSqlScriptExecutor - 0 rows affected
2026-05-23 19:02:27.437 [main] DEBUG o.f.c.internal.sqlscript.DefaultSqlScriptExecutor - Executing SQL: ALTER TABLE `sys_user` ADD COLUMN `employee_id` BIGINT COMMENT '绑定员工ID' AFTER `avatar_file_id`
2026-05-23 19:02:27.465 [main] DEBUG o.f.c.internal.sqlscript.DefaultSqlScriptExecutor - 0 rows affected
2026-05-23 19:02:27.465 [main] DEBUG o.f.c.internal.sqlscript.DefaultSqlScriptExecutor - Executing SQL: -- ============================================================
-- 1b. 修复 sys_user_role 缺失列
-- ============================================================
ALTER TABLE `sys_user_role` ADD COLUMN `version` INT DEFAULT 1 COMMENT '版本号' AFTER `deleted`
2026-05-23 19:02:27.491 [main] DEBUG o.f.c.internal.sqlscript.DefaultSqlScriptExecutor - 0 rows affected
2026-05-23 19:02:27.491 [main] DEBUG o.f.c.internal.sqlscript.DefaultSqlScriptExecutor - Executing SQL: -- ============================================================
-- 1c. 修复 sys_role_permission 缺失列
-- ============================================================
ALTER TABLE `sys_role_permission` ADD COLUMN `version` INT DEFAULT 1 COMMENT '版本号' AFTER `deleted`
2026-05-23 19:02:27.518 [main] DEBUG o.f.c.internal.sqlscript.DefaultSqlScriptExecutor - 0 rows affected
2026-05-23 19:02:27.519 [main] DEBUG o.f.c.internal.sqlscript.DefaultSqlScriptExecutor - Executing SQL: -- ============================================================
-- 1d. 修复 sys_role_menu 缺失列
-- ============================================================
ALTER TABLE `sys_role_menu` ADD COLUMN `version` INT DEFAULT 1 COMMENT '版本号' AFTER `deleted`
2026-05-23 19:02:27.543 [main] DEBUG o.f.c.internal.sqlscript.DefaultSqlScriptExecutor - 0 rows affected
2026-05-23 19:02:27.545 [main] DEBUG o.f.c.internal.sqlscript.DefaultSqlScriptExecutor - Executing SQL: -- ============================================================
-- 2. 修复 sys_role 列名
-- ============================================================
-- status: TINYINT → VARCHAR(32)
ALTER TABLE `sys_role` MODIFY COLUMN `status` VARCHAR(32) NOT NULL DEFAULT 'ENABLED' COMMENT '状态(ENABLED/DISABLED)'
2026-05-23 19:02:27.661 [main] DEBUG o.f.c.internal.sqlscript.DefaultSqlScriptExecutor - 0 rows affected
2026-05-23 19:02:27.662 [main] DEBUG o.f.c.internal.sqlscript.DefaultSqlScriptExecutor - Executing SQL: UPDATE `sys_role` SET `status` = CASE WHEN `status` = '0' THEN 'DISABLED' WHEN `status` = '1' THEN 'ENABLED' ELSE `status` END WHERE `status` IN ('0', '1')
2026-05-23 19:02:27.664 [main] DEBUG o.f.c.internal.sqlscript.DefaultSqlScriptExecutor - 0 rows affected
2026-05-23 19:02:27.664 [main] DEBUG o.f.c.internal.sqlscript.DefaultSqlScriptExecutor - Executing SQL: -- role_name → name, role_code → code
ALTER TABLE `sys_role` CHANGE COLUMN `role_name` `name` VARCHAR(50) NOT NULL COMMENT '角色名称'
2026-05-23 19:02:27.691 [main] DEBUG o.f.c.internal.sqlscript.DefaultSqlScriptExecutor - 0 rows affected
2026-05-23 19:02:27.691 [main] DEBUG o.f.c.internal.sqlscript.DefaultSqlScriptExecutor - Executing SQL: ALTER TABLE `sys_role` CHANGE COLUMN `role_code` `code` VARCHAR(50) NOT NULL COMMENT '角色编码'
2026-05-23 19:02:27.717 [main] DEBUG o.f.c.internal.sqlscript.DefaultSqlScriptExecutor - 0 rows affected
2026-05-23 19:02:27.717 [main] DEBUG o.f.c.internal.sqlscript.DefaultSqlScriptExecutor - Executing SQL: -- 添加缺失列
ALTER TABLE `sys_role` ADD COLUMN `sort_order` INT DEFAULT 0 COMMENT '排序号' AFTER `description`
2026-05-23 19:02:27.745 [main] DEBUG o.f.c.internal.sqlscript.DefaultSqlScriptExecutor - 0 rows affected
2026-05-23 19:02:27.745 [main] DEBUG o.f.c.internal.sqlscript.DefaultSqlScriptExecutor - Executing SQL: ALTER TABLE `sys_role` ADD COLUMN `data_scope_type` VARCHAR(32) DEFAULT 'SELF' COMMENT '数据权限范围' AFTER `sort_order`
2026-05-23 19:02:27.771 [main] DEBUG o.f.c.internal.sqlscript.DefaultSqlScriptExecutor - 0 rows affected
2026-05-23 19:02:27.771 [main] DEBUG o.f.c.internal.sqlscript.DefaultSqlScriptExecutor - Executing SQL: -- ============================================================
-- 3. 修复 sys_permission 列名和类型
-- ============================================================
-- status: TINYINT → VARCHAR(32)
ALTER TABLE `sys_permission` MODIFY COLUMN `status` VARCHAR(32) NOT NULL DEFAULT 'ENABLED' COMMENT '状态'
2026-05-23 19:02:27.895 [main] DEBUG o.f.c.internal.sqlscript.DefaultSqlScriptExecutor - 0 rows affected
2026-05-23 19:02:27.895 [main] DEBUG o.f.c.internal.sqlscript.DefaultSqlScriptExecutor - Executing SQL: UPDATE `sys_permission` SET `status` = CASE WHEN `status` = '0' THEN 'DISABLED' WHEN `status` = '1' THEN 'ENABLED' ELSE `status` END WHERE `status` IN ('0', '1')
2026-05-23 19:02:27.898 [main] DEBUG o.f.c.internal.sqlscript.DefaultSqlScriptExecutor - 0 rows affected
2026-05-23 19:02:27.898 [main] DEBUG o.f.c.internal.sqlscript.DefaultSqlScriptExecutor - Executing SQL: -- permission_name → name, permission_code → code
ALTER TABLE `sys_permission` CHANGE COLUMN `permission_name` `name` VARCHAR(50) NOT NULL COMMENT '权限名称'
2026-05-23 19:02:27.925 [main] DEBUG o.f.c.internal.sqlscript.DefaultSqlScriptExecutor - 0 rows affected
2026-05-23 19:02:27.925 [main] DEBUG o.f.c.internal.sqlscript.DefaultSqlScriptExecutor - Executing SQL: ALTER TABLE `sys_permission` CHANGE COLUMN `permission_code` `code` VARCHAR(100) NOT NULL COMMENT '权限编码'
2026-05-23 19:02:27.966 [main] DEBUG o.f.c.internal.sqlscript.DefaultSqlScriptExecutor - 0 rows affected
2026-05-23 19:02:27.966 [main] DEBUG o.f.c.internal.sqlscript.DefaultSqlScriptExecutor - Executing SQL: -- 添加缺失列
ALTER TABLE `sys_permission` ADD COLUMN `sort_order` INT DEFAULT 0 COMMENT '排序号' AFTER `status`
2026-05-23 19:02:27.994 [main] DEBUG o.f.c.internal.sqlscript.DefaultSqlScriptExecutor - 0 rows affected
2026-05-23 19:02:27.995 [main] DEBUG o.f.c.internal.sqlscript.DefaultSqlScriptExecutor - Executing SQL: -- ============================================================
-- 4. 种子数据：管理员角色
-- ============================================================
INSERT INTO sys_role (id, code, name, description, status, data_scope_type, sort_order, created_at, updated_at, created_by, updated_by, deleted, version)
VALUES (1, 'ADMIN', '超级管理员', '系统超级管理员，拥有所有权限', 'ENABLED', 'ALL', 1, NOW(), NOW(), 'system', 'system', 0, 1)
2026-05-23 19:02:27.997 [main] DEBUG o.f.c.internal.sqlscript.DefaultSqlScriptExecutor - 1 row affected
2026-05-23 19:02:27.997 [main] DEBUG o.f.c.internal.sqlscript.DefaultSqlScriptExecutor - Executing SQL: -- ============================================================
-- 5. 种子数据：普通用户角色
-- ============================================================
INSERT INTO sys_role (id, code, name, description, status, data_scope_type, sort_order, created_at, updated_at, created_by, updated_by, deleted, version)
VALUES (2, 'USER', '普通用户', '普通用户，拥有基本查看权限', 'ENABLED', 'SELF', 2, NOW(), NOW(), 'system', 'system', 0, 1)
2026-05-23 19:02:27.999 [main] DEBUG o.f.c.internal.sqlscript.DefaultSqlScriptExecutor - 1 row affected
2026-05-23 19:02:27.999 [main] DEBUG o.f.c.internal.sqlscript.DefaultSqlScriptExecutor - Executing SQL: -- ============================================================
-- 6. 种子数据：管理员用户（密码: admin123，BCrypt 加密）
-- ============================================================
INSERT INTO sys_user (id, username, password_hash, nickname, status, created_at, updated_at, created_by, updated_by, deleted, version)
VALUES (1, 'admin', '$2a$10$P6lqkvsCYZINKMUv0gjW7ON8IJB8UM71Rk4i9oAQxaHjSoXZ5TCLm', '超级管理员', 'ENABLED', NOW(), NOW(), 'system', 'system', 0, 1)
2026-05-23 19:02:28.000 [main] DEBUG o.f.c.internal.sqlscript.DefaultSqlScriptExecutor - 1 row affected
2026-05-23 19:02:28.000 [main] DEBUG o.f.c.internal.sqlscript.DefaultSqlScriptExecutor - Executing SQL: -- ============================================================
-- 7. 种子数据：测试用户（密码: test123，BCrypt 加密）
-- ============================================================
INSERT INTO sys_user (id, username, password_hash, nickname, status, created_at, updated_at, created_by, updated_by, deleted, version)
VALUES (2, 'testuser', '$2a$10$P6lqkvsCYZINKMUv0gjW7ON8IJB8UM71Rk4i9oAQxaHjSoXZ5TCLm', '测试用户', 'ENABLED', NOW(), NOW(), 'system', 'system', 0, 1)
2026-05-23 19:02:28.002 [main] DEBUG o.f.c.internal.sqlscript.DefaultSqlScriptExecutor - 1 row affected
2026-05-23 19:02:28.002 [main] DEBUG o.f.c.internal.sqlscript.DefaultSqlScriptExecutor - Executing SQL: -- ============================================================
-- 8. 关联管理员用户和角色
-- ============================================================
INSERT INTO sys_user_role (id, user_id, role_id, created_at, created_by, updated_at, updated_by, deleted)
VALUES (1, 1, 1, NOW(), 'system', NOW(), 'system', 0)
2026-05-23 19:02:28.004 [main] DEBUG o.f.c.internal.sqlscript.DefaultSqlScriptExecutor - 1 row affected
2026-05-23 19:02:28.004 [main] DEBUG o.f.c.internal.sqlscript.DefaultSqlScriptExecutor - Executing SQL: -- ============================================================
-- 9. 种子数据：基础权限
-- ============================================================
INSERT INTO sys_permission (id, code, name, description, status, type, module, resource, action, sort_order, created_at, updated_at, created_by, updated_by, deleted, version)
VALUES
(1, 'system:user:view', '查看用户', '查看用户信息', 'ENABLED', 'BUTTON', 'system', 'user', 'view', 1, NOW(), NOW(), 'system', 'system', 0, 1),
(2, 'system:user:create', '创建用户', '创建新用户', 'ENABLED', 'BUTTON', 'system', 'user', 'create', 2, NOW(), NOW(), 'system', 'system', 0, 1),
(3, 'system:user:update', '编辑用户', '编辑用户信息', 'ENABLED', 'BUTTON', 'system', 'user', 'update', 3, NOW(), NOW(), 'system', 'system', 0, 1),
(4, 'system:user:delete', '删除用户', '删除用户', 'ENABLED', 'BUTTON', 'system', 'user', 'delete', 4, NOW(), NOW(), 'system', 'system', 0, 1),
(5, 'system:role:view', '查看角色', '查看角色信息', 'ENABLED', 'BUTTON', 'system', 'role', 'view', 5, NOW(), NOW(), 'system', 'system', 0, 1),
(6, 'system:role:create', '创建角色', '创建新角色', 'ENABLED', 'BUTTON', 'system', 'role', 'create', 6, NOW(), NOW(), 'system', 'system', 0, 1),
(7, 'system:role:update', '编辑角色', '编辑角色信息', 'ENABLED', 'BUTTON', 'system', 'role', 'update', 7, NOW(), NOW(), 'system', 'system', 0, 1),
(8, 'system:role:delete', '删除角色', '删除角色', 'ENABLED', 'BUTTON', 'system', 'role', 'delete', 8, NOW(), NOW(), 'system', 'system', 0, 1)
2026-05-23 19:02:28.006 [main] DEBUG o.f.c.internal.sqlscript.DefaultSqlScriptExecutor - 8 rows affected
2026-05-23 19:02:28.006 [main] DEBUG o.f.c.internal.sqlscript.DefaultSqlScriptExecutor - Executing SQL: -- ============================================================
-- 10. 种子数据：基础菜单
-- ============================================================
INSERT INTO sys_menu (id, parent_id, name, path, component, icon, sort_order, type, permission_code, visible, status, created_at, updated_at, created_by, updated_by, deleted, version)
VALUES
(1, 0, '系统管理', '/system', NULL, 'setting', 1, 1, NULL, 1, 1, NOW(), NOW(), 'system', 'system', 0, 1),
(2, 1, '用户管理', '/system/users', 'system/users/index', 'user', 1, 2, 'system:user:view', 1, 1, NOW(), NOW(), 'system', 'system', 0, 1),
(3, 1, '角色管理', '/system/roles', 'system/roles/index', 'team', 2, 2, 'system:role:view', 1, 1, NOW(), NOW(), 'system', 'system', 0, 1),
(4, 1, '权限管理', '/system/permissions', 'system/permissions/index', 'safety', 3, 2, 'system:permission:view', 1, 1, NOW(), NOW(), 'system', 'system', 0, 1),
(5, 1, '菜单管理', '/system/menus', 'system/menus/index', 'menu', 4, 2, 'system:menu:view', 1, 1, NOW(), NOW(), 'system', 'system', 0, 1)
2026-05-23 19:02:28.010 [main] DEBUG o.f.c.internal.sqlscript.DefaultSqlScriptExecutor - 5 rows affected
2026-05-23 19:02:28.010 [main] DEBUG o.f.c.internal.sqlscript.DefaultSqlScriptExecutor - Executing SQL: -- ============================================================
-- 11. 关联管理员角色和所有权限
-- ============================================================
INSERT INTO sys_role_permission (id, role_id, permission_id, created_at, created_by, updated_at, updated_by, deleted)
VALUES
(1, 1, 1, NOW(), 'system', NOW(), 'system', 0),
(2, 1, 2, NOW(), 'system', NOW(), 'system', 0),
(3, 1, 3, NOW(), 'system', NOW(), 'system', 0),
(4, 1, 4, NOW(), 'system', NOW(), 'system', 0),
(5, 1, 5, NOW(), 'system', NOW(), 'system', 0),
(6, 1, 6, NOW(), 'system', NOW(), 'system', 0),
(7, 1, 7, NOW(), 'system', NOW(), 'system', 0),
(8, 1, 8, NOW(), 'system', NOW(), 'system', 0)
2026-05-23 19:02:28.013 [main] DEBUG o.f.c.internal.sqlscript.DefaultSqlScriptExecutor - 8 rows affected
2026-05-23 19:02:28.013 [main] DEBUG o.f.c.internal.sqlscript.DefaultSqlScriptExecutor - Executing SQL: -- ============================================================
-- 12. 关联管理员角色和所有菜单
-- ============================================================
INSERT INTO sys_role_menu (id, role_id, menu_id, created_at, created_by, updated_at, updated_by, deleted)
VALUES
(1, 1, 1, NOW(), 'system', NOW(), 'system', 0),
(2, 1, 2, NOW(), 'system', NOW(), 'system', 0),
(3, 1, 3, NOW(), 'system', NOW(), 'system', 0),
(4, 1, 4, NOW(), 'system', NOW(), 'system', 0),
(5, 1, 5, NOW(), 'system', NOW(), 'system', 0)
2026-05-23 19:02:28.014 [main] DEBUG o.f.c.internal.sqlscript.DefaultSqlScriptExecutor - 5 rows affected
2026-05-23 19:02:28.014 [main] DEBUG org.flywaydb.core.internal.command.DbMigrate - Successfully completed migration of schema `admin_scaffold_test` to version "3 - seed data"
2026-05-23 19:02:28.027 [main] DEBUG o.f.c.i.schemahistory.JdbcTableSchemaHistory - Schema History table `admin_scaffold_test`.`flyway_schema_history` successfully updated to reflect changes
2026-05-23 19:02:28.045 [main] DEBUG o.f.core.api.configuration.ClassicConfiguration - CherryPickConfigurationExtension not found
2026-05-23 19:02:28.051 [main] DEBUG org.flywaydb.core.internal.parser.Parser - Parsing V4__add_employee_org_tables.sql ...
2026-05-23 19:02:28.054 [main] DEBUG o.flywaydb.core.internal.sqlscript.ParserSqlScript - Found statement at line 8: -- M3: 员工组织模块 - 新增4张表
-- hr_employee: 员工主数据表
-- org_unit: 组织架构表
-- employee_org: 员工-组织多对多关联表
-- sys_role_org: 角色-组织自定义数据权限范围表

-- 员工主数据表
CREATE TABLE IF NOT EXISTS `hr_employee` (
    `id` BIGINT NOT NULL AUTO_INCREMENT COMMENT '主键ID',
    `employee_no` VARCHAR(64) NOT NULL COMMENT '员工工号',
    `name` VARCHAR(100) NOT NULL COMMENT '员工姓名',
    `preferred_name` VARCHAR(100) COMMENT '常用名/花名',
    `mobile` VARCHAR(32) COMMENT '手机号',
    `email` VARCHAR(100) COMMENT '邮箱',
    `primary_org_id` BIGINT COMMENT '主组织ID',
    `job_title` VARCHAR(100) COMMENT '职位',
    `employment_status` VARCHAR(32) NOT NULL DEFAULT 'ACTIVE' COMMENT '在职状态(ACTIVE/RESIGNED/SUSPENDED)',
    `entry_date` DATE COMMENT '入职日期',
    `leave_date` DATE COMMENT '离职日期',
    `source_type` VARCHAR(32) NOT NULL DEFAULT 'MANUAL' COMMENT '数据来源(MANUAL/IMPORT/API)',
    `created_at` DATETIME DEFAULT CURRENT_TIMESTAMP COMMENT '创建时间',
    `created_by` VARCHAR(50) COMMENT '创建人',
    `updated_at` DATETIME DEFAULT CURRENT_TIMESTAMP ON UPDATE CURRENT_TIMESTAMP COMMENT '更新时间',
    `updated_by` VARCHAR(50) COMMENT '更新人',
    `deleted` INT DEFAULT 0 COMMENT '逻辑删除标志：0-未删除，1-已删除',
    `version` INT DEFAULT 1 COMMENT '版本号',
    PRIMARY KEY (`id`),
    UNIQUE KEY `uk_employee_no` (`employee_no`),
    KEY `idx_name` (`name`),
    KEY `idx_mobile` (`mobile`),
    KEY `idx_primary_org_id` (`primary_org_id`),
    KEY `idx_employment_status` (`employment_status`)
) ENGINE=InnoDB DEFAULT CHARSET=utf8mb4 COLLATE=utf8mb4_0900_ai_ci COMMENT='员工主数据表'
2026-05-23 19:02:28.055 [main] DEBUG o.flywaydb.core.internal.sqlscript.ParserSqlScript - Found statement at line 36: -- 组织架构表
CREATE TABLE IF NOT EXISTS `org_unit` (
    `id` BIGINT NOT NULL AUTO_INCREMENT COMMENT '主键ID',
    `parent_id` BIGINT NOT NULL DEFAULT 0 COMMENT '父节点ID(0表示根节点)',
    `code` VARCHAR(64) NOT NULL COMMENT '组织编码',
    `name` VARCHAR(100) NOT NULL COMMENT '组织名称',
    `full_path` VARCHAR(500) COMMENT '完整路径(如/1/5/12/)',
    `level` INT DEFAULT 1 COMMENT '层级(从1开始)',
    `manager_employee_id` BIGINT COMMENT '负责人员工ID',
    `sort_order` INT DEFAULT 0 COMMENT '排序号',
    `status` VARCHAR(32) DEFAULT 'ENABLED' COMMENT '状态(ENABLED/DISABLED)',
    `source_type` VARCHAR(32) NOT NULL DEFAULT 'MANUAL' COMMENT '数据来源(MANUAL/IMPORT/API)',
    `created_at` DATETIME DEFAULT CURRENT_TIMESTAMP COMMENT '创建时间',
    `created_by` VARCHAR(50) COMMENT '创建人',
    `updated_at` DATETIME DEFAULT CURRENT_TIMESTAMP ON UPDATE CURRENT_TIMESTAMP COMMENT '更新时间',
    `updated_by` VARCHAR(50) COMMENT '更新人',
    `deleted` INT DEFAULT 0 COMMENT '逻辑删除标志：0-未删除，1-已删除',
    `version` INT DEFAULT 1 COMMENT '版本号',
    PRIMARY KEY (`id`),
    UNIQUE KEY `uk_code` (`code`),
    KEY `idx_parent_id` (`parent_id`),
    KEY `idx_manager_employee_id` (`manager_employee_id`)
) ENGINE=InnoDB DEFAULT CHARSET=utf8mb4 COLLATE=utf8mb4_0900_ai_ci COMMENT='组织架构表'
2026-05-23 19:02:28.055 [main] DEBUG o.flywaydb.core.internal.sqlscript.ParserSqlScript - Found statement at line 60: -- 员工-组织多对多关联表
CREATE TABLE IF NOT EXISTS `employee_org` (
    `id` BIGINT NOT NULL AUTO_INCREMENT COMMENT '主键ID',
    `employee_id` BIGINT NOT NULL COMMENT '员工ID',
    `org_id` BIGINT NOT NULL COMMENT '组织ID',
    `is_primary` TINYINT DEFAULT 0 COMMENT '是否主组织(0-否，1-是)',
    `position_name` VARCHAR(100) COMMENT '岗位名称',
    `start_date` DATE COMMENT '开始日期',
    `end_date` DATE COMMENT '结束日期',
    `status` VARCHAR(32) DEFAULT 'ACTIVE' COMMENT '状态(ACTIVE/INACTIVE)',
    `created_at` DATETIME DEFAULT CURRENT_TIMESTAMP COMMENT '创建时间',
    `created_by` VARCHAR(50) COMMENT '创建人',
    `updated_at` DATETIME DEFAULT CURRENT_TIMESTAMP ON UPDATE CURRENT_TIMESTAMP COMMENT '更新时间',
    `updated_by` VARCHAR(50) COMMENT '更新人',
    `deleted` INT DEFAULT 0 COMMENT '逻辑删除标志：0-未删除，1-已删除',
    `version` INT DEFAULT 1 COMMENT '版本号',
    PRIMARY KEY (`id`),
    UNIQUE KEY `uk_employee_org` (`employee_id`, `org_id`),
    KEY `idx_org_id` (`org_id`),
    KEY `idx_status` (`status`)
) ENGINE=InnoDB DEFAULT CHARSET=utf8mb4 COLLATE=utf8mb4_0900_ai_ci COMMENT='员工-组织关联表'
2026-05-23 19:02:28.056 [main] DEBUG o.flywaydb.core.internal.sqlscript.ParserSqlScript - Found statement at line 82: -- 角色-组织自定义数据权限范围表(物理删除，不做逻辑删除)
CREATE TABLE IF NOT EXISTS `sys_role_org` (
    `id` BIGINT NOT NULL AUTO_INCREMENT COMMENT '主键ID',
    `role_id` BIGINT NOT NULL COMMENT '角色ID',
    `org_id` BIGINT NOT NULL COMMENT '组织ID',
    `created_at` DATETIME DEFAULT CURRENT_TIMESTAMP COMMENT '创建时间',
    `created_by` VARCHAR(50) COMMENT '创建人',
    PRIMARY KEY (`id`),
    UNIQUE KEY `uk_role_org` (`role_id`, `org_id`),
    KEY `idx_org_id` (`org_id`)
) ENGINE=InnoDB DEFAULT CHARSET=utf8mb4 COLLATE=utf8mb4_0900_ai_ci COMMENT='角色-组织数据权限范围表'
2026-05-23 19:02:28.059 [main] DEBUG org.flywaydb.core.internal.command.DbMigrate - Starting migration of schema `admin_scaffold_test` to version "4 - add employee org tables" ...
2026-05-23 19:02:28.064 [main] INFO  org.flywaydb.core.internal.command.DbMigrate - Migrating schema `admin_scaffold_test` to version "4 - add employee org tables"
2026-05-23 19:02:28.065 [main] DEBUG o.f.c.internal.sqlscript.DefaultSqlScriptExecutor - Executing SQL: -- M3: 员工组织模块 - 新增4张表
-- hr_employee: 员工主数据表
-- org_unit: 组织架构表
-- employee_org: 员工-组织多对多关联表
-- sys_role_org: 角色-组织自定义数据权限范围表

-- 员工主数据表
CREATE TABLE IF NOT EXISTS `hr_employee` (
    `id` BIGINT NOT NULL AUTO_INCREMENT COMMENT '主键ID',
    `employee_no` VARCHAR(64) NOT NULL COMMENT '员工工号',
    `name` VARCHAR(100) NOT NULL COMMENT '员工姓名',
    `preferred_name` VARCHAR(100) COMMENT '常用名/花名',
    `mobile` VARCHAR(32) COMMENT '手机号',
    `email` VARCHAR(100) COMMENT '邮箱',
    `primary_org_id` BIGINT COMMENT '主组织ID',
    `job_title` VARCHAR(100) COMMENT '职位',
    `employment_status` VARCHAR(32) NOT NULL DEFAULT 'ACTIVE' COMMENT '在职状态(ACTIVE/RESIGNED/SUSPENDED)',
    `entry_date` DATE COMMENT '入职日期',
    `leave_date` DATE COMMENT '离职日期',
    `source_type` VARCHAR(32) NOT NULL DEFAULT 'MANUAL' COMMENT '数据来源(MANUAL/IMPORT/API)',
    `created_at` DATETIME DEFAULT CURRENT_TIMESTAMP COMMENT '创建时间',
    `created_by` VARCHAR(50) COMMENT '创建人',
    `updated_at` DATETIME DEFAULT CURRENT_TIMESTAMP ON UPDATE CURRENT_TIMESTAMP COMMENT '更新时间',
    `updated_by` VARCHAR(50) COMMENT '更新人',
    `deleted` INT DEFAULT 0 COMMENT '逻辑删除标志：0-未删除，1-已删除',
    `version` INT DEFAULT 1 COMMENT '版本号',
    PRIMARY KEY (`id`),
    UNIQUE KEY `uk_employee_no` (`employee_no`),
    KEY `idx_name` (`name`),
    KEY `idx_mobile` (`mobile`),
    KEY `idx_primary_org_id` (`primary_org_id`),
    KEY `idx_employment_status` (`employment_status`)
) ENGINE=InnoDB DEFAULT CHARSET=utf8mb4 COLLATE=utf8mb4_0900_ai_ci COMMENT='员工主数据表'
2026-05-23 19:02:28.167 [main] DEBUG o.f.c.internal.sqlscript.DefaultSqlScriptExecutor - 0 rows affected
2026-05-23 19:02:28.167 [main] DEBUG o.f.c.internal.sqlscript.DefaultSqlScriptExecutor - Executing SQL: -- 组织架构表
CREATE TABLE IF NOT EXISTS `org_unit` (
    `id` BIGINT NOT NULL AUTO_INCREMENT COMMENT '主键ID',
    `parent_id` BIGINT NOT NULL DEFAULT 0 COMMENT '父节点ID(0表示根节点)',
    `code` VARCHAR(64) NOT NULL COMMENT '组织编码',
    `name` VARCHAR(100) NOT NULL COMMENT '组织名称',
    `full_path` VARCHAR(500) COMMENT '完整路径(如/1/5/12/)',
    `level` INT DEFAULT 1 COMMENT '层级(从1开始)',
    `manager_employee_id` BIGINT COMMENT '负责人员工ID',
    `sort_order` INT DEFAULT 0 COMMENT '排序号',
    `status` VARCHAR(32) DEFAULT 'ENABLED' COMMENT '状态(ENABLED/DISABLED)',
    `source_type` VARCHAR(32) NOT NULL DEFAULT 'MANUAL' COMMENT '数据来源(MANUAL/IMPORT/API)',
    `created_at` DATETIME DEFAULT CURRENT_TIMESTAMP COMMENT '创建时间',
    `created_by` VARCHAR(50) COMMENT '创建人',
    `updated_at` DATETIME DEFAULT CURRENT_TIMESTAMP ON UPDATE CURRENT_TIMESTAMP COMMENT '更新时间',
    `updated_by` VARCHAR(50) COMMENT '更新人',
    `deleted` INT DEFAULT 0 COMMENT '逻辑删除标志：0-未删除，1-已删除',
    `version` INT DEFAULT 1 COMMENT '版本号',
    PRIMARY KEY (`id`),
    UNIQUE KEY `uk_code` (`code`),
    KEY `idx_parent_id` (`parent_id`),
    KEY `idx_manager_employee_id` (`manager_employee_id`)
) ENGINE=InnoDB DEFAULT CHARSET=utf8mb4 COLLATE=utf8mb4_0900_ai_ci COMMENT='组织架构表'
2026-05-23 19:02:28.242 [main] DEBUG o.f.c.internal.sqlscript.DefaultSqlScriptExecutor - 0 rows affected
2026-05-23 19:02:28.243 [main] DEBUG o.f.c.internal.sqlscript.DefaultSqlScriptExecutor - Executing SQL: -- 员工-组织多对多关联表
CREATE TABLE IF NOT EXISTS `employee_org` (
    `id` BIGINT NOT NULL AUTO_INCREMENT COMMENT '主键ID',
    `employee_id` BIGINT NOT NULL COMMENT '员工ID',
    `org_id` BIGINT NOT NULL COMMENT '组织ID',
    `is_primary` TINYINT DEFAULT 0 COMMENT '是否主组织(0-否，1-是)',
    `position_name` VARCHAR(100) COMMENT '岗位名称',
    `start_date` DATE COMMENT '开始日期',
    `end_date` DATE COMMENT '结束日期',
    `status` VARCHAR(32) DEFAULT 'ACTIVE' COMMENT '状态(ACTIVE/INACTIVE)',
    `created_at` DATETIME DEFAULT CURRENT_TIMESTAMP COMMENT '创建时间',
    `created_by` VARCHAR(50) COMMENT '创建人',
    `updated_at` DATETIME DEFAULT CURRENT_TIMESTAMP ON UPDATE CURRENT_TIMESTAMP COMMENT '更新时间',
    `updated_by` VARCHAR(50) COMMENT '更新人',
    `deleted` INT DEFAULT 0 COMMENT '逻辑删除标志：0-未删除，1-已删除',
    `version` INT DEFAULT 1 COMMENT '版本号',
    PRIMARY KEY (`id`),
    UNIQUE KEY `uk_employee_org` (`employee_id`, `org_id`),
    KEY `idx_org_id` (`org_id`),
    KEY `idx_status` (`status`)
) ENGINE=InnoDB DEFAULT CHARSET=utf8mb4 COLLATE=utf8mb4_0900_ai_ci COMMENT='员工-组织关联表'
2026-05-23 19:02:28.317 [main] DEBUG o.f.c.internal.sqlscript.DefaultSqlScriptExecutor - 0 rows affected
2026-05-23 19:02:28.317 [main] DEBUG o.f.c.internal.sqlscript.DefaultSqlScriptExecutor - Executing SQL: -- 角色-组织自定义数据权限范围表(物理删除，不做逻辑删除)
CREATE TABLE IF NOT EXISTS `sys_role_org` (
    `id` BIGINT NOT NULL AUTO_INCREMENT COMMENT '主键ID',
    `role_id` BIGINT NOT NULL COMMENT '角色ID',
    `org_id` BIGINT NOT NULL COMMENT '组织ID',
    `created_at` DATETIME DEFAULT CURRENT_TIMESTAMP COMMENT '创建时间',
    `created_by` VARCHAR(50) COMMENT '创建人',
    PRIMARY KEY (`id`),
    UNIQUE KEY `uk_role_org` (`role_id`, `org_id`),
    KEY `idx_org_id` (`org_id`)
) ENGINE=InnoDB DEFAULT CHARSET=utf8mb4 COLLATE=utf8mb4_0900_ai_ci COMMENT='角色-组织数据权限范围表'
2026-05-23 19:02:28.381 [main] DEBUG o.f.c.internal.sqlscript.DefaultSqlScriptExecutor - 0 rows affected
2026-05-23 19:02:28.381 [main] DEBUG org.flywaydb.core.internal.command.DbMigrate - Successfully completed migration of schema `admin_scaffold_test` to version "4 - add employee org tables"
2026-05-23 19:02:28.396 [main] DEBUG o.f.c.i.schemahistory.JdbcTableSchemaHistory - Schema History table `admin_scaffold_test`.`flyway_schema_history` successfully updated to reflect changes
2026-05-23 19:02:28.413 [main] DEBUG o.f.core.api.configuration.ClassicConfiguration - CherryPickConfigurationExtension not found
2026-05-23 19:02:28.419 [main] DEBUG org.flywaydb.core.internal.parser.Parser - Parsing V5__seed_data_org.sql ...
2026-05-23 19:02:28.421 [main] DEBUG o.flywaydb.core.internal.sqlscript.ParserSqlScript - Found statement at line 8: -- V5: 组织模块种子数据
-- LOCAL-ONLY: 仅用于本地开发环境
-- 依赖 V4 表结构

-- ============================================================
-- 1. 部门树：总公司(100) → 技术部(101)/产品部(102) → 后端组(103)/前端组(104)
-- ============================================================
INSERT INTO org_unit (id, parent_id, code, name, full_path, level, sort_order, status, source_type, created_at, updated_at, created_by, updated_by, deleted, version)
VALUES
(100, 0, 'HQ', '总公司', '/100/', 1, 1, 'ENABLED', 'MANUAL', NOW(), NOW(), 'system', 'system', 0, 1),
(101, 100, 'TECH', '技术部', '/100/101/', 2, 1, 'ENABLED', 'MANUAL', NOW(), NOW(), 'system', 'system', 0, 1),
(102, 100, 'PRODUCT', '产品部', '/100/102/', 2, 2, 'ENABLED', 'MANUAL', NOW(), NOW(), 'system', 'system', 0, 1),
(103, 101, 'BACKEND', '后端组', '/100/101/103/', 3, 1, 'ENABLED', 'MANUAL', NOW(), NOW(), 'system', 'system', 0, 1),
(104, 101, 'FRONTEND', '前端组', '/100/101/104/', 3, 2, 'ENABLED', 'MANUAL', NOW(), NOW(), 'system', 'system', 0, 1)
2026-05-23 19:02:28.421 [main] DEBUG o.flywaydb.core.internal.sqlscript.ParserSqlScript - Found statement at line 19: -- ============================================================
-- 2. 员工数据
-- ============================================================
INSERT INTO hr_employee (id, employee_no, name, mobile, email, primary_org_id, job_title, employment_status, entry_date, source_type, created_at, updated_at, created_by, updated_by, deleted, version)
VALUES
(100, 'EMP001', '张三', '13800000001', 'zhangsan@example.com', 101, '技术总监', 'ACTIVE', '2024-01-01', 'MANUAL', NOW(), NOW(), 'system', 'system', 0, 1),
(101, 'EMP002', '李四', '13800000002', 'lisi@example.com', 103, '后端开发', 'ACTIVE', '2024-03-15', 'MANUAL', NOW(), NOW(), 'system', 'system', 0, 1),
(102, 'EMP003', '王五', '13800000003', 'wangwu@example.com', 102, '产品经理', 'ACTIVE', '2024-06-01', 'MANUAL', NOW(), NOW(), 'system', 'system', 0, 1)
2026-05-23 19:02:28.421 [main] DEBUG o.flywaydb.core.internal.sqlscript.ParserSqlScript - Found statement at line 28: -- ============================================================
-- 3. 员工-组织关联
-- ============================================================
INSERT INTO employee_org (id, employee_id, org_id, is_primary, position_name, status, created_at, created_by, updated_at, updated_by, deleted, version)
VALUES
(1, 100, 101, 1, '技术总监', 'ACTIVE', NOW(), 'system', NOW(), 'system', 0, 1),
(2, 101, 103, 1, '后端开发', 'ACTIVE', NOW(), 'system', NOW(), 'system', 0, 1),
(3, 102, 102, 1, '产品经理', 'ACTIVE', NOW(), 'system', NOW(), 'system', 0, 1)
2026-05-23 19:02:28.422 [main] DEBUG o.flywaydb.core.internal.sqlscript.ParserSqlScript - Found statement at line 38: -- ============================================================
-- 4. 角色-组织关联（CUSTOM 数据权限）
-- role_id=2 为 V3 中的普通用户角色（USER），赋予技术部(101)的自定义数据权限
-- ============================================================
INSERT INTO sys_role_org (id, role_id, org_id, created_at, created_by)
VALUES
(1, 2, 101, NOW(), 'system'),
(2, 2, 102, NOW(), 'system')
2026-05-23 19:02:28.424 [main] DEBUG org.flywaydb.core.internal.command.DbMigrate - Starting migration of schema `admin_scaffold_test` to version "5 - seed data org" ...
2026-05-23 19:02:28.429 [main] INFO  org.flywaydb.core.internal.command.DbMigrate - Migrating schema `admin_scaffold_test` to version "5 - seed data org"
2026-05-23 19:02:28.431 [main] DEBUG o.f.c.internal.sqlscript.DefaultSqlScriptExecutor - Executing SQL: -- V5: 组织模块种子数据
-- LOCAL-ONLY: 仅用于本地开发环境
-- 依赖 V4 表结构

-- ============================================================
-- 1. 部门树：总公司(100) → 技术部(101)/产品部(102) → 后端组(103)/前端组(104)
-- ============================================================
INSERT INTO org_unit (id, parent_id, code, name, full_path, level, sort_order, status, source_type, created_at, updated_at, created_by, updated_by, deleted, version)
VALUES
(100, 0, 'HQ', '总公司', '/100/', 1, 1, 'ENABLED', 'MANUAL', NOW(), NOW(), 'system', 'system', 0, 1),
(101, 100, 'TECH', '技术部', '/100/101/', 2, 1, 'ENABLED', 'MANUAL', NOW(), NOW(), 'system', 'system', 0, 1),
(102, 100, 'PRODUCT', '产品部', '/100/102/', 2, 2, 'ENABLED', 'MANUAL', NOW(), NOW(), 'system', 'system', 0, 1),
(103, 101, 'BACKEND', '后端组', '/100/101/103/', 3, 1, 'ENABLED', 'MANUAL', NOW(), NOW(), 'system', 'system', 0, 1),
(104, 101, 'FRONTEND', '前端组', '/100/101/104/', 3, 2, 'ENABLED', 'MANUAL', NOW(), NOW(), 'system', 'system', 0, 1)
2026-05-23 19:02:28.434 [main] DEBUG o.f.c.internal.sqlscript.DefaultSqlScriptExecutor - 5 rows affected
2026-05-23 19:02:28.434 [main] DEBUG o.f.c.internal.sqlscript.DefaultSqlScriptExecutor - Executing SQL: -- ============================================================
-- 2. 员工数据
-- ============================================================
INSERT INTO hr_employee (id, employee_no, name, mobile, email, primary_org_id, job_title, employment_status, entry_date, source_type, created_at, updated_at, created_by, updated_by, deleted, version)
VALUES
(100, 'EMP001', '张三', '13800000001', 'zhangsan@example.com', 101, '技术总监', 'ACTIVE', '2024-01-01', 'MANUAL', NOW(), NOW(), 'system', 'system', 0, 1),
(101, 'EMP002', '李四', '13800000002', 'lisi@example.com', 103, '后端开发', 'ACTIVE', '2024-03-15', 'MANUAL', NOW(), NOW(), 'system', 'system', 0, 1),
(102, 'EMP003', '王五', '13800000003', 'wangwu@example.com', 102, '产品经理', 'ACTIVE', '2024-06-01', 'MANUAL', NOW(), NOW(), 'system', 'system', 0, 1)
2026-05-23 19:02:28.436 [main] DEBUG o.f.c.internal.sqlscript.DefaultSqlScriptExecutor - 3 rows affected
2026-05-23 19:02:28.436 [main] DEBUG o.f.c.internal.sqlscript.DefaultSqlScriptExecutor - Executing SQL: -- ============================================================
-- 3. 员工-组织关联
-- ============================================================
INSERT INTO employee_org (id, employee_id, org_id, is_primary, position_name, status, created_at, created_by, updated_at, updated_by, deleted, version)
VALUES
(1, 100, 101, 1, '技术总监', 'ACTIVE', NOW(), 'system', NOW(), 'system', 0, 1),
(2, 101, 103, 1, '后端开发', 'ACTIVE', NOW(), 'system', NOW(), 'system', 0, 1),
(3, 102, 102, 1, '产品经理', 'ACTIVE', NOW(), 'system', NOW(), 'system', 0, 1)
2026-05-23 19:02:28.438 [main] DEBUG o.f.c.internal.sqlscript.DefaultSqlScriptExecutor - 3 rows affected
2026-05-23 19:02:28.438 [main] DEBUG o.f.c.internal.sqlscript.DefaultSqlScriptExecutor - Executing SQL: -- ============================================================
-- 4. 角色-组织关联（CUSTOM 数据权限）
-- role_id=2 为 V3 中的普通用户角色（USER），赋予技术部(101)的自定义数据权限
-- ============================================================
INSERT INTO sys_role_org (id, role_id, org_id, created_at, created_by)
VALUES
(1, 2, 101, NOW(), 'system'),
(2, 2, 102, NOW(), 'system')
2026-05-23 19:02:28.442 [main] DEBUG o.f.c.internal.sqlscript.DefaultSqlScriptExecutor - 2 rows affected
2026-05-23 19:02:28.442 [main] DEBUG org.flywaydb.core.internal.command.DbMigrate - Successfully completed migration of schema `admin_scaffold_test` to version "5 - seed data org"
2026-05-23 19:02:28.453 [main] DEBUG o.f.c.i.schemahistory.JdbcTableSchemaHistory - Schema History table `admin_scaffold_test`.`flyway_schema_history` successfully updated to reflect changes
2026-05-23 19:02:28.469 [main] DEBUG o.f.core.api.configuration.ClassicConfiguration - CherryPickConfigurationExtension not found
2026-05-23 19:02:28.477 [main] INFO  org.flywaydb.core.internal.command.DbMigrate - Successfully applied 5 migrations to schema `admin_scaffold_test`, now at version v5 (execution time 00:01.759s)
2026-05-23 19:02:28.482 [main] DEBUG org.flywaydb.core.FlywayExecutor - Memory usage: 176 of 256M
2026-05-23 19:02:28.482 [main] INFO  i.g.l.admin.config.TestDatabaseInitializer - Flyway 迁移完成
2026-05-23 19:02:28.493 [main] DEBUG o.f.c.internal.scanner.classpath.ClassPathScanner - Scanning for classpath resources at 'classpath:db/callback' ...
2026-05-23 19:02:28.493 [main] DEBUG o.f.c.internal.scanner.classpath.ClassPathScanner - Determining location urls for classpath:db/callback using ClassLoader jdk.internal.loader.ClassLoaders$AppClassLoader@5c647e05 ...
2026-05-23 19:02:28.493 [main] DEBUG o.f.c.internal.scanner.classpath.ClassPathScanner - Unable to resolve location classpath:db/callback.
2026-05-23 19:02:28.503 [main] DEBUG o.f.c.internal.scanner.classpath.ClassPathScanner - Scanning for classpath resources at 'classpath:db/migration' ...
2026-05-23 19:02:28.503 [main] DEBUG o.f.c.internal.scanner.classpath.ClassPathScanner - Determining location urls for classpath:db/migration using ClassLoader jdk.internal.loader.ClassLoaders$AppClassLoader@5c647e05 ...
2026-05-23 19:02:28.504 [main] DEBUG o.f.c.internal.scanner.classpath.ClassPathScanner - Scanning URL: file:/C:/workspace/admin-management-scaffold/backend/target/classes/db/migration
2026-05-23 19:02:28.504 [main] DEBUG o.f.c.i.s.c.FileSystemClassPathLocationScanner - Scanning starting at classpath root in filesystem: C:\workspace\admin-management-scaffold\backend\target\classes\
2026-05-23 19:02:28.504 [main] DEBUG o.f.c.i.s.c.FileSystemClassPathLocationScanner - Scanning for resources in path: C:\workspace\admin-management-scaffold\backend\target\classes\db\migration (db/migration)
2026-05-23 19:02:28.504 [main] DEBUG o.f.c.internal.scanner.classpath.ClassPathScanner - Found resource: db/migration/V1__init_schema.sql
2026-05-23 19:02:28.504 [main] DEBUG o.f.c.internal.scanner.classpath.ClassPathScanner - Found resource: db/migration/V2__add_menu_and_permission_fields.sql
2026-05-23 19:02:28.504 [main] DEBUG o.f.c.internal.scanner.classpath.ClassPathScanner - Found resource: db/migration/V3__seed_data.sql
2026-05-23 19:02:28.504 [main] DEBUG o.f.c.internal.scanner.classpath.ClassPathScanner - Found resource: db/migration/V4__add_employee_org_tables.sql
2026-05-23 19:02:28.504 [main] DEBUG o.f.c.internal.scanner.classpath.ClassPathScanner - Found resource: db/migration/V5__seed_data_org.sql
2026-05-23 19:02:28.504 [main] DEBUG o.f.c.internal.scanner.classpath.ClassPathScanner - Scanning for classes at classpath:db/migration
2026-05-23 19:02:28.504 [main] DEBUG o.f.core.internal.resource.ResourceNameValidator - Validating V4__add_employee_org_tables.sql
2026-05-23 19:02:28.515 [main] DEBUG o.f.core.internal.resource.ResourceNameValidator - Validating V1__init_schema.sql
2026-05-23 19:02:28.515 [main] DEBUG o.f.core.internal.resource.ResourceNameValidator - Validating V2__add_menu_and_permission_fields.sql
2026-05-23 19:02:28.515 [main] DEBUG o.f.core.internal.resource.ResourceNameValidator - Validating V3__seed_data.sql
2026-05-23 19:02:28.515 [main] DEBUG o.f.core.internal.resource.ResourceNameValidator - Validating V5__seed_data_org.sql
2026-05-23 19:02:28.527 [main] INFO  org.flywaydb.core.FlywayExecutor - Database: jdbc:mysql://localhost:3306/admin_scaffold_test (MySQL 9.1)
2026-05-23 19:02:28.527 [main] DEBUG org.flywaydb.core.FlywayExecutor - Database Type: MySQL
2026-05-23 19:02:28.527 [main] DEBUG org.flywaydb.core.FlywayExecutor - Driver: MySQL Connector/J mysql-connector-j-8.3.0 (Revision: 805f872a57875f311cb82487efcfb070411a3fa0)
2026-05-23 19:02:28.527 [main] DEBUG org.flywaydb.core.FlywayExecutor - DDL Transactions Supported: false
2026-05-23 19:02:28.527 [main] DEBUG o.f.c.internal.schemahistory.SchemaHistoryFactory - Schemas: 
2026-05-23 19:02:28.527 [main] DEBUG o.f.c.internal.schemahistory.SchemaHistoryFactory - Default schema: null
2026-05-23 19:02:28.535 [main] WARN  org.flywaydb.core.internal.database.base.Database - Flyway upgrade recommended: MySQL 9.1 is newer than this version of Flyway and support has not been tested. The latest supported version of MySQL is 8.1.
2026-05-23 19:02:28.535 [main] DEBUG o.f.c.internal.callback.SqlScriptCallbackFactory - Scanning for SQL callbacks ...
2026-05-23 19:02:28.538 [main] DEBUG org.flywaydb.core.internal.command.DbSchemas - Skipping creation of existing schema: `admin_scaffold_test`
2026-05-23 19:02:28.548 [main] DEBUG o.f.core.api.configuration.ClassicConfiguration - CherryPickConfigurationExtension not found
2026-05-23 19:02:28.553 [main] DEBUG org.flywaydb.core.internal.scanner.Scanner - Filtering out resource: db/migration/V4__add_employee_org_tables.sql (filename: V4__add_employee_org_tables.sql)
2026-05-23 19:02:28.553 [main] DEBUG org.flywaydb.core.internal.scanner.Scanner - Filtering out resource: db/migration/V1__init_schema.sql (filename: V1__init_schema.sql)
2026-05-23 19:02:28.553 [main] DEBUG org.flywaydb.core.internal.scanner.Scanner - Filtering out resource: db/migration/V2__add_menu_and_permission_fields.sql (filename: V2__add_menu_and_permission_fields.sql)
2026-05-23 19:02:28.553 [main] DEBUG org.flywaydb.core.internal.scanner.Scanner - Filtering out resource: db/migration/V3__seed_data.sql (filename: V3__seed_data.sql)
2026-05-23 19:02:28.553 [main] DEBUG org.flywaydb.core.internal.scanner.Scanner - Filtering out resource: db/migration/V5__seed_data_org.sql (filename: V5__seed_data_org.sql)
2026-05-23 19:02:28.553 [main] DEBUG org.flywaydb.core.internal.scanner.Scanner - Filtering out resource: db/migration/V4__add_employee_org_tables.sql (filename: V4__add_employee_org_tables.sql)
2026-05-23 19:02:28.553 [main] DEBUG org.flywaydb.core.internal.scanner.Scanner - Filtering out resource: db/migration/V1__init_schema.sql (filename: V1__init_schema.sql)
2026-05-23 19:02:28.553 [main] DEBUG org.flywaydb.core.internal.scanner.Scanner - Filtering out resource: db/migration/V2__add_menu_and_permission_fields.sql (filename: V2__add_menu_and_permission_fields.sql)
2026-05-23 19:02:28.553 [main] DEBUG org.flywaydb.core.internal.scanner.Scanner - Filtering out resource: db/migration/V3__seed_data.sql (filename: V3__seed_data.sql)
2026-05-23 19:02:28.553 [main] DEBUG org.flywaydb.core.internal.scanner.Scanner - Filtering out resource: db/migration/V5__seed_data_org.sql (filename: V5__seed_data_org.sql)
2026-05-23 19:02:28.562 [main] INFO  org.flywaydb.core.internal.command.DbMigrate - Current version of schema `admin_scaffold_test`: 5
2026-05-23 19:02:28.563 [main] INFO  org.flywaydb.core.internal.command.DbMigrate - Schema `admin_scaffold_test` is up to date. No migration necessary.
2026-05-23 19:02:28.569 [main] DEBUG org.flywaydb.core.FlywayExecutor - Memory usage: 178 of 256M
 _ _   |_  _ _|_. ___ _ |    _ 
| | |\/|_)(_| | |_\  |_)||_|_\ 
     /               |         
                        3.5.16 
____ ____    ___ ____ _  _ ____ _  _ 
[__  |__| __  |  |  | |_/  |___ |\ | 
___] |  |     |  |__| | \_ |___ | \| 
https://sa-token.cc (v1.45.0)
2026-05-23 19:02:29.972 [main] INFO  i.g.l.admin.auth.controller.ProfileControllerTest - Started ProfileControllerTest in 5.712 seconds (process running for 37.505)
2026-05-23 19:02:30.008 [main] INFO  i.g.lystrosaurus.admin.filter.RequestLogFilter - 请求开始: GET /app/profile  from 127.0.0.1
2026-05-23 19:02:30.063 [main] INFO  i.g.lystrosaurus.admin.filter.RequestLogFilter - 请求结束: GET /app/profile status=200 耗时=55ms
2026-05-23 19:02:30.078 [main] INFO  i.g.lystrosaurus.admin.filter.RequestLogFilter - 请求开始: PUT /app/profile/password  from 127.0.0.1
2026-05-23 19:02:30.088 [main] INFO  i.g.lystrosaurus.admin.filter.RequestLogFilter - 请求结束: PUT /app/profile/password status=200 耗时=10ms
2026-05-23 19:02:30.095 [main] INFO  i.g.lystrosaurus.admin.filter.RequestLogFilter - 请求开始: PUT /app/profile/password  from 127.0.0.1
2026-05-23 19:02:30.098 [main] WARN  i.g.l.admin.handler.GlobalExceptionHandler - 参数校验失败: 新密码不能为空
2026-05-23 19:02:30.098 [main] INFO  i.g.lystrosaurus.admin.filter.RequestLogFilter - 请求结束: PUT /app/profile/password status=400 耗时=3ms
2026-05-23 19:02:30.108 [main] INFO  i.g.lystrosaurus.admin.filter.RequestLogFilter - 请求开始: PUT /app/profile/password  from 127.0.0.1
2026-05-23 19:02:30.110 [main] WARN  i.g.l.admin.handler.GlobalExceptionHandler - 参数校验失败: 旧密码不能为空
2026-05-23 19:02:30.112 [main] INFO  i.g.lystrosaurus.admin.filter.RequestLogFilter - 请求结束: PUT /app/profile/password status=400 耗时=4ms
2026-05-23 19:02:30.118 [main] INFO  i.g.lystrosaurus.admin.filter.RequestLogFilter - 请求开始: GET /app/profile/permissions  from 127.0.0.1
2026-05-23 19:02:30.118 [main] INFO  i.g.lystrosaurus.admin.filter.RequestLogFilter - 请求结束: GET /app/profile/permissions status=200 耗时=0ms

  .   ____          _            __ _ _
 /\\ / ___'_ __ _ _(_)_ __  __ _ \ \ \ \
( ( )\___ | '_ | '_| | '_ \/ _` | \ \ \ \
 \\/  ___)| |_)| | | | | || (_| |  ) ) ) )
  '  |____| .__|_| |_|_| |_\__, | / / / /
 =========|_|==============|___/=/_/_/_/
 :: Spring Boot ::                (v3.2.5)

2026-05-23 19:02:30.248 [main] INFO  i.g.lystrosaurus.admin.auth.PermissionAspectTest - Starting PermissionAspectTest using Java 21.0.5 with PID 54236 (started by lannt in C:\workspace\admin-management-scaffold\backend)
2026-05-23 19:02:30.248 [main] DEBUG i.g.lystrosaurus.admin.auth.PermissionAspectTest - Running with Spring Boot v3.2.5, Spring v6.1.6
2026-05-23 19:02:30.248 [main] INFO  i.g.lystrosaurus.admin.auth.PermissionAspectTest - The following 1 profile is active: "test"
2026-05-23 19:02:31.005 [main] INFO  i.g.l.admin.config.TestDatabaseInitializer - 测试数据库 admin_scaffold_test 创建成功或已存在
2026-05-23 19:02:31.566 [main] INFO  i.g.l.admin.config.TestDatabaseInitializer - 测试数据库已清理，将手动执行 Flyway 迁移
2026-05-23 19:02:31.573 [main] DEBUG o.f.c.internal.scanner.classpath.ClassPathScanner - Scanning for classpath resources at 'classpath:db/callback' ...
2026-05-23 19:02:31.573 [main] DEBUG o.f.c.internal.scanner.classpath.ClassPathScanner - Determining location urls for classpath:db/callback using ClassLoader jdk.internal.loader.ClassLoaders$AppClassLoader@5c647e05 ...
2026-05-23 19:02:31.574 [main] DEBUG o.f.c.internal.scanner.classpath.ClassPathScanner - Unable to resolve location classpath:db/callback.
2026-05-23 19:02:31.575 [main] DEBUG o.f.c.internal.scanner.classpath.ClassPathScanner - Scanning for classpath resources at 'classpath:db/migration' ...
2026-05-23 19:02:31.575 [main] DEBUG o.f.c.internal.scanner.classpath.ClassPathScanner - Determining location urls for classpath:db/migration using ClassLoader jdk.internal.loader.ClassLoaders$AppClassLoader@5c647e05 ...
2026-05-23 19:02:31.576 [main] DEBUG o.f.c.internal.scanner.classpath.ClassPathScanner - Scanning URL: file:/C:/workspace/admin-management-scaffold/backend/target/classes/db/migration
2026-05-23 19:02:31.576 [main] DEBUG o.f.c.i.s.c.FileSystemClassPathLocationScanner - Scanning starting at classpath root in filesystem: C:\workspace\admin-management-scaffold\backend\target\classes\
2026-05-23 19:02:31.576 [main] DEBUG o.f.c.i.s.c.FileSystemClassPathLocationScanner - Scanning for resources in path: C:\workspace\admin-management-scaffold\backend\target\classes\db\migration (db/migration)
2026-05-23 19:02:31.577 [main] DEBUG o.f.c.internal.scanner.classpath.ClassPathScanner - Found resource: db/migration/V1__init_schema.sql
2026-05-23 19:02:31.577 [main] DEBUG o.f.c.internal.scanner.classpath.ClassPathScanner - Found resource: db/migration/V2__add_menu_and_permission_fields.sql
2026-05-23 19:02:31.577 [main] DEBUG o.f.c.internal.scanner.classpath.ClassPathScanner - Found resource: db/migration/V3__seed_data.sql
2026-05-23 19:02:31.578 [main] DEBUG o.f.c.internal.scanner.classpath.ClassPathScanner - Found resource: db/migration/V4__add_employee_org_tables.sql
2026-05-23 19:02:31.578 [main] DEBUG o.f.c.internal.scanner.classpath.ClassPathScanner - Found resource: db/migration/V5__seed_data_org.sql
2026-05-23 19:02:31.578 [main] DEBUG o.f.c.internal.scanner.classpath.ClassPathScanner - Scanning for classes at classpath:db/migration
2026-05-23 19:02:31.578 [main] DEBUG o.f.core.internal.resource.ResourceNameValidator - Validating V4__add_employee_org_tables.sql
2026-05-23 19:02:31.578 [main] DEBUG o.f.core.internal.resource.ResourceNameValidator - Validating V1__init_schema.sql
2026-05-23 19:02:31.578 [main] DEBUG o.f.core.internal.resource.ResourceNameValidator - Validating V2__add_menu_and_permission_fields.sql
2026-05-23 19:02:31.578 [main] DEBUG o.f.core.internal.resource.ResourceNameValidator - Validating V3__seed_data.sql
2026-05-23 19:02:31.578 [main] DEBUG o.f.core.internal.resource.ResourceNameValidator - Validating V5__seed_data_org.sql
2026-05-23 19:02:31.588 [main] INFO  org.flywaydb.core.FlywayExecutor - Database: jdbc:mysql://localhost:3306/admin_scaffold_test (MySQL 9.1)
2026-05-23 19:02:31.588 [main] DEBUG org.flywaydb.core.FlywayExecutor - Database Type: MySQL
2026-05-23 19:02:31.588 [main] DEBUG org.flywaydb.core.FlywayExecutor - Driver: MySQL Connector/J mysql-connector-j-8.3.0 (Revision: 805f872a57875f311cb82487efcfb070411a3fa0)
2026-05-23 19:02:31.588 [main] DEBUG org.flywaydb.core.FlywayExecutor - DDL Transactions Supported: false
2026-05-23 19:02:31.588 [main] DEBUG o.f.c.internal.schemahistory.SchemaHistoryFactory - Schemas: 
2026-05-23 19:02:31.588 [main] DEBUG o.f.c.internal.schemahistory.SchemaHistoryFactory - Default schema: null
2026-05-23 19:02:31.596 [main] WARN  org.flywaydb.core.internal.database.base.Database - Flyway upgrade recommended: MySQL 9.1 is newer than this version of Flyway and support has not been tested. The latest supported version of MySQL is 8.1.
2026-05-23 19:02:31.596 [main] DEBUG o.f.c.internal.callback.SqlScriptCallbackFactory - Scanning for SQL callbacks ...
2026-05-23 19:02:31.598 [main] DEBUG org.flywaydb.core.internal.command.DbValidate - Validating migrations ...
2026-05-23 19:02:31.599 [main] DEBUG o.f.core.api.configuration.ClassicConfiguration - CherryPickConfigurationExtension not found
2026-05-23 19:02:31.605 [main] DEBUG org.flywaydb.core.internal.scanner.Scanner - Filtering out resource: db/migration/V4__add_employee_org_tables.sql (filename: V4__add_employee_org_tables.sql)
2026-05-23 19:02:31.605 [main] DEBUG org.flywaydb.core.internal.scanner.Scanner - Filtering out resource: db/migration/V1__init_schema.sql (filename: V1__init_schema.sql)
2026-05-23 19:02:31.605 [main] DEBUG org.flywaydb.core.internal.scanner.Scanner - Filtering out resource: db/migration/V2__add_menu_and_permission_fields.sql (filename: V2__add_menu_and_permission_fields.sql)
2026-05-23 19:02:31.605 [main] DEBUG org.flywaydb.core.internal.scanner.Scanner - Filtering out resource: db/migration/V3__seed_data.sql (filename: V3__seed_data.sql)
2026-05-23 19:02:31.605 [main] DEBUG org.flywaydb.core.internal.scanner.Scanner - Filtering out resource: db/migration/V5__seed_data_org.sql (filename: V5__seed_data_org.sql)
2026-05-23 19:02:31.605 [main] DEBUG org.flywaydb.core.internal.scanner.Scanner - Filtering out resource: db/migration/V4__add_employee_org_tables.sql (filename: V4__add_employee_org_tables.sql)
2026-05-23 19:02:31.605 [main] DEBUG org.flywaydb.core.internal.scanner.Scanner - Filtering out resource: db/migration/V1__init_schema.sql (filename: V1__init_schema.sql)
2026-05-23 19:02:31.605 [main] DEBUG org.flywaydb.core.internal.scanner.Scanner - Filtering out resource: db/migration/V2__add_menu_and_permission_fields.sql (filename: V2__add_menu_and_permission_fields.sql)
2026-05-23 19:02:31.605 [main] DEBUG org.flywaydb.core.internal.scanner.Scanner - Filtering out resource: db/migration/V3__seed_data.sql (filename: V3__seed_data.sql)
2026-05-23 19:02:31.605 [main] DEBUG org.flywaydb.core.internal.scanner.Scanner - Filtering out resource: db/migration/V5__seed_data_org.sql (filename: V5__seed_data_org.sql)
2026-05-23 19:02:31.611 [main] INFO  o.f.c.i.schemahistory.JdbcTableSchemaHistory - Schema history table `admin_scaffold_test`.`flyway_schema_history` does not exist yet
2026-05-23 19:02:31.612 [main] INFO  org.flywaydb.core.internal.command.DbValidate - Successfully validated 5 migrations (execution time 00:00.013s)
2026-05-23 19:02:31.614 [main] DEBUG org.flywaydb.core.internal.command.DbSchemas - Skipping creation of existing schema: `admin_scaffold_test`
2026-05-23 19:02:31.630 [main] INFO  o.f.c.i.schemahistory.JdbcTableSchemaHistory - Creating Schema History table `admin_scaffold_test`.`flyway_schema_history` ...
2026-05-23 19:02:31.631 [main] DEBUG org.flywaydb.core.internal.parser.Parser - Parsing  ...
2026-05-23 19:02:31.631 [main] DEBUG o.flywaydb.core.internal.sqlscript.ParserSqlScript - Found statement at line 1: CREATE TABLE `admin_scaffold_test`.`flyway_schema_history` (
    `installed_rank` INT NOT NULL,
    `version` VARCHAR(50),
    `description` VARCHAR(200) NOT NULL,
    `type` VARCHAR(20) NOT NULL,
    `script` VARCHAR(1000) NOT NULL,
    `checksum` INT,
    `installed_by` VARCHAR(100) NOT NULL,
    `installed_on` TIMESTAMP NOT NULL DEFAULT CURRENT_TIMESTAMP,
    `execution_time` INT NOT NULL,
    `success` BOOL NOT NULL,
    CONSTRAINT `flyway_schema_history_pk` PRIMARY KEY (`installed_rank`)
) ENGINE=InnoDB
2026-05-23 19:02:31.631 [main] DEBUG o.flywaydb.core.internal.sqlscript.ParserSqlScript - Found statement at line 14: CREATE INDEX `flyway_schema_history_s_idx` ON `admin_scaffold_test`.`flyway_schema_history` (`success`)
2026-05-23 19:02:31.631 [main] DEBUG o.f.c.internal.sqlscript.DefaultSqlScriptExecutor - Executing SQL: CREATE TABLE `admin_scaffold_test`.`flyway_schema_history` (
    `installed_rank` INT NOT NULL,
    `version` VARCHAR(50),
    `description` VARCHAR(200) NOT NULL,
    `type` VARCHAR(20) NOT NULL,
    `script` VARCHAR(1000) NOT NULL,
    `checksum` INT,
    `installed_by` VARCHAR(100) NOT NULL,
    `installed_on` TIMESTAMP NOT NULL DEFAULT CURRENT_TIMESTAMP,
    `execution_time` INT NOT NULL,
    `success` BOOL NOT NULL,
    CONSTRAINT `flyway_schema_history_pk` PRIMARY KEY (`installed_rank`)
) ENGINE=InnoDB
2026-05-23 19:02:31.680 [main] DEBUG o.f.c.internal.sqlscript.DefaultSqlScriptExecutor - 0 rows affected
2026-05-23 19:02:31.680 [main] DEBUG o.f.c.internal.sqlscript.DefaultSqlScriptExecutor - Executing SQL: CREATE INDEX `flyway_schema_history_s_idx` ON `admin_scaffold_test`.`flyway_schema_history` (`success`)
2026-05-23 19:02:31.712 [main] DEBUG o.f.c.internal.sqlscript.DefaultSqlScriptExecutor - 0 rows affected
2026-05-23 19:02:31.712 [main] DEBUG o.f.c.i.schemahistory.JdbcTableSchemaHistory - Created Schema History table `admin_scaffold_test`.`flyway_schema_history`
2026-05-23 19:02:31.721 [main] DEBUG o.f.core.api.configuration.ClassicConfiguration - CherryPickConfigurationExtension not found
2026-05-23 19:02:31.727 [main] INFO  org.flywaydb.core.internal.command.DbMigrate - Current version of schema `admin_scaffold_test`: << Empty Schema >>
2026-05-23 19:02:31.727 [main] DEBUG org.flywaydb.core.internal.parser.Parser - Parsing V1__init_schema.sql ...
2026-05-23 19:02:31.728 [main] DEBUG o.flywaydb.core.internal.sqlscript.ParserSqlScript - Found statement at line 3: -- 初始化数据库架构
-- 创建用户表
CREATE TABLE IF NOT EXISTS `sys_user` (
    `id` BIGINT NOT NULL COMMENT '主键ID',
    `username` VARCHAR(50) NOT NULL COMMENT '用户名',
    `password` VARCHAR(100) NOT NULL COMMENT '密码',
    `nickname` VARCHAR(50) COMMENT '昵称',
    `email` VARCHAR(100) COMMENT '邮箱',
    `phone` VARCHAR(20) COMMENT '手机号',
    `avatar` VARCHAR(255) COMMENT '头像',
    `status` TINYINT DEFAULT 1 COMMENT '状态：0-禁用，1-启用',
    `created_at` DATETIME DEFAULT CURRENT_TIMESTAMP COMMENT '创建时间',
    `updated_at` DATETIME DEFAULT CURRENT_TIMESTAMP ON UPDATE CURRENT_TIMESTAMP COMMENT '更新时间',
    `created_by` VARCHAR(50) COMMENT '创建人',
    `updated_by` VARCHAR(50) COMMENT '更新人',
    `deleted` TINYINT DEFAULT 0 COMMENT '逻辑删除标志：0-未删除，1-已删除',
    `version` INT DEFAULT 1 COMMENT '版本号',
    PRIMARY KEY (`id`),
    UNIQUE KEY `uk_username` (`username`),
    KEY `idx_email` (`email`),
    KEY `idx_phone` (`phone`)
) ENGINE=InnoDB DEFAULT CHARSET=utf8mb4 COLLATE=utf8mb4_unicode_ci COMMENT='系统用户表'
2026-05-23 19:02:31.729 [main] DEBUG o.flywaydb.core.internal.sqlscript.ParserSqlScript - Found statement at line 25: -- 创建角色表
CREATE TABLE IF NOT EXISTS `sys_role` (
    `id` BIGINT NOT NULL COMMENT '主键ID',
    `role_name` VARCHAR(50) NOT NULL COMMENT '角色名称',
    `role_code` VARCHAR(50) NOT NULL COMMENT '角色编码',
    `description` VARCHAR(255) COMMENT '描述',
    `status` TINYINT DEFAULT 1 COMMENT '状态：0-禁用，1-启用',
    `created_at` DATETIME DEFAULT CURRENT_TIMESTAMP COMMENT '创建时间',
    `updated_at` DATETIME DEFAULT CURRENT_TIMESTAMP ON UPDATE CURRENT_TIMESTAMP COMMENT '更新时间',
    `created_by` VARCHAR(50) COMMENT '创建人',
    `updated_by` VARCHAR(50) COMMENT '更新人',
    `deleted` TINYINT DEFAULT 0 COMMENT '逻辑删除标志：0-未删除，1-已删除',
    `version` INT DEFAULT 1 COMMENT '版本号',
    PRIMARY KEY (`id`),
    UNIQUE KEY `uk_role_code` (`role_code`)
) ENGINE=InnoDB DEFAULT CHARSET=utf8mb4 COLLATE=utf8mb4_unicode_ci COMMENT='系统角色表'
2026-05-23 19:02:31.729 [main] DEBUG o.flywaydb.core.internal.sqlscript.ParserSqlScript - Found statement at line 42: -- 创建用户角色关联表
CREATE TABLE IF NOT EXISTS `sys_user_role` (
    `id` BIGINT NOT NULL COMMENT '主键ID',
    `user_id` BIGINT NOT NULL COMMENT '用户ID',
    `role_id` BIGINT NOT NULL COMMENT '角色ID',
    `created_at` DATETIME DEFAULT CURRENT_TIMESTAMP COMMENT '创建时间',
    `created_by` VARCHAR(50) COMMENT '创建人',
    `updated_at` DATETIME DEFAULT CURRENT_TIMESTAMP ON UPDATE CURRENT_TIMESTAMP COMMENT '更新时间',
    `updated_by` VARCHAR(50) COMMENT '更新人',
    `deleted` TINYINT DEFAULT 0 COMMENT '逻辑删除标志：0-未删除，1-已删除',
    PRIMARY KEY (`id`),
    UNIQUE KEY `uk_user_role` (`user_id`, `role_id`),
    KEY `idx_role_id` (`role_id`)
) ENGINE=InnoDB DEFAULT CHARSET=utf8mb4 COLLATE=utf8mb4_unicode_ci COMMENT='用户角色关联表'
2026-05-23 19:02:31.729 [main] DEBUG o.flywaydb.core.internal.sqlscript.ParserSqlScript - Found statement at line 57: -- 创建权限表
CREATE TABLE IF NOT EXISTS `sys_permission` (
    `id` BIGINT NOT NULL COMMENT '主键ID',
    `permission_name` VARCHAR(50) NOT NULL COMMENT '权限名称',
    `permission_code` VARCHAR(100) NOT NULL COMMENT '权限编码',
    `description` VARCHAR(255) COMMENT '描述',
    `status` TINYINT DEFAULT 1 COMMENT '状态：0-禁用，1-启用',
    `created_at` DATETIME DEFAULT CURRENT_TIMESTAMP COMMENT '创建时间',
    `updated_at` DATETIME DEFAULT CURRENT_TIMESTAMP ON UPDATE CURRENT_TIMESTAMP COMMENT '更新时间',
    `created_by` VARCHAR(50) COMMENT '创建人',
    `updated_by` VARCHAR(50) COMMENT '更新人',
    `deleted` TINYINT DEFAULT 0 COMMENT '逻辑删除标志：0-未删除，1-已删除',
    `version` INT DEFAULT 1 COMMENT '版本号',
    PRIMARY KEY (`id`),
    UNIQUE KEY `uk_permission_code` (`permission_code`)
) ENGINE=InnoDB DEFAULT CHARSET=utf8mb4 COLLATE=utf8mb4_unicode_ci COMMENT='系统权限表'
2026-05-23 19:02:31.730 [main] DEBUG o.flywaydb.core.internal.sqlscript.ParserSqlScript - Found statement at line 74: -- 创建角色权限关联表
CREATE TABLE IF NOT EXISTS `sys_role_permission` (
    `id` BIGINT NOT NULL COMMENT '主键ID',
    `role_id` BIGINT NOT NULL COMMENT '角色ID',
    `permission_id` BIGINT NOT NULL COMMENT '权限ID',
    `created_at` DATETIME DEFAULT CURRENT_TIMESTAMP COMMENT '创建时间',
    `created_by` VARCHAR(50) COMMENT '创建人',
    `updated_at` DATETIME DEFAULT CURRENT_TIMESTAMP ON UPDATE CURRENT_TIMESTAMP COMMENT '更新时间',
    `updated_by` VARCHAR(50) COMMENT '更新人',
    `deleted` TINYINT DEFAULT 0 COMMENT '逻辑删除标志：0-未删除，1-已删除',
    PRIMARY KEY (`id`),
    UNIQUE KEY `uk_role_permission` (`role_id`, `permission_id`),
    KEY `idx_permission_id` (`permission_id`)
) ENGINE=InnoDB DEFAULT CHARSET=utf8mb4 COLLATE=utf8mb4_unicode_ci COMMENT='角色权限关联表'
2026-05-23 19:02:31.732 [main] DEBUG org.flywaydb.core.internal.command.DbMigrate - Starting migration of schema `admin_scaffold_test` to version "1 - init schema" ...
2026-05-23 19:02:31.735 [main] INFO  org.flywaydb.core.internal.command.DbMigrate - Migrating schema `admin_scaffold_test` to version "1 - init schema"
2026-05-23 19:02:31.736 [main] DEBUG o.f.c.internal.sqlscript.DefaultSqlScriptExecutor - Executing SQL: -- 初始化数据库架构
-- 创建用户表
CREATE TABLE IF NOT EXISTS `sys_user` (
    `id` BIGINT NOT NULL COMMENT '主键ID',
    `username` VARCHAR(50) NOT NULL COMMENT '用户名',
    `password` VARCHAR(100) NOT NULL COMMENT '密码',
    `nickname` VARCHAR(50) COMMENT '昵称',
    `email` VARCHAR(100) COMMENT '邮箱',
    `phone` VARCHAR(20) COMMENT '手机号',
    `avatar` VARCHAR(255) COMMENT '头像',
    `status` TINYINT DEFAULT 1 COMMENT '状态：0-禁用，1-启用',
    `created_at` DATETIME DEFAULT CURRENT_TIMESTAMP COMMENT '创建时间',
    `updated_at` DATETIME DEFAULT CURRENT_TIMESTAMP ON UPDATE CURRENT_TIMESTAMP COMMENT '更新时间',
    `created_by` VARCHAR(50) COMMENT '创建人',
    `updated_by` VARCHAR(50) COMMENT '更新人',
    `deleted` TINYINT DEFAULT 0 COMMENT '逻辑删除标志：0-未删除，1-已删除',
    `version` INT DEFAULT 1 COMMENT '版本号',
    PRIMARY KEY (`id`),
    UNIQUE KEY `uk_username` (`username`),
    KEY `idx_email` (`email`),
    KEY `idx_phone` (`phone`)
) ENGINE=InnoDB DEFAULT CHARSET=utf8mb4 COLLATE=utf8mb4_unicode_ci COMMENT='系统用户表'
2026-05-23 19:02:31.825 [main] DEBUG o.f.c.internal.sqlscript.DefaultSqlScriptExecutor - 0 rows affected
2026-05-23 19:02:31.825 [main] DEBUG o.f.c.internal.sqlscript.DefaultSqlScriptExecutor - Executing SQL: -- 创建角色表
CREATE TABLE IF NOT EXISTS `sys_role` (
    `id` BIGINT NOT NULL COMMENT '主键ID',
    `role_name` VARCHAR(50) NOT NULL COMMENT '角色名称',
    `role_code` VARCHAR(50) NOT NULL COMMENT '角色编码',
    `description` VARCHAR(255) COMMENT '描述',
    `status` TINYINT DEFAULT 1 COMMENT '状态：0-禁用，1-启用',
    `created_at` DATETIME DEFAULT CURRENT_TIMESTAMP COMMENT '创建时间',
    `updated_at` DATETIME DEFAULT CURRENT_TIMESTAMP ON UPDATE CURRENT_TIMESTAMP COMMENT '更新时间',
    `created_by` VARCHAR(50) COMMENT '创建人',
    `updated_by` VARCHAR(50) COMMENT '更新人',
    `deleted` TINYINT DEFAULT 0 COMMENT '逻辑删除标志：0-未删除，1-已删除',
    `version` INT DEFAULT 1 COMMENT '版本号',
    PRIMARY KEY (`id`),
    UNIQUE KEY `uk_role_code` (`role_code`)
) ENGINE=InnoDB DEFAULT CHARSET=utf8mb4 COLLATE=utf8mb4_unicode_ci COMMENT='系统角色表'
2026-05-23 19:02:31.881 [main] DEBUG o.f.c.internal.sqlscript.DefaultSqlScriptExecutor - 0 rows affected
2026-05-23 19:02:31.881 [main] DEBUG o.f.c.internal.sqlscript.DefaultSqlScriptExecutor - Executing SQL: -- 创建用户角色关联表
CREATE TABLE IF NOT EXISTS `sys_user_role` (
    `id` BIGINT NOT NULL COMMENT '主键ID',
    `user_id` BIGINT NOT NULL COMMENT '用户ID',
    `role_id` BIGINT NOT NULL COMMENT '角色ID',
    `created_at` DATETIME DEFAULT CURRENT_TIMESTAMP COMMENT '创建时间',
    `created_by` VARCHAR(50) COMMENT '创建人',
    `updated_at` DATETIME DEFAULT CURRENT_TIMESTAMP ON UPDATE CURRENT_TIMESTAMP COMMENT '更新时间',
    `updated_by` VARCHAR(50) COMMENT '更新人',
    `deleted` TINYINT DEFAULT 0 COMMENT '逻辑删除标志：0-未删除，1-已删除',
    PRIMARY KEY (`id`),
    UNIQUE KEY `uk_user_role` (`user_id`, `role_id`),
    KEY `idx_role_id` (`role_id`)
) ENGINE=InnoDB DEFAULT CHARSET=utf8mb4 COLLATE=utf8mb4_unicode_ci COMMENT='用户角色关联表'
2026-05-23 19:02:31.946 [main] DEBUG o.f.c.internal.sqlscript.DefaultSqlScriptExecutor - 0 rows affected
2026-05-23 19:02:31.948 [main] DEBUG o.f.c.internal.sqlscript.DefaultSqlScriptExecutor - Executing SQL: -- 创建权限表
CREATE TABLE IF NOT EXISTS `sys_permission` (
    `id` BIGINT NOT NULL COMMENT '主键ID',
    `permission_name` VARCHAR(50) NOT NULL COMMENT '权限名称',
    `permission_code` VARCHAR(100) NOT NULL COMMENT '权限编码',
    `description` VARCHAR(255) COMMENT '描述',
    `status` TINYINT DEFAULT 1 COMMENT '状态：0-禁用，1-启用',
    `created_at` DATETIME DEFAULT CURRENT_TIMESTAMP COMMENT '创建时间',
    `updated_at` DATETIME DEFAULT CURRENT_TIMESTAMP ON UPDATE CURRENT_TIMESTAMP COMMENT '更新时间',
    `created_by` VARCHAR(50) COMMENT '创建人',
    `updated_by` VARCHAR(50) COMMENT '更新人',
    `deleted` TINYINT DEFAULT 0 COMMENT '逻辑删除标志：0-未删除，1-已删除',
    `version` INT DEFAULT 1 COMMENT '版本号',
    PRIMARY KEY (`id`),
    UNIQUE KEY `uk_permission_code` (`permission_code`)
) ENGINE=InnoDB DEFAULT CHARSET=utf8mb4 COLLATE=utf8mb4_unicode_ci COMMENT='系统权限表'
2026-05-23 19:02:32.003 [main] DEBUG o.f.c.internal.sqlscript.DefaultSqlScriptExecutor - 0 rows affected
2026-05-23 19:02:32.003 [main] DEBUG o.f.c.internal.sqlscript.DefaultSqlScriptExecutor - Executing SQL: -- 创建角色权限关联表
CREATE TABLE IF NOT EXISTS `sys_role_permission` (
    `id` BIGINT NOT NULL COMMENT '主键ID',
    `role_id` BIGINT NOT NULL COMMENT '角色ID',
    `permission_id` BIGINT NOT NULL COMMENT '权限ID',
    `created_at` DATETIME DEFAULT CURRENT_TIMESTAMP COMMENT '创建时间',
    `created_by` VARCHAR(50) COMMENT '创建人',
    `updated_at` DATETIME DEFAULT CURRENT_TIMESTAMP ON UPDATE CURRENT_TIMESTAMP COMMENT '更新时间',
    `updated_by` VARCHAR(50) COMMENT '更新人',
    `deleted` TINYINT DEFAULT 0 COMMENT '逻辑删除标志：0-未删除，1-已删除',
    PRIMARY KEY (`id`),
    UNIQUE KEY `uk_role_permission` (`role_id`, `permission_id`),
    KEY `idx_permission_id` (`permission_id`)
) ENGINE=InnoDB DEFAULT CHARSET=utf8mb4 COLLATE=utf8mb4_unicode_ci COMMENT='角色权限关联表'
2026-05-23 19:02:32.069 [main] DEBUG o.f.c.internal.sqlscript.DefaultSqlScriptExecutor - 0 rows affected
2026-05-23 19:02:32.069 [main] DEBUG org.flywaydb.core.internal.command.DbMigrate - Successfully completed migration of schema `admin_scaffold_test` to version "1 - init schema"
2026-05-23 19:02:32.084 [main] DEBUG o.f.c.i.schemahistory.JdbcTableSchemaHistory - Schema History table `admin_scaffold_test`.`flyway_schema_history` successfully updated to reflect changes
2026-05-23 19:02:32.103 [main] DEBUG o.f.core.api.configuration.ClassicConfiguration - CherryPickConfigurationExtension not found
2026-05-23 19:02:32.110 [main] DEBUG org.flywaydb.core.internal.parser.Parser - Parsing V2__add_menu_and_permission_fields.sql ...
2026-05-23 19:02:32.112 [main] DEBUG o.flywaydb.core.internal.sqlscript.ParserSqlScript - Found statement at line 7: -- V2: 添加菜单表和权限字段扩展
-- 任务: 创建 sys_menu 表，补充 sys_permission 字段，创建 sys_role_menu 关联表

-- ============================================================
-- 1. 创建菜单表 sys_menu
-- ============================================================
CREATE TABLE IF NOT EXISTS `sys_menu` (
    `id` BIGINT NOT NULL COMMENT '主键ID',
    `parent_id` BIGINT DEFAULT 0 COMMENT '父菜单ID，0表示顶级菜单',
    `name` VARCHAR(64) NOT NULL COMMENT '菜单名称',
    `path` VARCHAR(255) COMMENT '路由路径',
    `component` VARCHAR(255) COMMENT '前端组件路径',
    `icon` VARCHAR(64) COMMENT '图标',
    `sort_order` INT DEFAULT 0 COMMENT '排序号',
    `type` TINYINT NOT NULL COMMENT '类型：1-目录，2-菜单，3-按钮',
    `permission_code` VARCHAR(64) COMMENT '权限码',
    `visible` TINYINT DEFAULT 1 COMMENT '是否可见：0-隐藏，1-显示',
    `status` TINYINT DEFAULT 1 COMMENT '状态：0-禁用，1-启用',
    `created_at` DATETIME DEFAULT CURRENT_TIMESTAMP COMMENT '创建时间',
    `created_by` VARCHAR(50) COMMENT '创建人',
    `updated_at` DATETIME DEFAULT CURRENT_TIMESTAMP ON UPDATE CURRENT_TIMESTAMP COMMENT '更新时间',
    `updated_by` VARCHAR(50) COMMENT '更新人',
    `deleted` TINYINT DEFAULT 0 COMMENT '逻辑删除标志：0-未删除，1-已删除',
    `version` INT DEFAULT 1 COMMENT '版本号',
    PRIMARY KEY (`id`),
    KEY `idx_parent_id` (`parent_id`),
    KEY `idx_permission_code` (`permission_code`)
) ENGINE=InnoDB DEFAULT CHARSET=utf8mb4 COLLATE=utf8mb4_unicode_ci COMMENT='系统菜单表'
2026-05-23 19:02:32.112 [main] DEBUG o.flywaydb.core.internal.sqlscript.ParserSqlScript - Found statement at line 33: -- ============================================================
-- 2. 扩展 sys_permission 表字段
-- ============================================================
ALTER TABLE `sys_permission`
    ADD COLUMN `type` VARCHAR(32) COMMENT '权限类型：MENU-菜单权限，BUTTON-按钮权限，API-接口权限' AFTER `description`,
    ADD COLUMN `module` VARCHAR(64) COMMENT '所属模块，如 system、auth' AFTER `type`,
    ADD COLUMN `resource` VARCHAR(64) COMMENT '资源标识，如 user、role' AFTER `module`,
    ADD COLUMN `action` VARCHAR(32) COMMENT '操作类型，如 view、create、update、delete' AFTER `resource`
2026-05-23 19:02:32.112 [main] DEBUG o.flywaydb.core.internal.sqlscript.ParserSqlScript - Found statement at line 40: -- 为权限类型字段添加索引
ALTER TABLE `sys_permission`
    ADD KEY `idx_type` (`type`)
2026-05-23 19:02:32.113 [main] DEBUG o.flywaydb.core.internal.sqlscript.ParserSqlScript - Found statement at line 46: -- ============================================================
-- 3. 创建角色菜单关联表 sys_role_menu
-- ============================================================
CREATE TABLE IF NOT EXISTS `sys_role_menu` (
    `id` BIGINT NOT NULL COMMENT '主键ID',
    `role_id` BIGINT NOT NULL COMMENT '角色ID',
    `menu_id` BIGINT NOT NULL COMMENT '菜单ID',
    `created_at` DATETIME DEFAULT CURRENT_TIMESTAMP COMMENT '创建时间',
    `created_by` VARCHAR(50) COMMENT '创建人',
    `updated_at` DATETIME DEFAULT CURRENT_TIMESTAMP ON UPDATE CURRENT_TIMESTAMP COMMENT '更新时间',
    `updated_by` VARCHAR(50) COMMENT '更新人',
    `deleted` TINYINT DEFAULT 0 COMMENT '逻辑删除标志：0-未删除，1-已删除',
    PRIMARY KEY (`id`),
    UNIQUE KEY `uk_role_menu` (`role_id`, `menu_id`),
    KEY `idx_menu_id` (`menu_id`)
) ENGINE=InnoDB DEFAULT CHARSET=utf8mb4 COLLATE=utf8mb4_unicode_ci COMMENT='角色菜单关联表'
2026-05-23 19:02:32.115 [main] DEBUG org.flywaydb.core.internal.command.DbMigrate - Starting migration of schema `admin_scaffold_test` to version "2 - add menu and permission fields" ...
2026-05-23 19:02:32.119 [main] INFO  org.flywaydb.core.internal.command.DbMigrate - Migrating schema `admin_scaffold_test` to version "2 - add menu and permission fields"
2026-05-23 19:02:32.120 [main] DEBUG o.f.c.internal.sqlscript.DefaultSqlScriptExecutor - Executing SQL: -- V2: 添加菜单表和权限字段扩展
-- 任务: 创建 sys_menu 表，补充 sys_permission 字段，创建 sys_role_menu 关联表

-- ============================================================
-- 1. 创建菜单表 sys_menu
-- ============================================================
CREATE TABLE IF NOT EXISTS `sys_menu` (
    `id` BIGINT NOT NULL COMMENT '主键ID',
    `parent_id` BIGINT DEFAULT 0 COMMENT '父菜单ID，0表示顶级菜单',
    `name` VARCHAR(64) NOT NULL COMMENT '菜单名称',
    `path` VARCHAR(255) COMMENT '路由路径',
    `component` VARCHAR(255) COMMENT '前端组件路径',
    `icon` VARCHAR(64) COMMENT '图标',
    `sort_order` INT DEFAULT 0 COMMENT '排序号',
    `type` TINYINT NOT NULL COMMENT '类型：1-目录，2-菜单，3-按钮',
    `permission_code` VARCHAR(64) COMMENT '权限码',
    `visible` TINYINT DEFAULT 1 COMMENT '是否可见：0-隐藏，1-显示',
    `status` TINYINT DEFAULT 1 COMMENT '状态：0-禁用，1-启用',
    `created_at` DATETIME DEFAULT CURRENT_TIMESTAMP COMMENT '创建时间',
    `created_by` VARCHAR(50) COMMENT '创建人',
    `updated_at` DATETIME DEFAULT CURRENT_TIMESTAMP ON UPDATE CURRENT_TIMESTAMP COMMENT '更新时间',
    `updated_by` VARCHAR(50) COMMENT '更新人',
    `deleted` TINYINT DEFAULT 0 COMMENT '逻辑删除标志：0-未删除，1-已删除',
    `version` INT DEFAULT 1 COMMENT '版本号',
    PRIMARY KEY (`id`),
    KEY `idx_parent_id` (`parent_id`),
    KEY `idx_permission_code` (`permission_code`)
) ENGINE=InnoDB DEFAULT CHARSET=utf8mb4 COLLATE=utf8mb4_unicode_ci COMMENT='系统菜单表'
2026-05-23 19:02:32.186 [main] DEBUG o.f.c.internal.sqlscript.DefaultSqlScriptExecutor - 0 rows affected
2026-05-23 19:02:32.186 [main] DEBUG o.f.c.internal.sqlscript.DefaultSqlScriptExecutor - Executing SQL: -- ============================================================
-- 2. 扩展 sys_permission 表字段
-- ============================================================
ALTER TABLE `sys_permission`
    ADD COLUMN `type` VARCHAR(32) COMMENT '权限类型：MENU-菜单权限，BUTTON-按钮权限，API-接口权限' AFTER `description`,
    ADD COLUMN `module` VARCHAR(64) COMMENT '所属模块，如 system、auth' AFTER `type`,
    ADD COLUMN `resource` VARCHAR(64) COMMENT '资源标识，如 user、role' AFTER `module`,
    ADD COLUMN `action` VARCHAR(32) COMMENT '操作类型，如 view、create、update、delete' AFTER `resource`
2026-05-23 19:02:32.216 [main] DEBUG o.f.c.internal.sqlscript.DefaultSqlScriptExecutor - 0 rows affected
2026-05-23 19:02:32.216 [main] DEBUG o.f.c.internal.sqlscript.DefaultSqlScriptExecutor - Executing SQL: -- 为权限类型字段添加索引
ALTER TABLE `sys_permission`
    ADD KEY `idx_type` (`type`)
2026-05-23 19:02:32.246 [main] DEBUG o.f.c.internal.sqlscript.DefaultSqlScriptExecutor - 0 rows affected
2026-05-23 19:02:32.246 [main] DEBUG o.f.c.internal.sqlscript.DefaultSqlScriptExecutor - Executing SQL: -- ============================================================
-- 3. 创建角色菜单关联表 sys_role_menu
-- ============================================================
CREATE TABLE IF NOT EXISTS `sys_role_menu` (
    `id` BIGINT NOT NULL COMMENT '主键ID',
    `role_id` BIGINT NOT NULL COMMENT '角色ID',
    `menu_id` BIGINT NOT NULL COMMENT '菜单ID',
    `created_at` DATETIME DEFAULT CURRENT_TIMESTAMP COMMENT '创建时间',
    `created_by` VARCHAR(50) COMMENT '创建人',
    `updated_at` DATETIME DEFAULT CURRENT_TIMESTAMP ON UPDATE CURRENT_TIMESTAMP COMMENT '更新时间',
    `updated_by` VARCHAR(50) COMMENT '更新人',
    `deleted` TINYINT DEFAULT 0 COMMENT '逻辑删除标志：0-未删除，1-已删除',
    PRIMARY KEY (`id`),
    UNIQUE KEY `uk_role_menu` (`role_id`, `menu_id`),
    KEY `idx_menu_id` (`menu_id`)
) ENGINE=InnoDB DEFAULT CHARSET=utf8mb4 COLLATE=utf8mb4_unicode_ci COMMENT='角色菜单关联表'
2026-05-23 19:02:32.313 [main] DEBUG o.f.c.internal.sqlscript.DefaultSqlScriptExecutor - 0 rows affected
2026-05-23 19:02:32.313 [main] DEBUG org.flywaydb.core.internal.command.DbMigrate - Successfully completed migration of schema `admin_scaffold_test` to version "2 - add menu and permission fields"
2026-05-23 19:02:32.326 [main] DEBUG o.f.c.i.schemahistory.JdbcTableSchemaHistory - Schema History table `admin_scaffold_test`.`flyway_schema_history` successfully updated to reflect changes
2026-05-23 19:02:32.346 [main] DEBUG o.f.core.api.configuration.ClassicConfiguration - CherryPickConfigurationExtension not found
2026-05-23 19:02:32.351 [main] DEBUG org.flywaydb.core.internal.parser.Parser - Parsing V3__seed_data.sql ...
2026-05-23 19:02:32.353 [main] DEBUG o.flywaydb.core.internal.sqlscript.ParserSqlScript - Found statement at line 9: -- V3: 修复列名不匹配 + 种子数据
-- LOCAL-ONLY: 仅用于本地开发环境
-- 修复 V1 Schema 与 Entity 字段名之间的不一致（MyBatis-Plus 驼峰映射）

-- ============================================================
-- 1. 修复 sys_user 列名
-- ============================================================
-- status: TINYINT → VARCHAR(32)，映射 0→DISABLED, 1→ENABLED
ALTER TABLE `sys_user` MODIFY COLUMN `status` VARCHAR(32) NOT NULL DEFAULT 'ENABLED' COMMENT '状态(ENABLED/DISABLED/LOCKED)'
2026-05-23 19:02:32.353 [main] DEBUG o.flywaydb.core.internal.sqlscript.ParserSqlScript - Found statement at line 10: UPDATE `sys_user` SET `status` = CASE WHEN `status` = '0' THEN 'DISABLED' WHEN `status` = '1' THEN 'ENABLED' ELSE `status` END WHERE `status` IN ('0', '1')
2026-05-23 19:02:32.353 [main] DEBUG o.flywaydb.core.internal.sqlscript.ParserSqlScript - Found statement at line 12: -- password → password_hash
ALTER TABLE `sys_user` CHANGE COLUMN `password` `password_hash` VARCHAR(100) NOT NULL COMMENT '密码哈希'
2026-05-23 19:02:32.353 [main] DEBUG o.flywaydb.core.internal.sqlscript.ParserSqlScript - Found statement at line 14: -- avatar → avatar_file_id（类型不变仍为 VARCHAR，后续可通过新迁移改为 BIGINT）
ALTER TABLE `sys_user` CHANGE COLUMN `avatar` `avatar_file_id` VARCHAR(255) COMMENT '头像文件ID'
2026-05-23 19:02:32.353 [main] DEBUG o.flywaydb.core.internal.sqlscript.ParserSqlScript - Found statement at line 16: -- 添加缺失列
ALTER TABLE `sys_user` ADD COLUMN `token_version` INT DEFAULT 1 COMMENT 'token版本号' AFTER `status`
2026-05-23 19:02:32.353 [main] DEBUG o.flywaydb.core.internal.sqlscript.ParserSqlScript - Found statement at line 17: ALTER TABLE `sys_user` ADD COLUMN `last_login_at` DATETIME COMMENT '最后登录时间' AFTER `token_version`
2026-05-23 19:02:32.353 [main] DEBUG o.flywaydb.core.internal.sqlscript.ParserSqlScript - Found statement at line 18: ALTER TABLE `sys_user` ADD COLUMN `last_login_ip` VARCHAR(50) COMMENT '最后登录IP' AFTER `last_login_at`
2026-05-23 19:02:32.353 [main] DEBUG o.flywaydb.core.internal.sqlscript.ParserSqlScript - Found statement at line 19: ALTER TABLE `sys_user` ADD COLUMN `employee_id` BIGINT COMMENT '绑定员工ID' AFTER `avatar_file_id`
2026-05-23 19:02:32.353 [main] DEBUG o.flywaydb.core.internal.sqlscript.ParserSqlScript - Found statement at line 24: -- ============================================================
-- 1b. 修复 sys_user_role 缺失列
-- ============================================================
ALTER TABLE `sys_user_role` ADD COLUMN `version` INT DEFAULT 1 COMMENT '版本号' AFTER `deleted`
2026-05-23 19:02:32.354 [main] DEBUG o.flywaydb.core.internal.sqlscript.ParserSqlScript - Found statement at line 29: -- ============================================================
-- 1c. 修复 sys_role_permission 缺失列
-- ============================================================
ALTER TABLE `sys_role_permission` ADD COLUMN `version` INT DEFAULT 1 COMMENT '版本号' AFTER `deleted`
2026-05-23 19:02:32.354 [main] DEBUG o.flywaydb.core.internal.sqlscript.ParserSqlScript - Found statement at line 34: -- ============================================================
-- 1d. 修复 sys_role_menu 缺失列
-- ============================================================
ALTER TABLE `sys_role_menu` ADD COLUMN `version` INT DEFAULT 1 COMMENT '版本号' AFTER `deleted`
2026-05-23 19:02:32.354 [main] DEBUG o.flywaydb.core.internal.sqlscript.ParserSqlScript - Found statement at line 40: -- ============================================================
-- 2. 修复 sys_role 列名
-- ============================================================
-- status: TINYINT → VARCHAR(32)
ALTER TABLE `sys_role` MODIFY COLUMN `status` VARCHAR(32) NOT NULL DEFAULT 'ENABLED' COMMENT '状态(ENABLED/DISABLED)'
2026-05-23 19:02:32.354 [main] DEBUG o.flywaydb.core.internal.sqlscript.ParserSqlScript - Found statement at line 41: UPDATE `sys_role` SET `status` = CASE WHEN `status` = '0' THEN 'DISABLED' WHEN `status` = '1' THEN 'ENABLED' ELSE `status` END WHERE `status` IN ('0', '1')
2026-05-23 19:02:32.354 [main] DEBUG o.flywaydb.core.internal.sqlscript.ParserSqlScript - Found statement at line 43: -- role_name → name, role_code → code
ALTER TABLE `sys_role` CHANGE COLUMN `role_name` `name` VARCHAR(50) NOT NULL COMMENT '角色名称'
2026-05-23 19:02:32.354 [main] DEBUG o.flywaydb.core.internal.sqlscript.ParserSqlScript - Found statement at line 44: ALTER TABLE `sys_role` CHANGE COLUMN `role_code` `code` VARCHAR(50) NOT NULL COMMENT '角色编码'
2026-05-23 19:02:32.354 [main] DEBUG o.flywaydb.core.internal.sqlscript.ParserSqlScript - Found statement at line 46: -- 添加缺失列
ALTER TABLE `sys_role` ADD COLUMN `sort_order` INT DEFAULT 0 COMMENT '排序号' AFTER `description`
2026-05-23 19:02:32.354 [main] DEBUG o.flywaydb.core.internal.sqlscript.ParserSqlScript - Found statement at line 47: ALTER TABLE `sys_role` ADD COLUMN `data_scope_type` VARCHAR(32) DEFAULT 'SELF' COMMENT '数据权限范围' AFTER `sort_order`
2026-05-23 19:02:32.354 [main] DEBUG o.flywaydb.core.internal.sqlscript.ParserSqlScript - Found statement at line 53: -- ============================================================
-- 3. 修复 sys_permission 列名和类型
-- ============================================================
-- status: TINYINT → VARCHAR(32)
ALTER TABLE `sys_permission` MODIFY COLUMN `status` VARCHAR(32) NOT NULL DEFAULT 'ENABLED' COMMENT '状态'
2026-05-23 19:02:32.354 [main] DEBUG o.flywaydb.core.internal.sqlscript.ParserSqlScript - Found statement at line 54: UPDATE `sys_permission` SET `status` = CASE WHEN `status` = '0' THEN 'DISABLED' WHEN `status` = '1' THEN 'ENABLED' ELSE `status` END WHERE `status` IN ('0', '1')
2026-05-23 19:02:32.354 [main] DEBUG o.flywaydb.core.internal.sqlscript.ParserSqlScript - Found statement at line 56: -- permission_name → name, permission_code → code
ALTER TABLE `sys_permission` CHANGE COLUMN `permission_name` `name` VARCHAR(50) NOT NULL COMMENT '权限名称'
2026-05-23 19:02:32.354 [main] DEBUG o.flywaydb.core.internal.sqlscript.ParserSqlScript - Found statement at line 57: ALTER TABLE `sys_permission` CHANGE COLUMN `permission_code` `code` VARCHAR(100) NOT NULL COMMENT '权限编码'
2026-05-23 19:02:32.354 [main] DEBUG o.flywaydb.core.internal.sqlscript.ParserSqlScript - Found statement at line 59: -- 添加缺失列
ALTER TABLE `sys_permission` ADD COLUMN `sort_order` INT DEFAULT 0 COMMENT '排序号' AFTER `status`
2026-05-23 19:02:32.354 [main] DEBUG o.flywaydb.core.internal.sqlscript.ParserSqlScript - Found statement at line 64: -- ============================================================
-- 4. 种子数据：管理员角色
-- ============================================================
INSERT INTO sys_role (id, code, name, description, status, data_scope_type, sort_order, created_at, updated_at, created_by, updated_by, deleted, version)
VALUES (1, 'ADMIN', '超级管理员', '系统超级管理员，拥有所有权限', 'ENABLED', 'ALL', 1, NOW(), NOW(), 'system', 'system', 0, 1)
2026-05-23 19:02:32.355 [main] DEBUG o.flywaydb.core.internal.sqlscript.ParserSqlScript - Found statement at line 70: -- ============================================================
-- 5. 种子数据：普通用户角色
-- ============================================================
INSERT INTO sys_role (id, code, name, description, status, data_scope_type, sort_order, created_at, updated_at, created_by, updated_by, deleted, version)
VALUES (2, 'USER', '普通用户', '普通用户，拥有基本查看权限', 'ENABLED', 'SELF', 2, NOW(), NOW(), 'system', 'system', 0, 1)
2026-05-23 19:02:32.355 [main] DEBUG o.flywaydb.core.internal.sqlscript.ParserSqlScript - Found statement at line 76: -- ============================================================
-- 6. 种子数据：管理员用户（密码: admin123，BCrypt 加密）
-- ============================================================
INSERT INTO sys_user (id, username, password_hash, nickname, status, created_at, updated_at, created_by, updated_by, deleted, version)
VALUES (1, 'admin', '$2a$10$P6lqkvsCYZINKMUv0gjW7ON8IJB8UM71Rk4i9oAQxaHjSoXZ5TCLm', '超级管理员', 'ENABLED', NOW(), NOW(), 'system', 'system', 0, 1)
2026-05-23 19:02:32.355 [main] DEBUG o.flywaydb.core.internal.sqlscript.ParserSqlScript - Found statement at line 82: -- ============================================================
-- 7. 种子数据：测试用户（密码: test123，BCrypt 加密）
-- ============================================================
INSERT INTO sys_user (id, username, password_hash, nickname, status, created_at, updated_at, created_by, updated_by, deleted, version)
VALUES (2, 'testuser', '$2a$10$P6lqkvsCYZINKMUv0gjW7ON8IJB8UM71Rk4i9oAQxaHjSoXZ5TCLm', '测试用户', 'ENABLED', NOW(), NOW(), 'system', 'system', 0, 1)
2026-05-23 19:02:32.355 [main] DEBUG o.flywaydb.core.internal.sqlscript.ParserSqlScript - Found statement at line 88: -- ============================================================
-- 8. 关联管理员用户和角色
-- ============================================================
INSERT INTO sys_user_role (id, user_id, role_id, created_at, created_by, updated_at, updated_by, deleted)
VALUES (1, 1, 1, NOW(), 'system', NOW(), 'system', 0)
2026-05-23 19:02:32.355 [main] DEBUG o.flywaydb.core.internal.sqlscript.ParserSqlScript - Found statement at line 94: -- ============================================================
-- 9. 种子数据：基础权限
-- ============================================================
INSERT INTO sys_permission (id, code, name, description, status, type, module, resource, action, sort_order, created_at, updated_at, created_by, updated_by, deleted, version)
VALUES
(1, 'system:user:view', '查看用户', '查看用户信息', 'ENABLED', 'BUTTON', 'system', 'user', 'view', 1, NOW(), NOW(), 'system', 'system', 0, 1),
(2, 'system:user:create', '创建用户', '创建新用户', 'ENABLED', 'BUTTON', 'system', 'user', 'create', 2, NOW(), NOW(), 'system', 'system', 0, 1),
(3, 'system:user:update', '编辑用户', '编辑用户信息', 'ENABLED', 'BUTTON', 'system', 'user', 'update', 3, NOW(), NOW(), 'system', 'system', 0, 1),
(4, 'system:user:delete', '删除用户', '删除用户', 'ENABLED', 'BUTTON', 'system', 'user', 'delete', 4, NOW(), NOW(), 'system', 'system', 0, 1),
(5, 'system:role:view', '查看角色', '查看角色信息', 'ENABLED', 'BUTTON', 'system', 'role', 'view', 5, NOW(), NOW(), 'system', 'system', 0, 1),
(6, 'system:role:create', '创建角色', '创建新角色', 'ENABLED', 'BUTTON', 'system', 'role', 'create', 6, NOW(), NOW(), 'system', 'system', 0, 1),
(7, 'system:role:update', '编辑角色', '编辑角色信息', 'ENABLED', 'BUTTON', 'system', 'role', 'update', 7, NOW(), NOW(), 'system', 'system', 0, 1),
(8, 'system:role:delete', '删除角色', '删除角色', 'ENABLED', 'BUTTON', 'system', 'role', 'delete', 8, NOW(), NOW(), 'system', 'system', 0, 1)
2026-05-23 19:02:32.356 [main] DEBUG o.flywaydb.core.internal.sqlscript.ParserSqlScript - Found statement at line 108: -- ============================================================
-- 10. 种子数据：基础菜单
-- ============================================================
INSERT INTO sys_menu (id, parent_id, name, path, component, icon, sort_order, type, permission_code, visible, status, created_at, updated_at, created_by, updated_by, deleted, version)
VALUES
(1, 0, '系统管理', '/system', NULL, 'setting', 1, 1, NULL, 1, 1, NOW(), NOW(), 'system', 'system', 0, 1),
(2, 1, '用户管理', '/system/users', 'system/users/index', 'user', 1, 2, 'system:user:view', 1, 1, NOW(), NOW(), 'system', 'system', 0, 1),
(3, 1, '角色管理', '/system/roles', 'system/roles/index', 'team', 2, 2, 'system:role:view', 1, 1, NOW(), NOW(), 'system', 'system', 0, 1),
(4, 1, '权限管理', '/system/permissions', 'system/permissions/index', 'safety', 3, 2, 'system:permission:view', 1, 1, NOW(), NOW(), 'system', 'system', 0, 1),
(5, 1, '菜单管理', '/system/menus', 'system/menus/index', 'menu', 4, 2, 'system:menu:view', 1, 1, NOW(), NOW(), 'system', 'system', 0, 1)
2026-05-23 19:02:32.356 [main] DEBUG o.flywaydb.core.internal.sqlscript.ParserSqlScript - Found statement at line 119: -- ============================================================
-- 11. 关联管理员角色和所有权限
-- ============================================================
INSERT INTO sys_role_permission (id, role_id, permission_id, created_at, created_by, updated_at, updated_by, deleted)
VALUES
(1, 1, 1, NOW(), 'system', NOW(), 'system', 0),
(2, 1, 2, NOW(), 'system', NOW(), 'system', 0),
(3, 1, 3, NOW(), 'system', NOW(), 'system', 0),
(4, 1, 4, NOW(), 'system', NOW(), 'system', 0),
(5, 1, 5, NOW(), 'system', NOW(), 'system', 0),
(6, 1, 6, NOW(), 'system', NOW(), 'system', 0),
(7, 1, 7, NOW(), 'system', NOW(), 'system', 0),
(8, 1, 8, NOW(), 'system', NOW(), 'system', 0)
2026-05-23 19:02:32.357 [main] DEBUG o.flywaydb.core.internal.sqlscript.ParserSqlScript - Found statement at line 133: -- ============================================================
-- 12. 关联管理员角色和所有菜单
-- ============================================================
INSERT INTO sys_role_menu (id, role_id, menu_id, created_at, created_by, updated_at, updated_by, deleted)
VALUES
(1, 1, 1, NOW(), 'system', NOW(), 'system', 0),
(2, 1, 2, NOW(), 'system', NOW(), 'system', 0),
(3, 1, 3, NOW(), 'system', NOW(), 'system', 0),
(4, 1, 4, NOW(), 'system', NOW(), 'system', 0),
(5, 1, 5, NOW(), 'system', NOW(), 'system', 0)
2026-05-23 19:02:32.359 [main] DEBUG org.flywaydb.core.internal.command.DbMigrate - Starting migration of schema `admin_scaffold_test` to version "3 - seed data" ...
2026-05-23 19:02:32.364 [main] INFO  org.flywaydb.core.internal.command.DbMigrate - Migrating schema `admin_scaffold_test` to version "3 - seed data"
2026-05-23 19:02:32.365 [main] DEBUG o.f.c.internal.sqlscript.DefaultSqlScriptExecutor - Executing SQL: -- V3: 修复列名不匹配 + 种子数据
-- LOCAL-ONLY: 仅用于本地开发环境
-- 修复 V1 Schema 与 Entity 字段名之间的不一致（MyBatis-Plus 驼峰映射）

-- ============================================================
-- 1. 修复 sys_user 列名
-- ============================================================
-- status: TINYINT → VARCHAR(32)，映射 0→DISABLED, 1→ENABLED
ALTER TABLE `sys_user` MODIFY COLUMN `status` VARCHAR(32) NOT NULL DEFAULT 'ENABLED' COMMENT '状态(ENABLED/DISABLED/LOCKED)'
2026-05-23 19:02:32.512 [main] DEBUG o.f.c.internal.sqlscript.DefaultSqlScriptExecutor - 0 rows affected
2026-05-23 19:02:32.512 [main] DEBUG o.f.c.internal.sqlscript.DefaultSqlScriptExecutor - Executing SQL: UPDATE `sys_user` SET `status` = CASE WHEN `status` = '0' THEN 'DISABLED' WHEN `status` = '1' THEN 'ENABLED' ELSE `status` END WHERE `status` IN ('0', '1')
2026-05-23 19:02:32.515 [main] DEBUG o.f.c.internal.sqlscript.DefaultSqlScriptExecutor - 0 rows affected
2026-05-23 19:02:32.515 [main] DEBUG o.f.c.internal.sqlscript.DefaultSqlScriptExecutor - Executing SQL: -- password → password_hash
ALTER TABLE `sys_user` CHANGE COLUMN `password` `password_hash` VARCHAR(100) NOT NULL COMMENT '密码哈希'
2026-05-23 19:02:32.542 [main] DEBUG o.f.c.internal.sqlscript.DefaultSqlScriptExecutor - 0 rows affected
2026-05-23 19:02:32.542 [main] DEBUG o.f.c.internal.sqlscript.DefaultSqlScriptExecutor - Executing SQL: -- avatar → avatar_file_id（类型不变仍为 VARCHAR，后续可通过新迁移改为 BIGINT）
ALTER TABLE `sys_user` CHANGE COLUMN `avatar` `avatar_file_id` VARCHAR(255) COMMENT '头像文件ID'
2026-05-23 19:02:32.570 [main] DEBUG o.f.c.internal.sqlscript.DefaultSqlScriptExecutor - 0 rows affected
2026-05-23 19:02:32.570 [main] DEBUG o.f.c.internal.sqlscript.DefaultSqlScriptExecutor - Executing SQL: -- 添加缺失列
ALTER TABLE `sys_user` ADD COLUMN `token_version` INT DEFAULT 1 COMMENT 'token版本号' AFTER `status`
2026-05-23 19:02:32.598 [main] DEBUG o.f.c.internal.sqlscript.DefaultSqlScriptExecutor - 0 rows affected
2026-05-23 19:02:32.598 [main] DEBUG o.f.c.internal.sqlscript.DefaultSqlScriptExecutor - Executing SQL: ALTER TABLE `sys_user` ADD COLUMN `last_login_at` DATETIME COMMENT '最后登录时间' AFTER `token_version`
2026-05-23 19:02:32.629 [main] DEBUG o.f.c.internal.sqlscript.DefaultSqlScriptExecutor - 0 rows affected
2026-05-23 19:02:32.629 [main] DEBUG o.f.c.internal.sqlscript.DefaultSqlScriptExecutor - Executing SQL: ALTER TABLE `sys_user` ADD COLUMN `last_login_ip` VARCHAR(50) COMMENT '最后登录IP' AFTER `last_login_at`
2026-05-23 19:02:32.656 [main] DEBUG o.f.c.internal.sqlscript.DefaultSqlScriptExecutor - 0 rows affected
2026-05-23 19:02:32.656 [main] DEBUG o.f.c.internal.sqlscript.DefaultSqlScriptExecutor - Executing SQL: ALTER TABLE `sys_user` ADD COLUMN `employee_id` BIGINT COMMENT '绑定员工ID' AFTER `avatar_file_id`
2026-05-23 19:02:32.684 [main] DEBUG o.f.c.internal.sqlscript.DefaultSqlScriptExecutor - 0 rows affected
2026-05-23 19:02:32.684 [main] DEBUG o.f.c.internal.sqlscript.DefaultSqlScriptExecutor - Executing SQL: -- ============================================================
-- 1b. 修复 sys_user_role 缺失列
-- ============================================================
ALTER TABLE `sys_user_role` ADD COLUMN `version` INT DEFAULT 1 COMMENT '版本号' AFTER `deleted`
2026-05-23 19:02:32.712 [main] DEBUG o.f.c.internal.sqlscript.DefaultSqlScriptExecutor - 0 rows affected
2026-05-23 19:02:32.712 [main] DEBUG o.f.c.internal.sqlscript.DefaultSqlScriptExecutor - Executing SQL: -- ============================================================
-- 1c. 修复 sys_role_permission 缺失列
-- ============================================================
ALTER TABLE `sys_role_permission` ADD COLUMN `version` INT DEFAULT 1 COMMENT '版本号' AFTER `deleted`
2026-05-23 19:02:32.739 [main] DEBUG o.f.c.internal.sqlscript.DefaultSqlScriptExecutor - 0 rows affected
2026-05-23 19:02:32.739 [main] DEBUG o.f.c.internal.sqlscript.DefaultSqlScriptExecutor - Executing SQL: -- ============================================================
-- 1d. 修复 sys_role_menu 缺失列
-- ============================================================
ALTER TABLE `sys_role_menu` ADD COLUMN `version` INT DEFAULT 1 COMMENT '版本号' AFTER `deleted`
2026-05-23 19:02:32.766 [main] DEBUG o.f.c.internal.sqlscript.DefaultSqlScriptExecutor - 0 rows affected
2026-05-23 19:02:32.766 [main] DEBUG o.f.c.internal.sqlscript.DefaultSqlScriptExecutor - Executing SQL: -- ============================================================
-- 2. 修复 sys_role 列名
-- ============================================================
-- status: TINYINT → VARCHAR(32)
ALTER TABLE `sys_role` MODIFY COLUMN `status` VARCHAR(32) NOT NULL DEFAULT 'ENABLED' COMMENT '状态(ENABLED/DISABLED)'
2026-05-23 19:02:32.883 [main] DEBUG o.f.c.internal.sqlscript.DefaultSqlScriptExecutor - 0 rows affected
2026-05-23 19:02:32.883 [main] DEBUG o.f.c.internal.sqlscript.DefaultSqlScriptExecutor - Executing SQL: UPDATE `sys_role` SET `status` = CASE WHEN `status` = '0' THEN 'DISABLED' WHEN `status` = '1' THEN 'ENABLED' ELSE `status` END WHERE `status` IN ('0', '1')
2026-05-23 19:02:32.890 [main] DEBUG o.f.c.internal.sqlscript.DefaultSqlScriptExecutor - 0 rows affected
2026-05-23 19:02:32.890 [main] DEBUG o.f.c.internal.sqlscript.DefaultSqlScriptExecutor - Executing SQL: -- role_name → name, role_code → code
ALTER TABLE `sys_role` CHANGE COLUMN `role_name` `name` VARCHAR(50) NOT NULL COMMENT '角色名称'
2026-05-23 19:02:32.917 [main] DEBUG o.f.c.internal.sqlscript.DefaultSqlScriptExecutor - 0 rows affected
2026-05-23 19:02:32.917 [main] DEBUG o.f.c.internal.sqlscript.DefaultSqlScriptExecutor - Executing SQL: ALTER TABLE `sys_role` CHANGE COLUMN `role_code` `code` VARCHAR(50) NOT NULL COMMENT '角色编码'
2026-05-23 19:02:32.944 [main] DEBUG o.f.c.internal.sqlscript.DefaultSqlScriptExecutor - 0 rows affected
2026-05-23 19:02:32.944 [main] DEBUG o.f.c.internal.sqlscript.DefaultSqlScriptExecutor - Executing SQL: -- 添加缺失列
ALTER TABLE `sys_role` ADD COLUMN `sort_order` INT DEFAULT 0 COMMENT '排序号' AFTER `description`
2026-05-23 19:02:32.970 [main] DEBUG o.f.c.internal.sqlscript.DefaultSqlScriptExecutor - 0 rows affected
2026-05-23 19:02:32.970 [main] DEBUG o.f.c.internal.sqlscript.DefaultSqlScriptExecutor - Executing SQL: ALTER TABLE `sys_role` ADD COLUMN `data_scope_type` VARCHAR(32) DEFAULT 'SELF' COMMENT '数据权限范围' AFTER `sort_order`
2026-05-23 19:02:32.998 [main] DEBUG o.f.c.internal.sqlscript.DefaultSqlScriptExecutor - 0 rows affected
2026-05-23 19:02:32.998 [main] DEBUG o.f.c.internal.sqlscript.DefaultSqlScriptExecutor - Executing SQL: -- ============================================================
-- 3. 修复 sys_permission 列名和类型
-- ============================================================
-- status: TINYINT → VARCHAR(32)
ALTER TABLE `sys_permission` MODIFY COLUMN `status` VARCHAR(32) NOT NULL DEFAULT 'ENABLED' COMMENT '状态'
2026-05-23 19:02:33.136 [main] DEBUG o.f.c.internal.sqlscript.DefaultSqlScriptExecutor - 0 rows affected
2026-05-23 19:02:33.136 [main] DEBUG o.f.c.internal.sqlscript.DefaultSqlScriptExecutor - Executing SQL: UPDATE `sys_permission` SET `status` = CASE WHEN `status` = '0' THEN 'DISABLED' WHEN `status` = '1' THEN 'ENABLED' ELSE `status` END WHERE `status` IN ('0', '1')
2026-05-23 19:02:33.140 [main] DEBUG o.f.c.internal.sqlscript.DefaultSqlScriptExecutor - 0 rows affected
2026-05-23 19:02:33.140 [main] DEBUG o.f.c.internal.sqlscript.DefaultSqlScriptExecutor - Executing SQL: -- permission_name → name, permission_code → code
ALTER TABLE `sys_permission` CHANGE COLUMN `permission_name` `name` VARCHAR(50) NOT NULL COMMENT '权限名称'
2026-05-23 19:02:33.166 [main] DEBUG o.f.c.internal.sqlscript.DefaultSqlScriptExecutor - 0 rows affected
2026-05-23 19:02:33.166 [main] DEBUG o.f.c.internal.sqlscript.DefaultSqlScriptExecutor - Executing SQL: ALTER TABLE `sys_permission` CHANGE COLUMN `permission_code` `code` VARCHAR(100) NOT NULL COMMENT '权限编码'
2026-05-23 19:02:33.194 [main] DEBUG o.f.c.internal.sqlscript.DefaultSqlScriptExecutor - 0 rows affected
2026-05-23 19:02:33.194 [main] DEBUG o.f.c.internal.sqlscript.DefaultSqlScriptExecutor - Executing SQL: -- 添加缺失列
ALTER TABLE `sys_permission` ADD COLUMN `sort_order` INT DEFAULT 0 COMMENT '排序号' AFTER `status`
2026-05-23 19:02:33.220 [main] DEBUG o.f.c.internal.sqlscript.DefaultSqlScriptExecutor - 0 rows affected
2026-05-23 19:02:33.220 [main] DEBUG o.f.c.internal.sqlscript.DefaultSqlScriptExecutor - Executing SQL: -- ============================================================
-- 4. 种子数据：管理员角色
-- ============================================================
INSERT INTO sys_role (id, code, name, description, status, data_scope_type, sort_order, created_at, updated_at, created_by, updated_by, deleted, version)
VALUES (1, 'ADMIN', '超级管理员', '系统超级管理员，拥有所有权限', 'ENABLED', 'ALL', 1, NOW(), NOW(), 'system', 'system', 0, 1)
2026-05-23 19:02:33.222 [main] DEBUG o.f.c.internal.sqlscript.DefaultSqlScriptExecutor - 1 row affected
2026-05-23 19:02:33.222 [main] DEBUG o.f.c.internal.sqlscript.DefaultSqlScriptExecutor - Executing SQL: -- ============================================================
-- 5. 种子数据：普通用户角色
-- ============================================================
INSERT INTO sys_role (id, code, name, description, status, data_scope_type, sort_order, created_at, updated_at, created_by, updated_by, deleted, version)
VALUES (2, 'USER', '普通用户', '普通用户，拥有基本查看权限', 'ENABLED', 'SELF', 2, NOW(), NOW(), 'system', 'system', 0, 1)
2026-05-23 19:02:33.225 [main] DEBUG o.f.c.internal.sqlscript.DefaultSqlScriptExecutor - 1 row affected
2026-05-23 19:02:33.225 [main] DEBUG o.f.c.internal.sqlscript.DefaultSqlScriptExecutor - Executing SQL: -- ============================================================
-- 6. 种子数据：管理员用户（密码: admin123，BCrypt 加密）
-- ============================================================
INSERT INTO sys_user (id, username, password_hash, nickname, status, created_at, updated_at, created_by, updated_by, deleted, version)
VALUES (1, 'admin', '$2a$10$P6lqkvsCYZINKMUv0gjW7ON8IJB8UM71Rk4i9oAQxaHjSoXZ5TCLm', '超级管理员', 'ENABLED', NOW(), NOW(), 'system', 'system', 0, 1)
2026-05-23 19:02:33.228 [main] DEBUG o.f.c.internal.sqlscript.DefaultSqlScriptExecutor - 1 row affected
2026-05-23 19:02:33.228 [main] DEBUG o.f.c.internal.sqlscript.DefaultSqlScriptExecutor - Executing SQL: -- ============================================================
-- 7. 种子数据：测试用户（密码: test123，BCrypt 加密）
-- ============================================================
INSERT INTO sys_user (id, username, password_hash, nickname, status, created_at, updated_at, created_by, updated_by, deleted, version)
VALUES (2, 'testuser', '$2a$10$P6lqkvsCYZINKMUv0gjW7ON8IJB8UM71Rk4i9oAQxaHjSoXZ5TCLm', '测试用户', 'ENABLED', NOW(), NOW(), 'system', 'system', 0, 1)
2026-05-23 19:02:33.231 [main] DEBUG o.f.c.internal.sqlscript.DefaultSqlScriptExecutor - 1 row affected
2026-05-23 19:02:33.231 [main] DEBUG o.f.c.internal.sqlscript.DefaultSqlScriptExecutor - Executing SQL: -- ============================================================
-- 8. 关联管理员用户和角色
-- ============================================================
INSERT INTO sys_user_role (id, user_id, role_id, created_at, created_by, updated_at, updated_by, deleted)
VALUES (1, 1, 1, NOW(), 'system', NOW(), 'system', 0)
2026-05-23 19:02:33.233 [main] DEBUG o.f.c.internal.sqlscript.DefaultSqlScriptExecutor - 1 row affected
2026-05-23 19:02:33.233 [main] DEBUG o.f.c.internal.sqlscript.DefaultSqlScriptExecutor - Executing SQL: -- ============================================================
-- 9. 种子数据：基础权限
-- ============================================================
INSERT INTO sys_permission (id, code, name, description, status, type, module, resource, action, sort_order, created_at, updated_at, created_by, updated_by, deleted, version)
VALUES
(1, 'system:user:view', '查看用户', '查看用户信息', 'ENABLED', 'BUTTON', 'system', 'user', 'view', 1, NOW(), NOW(), 'system', 'system', 0, 1),
(2, 'system:user:create', '创建用户', '创建新用户', 'ENABLED', 'BUTTON', 'system', 'user', 'create', 2, NOW(), NOW(), 'system', 'system', 0, 1),
(3, 'system:user:update', '编辑用户', '编辑用户信息', 'ENABLED', 'BUTTON', 'system', 'user', 'update', 3, NOW(), NOW(), 'system', 'system', 0, 1),
(4, 'system:user:delete', '删除用户', '删除用户', 'ENABLED', 'BUTTON', 'system', 'user', 'delete', 4, NOW(), NOW(), 'system', 'system', 0, 1),
(5, 'system:role:view', '查看角色', '查看角色信息', 'ENABLED', 'BUTTON', 'system', 'role', 'view', 5, NOW(), NOW(), 'system', 'system', 0, 1),
(6, 'system:role:create', '创建角色', '创建新角色', 'ENABLED', 'BUTTON', 'system', 'role', 'create', 6, NOW(), NOW(), 'system', 'system', 0, 1),
(7, 'system:role:update', '编辑角色', '编辑角色信息', 'ENABLED', 'BUTTON', 'system', 'role', 'update', 7, NOW(), NOW(), 'system', 'system', 0, 1),
(8, 'system:role:delete', '删除角色', '删除角色', 'ENABLED', 'BUTTON', 'system', 'role', 'delete', 8, NOW(), NOW(), 'system', 'system', 0, 1)
2026-05-23 19:02:33.235 [main] DEBUG o.f.c.internal.sqlscript.DefaultSqlScriptExecutor - 8 rows affected
2026-05-23 19:02:33.235 [main] DEBUG o.f.c.internal.sqlscript.DefaultSqlScriptExecutor - Executing SQL: -- ============================================================
-- 10. 种子数据：基础菜单
-- ============================================================
INSERT INTO sys_menu (id, parent_id, name, path, component, icon, sort_order, type, permission_code, visible, status, created_at, updated_at, created_by, updated_by, deleted, version)
VALUES
(1, 0, '系统管理', '/system', NULL, 'setting', 1, 1, NULL, 1, 1, NOW(), NOW(), 'system', 'system', 0, 1),
(2, 1, '用户管理', '/system/users', 'system/users/index', 'user', 1, 2, 'system:user:view', 1, 1, NOW(), NOW(), 'system', 'system', 0, 1),
(3, 1, '角色管理', '/system/roles', 'system/roles/index', 'team', 2, 2, 'system:role:view', 1, 1, NOW(), NOW(), 'system', 'system', 0, 1),
(4, 1, '权限管理', '/system/permissions', 'system/permissions/index', 'safety', 3, 2, 'system:permission:view', 1, 1, NOW(), NOW(), 'system', 'system', 0, 1),
(5, 1, '菜单管理', '/system/menus', 'system/menus/index', 'menu', 4, 2, 'system:menu:view', 1, 1, NOW(), NOW(), 'system', 'system', 0, 1)
2026-05-23 19:02:33.240 [main] DEBUG o.f.c.internal.sqlscript.DefaultSqlScriptExecutor - 5 rows affected
2026-05-23 19:02:33.240 [main] DEBUG o.f.c.internal.sqlscript.DefaultSqlScriptExecutor - Executing SQL: -- ============================================================
-- 11. 关联管理员角色和所有权限
-- ============================================================
INSERT INTO sys_role_permission (id, role_id, permission_id, created_at, created_by, updated_at, updated_by, deleted)
VALUES
(1, 1, 1, NOW(), 'system', NOW(), 'system', 0),
(2, 1, 2, NOW(), 'system', NOW(), 'system', 0),
(3, 1, 3, NOW(), 'system', NOW(), 'system', 0),
(4, 1, 4, NOW(), 'system', NOW(), 'system', 0),
(5, 1, 5, NOW(), 'system', NOW(), 'system', 0),
(6, 1, 6, NOW(), 'system', NOW(), 'system', 0),
(7, 1, 7, NOW(), 'system', NOW(), 'system', 0),
(8, 1, 8, NOW(), 'system', NOW(), 'system', 0)
2026-05-23 19:02:33.243 [main] DEBUG o.f.c.internal.sqlscript.DefaultSqlScriptExecutor - 8 rows affected
2026-05-23 19:02:33.243 [main] DEBUG o.f.c.internal.sqlscript.DefaultSqlScriptExecutor - Executing SQL: -- ============================================================
-- 12. 关联管理员角色和所有菜单
-- ============================================================
INSERT INTO sys_role_menu (id, role_id, menu_id, created_at, created_by, updated_at, updated_by, deleted)
VALUES
(1, 1, 1, NOW(), 'system', NOW(), 'system', 0),
(2, 1, 2, NOW(), 'system', NOW(), 'system', 0),
(3, 1, 3, NOW(), 'system', NOW(), 'system', 0),
(4, 1, 4, NOW(), 'system', NOW(), 'system', 0),
(5, 1, 5, NOW(), 'system', NOW(), 'system', 0)
2026-05-23 19:02:33.245 [main] DEBUG o.f.c.internal.sqlscript.DefaultSqlScriptExecutor - 5 rows affected
2026-05-23 19:02:33.245 [main] DEBUG org.flywaydb.core.internal.command.DbMigrate - Successfully completed migration of schema `admin_scaffold_test` to version "3 - seed data"
2026-05-23 19:02:33.257 [main] DEBUG o.f.c.i.schemahistory.JdbcTableSchemaHistory - Schema History table `admin_scaffold_test`.`flyway_schema_history` successfully updated to reflect changes
2026-05-23 19:02:33.276 [main] DEBUG o.f.core.api.configuration.ClassicConfiguration - CherryPickConfigurationExtension not found
2026-05-23 19:02:33.283 [main] DEBUG org.flywaydb.core.internal.parser.Parser - Parsing V4__add_employee_org_tables.sql ...
2026-05-23 19:02:33.284 [main] DEBUG o.flywaydb.core.internal.sqlscript.ParserSqlScript - Found statement at line 8: -- M3: 员工组织模块 - 新增4张表
-- hr_employee: 员工主数据表
-- org_unit: 组织架构表
-- employee_org: 员工-组织多对多关联表
-- sys_role_org: 角色-组织自定义数据权限范围表

-- 员工主数据表
CREATE TABLE IF NOT EXISTS `hr_employee` (
    `id` BIGINT NOT NULL AUTO_INCREMENT COMMENT '主键ID',
    `employee_no` VARCHAR(64) NOT NULL COMMENT '员工工号',
    `name` VARCHAR(100) NOT NULL COMMENT '员工姓名',
    `preferred_name` VARCHAR(100) COMMENT '常用名/花名',
    `mobile` VARCHAR(32) COMMENT '手机号',
    `email` VARCHAR(100) COMMENT '邮箱',
    `primary_org_id` BIGINT COMMENT '主组织ID',
    `job_title` VARCHAR(100) COMMENT '职位',
    `employment_status` VARCHAR(32) NOT NULL DEFAULT 'ACTIVE' COMMENT '在职状态(ACTIVE/RESIGNED/SUSPENDED)',
    `entry_date` DATE COMMENT '入职日期',
    `leave_date` DATE COMMENT '离职日期',
    `source_type` VARCHAR(32) NOT NULL DEFAULT 'MANUAL' COMMENT '数据来源(MANUAL/IMPORT/API)',
    `created_at` DATETIME DEFAULT CURRENT_TIMESTAMP COMMENT '创建时间',
    `created_by` VARCHAR(50) COMMENT '创建人',
    `updated_at` DATETIME DEFAULT CURRENT_TIMESTAMP ON UPDATE CURRENT_TIMESTAMP COMMENT '更新时间',
    `updated_by` VARCHAR(50) COMMENT '更新人',
    `deleted` INT DEFAULT 0 COMMENT '逻辑删除标志：0-未删除，1-已删除',
    `version` INT DEFAULT 1 COMMENT '版本号',
    PRIMARY KEY (`id`),
    UNIQUE KEY `uk_employee_no` (`employee_no`),
    KEY `idx_name` (`name`),
    KEY `idx_mobile` (`mobile`),
    KEY `idx_primary_org_id` (`primary_org_id`),
    KEY `idx_employment_status` (`employment_status`)
) ENGINE=InnoDB DEFAULT CHARSET=utf8mb4 COLLATE=utf8mb4_0900_ai_ci COMMENT='员工主数据表'
2026-05-23 19:02:33.285 [main] DEBUG o.flywaydb.core.internal.sqlscript.ParserSqlScript - Found statement at line 36: -- 组织架构表
CREATE TABLE IF NOT EXISTS `org_unit` (
    `id` BIGINT NOT NULL AUTO_INCREMENT COMMENT '主键ID',
    `parent_id` BIGINT NOT NULL DEFAULT 0 COMMENT '父节点ID(0表示根节点)',
    `code` VARCHAR(64) NOT NULL COMMENT '组织编码',
    `name` VARCHAR(100) NOT NULL COMMENT '组织名称',
    `full_path` VARCHAR(500) COMMENT '完整路径(如/1/5/12/)',
    `level` INT DEFAULT 1 COMMENT '层级(从1开始)',
    `manager_employee_id` BIGINT COMMENT '负责人员工ID',
    `sort_order` INT DEFAULT 0 COMMENT '排序号',
    `status` VARCHAR(32) DEFAULT 'ENABLED' COMMENT '状态(ENABLED/DISABLED)',
    `source_type` VARCHAR(32) NOT NULL DEFAULT 'MANUAL' COMMENT '数据来源(MANUAL/IMPORT/API)',
    `created_at` DATETIME DEFAULT CURRENT_TIMESTAMP COMMENT '创建时间',
    `created_by` VARCHAR(50) COMMENT '创建人',
    `updated_at` DATETIME DEFAULT CURRENT_TIMESTAMP ON UPDATE CURRENT_TIMESTAMP COMMENT '更新时间',
    `updated_by` VARCHAR(50) COMMENT '更新人',
    `deleted` INT DEFAULT 0 COMMENT '逻辑删除标志：0-未删除，1-已删除',
    `version` INT DEFAULT 1 COMMENT '版本号',
    PRIMARY KEY (`id`),
    UNIQUE KEY `uk_code` (`code`),
    KEY `idx_parent_id` (`parent_id`),
    KEY `idx_manager_employee_id` (`manager_employee_id`)
) ENGINE=InnoDB DEFAULT CHARSET=utf8mb4 COLLATE=utf8mb4_0900_ai_ci COMMENT='组织架构表'
2026-05-23 19:02:33.285 [main] DEBUG o.flywaydb.core.internal.sqlscript.ParserSqlScript - Found statement at line 60: -- 员工-组织多对多关联表
CREATE TABLE IF NOT EXISTS `employee_org` (
    `id` BIGINT NOT NULL AUTO_INCREMENT COMMENT '主键ID',
    `employee_id` BIGINT NOT NULL COMMENT '员工ID',
    `org_id` BIGINT NOT NULL COMMENT '组织ID',
    `is_primary` TINYINT DEFAULT 0 COMMENT '是否主组织(0-否，1-是)',
    `position_name` VARCHAR(100) COMMENT '岗位名称',
    `start_date` DATE COMMENT '开始日期',
    `end_date` DATE COMMENT '结束日期',
    `status` VARCHAR(32) DEFAULT 'ACTIVE' COMMENT '状态(ACTIVE/INACTIVE)',
    `created_at` DATETIME DEFAULT CURRENT_TIMESTAMP COMMENT '创建时间',
    `created_by` VARCHAR(50) COMMENT '创建人',
    `updated_at` DATETIME DEFAULT CURRENT_TIMESTAMP ON UPDATE CURRENT_TIMESTAMP COMMENT '更新时间',
    `updated_by` VARCHAR(50) COMMENT '更新人',
    `deleted` INT DEFAULT 0 COMMENT '逻辑删除标志：0-未删除，1-已删除',
    `version` INT DEFAULT 1 COMMENT '版本号',
    PRIMARY KEY (`id`),
    UNIQUE KEY `uk_employee_org` (`employee_id`, `org_id`),
    KEY `idx_org_id` (`org_id`),
    KEY `idx_status` (`status`)
) ENGINE=InnoDB DEFAULT CHARSET=utf8mb4 COLLATE=utf8mb4_0900_ai_ci COMMENT='员工-组织关联表'
2026-05-23 19:02:33.286 [main] DEBUG o.flywaydb.core.internal.sqlscript.ParserSqlScript - Found statement at line 82: -- 角色-组织自定义数据权限范围表(物理删除，不做逻辑删除)
CREATE TABLE IF NOT EXISTS `sys_role_org` (
    `id` BIGINT NOT NULL AUTO_INCREMENT COMMENT '主键ID',
    `role_id` BIGINT NOT NULL COMMENT '角色ID',
    `org_id` BIGINT NOT NULL COMMENT '组织ID',
    `created_at` DATETIME DEFAULT CURRENT_TIMESTAMP COMMENT '创建时间',
    `created_by` VARCHAR(50) COMMENT '创建人',
    PRIMARY KEY (`id`),
    UNIQUE KEY `uk_role_org` (`role_id`, `org_id`),
    KEY `idx_org_id` (`org_id`)
) ENGINE=InnoDB DEFAULT CHARSET=utf8mb4 COLLATE=utf8mb4_0900_ai_ci COMMENT='角色-组织数据权限范围表'
2026-05-23 19:02:33.287 [main] DEBUG org.flywaydb.core.internal.command.DbMigrate - Starting migration of schema `admin_scaffold_test` to version "4 - add employee org tables" ...
2026-05-23 19:02:33.292 [main] INFO  org.flywaydb.core.internal.command.DbMigrate - Migrating schema `admin_scaffold_test` to version "4 - add employee org tables"
2026-05-23 19:02:33.294 [main] DEBUG o.f.c.internal.sqlscript.DefaultSqlScriptExecutor - Executing SQL: -- M3: 员工组织模块 - 新增4张表
-- hr_employee: 员工主数据表
-- org_unit: 组织架构表
-- employee_org: 员工-组织多对多关联表
-- sys_role_org: 角色-组织自定义数据权限范围表

-- 员工主数据表
CREATE TABLE IF NOT EXISTS `hr_employee` (
    `id` BIGINT NOT NULL AUTO_INCREMENT COMMENT '主键ID',
    `employee_no` VARCHAR(64) NOT NULL COMMENT '员工工号',
    `name` VARCHAR(100) NOT NULL COMMENT '员工姓名',
    `preferred_name` VARCHAR(100) COMMENT '常用名/花名',
    `mobile` VARCHAR(32) COMMENT '手机号',
    `email` VARCHAR(100) COMMENT '邮箱',
    `primary_org_id` BIGINT COMMENT '主组织ID',
    `job_title` VARCHAR(100) COMMENT '职位',
    `employment_status` VARCHAR(32) NOT NULL DEFAULT 'ACTIVE' COMMENT '在职状态(ACTIVE/RESIGNED/SUSPENDED)',
    `entry_date` DATE COMMENT '入职日期',
    `leave_date` DATE COMMENT '离职日期',
    `source_type` VARCHAR(32) NOT NULL DEFAULT 'MANUAL' COMMENT '数据来源(MANUAL/IMPORT/API)',
    `created_at` DATETIME DEFAULT CURRENT_TIMESTAMP COMMENT '创建时间',
    `created_by` VARCHAR(50) COMMENT '创建人',
    `updated_at` DATETIME DEFAULT CURRENT_TIMESTAMP ON UPDATE CURRENT_TIMESTAMP COMMENT '更新时间',
    `updated_by` VARCHAR(50) COMMENT '更新人',
    `deleted` INT DEFAULT 0 COMMENT '逻辑删除标志：0-未删除，1-已删除',
    `version` INT DEFAULT 1 COMMENT '版本号',
    PRIMARY KEY (`id`),
    UNIQUE KEY `uk_employee_no` (`employee_no`),
    KEY `idx_name` (`name`),
    KEY `idx_mobile` (`mobile`),
    KEY `idx_primary_org_id` (`primary_org_id`),
    KEY `idx_employment_status` (`employment_status`)
) ENGINE=InnoDB DEFAULT CHARSET=utf8mb4 COLLATE=utf8mb4_0900_ai_ci COMMENT='员工主数据表'
2026-05-23 19:02:33.394 [main] DEBUG o.f.c.internal.sqlscript.DefaultSqlScriptExecutor - 0 rows affected
2026-05-23 19:02:33.394 [main] DEBUG o.f.c.internal.sqlscript.DefaultSqlScriptExecutor - Executing SQL: -- 组织架构表
CREATE TABLE IF NOT EXISTS `org_unit` (
    `id` BIGINT NOT NULL AUTO_INCREMENT COMMENT '主键ID',
    `parent_id` BIGINT NOT NULL DEFAULT 0 COMMENT '父节点ID(0表示根节点)',
    `code` VARCHAR(64) NOT NULL COMMENT '组织编码',
    `name` VARCHAR(100) NOT NULL COMMENT '组织名称',
    `full_path` VARCHAR(500) COMMENT '完整路径(如/1/5/12/)',
    `level` INT DEFAULT 1 COMMENT '层级(从1开始)',
    `manager_employee_id` BIGINT COMMENT '负责人员工ID',
    `sort_order` INT DEFAULT 0 COMMENT '排序号',
    `status` VARCHAR(32) DEFAULT 'ENABLED' COMMENT '状态(ENABLED/DISABLED)',
    `source_type` VARCHAR(32) NOT NULL DEFAULT 'MANUAL' COMMENT '数据来源(MANUAL/IMPORT/API)',
    `created_at` DATETIME DEFAULT CURRENT_TIMESTAMP COMMENT '创建时间',
    `created_by` VARCHAR(50) COMMENT '创建人',
    `updated_at` DATETIME DEFAULT CURRENT_TIMESTAMP ON UPDATE CURRENT_TIMESTAMP COMMENT '更新时间',
    `updated_by` VARCHAR(50) COMMENT '更新人',
    `deleted` INT DEFAULT 0 COMMENT '逻辑删除标志：0-未删除，1-已删除',
    `version` INT DEFAULT 1 COMMENT '版本号',
    PRIMARY KEY (`id`),
    UNIQUE KEY `uk_code` (`code`),
    KEY `idx_parent_id` (`parent_id`),
    KEY `idx_manager_employee_id` (`manager_employee_id`)
) ENGINE=InnoDB DEFAULT CHARSET=utf8mb4 COLLATE=utf8mb4_0900_ai_ci COMMENT='组织架构表'
2026-05-23 19:02:33.480 [main] DEBUG o.f.c.internal.sqlscript.DefaultSqlScriptExecutor - 0 rows affected
2026-05-23 19:02:33.480 [main] DEBUG o.f.c.internal.sqlscript.DefaultSqlScriptExecutor - Executing SQL: -- 员工-组织多对多关联表
CREATE TABLE IF NOT EXISTS `employee_org` (
    `id` BIGINT NOT NULL AUTO_INCREMENT COMMENT '主键ID',
    `employee_id` BIGINT NOT NULL COMMENT '员工ID',
    `org_id` BIGINT NOT NULL COMMENT '组织ID',
    `is_primary` TINYINT DEFAULT 0 COMMENT '是否主组织(0-否，1-是)',
    `position_name` VARCHAR(100) COMMENT '岗位名称',
    `start_date` DATE COMMENT '开始日期',
    `end_date` DATE COMMENT '结束日期',
    `status` VARCHAR(32) DEFAULT 'ACTIVE' COMMENT '状态(ACTIVE/INACTIVE)',
    `created_at` DATETIME DEFAULT CURRENT_TIMESTAMP COMMENT '创建时间',
    `created_by` VARCHAR(50) COMMENT '创建人',
    `updated_at` DATETIME DEFAULT CURRENT_TIMESTAMP ON UPDATE CURRENT_TIMESTAMP COMMENT '更新时间',
    `updated_by` VARCHAR(50) COMMENT '更新人',
    `deleted` INT DEFAULT 0 COMMENT '逻辑删除标志：0-未删除，1-已删除',
    `version` INT DEFAULT 1 COMMENT '版本号',
    PRIMARY KEY (`id`),
    UNIQUE KEY `uk_employee_org` (`employee_id`, `org_id`),
    KEY `idx_org_id` (`org_id`),
    KEY `idx_status` (`status`)
) ENGINE=InnoDB DEFAULT CHARSET=utf8mb4 COLLATE=utf8mb4_0900_ai_ci COMMENT='员工-组织关联表'
2026-05-23 19:02:33.553 [main] DEBUG o.f.c.internal.sqlscript.DefaultSqlScriptExecutor - 0 rows affected
2026-05-23 19:02:33.553 [main] DEBUG o.f.c.internal.sqlscript.DefaultSqlScriptExecutor - Executing SQL: -- 角色-组织自定义数据权限范围表(物理删除，不做逻辑删除)
CREATE TABLE IF NOT EXISTS `sys_role_org` (
    `id` BIGINT NOT NULL AUTO_INCREMENT COMMENT '主键ID',
    `role_id` BIGINT NOT NULL COMMENT '角色ID',
    `org_id` BIGINT NOT NULL COMMENT '组织ID',
    `created_at` DATETIME DEFAULT CURRENT_TIMESTAMP COMMENT '创建时间',
    `created_by` VARCHAR(50) COMMENT '创建人',
    PRIMARY KEY (`id`),
    UNIQUE KEY `uk_role_org` (`role_id`, `org_id`),
    KEY `idx_org_id` (`org_id`)
) ENGINE=InnoDB DEFAULT CHARSET=utf8mb4 COLLATE=utf8mb4_0900_ai_ci COMMENT='角色-组织数据权限范围表'
2026-05-23 19:02:33.621 [main] DEBUG o.f.c.internal.sqlscript.DefaultSqlScriptExecutor - 0 rows affected
2026-05-23 19:02:33.621 [main] DEBUG org.flywaydb.core.internal.command.DbMigrate - Successfully completed migration of schema `admin_scaffold_test` to version "4 - add employee org tables"
2026-05-23 19:02:33.633 [main] DEBUG o.f.c.i.schemahistory.JdbcTableSchemaHistory - Schema History table `admin_scaffold_test`.`flyway_schema_history` successfully updated to reflect changes
2026-05-23 19:02:33.651 [main] DEBUG o.f.core.api.configuration.ClassicConfiguration - CherryPickConfigurationExtension not found
2026-05-23 19:02:33.656 [main] DEBUG org.flywaydb.core.internal.parser.Parser - Parsing V5__seed_data_org.sql ...
2026-05-23 19:02:33.658 [main] DEBUG o.flywaydb.core.internal.sqlscript.ParserSqlScript - Found statement at line 8: -- V5: 组织模块种子数据
-- LOCAL-ONLY: 仅用于本地开发环境
-- 依赖 V4 表结构

-- ============================================================
-- 1. 部门树：总公司(100) → 技术部(101)/产品部(102) → 后端组(103)/前端组(104)
-- ============================================================
INSERT INTO org_unit (id, parent_id, code, name, full_path, level, sort_order, status, source_type, created_at, updated_at, created_by, updated_by, deleted, version)
VALUES
(100, 0, 'HQ', '总公司', '/100/', 1, 1, 'ENABLED', 'MANUAL', NOW(), NOW(), 'system', 'system', 0, 1),
(101, 100, 'TECH', '技术部', '/100/101/', 2, 1, 'ENABLED', 'MANUAL', NOW(), NOW(), 'system', 'system', 0, 1),
(102, 100, 'PRODUCT', '产品部', '/100/102/', 2, 2, 'ENABLED', 'MANUAL', NOW(), NOW(), 'system', 'system', 0, 1),
(103, 101, 'BACKEND', '后端组', '/100/101/103/', 3, 1, 'ENABLED', 'MANUAL', NOW(), NOW(), 'system', 'system', 0, 1),
(104, 101, 'FRONTEND', '前端组', '/100/101/104/', 3, 2, 'ENABLED', 'MANUAL', NOW(), NOW(), 'system', 'system', 0, 1)
2026-05-23 19:02:33.658 [main] DEBUG o.flywaydb.core.internal.sqlscript.ParserSqlScript - Found statement at line 19: -- ============================================================
-- 2. 员工数据
-- ============================================================
INSERT INTO hr_employee (id, employee_no, name, mobile, email, primary_org_id, job_title, employment_status, entry_date, source_type, created_at, updated_at, created_by, updated_by, deleted, version)
VALUES
(100, 'EMP001', '张三', '13800000001', 'zhangsan@example.com', 101, '技术总监', 'ACTIVE', '2024-01-01', 'MANUAL', NOW(), NOW(), 'system', 'system', 0, 1),
(101, 'EMP002', '李四', '13800000002', 'lisi@example.com', 103, '后端开发', 'ACTIVE', '2024-03-15', 'MANUAL', NOW(), NOW(), 'system', 'system', 0, 1),
(102, 'EMP003', '王五', '13800000003', 'wangwu@example.com', 102, '产品经理', 'ACTIVE', '2024-06-01', 'MANUAL', NOW(), NOW(), 'system', 'system', 0, 1)
2026-05-23 19:02:33.658 [main] DEBUG o.flywaydb.core.internal.sqlscript.ParserSqlScript - Found statement at line 28: -- ============================================================
-- 3. 员工-组织关联
-- ============================================================
INSERT INTO employee_org (id, employee_id, org_id, is_primary, position_name, status, created_at, created_by, updated_at, updated_by, deleted, version)
VALUES
(1, 100, 101, 1, '技术总监', 'ACTIVE', NOW(), 'system', NOW(), 'system', 0, 1),
(2, 101, 103, 1, '后端开发', 'ACTIVE', NOW(), 'system', NOW(), 'system', 0, 1),
(3, 102, 102, 1, '产品经理', 'ACTIVE', NOW(), 'system', NOW(), 'system', 0, 1)
2026-05-23 19:02:33.658 [main] DEBUG o.flywaydb.core.internal.sqlscript.ParserSqlScript - Found statement at line 38: -- ============================================================
-- 4. 角色-组织关联（CUSTOM 数据权限）
-- role_id=2 为 V3 中的普通用户角色（USER），赋予技术部(101)的自定义数据权限
-- ============================================================
INSERT INTO sys_role_org (id, role_id, org_id, created_at, created_by)
VALUES
(1, 2, 101, NOW(), 'system'),
(2, 2, 102, NOW(), 'system')
2026-05-23 19:02:33.660 [main] DEBUG org.flywaydb.core.internal.command.DbMigrate - Starting migration of schema `admin_scaffold_test` to version "5 - seed data org" ...
2026-05-23 19:02:33.664 [main] INFO  org.flywaydb.core.internal.command.DbMigrate - Migrating schema `admin_scaffold_test` to version "5 - seed data org"
2026-05-23 19:02:33.665 [main] DEBUG o.f.c.internal.sqlscript.DefaultSqlScriptExecutor - Executing SQL: -- V5: 组织模块种子数据
-- LOCAL-ONLY: 仅用于本地开发环境
-- 依赖 V4 表结构

-- ============================================================
-- 1. 部门树：总公司(100) → 技术部(101)/产品部(102) → 后端组(103)/前端组(104)
-- ============================================================
INSERT INTO org_unit (id, parent_id, code, name, full_path, level, sort_order, status, source_type, created_at, updated_at, created_by, updated_by, deleted, version)
VALUES
(100, 0, 'HQ', '总公司', '/100/', 1, 1, 'ENABLED', 'MANUAL', NOW(), NOW(), 'system', 'system', 0, 1),
(101, 100, 'TECH', '技术部', '/100/101/', 2, 1, 'ENABLED', 'MANUAL', NOW(), NOW(), 'system', 'system', 0, 1),
(102, 100, 'PRODUCT', '产品部', '/100/102/', 2, 2, 'ENABLED', 'MANUAL', NOW(), NOW(), 'system', 'system', 0, 1),
(103, 101, 'BACKEND', '后端组', '/100/101/103/', 3, 1, 'ENABLED', 'MANUAL', NOW(), NOW(), 'system', 'system', 0, 1),
(104, 101, 'FRONTEND', '前端组', '/100/101/104/', 3, 2, 'ENABLED', 'MANUAL', NOW(), NOW(), 'system', 'system', 0, 1)
2026-05-23 19:02:33.667 [main] DEBUG o.f.c.internal.sqlscript.DefaultSqlScriptExecutor - 5 rows affected
2026-05-23 19:02:33.667 [main] DEBUG o.f.c.internal.sqlscript.DefaultSqlScriptExecutor - Executing SQL: -- ============================================================
-- 2. 员工数据
-- ============================================================
INSERT INTO hr_employee (id, employee_no, name, mobile, email, primary_org_id, job_title, employment_status, entry_date, source_type, created_at, updated_at, created_by, updated_by, deleted, version)
VALUES
(100, 'EMP001', '张三', '13800000001', 'zhangsan@example.com', 101, '技术总监', 'ACTIVE', '2024-01-01', 'MANUAL', NOW(), NOW(), 'system', 'system', 0, 1),
(101, 'EMP002', '李四', '13800000002', 'lisi@example.com', 103, '后端开发', 'ACTIVE', '2024-03-15', 'MANUAL', NOW(), NOW(), 'system', 'system', 0, 1),
(102, 'EMP003', '王五', '13800000003', 'wangwu@example.com', 102, '产品经理', 'ACTIVE', '2024-06-01', 'MANUAL', NOW(), NOW(), 'system', 'system', 0, 1)
2026-05-23 19:02:33.670 [main] DEBUG o.f.c.internal.sqlscript.DefaultSqlScriptExecutor - 3 rows affected
2026-05-23 19:02:33.670 [main] DEBUG o.f.c.internal.sqlscript.DefaultSqlScriptExecutor - Executing SQL: -- ============================================================
-- 3. 员工-组织关联
-- ============================================================
INSERT INTO employee_org (id, employee_id, org_id, is_primary, position_name, status, created_at, created_by, updated_at, updated_by, deleted, version)
VALUES
(1, 100, 101, 1, '技术总监', 'ACTIVE', NOW(), 'system', NOW(), 'system', 0, 1),
(2, 101, 103, 1, '后端开发', 'ACTIVE', NOW(), 'system', NOW(), 'system', 0, 1),
(3, 102, 102, 1, '产品经理', 'ACTIVE', NOW(), 'system', NOW(), 'system', 0, 1)
2026-05-23 19:02:33.672 [main] DEBUG o.f.c.internal.sqlscript.DefaultSqlScriptExecutor - 3 rows affected
2026-05-23 19:02:33.672 [main] DEBUG o.f.c.internal.sqlscript.DefaultSqlScriptExecutor - Executing SQL: -- ============================================================
-- 4. 角色-组织关联（CUSTOM 数据权限）
-- role_id=2 为 V3 中的普通用户角色（USER），赋予技术部(101)的自定义数据权限
-- ============================================================
INSERT INTO sys_role_org (id, role_id, org_id, created_at, created_by)
VALUES
(1, 2, 101, NOW(), 'system'),
(2, 2, 102, NOW(), 'system')
2026-05-23 19:02:33.675 [main] DEBUG o.f.c.internal.sqlscript.DefaultSqlScriptExecutor - 2 rows affected
2026-05-23 19:02:33.675 [main] DEBUG org.flywaydb.core.internal.command.DbMigrate - Successfully completed migration of schema `admin_scaffold_test` to version "5 - seed data org"
2026-05-23 19:02:33.686 [main] DEBUG o.f.c.i.schemahistory.JdbcTableSchemaHistory - Schema History table `admin_scaffold_test`.`flyway_schema_history` successfully updated to reflect changes
2026-05-23 19:02:33.702 [main] DEBUG o.f.core.api.configuration.ClassicConfiguration - CherryPickConfigurationExtension not found
2026-05-23 19:02:33.706 [main] INFO  org.flywaydb.core.internal.command.DbMigrate - Successfully applied 5 migrations to schema `admin_scaffold_test`, now at version v5 (execution time 00:01.769s)
2026-05-23 19:02:33.713 [main] DEBUG org.flywaydb.core.FlywayExecutor - Memory usage: 186 of 256M
2026-05-23 19:02:33.713 [main] INFO  i.g.l.admin.config.TestDatabaseInitializer - Flyway 迁移完成
2026-05-23 19:02:33.722 [main] DEBUG o.f.c.internal.scanner.classpath.ClassPathScanner - Scanning for classpath resources at 'classpath:db/callback' ...
2026-05-23 19:02:33.722 [main] DEBUG o.f.c.internal.scanner.classpath.ClassPathScanner - Determining location urls for classpath:db/callback using ClassLoader jdk.internal.loader.ClassLoaders$AppClassLoader@5c647e05 ...
2026-05-23 19:02:33.722 [main] DEBUG o.f.c.internal.scanner.classpath.ClassPathScanner - Unable to resolve location classpath:db/callback.
2026-05-23 19:02:33.725 [main] DEBUG o.f.c.internal.scanner.classpath.ClassPathScanner - Scanning for classpath resources at 'classpath:db/migration' ...
2026-05-23 19:02:33.725 [main] DEBUG o.f.c.internal.scanner.classpath.ClassPathScanner - Determining location urls for classpath:db/migration using ClassLoader jdk.internal.loader.ClassLoaders$AppClassLoader@5c647e05 ...
2026-05-23 19:02:33.725 [main] DEBUG o.f.c.internal.scanner.classpath.ClassPathScanner - Scanning URL: file:/C:/workspace/admin-management-scaffold/backend/target/classes/db/migration
2026-05-23 19:02:33.725 [main] DEBUG o.f.c.i.s.c.FileSystemClassPathLocationScanner - Scanning starting at classpath root in filesystem: C:\workspace\admin-management-scaffold\backend\target\classes\
2026-05-23 19:02:33.725 [main] DEBUG o.f.c.i.s.c.FileSystemClassPathLocationScanner - Scanning for resources in path: C:\workspace\admin-management-scaffold\backend\target\classes\db\migration (db/migration)
2026-05-23 19:02:33.728 [main] DEBUG o.f.c.internal.scanner.classpath.ClassPathScanner - Found resource: db/migration/V1__init_schema.sql
2026-05-23 19:02:33.728 [main] DEBUG o.f.c.internal.scanner.classpath.ClassPathScanner - Found resource: db/migration/V2__add_menu_and_permission_fields.sql
2026-05-23 19:02:33.728 [main] DEBUG o.f.c.internal.scanner.classpath.ClassPathScanner - Found resource: db/migration/V3__seed_data.sql
2026-05-23 19:02:33.728 [main] DEBUG o.f.c.internal.scanner.classpath.ClassPathScanner - Found resource: db/migration/V4__add_employee_org_tables.sql
2026-05-23 19:02:33.728 [main] DEBUG o.f.c.internal.scanner.classpath.ClassPathScanner - Found resource: db/migration/V5__seed_data_org.sql
2026-05-23 19:02:33.728 [main] DEBUG o.f.c.internal.scanner.classpath.ClassPathScanner - Scanning for classes at classpath:db/migration
2026-05-23 19:02:33.728 [main] DEBUG o.f.core.internal.resource.ResourceNameValidator - Validating V4__add_employee_org_tables.sql
2026-05-23 19:02:33.737 [main] DEBUG o.f.core.internal.resource.ResourceNameValidator - Validating V1__init_schema.sql
2026-05-23 19:02:33.737 [main] DEBUG o.f.core.internal.resource.ResourceNameValidator - Validating V2__add_menu_and_permission_fields.sql
2026-05-23 19:02:33.737 [main] DEBUG o.f.core.internal.resource.ResourceNameValidator - Validating V3__seed_data.sql
2026-05-23 19:02:33.737 [main] DEBUG o.f.core.internal.resource.ResourceNameValidator - Validating V5__seed_data_org.sql
2026-05-23 19:02:33.748 [main] INFO  org.flywaydb.core.FlywayExecutor - Database: jdbc:mysql://localhost:3306/admin_scaffold_test (MySQL 9.1)
2026-05-23 19:02:33.748 [main] DEBUG org.flywaydb.core.FlywayExecutor - Database Type: MySQL
2026-05-23 19:02:33.748 [main] DEBUG org.flywaydb.core.FlywayExecutor - Driver: MySQL Connector/J mysql-connector-j-8.3.0 (Revision: 805f872a57875f311cb82487efcfb070411a3fa0)
2026-05-23 19:02:33.748 [main] DEBUG org.flywaydb.core.FlywayExecutor - DDL Transactions Supported: false
2026-05-23 19:02:33.748 [main] DEBUG o.f.c.internal.schemahistory.SchemaHistoryFactory - Schemas: 
2026-05-23 19:02:33.748 [main] DEBUG o.f.c.internal.schemahistory.SchemaHistoryFactory - Default schema: null
2026-05-23 19:02:33.755 [main] WARN  org.flywaydb.core.internal.database.base.Database - Flyway upgrade recommended: MySQL 9.1 is newer than this version of Flyway and support has not been tested. The latest supported version of MySQL is 8.1.
2026-05-23 19:02:33.755 [main] DEBUG o.f.c.internal.callback.SqlScriptCallbackFactory - Scanning for SQL callbacks ...
2026-05-23 19:02:33.757 [main] DEBUG org.flywaydb.core.internal.command.DbSchemas - Skipping creation of existing schema: `admin_scaffold_test`
2026-05-23 19:02:33.766 [main] DEBUG o.f.core.api.configuration.ClassicConfiguration - CherryPickConfigurationExtension not found
2026-05-23 19:02:33.770 [main] DEBUG org.flywaydb.core.internal.scanner.Scanner - Filtering out resource: db/migration/V4__add_employee_org_tables.sql (filename: V4__add_employee_org_tables.sql)
2026-05-23 19:02:33.770 [main] DEBUG org.flywaydb.core.internal.scanner.Scanner - Filtering out resource: db/migration/V1__init_schema.sql (filename: V1__init_schema.sql)
2026-05-23 19:02:33.770 [main] DEBUG org.flywaydb.core.internal.scanner.Scanner - Filtering out resource: db/migration/V2__add_menu_and_permission_fields.sql (filename: V2__add_menu_and_permission_fields.sql)
2026-05-23 19:02:33.770 [main] DEBUG org.flywaydb.core.internal.scanner.Scanner - Filtering out resource: db/migration/V3__seed_data.sql (filename: V3__seed_data.sql)
2026-05-23 19:02:33.770 [main] DEBUG org.flywaydb.core.internal.scanner.Scanner - Filtering out resource: db/migration/V5__seed_data_org.sql (filename: V5__seed_data_org.sql)
2026-05-23 19:02:33.770 [main] DEBUG org.flywaydb.core.internal.scanner.Scanner - Filtering out resource: db/migration/V4__add_employee_org_tables.sql (filename: V4__add_employee_org_tables.sql)
2026-05-23 19:02:33.770 [main] DEBUG org.flywaydb.core.internal.scanner.Scanner - Filtering out resource: db/migration/V1__init_schema.sql (filename: V1__init_schema.sql)
2026-05-23 19:02:33.770 [main] DEBUG org.flywaydb.core.internal.scanner.Scanner - Filtering out resource: db/migration/V2__add_menu_and_permission_fields.sql (filename: V2__add_menu_and_permission_fields.sql)
2026-05-23 19:02:33.770 [main] DEBUG org.flywaydb.core.internal.scanner.Scanner - Filtering out resource: db/migration/V3__seed_data.sql (filename: V3__seed_data.sql)
2026-05-23 19:02:33.770 [main] DEBUG org.flywaydb.core.internal.scanner.Scanner - Filtering out resource: db/migration/V5__seed_data_org.sql (filename: V5__seed_data_org.sql)
2026-05-23 19:02:33.778 [main] INFO  org.flywaydb.core.internal.command.DbMigrate - Current version of schema `admin_scaffold_test`: 5
2026-05-23 19:02:33.779 [main] INFO  org.flywaydb.core.internal.command.DbMigrate - Schema `admin_scaffold_test` is up to date. No migration necessary.
2026-05-23 19:02:33.784 [main] DEBUG org.flywaydb.core.FlywayExecutor - Memory usage: 188 of 256M
 _ _   |_  _ _|_. ___ _ |    _ 
| | |\/|_)(_| | |_\  |_)||_|_\ 
     /               |         
                        3.5.16 
____ ____    ___ ____ _  _ ____ _  _ 
[__  |__| __  |  |  | |_/  |___ |\ | 
___] |  |     |  |__| | \_ |___ | \| 
https://sa-token.cc (v1.45.0)
2026-05-23 19:02:34.903 [main] INFO  i.g.lystrosaurus.admin.auth.PermissionAspectTest - Started PermissionAspectTest in 4.699 seconds (process running for 42.437)

  .   ____          _            __ _ _
 /\\ / ___'_ __ _ _(_)_ __  __ _ \ \ \ \
( ( )\___ | '_ | '_| | '_ \/ _` | \ \ \ \
 \\/  ___)| |_)| | | | | || (_| |  ) ) ) )
  '  |____| .__|_| |_|_| |_\__, | / / / /
 =========|_|==============|___/=/_/_/_/
 :: Spring Boot ::                (v3.2.5)

2026-05-23 19:02:35.166 [main] INFO  i.github.lystrosaurus.admin.db.FlywayMigrationTest - Starting FlywayMigrationTest using Java 21.0.5 with PID 54236 (started by lannt in C:\workspace\admin-management-scaffold\backend)
2026-05-23 19:02:35.166 [main] DEBUG i.github.lystrosaurus.admin.db.FlywayMigrationTest - Running with Spring Boot v3.2.5, Spring v6.1.6
2026-05-23 19:02:35.166 [main] INFO  i.github.lystrosaurus.admin.db.FlywayMigrationTest - The following 1 profile is active: "test"
2026-05-23 19:02:35.888 [main] INFO  i.g.l.admin.config.TestDatabaseInitializer - 测试数据库 admin_scaffold_test 创建成功或已存在
2026-05-23 19:02:36.402 [main] INFO  i.g.l.admin.config.TestDatabaseInitializer - 测试数据库已清理，将手动执行 Flyway 迁移
2026-05-23 19:02:36.410 [main] DEBUG o.f.c.internal.scanner.classpath.ClassPathScanner - Scanning for classpath resources at 'classpath:db/callback' ...
2026-05-23 19:02:36.410 [main] DEBUG o.f.c.internal.scanner.classpath.ClassPathScanner - Determining location urls for classpath:db/callback using ClassLoader jdk.internal.loader.ClassLoaders$AppClassLoader@5c647e05 ...
2026-05-23 19:02:36.410 [main] DEBUG o.f.c.internal.scanner.classpath.ClassPathScanner - Unable to resolve location classpath:db/callback.
2026-05-23 19:02:36.412 [main] DEBUG o.f.c.internal.scanner.classpath.ClassPathScanner - Scanning for classpath resources at 'classpath:db/migration' ...
2026-05-23 19:02:36.412 [main] DEBUG o.f.c.internal.scanner.classpath.ClassPathScanner - Determining location urls for classpath:db/migration using ClassLoader jdk.internal.loader.ClassLoaders$AppClassLoader@5c647e05 ...
2026-05-23 19:02:36.412 [main] DEBUG o.f.c.internal.scanner.classpath.ClassPathScanner - Scanning URL: file:/C:/workspace/admin-management-scaffold/backend/target/classes/db/migration
2026-05-23 19:02:36.412 [main] DEBUG o.f.c.i.s.c.FileSystemClassPathLocationScanner - Scanning starting at classpath root in filesystem: C:\workspace\admin-management-scaffold\backend\target\classes\
2026-05-23 19:02:36.412 [main] DEBUG o.f.c.i.s.c.FileSystemClassPathLocationScanner - Scanning for resources in path: C:\workspace\admin-management-scaffold\backend\target\classes\db\migration (db/migration)
2026-05-23 19:02:36.414 [main] DEBUG o.f.c.internal.scanner.classpath.ClassPathScanner - Found resource: db/migration/V1__init_schema.sql
2026-05-23 19:02:36.414 [main] DEBUG o.f.c.internal.scanner.classpath.ClassPathScanner - Found resource: db/migration/V2__add_menu_and_permission_fields.sql
2026-05-23 19:02:36.414 [main] DEBUG o.f.c.internal.scanner.classpath.ClassPathScanner - Found resource: db/migration/V3__seed_data.sql
2026-05-23 19:02:36.414 [main] DEBUG o.f.c.internal.scanner.classpath.ClassPathScanner - Found resource: db/migration/V4__add_employee_org_tables.sql
2026-05-23 19:02:36.414 [main] DEBUG o.f.c.internal.scanner.classpath.ClassPathScanner - Found resource: db/migration/V5__seed_data_org.sql
2026-05-23 19:02:36.414 [main] DEBUG o.f.c.internal.scanner.classpath.ClassPathScanner - Scanning for classes at classpath:db/migration
2026-05-23 19:02:36.414 [main] DEBUG o.f.core.internal.resource.ResourceNameValidator - Validating V4__add_employee_org_tables.sql
2026-05-23 19:02:36.414 [main] DEBUG o.f.core.internal.resource.ResourceNameValidator - Validating V1__init_schema.sql
2026-05-23 19:02:36.414 [main] DEBUG o.f.core.internal.resource.ResourceNameValidator - Validating V2__add_menu_and_permission_fields.sql
2026-05-23 19:02:36.414 [main] DEBUG o.f.core.internal.resource.ResourceNameValidator - Validating V3__seed_data.sql
2026-05-23 19:02:36.414 [main] DEBUG o.f.core.internal.resource.ResourceNameValidator - Validating V5__seed_data_org.sql
2026-05-23 19:02:36.428 [main] INFO  org.flywaydb.core.FlywayExecutor - Database: jdbc:mysql://localhost:3306/admin_scaffold_test (MySQL 9.1)
2026-05-23 19:02:36.428 [main] DEBUG org.flywaydb.core.FlywayExecutor - Database Type: MySQL
2026-05-23 19:02:36.428 [main] DEBUG org.flywaydb.core.FlywayExecutor - Driver: MySQL Connector/J mysql-connector-j-8.3.0 (Revision: 805f872a57875f311cb82487efcfb070411a3fa0)
2026-05-23 19:02:36.428 [main] DEBUG org.flywaydb.core.FlywayExecutor - DDL Transactions Supported: false
2026-05-23 19:02:36.429 [main] DEBUG o.f.c.internal.schemahistory.SchemaHistoryFactory - Schemas: 
2026-05-23 19:02:36.429 [main] DEBUG o.f.c.internal.schemahistory.SchemaHistoryFactory - Default schema: null
2026-05-23 19:02:36.438 [main] WARN  org.flywaydb.core.internal.database.base.Database - Flyway upgrade recommended: MySQL 9.1 is newer than this version of Flyway and support has not been tested. The latest supported version of MySQL is 8.1.
2026-05-23 19:02:36.438 [main] DEBUG o.f.c.internal.callback.SqlScriptCallbackFactory - Scanning for SQL callbacks ...
2026-05-23 19:02:36.441 [main] DEBUG org.flywaydb.core.internal.command.DbValidate - Validating migrations ...
2026-05-23 19:02:36.442 [main] DEBUG o.f.core.api.configuration.ClassicConfiguration - CherryPickConfigurationExtension not found
2026-05-23 19:02:36.448 [main] DEBUG org.flywaydb.core.internal.scanner.Scanner - Filtering out resource: db/migration/V4__add_employee_org_tables.sql (filename: V4__add_employee_org_tables.sql)
2026-05-23 19:02:36.448 [main] DEBUG org.flywaydb.core.internal.scanner.Scanner - Filtering out resource: db/migration/V1__init_schema.sql (filename: V1__init_schema.sql)
2026-05-23 19:02:36.448 [main] DEBUG org.flywaydb.core.internal.scanner.Scanner - Filtering out resource: db/migration/V2__add_menu_and_permission_fields.sql (filename: V2__add_menu_and_permission_fields.sql)
2026-05-23 19:02:36.448 [main] DEBUG org.flywaydb.core.internal.scanner.Scanner - Filtering out resource: db/migration/V3__seed_data.sql (filename: V3__seed_data.sql)
2026-05-23 19:02:36.448 [main] DEBUG org.flywaydb.core.internal.scanner.Scanner - Filtering out resource: db/migration/V5__seed_data_org.sql (filename: V5__seed_data_org.sql)
2026-05-23 19:02:36.448 [main] DEBUG org.flywaydb.core.internal.scanner.Scanner - Filtering out resource: db/migration/V4__add_employee_org_tables.sql (filename: V4__add_employee_org_tables.sql)
2026-05-23 19:02:36.448 [main] DEBUG org.flywaydb.core.internal.scanner.Scanner - Filtering out resource: db/migration/V1__init_schema.sql (filename: V1__init_schema.sql)
2026-05-23 19:02:36.448 [main] DEBUG org.flywaydb.core.internal.scanner.Scanner - Filtering out resource: db/migration/V2__add_menu_and_permission_fields.sql (filename: V2__add_menu_and_permission_fields.sql)
2026-05-23 19:02:36.448 [main] DEBUG org.flywaydb.core.internal.scanner.Scanner - Filtering out resource: db/migration/V3__seed_data.sql (filename: V3__seed_data.sql)
2026-05-23 19:02:36.448 [main] DEBUG org.flywaydb.core.internal.scanner.Scanner - Filtering out resource: db/migration/V5__seed_data_org.sql (filename: V5__seed_data_org.sql)
2026-05-23 19:02:36.452 [main] INFO  o.f.c.i.schemahistory.JdbcTableSchemaHistory - Schema history table `admin_scaffold_test`.`flyway_schema_history` does not exist yet
2026-05-23 19:02:36.454 [main] INFO  org.flywaydb.core.internal.command.DbValidate - Successfully validated 5 migrations (execution time 00:00.012s)
2026-05-23 19:02:36.456 [main] DEBUG org.flywaydb.core.internal.command.DbSchemas - Skipping creation of existing schema: `admin_scaffold_test`
2026-05-23 19:02:36.469 [main] INFO  o.f.c.i.schemahistory.JdbcTableSchemaHistory - Creating Schema History table `admin_scaffold_test`.`flyway_schema_history` ...
2026-05-23 19:02:36.471 [main] DEBUG org.flywaydb.core.internal.parser.Parser - Parsing  ...
2026-05-23 19:02:36.472 [main] DEBUG o.flywaydb.core.internal.sqlscript.ParserSqlScript - Found statement at line 1: CREATE TABLE `admin_scaffold_test`.`flyway_schema_history` (
    `installed_rank` INT NOT NULL,
    `version` VARCHAR(50),
    `description` VARCHAR(200) NOT NULL,
    `type` VARCHAR(20) NOT NULL,
    `script` VARCHAR(1000) NOT NULL,
    `checksum` INT,
    `installed_by` VARCHAR(100) NOT NULL,
    `installed_on` TIMESTAMP NOT NULL DEFAULT CURRENT_TIMESTAMP,
    `execution_time` INT NOT NULL,
    `success` BOOL NOT NULL,
    CONSTRAINT `flyway_schema_history_pk` PRIMARY KEY (`installed_rank`)
) ENGINE=InnoDB
2026-05-23 19:02:36.472 [main] DEBUG o.flywaydb.core.internal.sqlscript.ParserSqlScript - Found statement at line 14: CREATE INDEX `flyway_schema_history_s_idx` ON `admin_scaffold_test`.`flyway_schema_history` (`success`)
2026-05-23 19:02:36.472 [main] DEBUG o.f.c.internal.sqlscript.DefaultSqlScriptExecutor - Executing SQL: CREATE TABLE `admin_scaffold_test`.`flyway_schema_history` (
    `installed_rank` INT NOT NULL,
    `version` VARCHAR(50),
    `description` VARCHAR(200) NOT NULL,
    `type` VARCHAR(20) NOT NULL,
    `script` VARCHAR(1000) NOT NULL,
    `checksum` INT,
    `installed_by` VARCHAR(100) NOT NULL,
    `installed_on` TIMESTAMP NOT NULL DEFAULT CURRENT_TIMESTAMP,
    `execution_time` INT NOT NULL,
    `success` BOOL NOT NULL,
    CONSTRAINT `flyway_schema_history_pk` PRIMARY KEY (`installed_rank`)
) ENGINE=InnoDB
2026-05-23 19:02:36.516 [main] DEBUG o.f.c.internal.sqlscript.DefaultSqlScriptExecutor - 0 rows affected
2026-05-23 19:02:36.516 [main] DEBUG o.f.c.internal.sqlscript.DefaultSqlScriptExecutor - Executing SQL: CREATE INDEX `flyway_schema_history_s_idx` ON `admin_scaffold_test`.`flyway_schema_history` (`success`)
2026-05-23 19:02:36.549 [main] DEBUG o.f.c.internal.sqlscript.DefaultSqlScriptExecutor - 0 rows affected
2026-05-23 19:02:36.549 [main] DEBUG o.f.c.i.schemahistory.JdbcTableSchemaHistory - Created Schema History table `admin_scaffold_test`.`flyway_schema_history`
2026-05-23 19:02:36.558 [main] DEBUG o.f.core.api.configuration.ClassicConfiguration - CherryPickConfigurationExtension not found
2026-05-23 19:02:36.563 [main] INFO  org.flywaydb.core.internal.command.DbMigrate - Current version of schema `admin_scaffold_test`: << Empty Schema >>
2026-05-23 19:02:36.563 [main] DEBUG org.flywaydb.core.internal.parser.Parser - Parsing V1__init_schema.sql ...
2026-05-23 19:02:36.565 [main] DEBUG o.flywaydb.core.internal.sqlscript.ParserSqlScript - Found statement at line 3: -- 初始化数据库架构
-- 创建用户表
CREATE TABLE IF NOT EXISTS `sys_user` (
    `id` BIGINT NOT NULL COMMENT '主键ID',
    `username` VARCHAR(50) NOT NULL COMMENT '用户名',
    `password` VARCHAR(100) NOT NULL COMMENT '密码',
    `nickname` VARCHAR(50) COMMENT '昵称',
    `email` VARCHAR(100) COMMENT '邮箱',
    `phone` VARCHAR(20) COMMENT '手机号',
    `avatar` VARCHAR(255) COMMENT '头像',
    `status` TINYINT DEFAULT 1 COMMENT '状态：0-禁用，1-启用',
    `created_at` DATETIME DEFAULT CURRENT_TIMESTAMP COMMENT '创建时间',
    `updated_at` DATETIME DEFAULT CURRENT_TIMESTAMP ON UPDATE CURRENT_TIMESTAMP COMMENT '更新时间',
    `created_by` VARCHAR(50) COMMENT '创建人',
    `updated_by` VARCHAR(50) COMMENT '更新人',
    `deleted` TINYINT DEFAULT 0 COMMENT '逻辑删除标志：0-未删除，1-已删除',
    `version` INT DEFAULT 1 COMMENT '版本号',
    PRIMARY KEY (`id`),
    UNIQUE KEY `uk_username` (`username`),
    KEY `idx_email` (`email`),
    KEY `idx_phone` (`phone`)
) ENGINE=InnoDB DEFAULT CHARSET=utf8mb4 COLLATE=utf8mb4_unicode_ci COMMENT='系统用户表'
2026-05-23 19:02:36.565 [main] DEBUG o.flywaydb.core.internal.sqlscript.ParserSqlScript - Found statement at line 25: -- 创建角色表
CREATE TABLE IF NOT EXISTS `sys_role` (
    `id` BIGINT NOT NULL COMMENT '主键ID',
    `role_name` VARCHAR(50) NOT NULL COMMENT '角色名称',
    `role_code` VARCHAR(50) NOT NULL COMMENT '角色编码',
    `description` VARCHAR(255) COMMENT '描述',
    `status` TINYINT DEFAULT 1 COMMENT '状态：0-禁用，1-启用',
    `created_at` DATETIME DEFAULT CURRENT_TIMESTAMP COMMENT '创建时间',
    `updated_at` DATETIME DEFAULT CURRENT_TIMESTAMP ON UPDATE CURRENT_TIMESTAMP COMMENT '更新时间',
    `created_by` VARCHAR(50) COMMENT '创建人',
    `updated_by` VARCHAR(50) COMMENT '更新人',
    `deleted` TINYINT DEFAULT 0 COMMENT '逻辑删除标志：0-未删除，1-已删除',
    `version` INT DEFAULT 1 COMMENT '版本号',
    PRIMARY KEY (`id`),
    UNIQUE KEY `uk_role_code` (`role_code`)
) ENGINE=InnoDB DEFAULT CHARSET=utf8mb4 COLLATE=utf8mb4_unicode_ci COMMENT='系统角色表'
2026-05-23 19:02:36.565 [main] DEBUG o.flywaydb.core.internal.sqlscript.ParserSqlScript - Found statement at line 42: -- 创建用户角色关联表
CREATE TABLE IF NOT EXISTS `sys_user_role` (
    `id` BIGINT NOT NULL COMMENT '主键ID',
    `user_id` BIGINT NOT NULL COMMENT '用户ID',
    `role_id` BIGINT NOT NULL COMMENT '角色ID',
    `created_at` DATETIME DEFAULT CURRENT_TIMESTAMP COMMENT '创建时间',
    `created_by` VARCHAR(50) COMMENT '创建人',
    `updated_at` DATETIME DEFAULT CURRENT_TIMESTAMP ON UPDATE CURRENT_TIMESTAMP COMMENT '更新时间',
    `updated_by` VARCHAR(50) COMMENT '更新人',
    `deleted` TINYINT DEFAULT 0 COMMENT '逻辑删除标志：0-未删除，1-已删除',
    PRIMARY KEY (`id`),
    UNIQUE KEY `uk_user_role` (`user_id`, `role_id`),
    KEY `idx_role_id` (`role_id`)
) ENGINE=InnoDB DEFAULT CHARSET=utf8mb4 COLLATE=utf8mb4_unicode_ci COMMENT='用户角色关联表'
2026-05-23 19:02:36.565 [main] DEBUG o.flywaydb.core.internal.sqlscript.ParserSqlScript - Found statement at line 57: -- 创建权限表
CREATE TABLE IF NOT EXISTS `sys_permission` (
    `id` BIGINT NOT NULL COMMENT '主键ID',
    `permission_name` VARCHAR(50) NOT NULL COMMENT '权限名称',
    `permission_code` VARCHAR(100) NOT NULL COMMENT '权限编码',
    `description` VARCHAR(255) COMMENT '描述',
    `status` TINYINT DEFAULT 1 COMMENT '状态：0-禁用，1-启用',
    `created_at` DATETIME DEFAULT CURRENT_TIMESTAMP COMMENT '创建时间',
    `updated_at` DATETIME DEFAULT CURRENT_TIMESTAMP ON UPDATE CURRENT_TIMESTAMP COMMENT '更新时间',
    `created_by` VARCHAR(50) COMMENT '创建人',
    `updated_by` VARCHAR(50) COMMENT '更新人',
    `deleted` TINYINT DEFAULT 0 COMMENT '逻辑删除标志：0-未删除，1-已删除',
    `version` INT DEFAULT 1 COMMENT '版本号',
    PRIMARY KEY (`id`),
    UNIQUE KEY `uk_permission_code` (`permission_code`)
) ENGINE=InnoDB DEFAULT CHARSET=utf8mb4 COLLATE=utf8mb4_unicode_ci COMMENT='系统权限表'
2026-05-23 19:02:36.566 [main] DEBUG o.flywaydb.core.internal.sqlscript.ParserSqlScript - Found statement at line 74: -- 创建角色权限关联表
CREATE TABLE IF NOT EXISTS `sys_role_permission` (
    `id` BIGINT NOT NULL COMMENT '主键ID',
    `role_id` BIGINT NOT NULL COMMENT '角色ID',
    `permission_id` BIGINT NOT NULL COMMENT '权限ID',
    `created_at` DATETIME DEFAULT CURRENT_TIMESTAMP COMMENT '创建时间',
    `created_by` VARCHAR(50) COMMENT '创建人',
    `updated_at` DATETIME DEFAULT CURRENT_TIMESTAMP ON UPDATE CURRENT_TIMESTAMP COMMENT '更新时间',
    `updated_by` VARCHAR(50) COMMENT '更新人',
    `deleted` TINYINT DEFAULT 0 COMMENT '逻辑删除标志：0-未删除，1-已删除',
    PRIMARY KEY (`id`),
    UNIQUE KEY `uk_role_permission` (`role_id`, `permission_id`),
    KEY `idx_permission_id` (`permission_id`)
) ENGINE=InnoDB DEFAULT CHARSET=utf8mb4 COLLATE=utf8mb4_unicode_ci COMMENT='角色权限关联表'
2026-05-23 19:02:36.567 [main] DEBUG org.flywaydb.core.internal.command.DbMigrate - Starting migration of schema `admin_scaffold_test` to version "1 - init schema" ...
2026-05-23 19:02:36.571 [main] INFO  org.flywaydb.core.internal.command.DbMigrate - Migrating schema `admin_scaffold_test` to version "1 - init schema"
2026-05-23 19:02:36.573 [main] DEBUG o.f.c.internal.sqlscript.DefaultSqlScriptExecutor - Executing SQL: -- 初始化数据库架构
-- 创建用户表
CREATE TABLE IF NOT EXISTS `sys_user` (
    `id` BIGINT NOT NULL COMMENT '主键ID',
    `username` VARCHAR(50) NOT NULL COMMENT '用户名',
    `password` VARCHAR(100) NOT NULL COMMENT '密码',
    `nickname` VARCHAR(50) COMMENT '昵称',
    `email` VARCHAR(100) COMMENT '邮箱',
    `phone` VARCHAR(20) COMMENT '手机号',
    `avatar` VARCHAR(255) COMMENT '头像',
    `status` TINYINT DEFAULT 1 COMMENT '状态：0-禁用，1-启用',
    `created_at` DATETIME DEFAULT CURRENT_TIMESTAMP COMMENT '创建时间',
    `updated_at` DATETIME DEFAULT CURRENT_TIMESTAMP ON UPDATE CURRENT_TIMESTAMP COMMENT '更新时间',
    `created_by` VARCHAR(50) COMMENT '创建人',
    `updated_by` VARCHAR(50) COMMENT '更新人',
    `deleted` TINYINT DEFAULT 0 COMMENT '逻辑删除标志：0-未删除，1-已删除',
    `version` INT DEFAULT 1 COMMENT '版本号',
    PRIMARY KEY (`id`),
    UNIQUE KEY `uk_username` (`username`),
    KEY `idx_email` (`email`),
    KEY `idx_phone` (`phone`)
) ENGINE=InnoDB DEFAULT CHARSET=utf8mb4 COLLATE=utf8mb4_unicode_ci COMMENT='系统用户表'
2026-05-23 19:02:36.650 [main] DEBUG o.f.c.internal.sqlscript.DefaultSqlScriptExecutor - 0 rows affected
2026-05-23 19:02:36.650 [main] DEBUG o.f.c.internal.sqlscript.DefaultSqlScriptExecutor - Executing SQL: -- 创建角色表
CREATE TABLE IF NOT EXISTS `sys_role` (
    `id` BIGINT NOT NULL COMMENT '主键ID',
    `role_name` VARCHAR(50) NOT NULL COMMENT '角色名称',
    `role_code` VARCHAR(50) NOT NULL COMMENT '角色编码',
    `description` VARCHAR(255) COMMENT '描述',
    `status` TINYINT DEFAULT 1 COMMENT '状态：0-禁用，1-启用',
    `created_at` DATETIME DEFAULT CURRENT_TIMESTAMP COMMENT '创建时间',
    `updated_at` DATETIME DEFAULT CURRENT_TIMESTAMP ON UPDATE CURRENT_TIMESTAMP COMMENT '更新时间',
    `created_by` VARCHAR(50) COMMENT '创建人',
    `updated_by` VARCHAR(50) COMMENT '更新人',
    `deleted` TINYINT DEFAULT 0 COMMENT '逻辑删除标志：0-未删除，1-已删除',
    `version` INT DEFAULT 1 COMMENT '版本号',
    PRIMARY KEY (`id`),
    UNIQUE KEY `uk_role_code` (`role_code`)
) ENGINE=InnoDB DEFAULT CHARSET=utf8mb4 COLLATE=utf8mb4_unicode_ci COMMENT='系统角色表'
2026-05-23 19:02:36.704 [main] DEBUG o.f.c.internal.sqlscript.DefaultSqlScriptExecutor - 0 rows affected
2026-05-23 19:02:36.704 [main] DEBUG o.f.c.internal.sqlscript.DefaultSqlScriptExecutor - Executing SQL: -- 创建用户角色关联表
CREATE TABLE IF NOT EXISTS `sys_user_role` (
    `id` BIGINT NOT NULL COMMENT '主键ID',
    `user_id` BIGINT NOT NULL COMMENT '用户ID',
    `role_id` BIGINT NOT NULL COMMENT '角色ID',
    `created_at` DATETIME DEFAULT CURRENT_TIMESTAMP COMMENT '创建时间',
    `created_by` VARCHAR(50) COMMENT '创建人',
    `updated_at` DATETIME DEFAULT CURRENT_TIMESTAMP ON UPDATE CURRENT_TIMESTAMP COMMENT '更新时间',
    `updated_by` VARCHAR(50) COMMENT '更新人',
    `deleted` TINYINT DEFAULT 0 COMMENT '逻辑删除标志：0-未删除，1-已删除',
    PRIMARY KEY (`id`),
    UNIQUE KEY `uk_user_role` (`user_id`, `role_id`),
    KEY `idx_role_id` (`role_id`)
) ENGINE=InnoDB DEFAULT CHARSET=utf8mb4 COLLATE=utf8mb4_unicode_ci COMMENT='用户角色关联表'
2026-05-23 19:02:36.772 [main] DEBUG o.f.c.internal.sqlscript.DefaultSqlScriptExecutor - 0 rows affected
2026-05-23 19:02:36.772 [main] DEBUG o.f.c.internal.sqlscript.DefaultSqlScriptExecutor - Executing SQL: -- 创建权限表
CREATE TABLE IF NOT EXISTS `sys_permission` (
    `id` BIGINT NOT NULL COMMENT '主键ID',
    `permission_name` VARCHAR(50) NOT NULL COMMENT '权限名称',
    `permission_code` VARCHAR(100) NOT NULL COMMENT '权限编码',
    `description` VARCHAR(255) COMMENT '描述',
    `status` TINYINT DEFAULT 1 COMMENT '状态：0-禁用，1-启用',
    `created_at` DATETIME DEFAULT CURRENT_TIMESTAMP COMMENT '创建时间',
    `updated_at` DATETIME DEFAULT CURRENT_TIMESTAMP ON UPDATE CURRENT_TIMESTAMP COMMENT '更新时间',
    `created_by` VARCHAR(50) COMMENT '创建人',
    `updated_by` VARCHAR(50) COMMENT '更新人',
    `deleted` TINYINT DEFAULT 0 COMMENT '逻辑删除标志：0-未删除，1-已删除',
    `version` INT DEFAULT 1 COMMENT '版本号',
    PRIMARY KEY (`id`),
    UNIQUE KEY `uk_permission_code` (`permission_code`)
) ENGINE=InnoDB DEFAULT CHARSET=utf8mb4 COLLATE=utf8mb4_unicode_ci COMMENT='系统权限表'
2026-05-23 19:02:36.832 [main] DEBUG o.f.c.internal.sqlscript.DefaultSqlScriptExecutor - 0 rows affected
2026-05-23 19:02:36.832 [main] DEBUG o.f.c.internal.sqlscript.DefaultSqlScriptExecutor - Executing SQL: -- 创建角色权限关联表
CREATE TABLE IF NOT EXISTS `sys_role_permission` (
    `id` BIGINT NOT NULL COMMENT '主键ID',
    `role_id` BIGINT NOT NULL COMMENT '角色ID',
    `permission_id` BIGINT NOT NULL COMMENT '权限ID',
    `created_at` DATETIME DEFAULT CURRENT_TIMESTAMP COMMENT '创建时间',
    `created_by` VARCHAR(50) COMMENT '创建人',
    `updated_at` DATETIME DEFAULT CURRENT_TIMESTAMP ON UPDATE CURRENT_TIMESTAMP COMMENT '更新时间',
    `updated_by` VARCHAR(50) COMMENT '更新人',
    `deleted` TINYINT DEFAULT 0 COMMENT '逻辑删除标志：0-未删除，1-已删除',
    PRIMARY KEY (`id`),
    UNIQUE KEY `uk_role_permission` (`role_id`, `permission_id`),
    KEY `idx_permission_id` (`permission_id`)
) ENGINE=InnoDB DEFAULT CHARSET=utf8mb4 COLLATE=utf8mb4_unicode_ci COMMENT='角色权限关联表'
2026-05-23 19:02:36.894 [main] DEBUG o.f.c.internal.sqlscript.DefaultSqlScriptExecutor - 0 rows affected
2026-05-23 19:02:36.894 [main] DEBUG org.flywaydb.core.internal.command.DbMigrate - Successfully completed migration of schema `admin_scaffold_test` to version "1 - init schema"
2026-05-23 19:02:36.905 [main] DEBUG o.f.c.i.schemahistory.JdbcTableSchemaHistory - Schema History table `admin_scaffold_test`.`flyway_schema_history` successfully updated to reflect changes
2026-05-23 19:02:36.924 [main] DEBUG o.f.core.api.configuration.ClassicConfiguration - CherryPickConfigurationExtension not found
2026-05-23 19:02:36.929 [main] DEBUG org.flywaydb.core.internal.parser.Parser - Parsing V2__add_menu_and_permission_fields.sql ...
2026-05-23 19:02:36.930 [main] DEBUG o.flywaydb.core.internal.sqlscript.ParserSqlScript - Found statement at line 7: -- V2: 添加菜单表和权限字段扩展
-- 任务: 创建 sys_menu 表，补充 sys_permission 字段，创建 sys_role_menu 关联表

-- ============================================================
-- 1. 创建菜单表 sys_menu
-- ============================================================
CREATE TABLE IF NOT EXISTS `sys_menu` (
    `id` BIGINT NOT NULL COMMENT '主键ID',
    `parent_id` BIGINT DEFAULT 0 COMMENT '父菜单ID，0表示顶级菜单',
    `name` VARCHAR(64) NOT NULL COMMENT '菜单名称',
    `path` VARCHAR(255) COMMENT '路由路径',
    `component` VARCHAR(255) COMMENT '前端组件路径',
    `icon` VARCHAR(64) COMMENT '图标',
    `sort_order` INT DEFAULT 0 COMMENT '排序号',
    `type` TINYINT NOT NULL COMMENT '类型：1-目录，2-菜单，3-按钮',
    `permission_code` VARCHAR(64) COMMENT '权限码',
    `visible` TINYINT DEFAULT 1 COMMENT '是否可见：0-隐藏，1-显示',
    `status` TINYINT DEFAULT 1 COMMENT '状态：0-禁用，1-启用',
    `created_at` DATETIME DEFAULT CURRENT_TIMESTAMP COMMENT '创建时间',
    `created_by` VARCHAR(50) COMMENT '创建人',
    `updated_at` DATETIME DEFAULT CURRENT_TIMESTAMP ON UPDATE CURRENT_TIMESTAMP COMMENT '更新时间',
    `updated_by` VARCHAR(50) COMMENT '更新人',
    `deleted` TINYINT DEFAULT 0 COMMENT '逻辑删除标志：0-未删除，1-已删除',
    `version` INT DEFAULT 1 COMMENT '版本号',
    PRIMARY KEY (`id`),
    KEY `idx_parent_id` (`parent_id`),
    KEY `idx_permission_code` (`permission_code`)
) ENGINE=InnoDB DEFAULT CHARSET=utf8mb4 COLLATE=utf8mb4_unicode_ci COMMENT='系统菜单表'
2026-05-23 19:02:36.931 [main] DEBUG o.flywaydb.core.internal.sqlscript.ParserSqlScript - Found statement at line 33: -- ============================================================
-- 2. 扩展 sys_permission 表字段
-- ============================================================
ALTER TABLE `sys_permission`
    ADD COLUMN `type` VARCHAR(32) COMMENT '权限类型：MENU-菜单权限，BUTTON-按钮权限，API-接口权限' AFTER `description`,
    ADD COLUMN `module` VARCHAR(64) COMMENT '所属模块，如 system、auth' AFTER `type`,
    ADD COLUMN `resource` VARCHAR(64) COMMENT '资源标识，如 user、role' AFTER `module`,
    ADD COLUMN `action` VARCHAR(32) COMMENT '操作类型，如 view、create、update、delete' AFTER `resource`
2026-05-23 19:02:36.931 [main] DEBUG o.flywaydb.core.internal.sqlscript.ParserSqlScript - Found statement at line 40: -- 为权限类型字段添加索引
ALTER TABLE `sys_permission`
    ADD KEY `idx_type` (`type`)
2026-05-23 19:02:36.933 [main] DEBUG o.flywaydb.core.internal.sqlscript.ParserSqlScript - Found statement at line 46: -- ============================================================
-- 3. 创建角色菜单关联表 sys_role_menu
-- ============================================================
CREATE TABLE IF NOT EXISTS `sys_role_menu` (
    `id` BIGINT NOT NULL COMMENT '主键ID',
    `role_id` BIGINT NOT NULL COMMENT '角色ID',
    `menu_id` BIGINT NOT NULL COMMENT '菜单ID',
    `created_at` DATETIME DEFAULT CURRENT_TIMESTAMP COMMENT '创建时间',
    `created_by` VARCHAR(50) COMMENT '创建人',
    `updated_at` DATETIME DEFAULT CURRENT_TIMESTAMP ON UPDATE CURRENT_TIMESTAMP COMMENT '更新时间',
    `updated_by` VARCHAR(50) COMMENT '更新人',
    `deleted` TINYINT DEFAULT 0 COMMENT '逻辑删除标志：0-未删除，1-已删除',
    PRIMARY KEY (`id`),
    UNIQUE KEY `uk_role_menu` (`role_id`, `menu_id`),
    KEY `idx_menu_id` (`menu_id`)
) ENGINE=InnoDB DEFAULT CHARSET=utf8mb4 COLLATE=utf8mb4_unicode_ci COMMENT='角色菜单关联表'
2026-05-23 19:02:36.934 [main] DEBUG org.flywaydb.core.internal.command.DbMigrate - Starting migration of schema `admin_scaffold_test` to version "2 - add menu and permission fields" ...
2026-05-23 19:02:36.938 [main] INFO  org.flywaydb.core.internal.command.DbMigrate - Migrating schema `admin_scaffold_test` to version "2 - add menu and permission fields"
2026-05-23 19:02:36.939 [main] DEBUG o.f.c.internal.sqlscript.DefaultSqlScriptExecutor - Executing SQL: -- V2: 添加菜单表和权限字段扩展
-- 任务: 创建 sys_menu 表，补充 sys_permission 字段，创建 sys_role_menu 关联表

-- ============================================================
-- 1. 创建菜单表 sys_menu
-- ============================================================
CREATE TABLE IF NOT EXISTS `sys_menu` (
    `id` BIGINT NOT NULL COMMENT '主键ID',
    `parent_id` BIGINT DEFAULT 0 COMMENT '父菜单ID，0表示顶级菜单',
    `name` VARCHAR(64) NOT NULL COMMENT '菜单名称',
    `path` VARCHAR(255) COMMENT '路由路径',
    `component` VARCHAR(255) COMMENT '前端组件路径',
    `icon` VARCHAR(64) COMMENT '图标',
    `sort_order` INT DEFAULT 0 COMMENT '排序号',
    `type` TINYINT NOT NULL COMMENT '类型：1-目录，2-菜单，3-按钮',
    `permission_code` VARCHAR(64) COMMENT '权限码',
    `visible` TINYINT DEFAULT 1 COMMENT '是否可见：0-隐藏，1-显示',
    `status` TINYINT DEFAULT 1 COMMENT '状态：0-禁用，1-启用',
    `created_at` DATETIME DEFAULT CURRENT_TIMESTAMP COMMENT '创建时间',
    `created_by` VARCHAR(50) COMMENT '创建人',
    `updated_at` DATETIME DEFAULT CURRENT_TIMESTAMP ON UPDATE CURRENT_TIMESTAMP COMMENT '更新时间',
    `updated_by` VARCHAR(50) COMMENT '更新人',
    `deleted` TINYINT DEFAULT 0 COMMENT '逻辑删除标志：0-未删除，1-已删除',
    `version` INT DEFAULT 1 COMMENT '版本号',
    PRIMARY KEY (`id`),
    KEY `idx_parent_id` (`parent_id`),
    KEY `idx_permission_code` (`permission_code`)
) ENGINE=InnoDB DEFAULT CHARSET=utf8mb4 COLLATE=utf8mb4_unicode_ci COMMENT='系统菜单表'
2026-05-23 19:02:36.998 [main] DEBUG o.f.c.internal.sqlscript.DefaultSqlScriptExecutor - 0 rows affected
2026-05-23 19:02:36.998 [main] DEBUG o.f.c.internal.sqlscript.DefaultSqlScriptExecutor - Executing SQL: -- ============================================================
-- 2. 扩展 sys_permission 表字段
-- ============================================================
ALTER TABLE `sys_permission`
    ADD COLUMN `type` VARCHAR(32) COMMENT '权限类型：MENU-菜单权限，BUTTON-按钮权限，API-接口权限' AFTER `description`,
    ADD COLUMN `module` VARCHAR(64) COMMENT '所属模块，如 system、auth' AFTER `type`,
    ADD COLUMN `resource` VARCHAR(64) COMMENT '资源标识，如 user、role' AFTER `module`,
    ADD COLUMN `action` VARCHAR(32) COMMENT '操作类型，如 view、create、update、delete' AFTER `resource`
2026-05-23 19:02:37.023 [main] DEBUG o.f.c.internal.sqlscript.DefaultSqlScriptExecutor - 0 rows affected
2026-05-23 19:02:37.023 [main] DEBUG o.f.c.internal.sqlscript.DefaultSqlScriptExecutor - Executing SQL: -- 为权限类型字段添加索引
ALTER TABLE `sys_permission`
    ADD KEY `idx_type` (`type`)
2026-05-23 19:02:37.055 [main] DEBUG o.f.c.internal.sqlscript.DefaultSqlScriptExecutor - 0 rows affected
2026-05-23 19:02:37.055 [main] DEBUG o.f.c.internal.sqlscript.DefaultSqlScriptExecutor - Executing SQL: -- ============================================================
-- 3. 创建角色菜单关联表 sys_role_menu
-- ============================================================
CREATE TABLE IF NOT EXISTS `sys_role_menu` (
    `id` BIGINT NOT NULL COMMENT '主键ID',
    `role_id` BIGINT NOT NULL COMMENT '角色ID',
    `menu_id` BIGINT NOT NULL COMMENT '菜单ID',
    `created_at` DATETIME DEFAULT CURRENT_TIMESTAMP COMMENT '创建时间',
    `created_by` VARCHAR(50) COMMENT '创建人',
    `updated_at` DATETIME DEFAULT CURRENT_TIMESTAMP ON UPDATE CURRENT_TIMESTAMP COMMENT '更新时间',
    `updated_by` VARCHAR(50) COMMENT '更新人',
    `deleted` TINYINT DEFAULT 0 COMMENT '逻辑删除标志：0-未删除，1-已删除',
    PRIMARY KEY (`id`),
    UNIQUE KEY `uk_role_menu` (`role_id`, `menu_id`),
    KEY `idx_menu_id` (`menu_id`)
) ENGINE=InnoDB DEFAULT CHARSET=utf8mb4 COLLATE=utf8mb4_unicode_ci COMMENT='角色菜单关联表'
2026-05-23 19:02:37.109 [main] DEBUG o.f.c.internal.sqlscript.DefaultSqlScriptExecutor - 0 rows affected
2026-05-23 19:02:37.110 [main] DEBUG org.flywaydb.core.internal.command.DbMigrate - Successfully completed migration of schema `admin_scaffold_test` to version "2 - add menu and permission fields"
2026-05-23 19:02:37.120 [main] DEBUG o.f.c.i.schemahistory.JdbcTableSchemaHistory - Schema History table `admin_scaffold_test`.`flyway_schema_history` successfully updated to reflect changes
2026-05-23 19:02:37.133 [main] DEBUG o.f.core.api.configuration.ClassicConfiguration - CherryPickConfigurationExtension not found
2026-05-23 19:02:37.138 [main] DEBUG org.flywaydb.core.internal.parser.Parser - Parsing V3__seed_data.sql ...
2026-05-23 19:02:37.139 [main] DEBUG o.flywaydb.core.internal.sqlscript.ParserSqlScript - Found statement at line 9: -- V3: 修复列名不匹配 + 种子数据
-- LOCAL-ONLY: 仅用于本地开发环境
-- 修复 V1 Schema 与 Entity 字段名之间的不一致（MyBatis-Plus 驼峰映射）

-- ============================================================
-- 1. 修复 sys_user 列名
-- ============================================================
-- status: TINYINT → VARCHAR(32)，映射 0→DISABLED, 1→ENABLED
ALTER TABLE `sys_user` MODIFY COLUMN `status` VARCHAR(32) NOT NULL DEFAULT 'ENABLED' COMMENT '状态(ENABLED/DISABLED/LOCKED)'
2026-05-23 19:02:37.139 [main] DEBUG o.flywaydb.core.internal.sqlscript.ParserSqlScript - Found statement at line 10: UPDATE `sys_user` SET `status` = CASE WHEN `status` = '0' THEN 'DISABLED' WHEN `status` = '1' THEN 'ENABLED' ELSE `status` END WHERE `status` IN ('0', '1')
2026-05-23 19:02:37.139 [main] DEBUG o.flywaydb.core.internal.sqlscript.ParserSqlScript - Found statement at line 12: -- password → password_hash
ALTER TABLE `sys_user` CHANGE COLUMN `password` `password_hash` VARCHAR(100) NOT NULL COMMENT '密码哈希'
2026-05-23 19:02:37.139 [main] DEBUG o.flywaydb.core.internal.sqlscript.ParserSqlScript - Found statement at line 14: -- avatar → avatar_file_id（类型不变仍为 VARCHAR，后续可通过新迁移改为 BIGINT）
ALTER TABLE `sys_user` CHANGE COLUMN `avatar` `avatar_file_id` VARCHAR(255) COMMENT '头像文件ID'
2026-05-23 19:02:37.139 [main] DEBUG o.flywaydb.core.internal.sqlscript.ParserSqlScript - Found statement at line 16: -- 添加缺失列
ALTER TABLE `sys_user` ADD COLUMN `token_version` INT DEFAULT 1 COMMENT 'token版本号' AFTER `status`
2026-05-23 19:02:37.139 [main] DEBUG o.flywaydb.core.internal.sqlscript.ParserSqlScript - Found statement at line 17: ALTER TABLE `sys_user` ADD COLUMN `last_login_at` DATETIME COMMENT '最后登录时间' AFTER `token_version`
2026-05-23 19:02:37.139 [main] DEBUG o.flywaydb.core.internal.sqlscript.ParserSqlScript - Found statement at line 18: ALTER TABLE `sys_user` ADD COLUMN `last_login_ip` VARCHAR(50) COMMENT '最后登录IP' AFTER `last_login_at`
2026-05-23 19:02:37.139 [main] DEBUG o.flywaydb.core.internal.sqlscript.ParserSqlScript - Found statement at line 19: ALTER TABLE `sys_user` ADD COLUMN `employee_id` BIGINT COMMENT '绑定员工ID' AFTER `avatar_file_id`
2026-05-23 19:02:37.139 [main] DEBUG o.flywaydb.core.internal.sqlscript.ParserSqlScript - Found statement at line 24: -- ============================================================
-- 1b. 修复 sys_user_role 缺失列
-- ============================================================
ALTER TABLE `sys_user_role` ADD COLUMN `version` INT DEFAULT 1 COMMENT '版本号' AFTER `deleted`
2026-05-23 19:02:37.139 [main] DEBUG o.flywaydb.core.internal.sqlscript.ParserSqlScript - Found statement at line 29: -- ============================================================
-- 1c. 修复 sys_role_permission 缺失列
-- ============================================================
ALTER TABLE `sys_role_permission` ADD COLUMN `version` INT DEFAULT 1 COMMENT '版本号' AFTER `deleted`
2026-05-23 19:02:37.139 [main] DEBUG o.flywaydb.core.internal.sqlscript.ParserSqlScript - Found statement at line 34: -- ============================================================
-- 1d. 修复 sys_role_menu 缺失列
-- ============================================================
ALTER TABLE `sys_role_menu` ADD COLUMN `version` INT DEFAULT 1 COMMENT '版本号' AFTER `deleted`
2026-05-23 19:02:37.140 [main] DEBUG o.flywaydb.core.internal.sqlscript.ParserSqlScript - Found statement at line 40: -- ============================================================
-- 2. 修复 sys_role 列名
-- ============================================================
-- status: TINYINT → VARCHAR(32)
ALTER TABLE `sys_role` MODIFY COLUMN `status` VARCHAR(32) NOT NULL DEFAULT 'ENABLED' COMMENT '状态(ENABLED/DISABLED)'
2026-05-23 19:02:37.140 [main] DEBUG o.flywaydb.core.internal.sqlscript.ParserSqlScript - Found statement at line 41: UPDATE `sys_role` SET `status` = CASE WHEN `status` = '0' THEN 'DISABLED' WHEN `status` = '1' THEN 'ENABLED' ELSE `status` END WHERE `status` IN ('0', '1')
2026-05-23 19:02:37.140 [main] DEBUG o.flywaydb.core.internal.sqlscript.ParserSqlScript - Found statement at line 43: -- role_name → name, role_code → code
ALTER TABLE `sys_role` CHANGE COLUMN `role_name` `name` VARCHAR(50) NOT NULL COMMENT '角色名称'
2026-05-23 19:02:37.140 [main] DEBUG o.flywaydb.core.internal.sqlscript.ParserSqlScript - Found statement at line 44: ALTER TABLE `sys_role` CHANGE COLUMN `role_code` `code` VARCHAR(50) NOT NULL COMMENT '角色编码'
2026-05-23 19:02:37.140 [main] DEBUG o.flywaydb.core.internal.sqlscript.ParserSqlScript - Found statement at line 46: -- 添加缺失列
ALTER TABLE `sys_role` ADD COLUMN `sort_order` INT DEFAULT 0 COMMENT '排序号' AFTER `description`
2026-05-23 19:02:37.140 [main] DEBUG o.flywaydb.core.internal.sqlscript.ParserSqlScript - Found statement at line 47: ALTER TABLE `sys_role` ADD COLUMN `data_scope_type` VARCHAR(32) DEFAULT 'SELF' COMMENT '数据权限范围' AFTER `sort_order`
2026-05-23 19:02:37.140 [main] DEBUG o.flywaydb.core.internal.sqlscript.ParserSqlScript - Found statement at line 53: -- ============================================================
-- 3. 修复 sys_permission 列名和类型
-- ============================================================
-- status: TINYINT → VARCHAR(32)
ALTER TABLE `sys_permission` MODIFY COLUMN `status` VARCHAR(32) NOT NULL DEFAULT 'ENABLED' COMMENT '状态'
2026-05-23 19:02:37.140 [main] DEBUG o.flywaydb.core.internal.sqlscript.ParserSqlScript - Found statement at line 54: UPDATE `sys_permission` SET `status` = CASE WHEN `status` = '0' THEN 'DISABLED' WHEN `status` = '1' THEN 'ENABLED' ELSE `status` END WHERE `status` IN ('0', '1')
2026-05-23 19:02:37.140 [main] DEBUG o.flywaydb.core.internal.sqlscript.ParserSqlScript - Found statement at line 56: -- permission_name → name, permission_code → code
ALTER TABLE `sys_permission` CHANGE COLUMN `permission_name` `name` VARCHAR(50) NOT NULL COMMENT '权限名称'
2026-05-23 19:02:37.140 [main] DEBUG o.flywaydb.core.internal.sqlscript.ParserSqlScript - Found statement at line 57: ALTER TABLE `sys_permission` CHANGE COLUMN `permission_code` `code` VARCHAR(100) NOT NULL COMMENT '权限编码'
2026-05-23 19:02:37.140 [main] DEBUG o.flywaydb.core.internal.sqlscript.ParserSqlScript - Found statement at line 59: -- 添加缺失列
ALTER TABLE `sys_permission` ADD COLUMN `sort_order` INT DEFAULT 0 COMMENT '排序号' AFTER `status`
2026-05-23 19:02:37.140 [main] DEBUG o.flywaydb.core.internal.sqlscript.ParserSqlScript - Found statement at line 64: -- ============================================================
-- 4. 种子数据：管理员角色
-- ============================================================
INSERT INTO sys_role (id, code, name, description, status, data_scope_type, sort_order, created_at, updated_at, created_by, updated_by, deleted, version)
VALUES (1, 'ADMIN', '超级管理员', '系统超级管理员，拥有所有权限', 'ENABLED', 'ALL', 1, NOW(), NOW(), 'system', 'system', 0, 1)
2026-05-23 19:02:37.140 [main] DEBUG o.flywaydb.core.internal.sqlscript.ParserSqlScript - Found statement at line 70: -- ============================================================
-- 5. 种子数据：普通用户角色
-- ============================================================
INSERT INTO sys_role (id, code, name, description, status, data_scope_type, sort_order, created_at, updated_at, created_by, updated_by, deleted, version)
VALUES (2, 'USER', '普通用户', '普通用户，拥有基本查看权限', 'ENABLED', 'SELF', 2, NOW(), NOW(), 'system', 'system', 0, 1)
2026-05-23 19:02:37.141 [main] DEBUG o.flywaydb.core.internal.sqlscript.ParserSqlScript - Found statement at line 76: -- ============================================================
-- 6. 种子数据：管理员用户（密码: admin123，BCrypt 加密）
-- ============================================================
INSERT INTO sys_user (id, username, password_hash, nickname, status, created_at, updated_at, created_by, updated_by, deleted, version)
VALUES (1, 'admin', '$2a$10$P6lqkvsCYZINKMUv0gjW7ON8IJB8UM71Rk4i9oAQxaHjSoXZ5TCLm', '超级管理员', 'ENABLED', NOW(), NOW(), 'system', 'system', 0, 1)
2026-05-23 19:02:37.141 [main] DEBUG o.flywaydb.core.internal.sqlscript.ParserSqlScript - Found statement at line 82: -- ============================================================
-- 7. 种子数据：测试用户（密码: test123，BCrypt 加密）
-- ============================================================
INSERT INTO sys_user (id, username, password_hash, nickname, status, created_at, updated_at, created_by, updated_by, deleted, version)
VALUES (2, 'testuser', '$2a$10$P6lqkvsCYZINKMUv0gjW7ON8IJB8UM71Rk4i9oAQxaHjSoXZ5TCLm', '测试用户', 'ENABLED', NOW(), NOW(), 'system', 'system', 0, 1)
2026-05-23 19:02:37.142 [main] DEBUG o.flywaydb.core.internal.sqlscript.ParserSqlScript - Found statement at line 88: -- ============================================================
-- 8. 关联管理员用户和角色
-- ============================================================
INSERT INTO sys_user_role (id, user_id, role_id, created_at, created_by, updated_at, updated_by, deleted)
VALUES (1, 1, 1, NOW(), 'system', NOW(), 'system', 0)
2026-05-23 19:02:37.142 [main] DEBUG o.flywaydb.core.internal.sqlscript.ParserSqlScript - Found statement at line 94: -- ============================================================
-- 9. 种子数据：基础权限
-- ============================================================
INSERT INTO sys_permission (id, code, name, description, status, type, module, resource, action, sort_order, created_at, updated_at, created_by, updated_by, deleted, version)
VALUES
(1, 'system:user:view', '查看用户', '查看用户信息', 'ENABLED', 'BUTTON', 'system', 'user', 'view', 1, NOW(), NOW(), 'system', 'system', 0, 1),
(2, 'system:user:create', '创建用户', '创建新用户', 'ENABLED', 'BUTTON', 'system', 'user', 'create', 2, NOW(), NOW(), 'system', 'system', 0, 1),
(3, 'system:user:update', '编辑用户', '编辑用户信息', 'ENABLED', 'BUTTON', 'system', 'user', 'update', 3, NOW(), NOW(), 'system', 'system', 0, 1),
(4, 'system:user:delete', '删除用户', '删除用户', 'ENABLED', 'BUTTON', 'system', 'user', 'delete', 4, NOW(), NOW(), 'system', 'system', 0, 1),
(5, 'system:role:view', '查看角色', '查看角色信息', 'ENABLED', 'BUTTON', 'system', 'role', 'view', 5, NOW(), NOW(), 'system', 'system', 0, 1),
(6, 'system:role:create', '创建角色', '创建新角色', 'ENABLED', 'BUTTON', 'system', 'role', 'create', 6, NOW(), NOW(), 'system', 'system', 0, 1),
(7, 'system:role:update', '编辑角色', '编辑角色信息', 'ENABLED', 'BUTTON', 'system', 'role', 'update', 7, NOW(), NOW(), 'system', 'system', 0, 1),
(8, 'system:role:delete', '删除角色', '删除角色', 'ENABLED', 'BUTTON', 'system', 'role', 'delete', 8, NOW(), NOW(), 'system', 'system', 0, 1)
2026-05-23 19:02:37.142 [main] DEBUG o.flywaydb.core.internal.sqlscript.ParserSqlScript - Found statement at line 108: -- ============================================================
-- 10. 种子数据：基础菜单
-- ============================================================
INSERT INTO sys_menu (id, parent_id, name, path, component, icon, sort_order, type, permission_code, visible, status, created_at, updated_at, created_by, updated_by, deleted, version)
VALUES
(1, 0, '系统管理', '/system', NULL, 'setting', 1, 1, NULL, 1, 1, NOW(), NOW(), 'system', 'system', 0, 1),
(2, 1, '用户管理', '/system/users', 'system/users/index', 'user', 1, 2, 'system:user:view', 1, 1, NOW(), NOW(), 'system', 'system', 0, 1),
(3, 1, '角色管理', '/system/roles', 'system/roles/index', 'team', 2, 2, 'system:role:view', 1, 1, NOW(), NOW(), 'system', 'system', 0, 1),
(4, 1, '权限管理', '/system/permissions', 'system/permissions/index', 'safety', 3, 2, 'system:permission:view', 1, 1, NOW(), NOW(), 'system', 'system', 0, 1),
(5, 1, '菜单管理', '/system/menus', 'system/menus/index', 'menu', 4, 2, 'system:menu:view', 1, 1, NOW(), NOW(), 'system', 'system', 0, 1)
2026-05-23 19:02:37.143 [main] DEBUG o.flywaydb.core.internal.sqlscript.ParserSqlScript - Found statement at line 119: -- ============================================================
-- 11. 关联管理员角色和所有权限
-- ============================================================
INSERT INTO sys_role_permission (id, role_id, permission_id, created_at, created_by, updated_at, updated_by, deleted)
VALUES
(1, 1, 1, NOW(), 'system', NOW(), 'system', 0),
(2, 1, 2, NOW(), 'system', NOW(), 'system', 0),
(3, 1, 3, NOW(), 'system', NOW(), 'system', 0),
(4, 1, 4, NOW(), 'system', NOW(), 'system', 0),
(5, 1, 5, NOW(), 'system', NOW(), 'system', 0),
(6, 1, 6, NOW(), 'system', NOW(), 'system', 0),
(7, 1, 7, NOW(), 'system', NOW(), 'system', 0),
(8, 1, 8, NOW(), 'system', NOW(), 'system', 0)
2026-05-23 19:02:37.144 [main] DEBUG o.flywaydb.core.internal.sqlscript.ParserSqlScript - Found statement at line 133: -- ============================================================
-- 12. 关联管理员角色和所有菜单
-- ============================================================
INSERT INTO sys_role_menu (id, role_id, menu_id, created_at, created_by, updated_at, updated_by, deleted)
VALUES
(1, 1, 1, NOW(), 'system', NOW(), 'system', 0),
(2, 1, 2, NOW(), 'system', NOW(), 'system', 0),
(3, 1, 3, NOW(), 'system', NOW(), 'system', 0),
(4, 1, 4, NOW(), 'system', NOW(), 'system', 0),
(5, 1, 5, NOW(), 'system', NOW(), 'system', 0)
2026-05-23 19:02:37.145 [main] DEBUG org.flywaydb.core.internal.command.DbMigrate - Starting migration of schema `admin_scaffold_test` to version "3 - seed data" ...
2026-05-23 19:02:37.149 [main] INFO  org.flywaydb.core.internal.command.DbMigrate - Migrating schema `admin_scaffold_test` to version "3 - seed data"
2026-05-23 19:02:37.150 [main] DEBUG o.f.c.internal.sqlscript.DefaultSqlScriptExecutor - Executing SQL: -- V3: 修复列名不匹配 + 种子数据
-- LOCAL-ONLY: 仅用于本地开发环境
-- 修复 V1 Schema 与 Entity 字段名之间的不一致（MyBatis-Plus 驼峰映射）

-- ============================================================
-- 1. 修复 sys_user 列名
-- ============================================================
-- status: TINYINT → VARCHAR(32)，映射 0→DISABLED, 1→ENABLED
ALTER TABLE `sys_user` MODIFY COLUMN `status` VARCHAR(32) NOT NULL DEFAULT 'ENABLED' COMMENT '状态(ENABLED/DISABLED/LOCKED)'
2026-05-23 19:02:37.289 [main] DEBUG o.f.c.internal.sqlscript.DefaultSqlScriptExecutor - 0 rows affected
2026-05-23 19:02:37.289 [main] DEBUG o.f.c.internal.sqlscript.DefaultSqlScriptExecutor - Executing SQL: UPDATE `sys_user` SET `status` = CASE WHEN `status` = '0' THEN 'DISABLED' WHEN `status` = '1' THEN 'ENABLED' ELSE `status` END WHERE `status` IN ('0', '1')
2026-05-23 19:02:37.292 [main] DEBUG o.f.c.internal.sqlscript.DefaultSqlScriptExecutor - 0 rows affected
2026-05-23 19:02:37.292 [main] DEBUG o.f.c.internal.sqlscript.DefaultSqlScriptExecutor - Executing SQL: -- password → password_hash
ALTER TABLE `sys_user` CHANGE COLUMN `password` `password_hash` VARCHAR(100) NOT NULL COMMENT '密码哈希'
2026-05-23 19:02:37.321 [main] DEBUG o.f.c.internal.sqlscript.DefaultSqlScriptExecutor - 0 rows affected
2026-05-23 19:02:37.321 [main] DEBUG o.f.c.internal.sqlscript.DefaultSqlScriptExecutor - Executing SQL: -- avatar → avatar_file_id（类型不变仍为 VARCHAR，后续可通过新迁移改为 BIGINT）
ALTER TABLE `sys_user` CHANGE COLUMN `avatar` `avatar_file_id` VARCHAR(255) COMMENT '头像文件ID'
2026-05-23 19:02:37.349 [main] DEBUG o.f.c.internal.sqlscript.DefaultSqlScriptExecutor - 0 rows affected
2026-05-23 19:02:37.349 [main] DEBUG o.f.c.internal.sqlscript.DefaultSqlScriptExecutor - Executing SQL: -- 添加缺失列
ALTER TABLE `sys_user` ADD COLUMN `token_version` INT DEFAULT 1 COMMENT 'token版本号' AFTER `status`
2026-05-23 19:02:37.376 [main] DEBUG o.f.c.internal.sqlscript.DefaultSqlScriptExecutor - 0 rows affected
2026-05-23 19:02:37.376 [main] DEBUG o.f.c.internal.sqlscript.DefaultSqlScriptExecutor - Executing SQL: ALTER TABLE `sys_user` ADD COLUMN `last_login_at` DATETIME COMMENT '最后登录时间' AFTER `token_version`
2026-05-23 19:02:37.404 [main] DEBUG o.f.c.internal.sqlscript.DefaultSqlScriptExecutor - 0 rows affected
2026-05-23 19:02:37.404 [main] DEBUG o.f.c.internal.sqlscript.DefaultSqlScriptExecutor - Executing SQL: ALTER TABLE `sys_user` ADD COLUMN `last_login_ip` VARCHAR(50) COMMENT '最后登录IP' AFTER `last_login_at`
2026-05-23 19:02:37.428 [main] DEBUG o.f.c.internal.sqlscript.DefaultSqlScriptExecutor - 0 rows affected
2026-05-23 19:02:37.428 [main] DEBUG o.f.c.internal.sqlscript.DefaultSqlScriptExecutor - Executing SQL: ALTER TABLE `sys_user` ADD COLUMN `employee_id` BIGINT COMMENT '绑定员工ID' AFTER `avatar_file_id`
2026-05-23 19:02:37.460 [main] DEBUG o.f.c.internal.sqlscript.DefaultSqlScriptExecutor - 0 rows affected
2026-05-23 19:02:37.460 [main] DEBUG o.f.c.internal.sqlscript.DefaultSqlScriptExecutor - Executing SQL: -- ============================================================
-- 1b. 修复 sys_user_role 缺失列
-- ============================================================
ALTER TABLE `sys_user_role` ADD COLUMN `version` INT DEFAULT 1 COMMENT '版本号' AFTER `deleted`
2026-05-23 19:02:37.488 [main] DEBUG o.f.c.internal.sqlscript.DefaultSqlScriptExecutor - 0 rows affected
2026-05-23 19:02:37.488 [main] DEBUG o.f.c.internal.sqlscript.DefaultSqlScriptExecutor - Executing SQL: -- ============================================================
-- 1c. 修复 sys_role_permission 缺失列
-- ============================================================
ALTER TABLE `sys_role_permission` ADD COLUMN `version` INT DEFAULT 1 COMMENT '版本号' AFTER `deleted`
2026-05-23 19:02:37.515 [main] DEBUG o.f.c.internal.sqlscript.DefaultSqlScriptExecutor - 0 rows affected
2026-05-23 19:02:37.515 [main] DEBUG o.f.c.internal.sqlscript.DefaultSqlScriptExecutor - Executing SQL: -- ============================================================
-- 1d. 修复 sys_role_menu 缺失列
-- ============================================================
ALTER TABLE `sys_role_menu` ADD COLUMN `version` INT DEFAULT 1 COMMENT '版本号' AFTER `deleted`
2026-05-23 19:02:37.542 [main] DEBUG o.f.c.internal.sqlscript.DefaultSqlScriptExecutor - 0 rows affected
2026-05-23 19:02:37.542 [main] DEBUG o.f.c.internal.sqlscript.DefaultSqlScriptExecutor - Executing SQL: -- ============================================================
-- 2. 修复 sys_role 列名
-- ============================================================
-- status: TINYINT → VARCHAR(32)
ALTER TABLE `sys_role` MODIFY COLUMN `status` VARCHAR(32) NOT NULL DEFAULT 'ENABLED' COMMENT '状态(ENABLED/DISABLED)'
2026-05-23 19:02:37.658 [main] DEBUG o.f.c.internal.sqlscript.DefaultSqlScriptExecutor - 0 rows affected
2026-05-23 19:02:37.658 [main] DEBUG o.f.c.internal.sqlscript.DefaultSqlScriptExecutor - Executing SQL: UPDATE `sys_role` SET `status` = CASE WHEN `status` = '0' THEN 'DISABLED' WHEN `status` = '1' THEN 'ENABLED' ELSE `status` END WHERE `status` IN ('0', '1')
2026-05-23 19:02:37.661 [main] DEBUG o.f.c.internal.sqlscript.DefaultSqlScriptExecutor - 0 rows affected
2026-05-23 19:02:37.661 [main] DEBUG o.f.c.internal.sqlscript.DefaultSqlScriptExecutor - Executing SQL: -- role_name → name, role_code → code
ALTER TABLE `sys_role` CHANGE COLUMN `role_name` `name` VARCHAR(50) NOT NULL COMMENT '角色名称'
2026-05-23 19:02:37.685 [main] DEBUG o.f.c.internal.sqlscript.DefaultSqlScriptExecutor - 0 rows affected
2026-05-23 19:02:37.685 [main] DEBUG o.f.c.internal.sqlscript.DefaultSqlScriptExecutor - Executing SQL: ALTER TABLE `sys_role` CHANGE COLUMN `role_code` `code` VARCHAR(50) NOT NULL COMMENT '角色编码'
2026-05-23 19:02:37.711 [main] DEBUG o.f.c.internal.sqlscript.DefaultSqlScriptExecutor - 0 rows affected
2026-05-23 19:02:37.711 [main] DEBUG o.f.c.internal.sqlscript.DefaultSqlScriptExecutor - Executing SQL: -- 添加缺失列
ALTER TABLE `sys_role` ADD COLUMN `sort_order` INT DEFAULT 0 COMMENT '排序号' AFTER `description`
2026-05-23 19:02:37.739 [main] DEBUG o.f.c.internal.sqlscript.DefaultSqlScriptExecutor - 0 rows affected
2026-05-23 19:02:37.739 [main] DEBUG o.f.c.internal.sqlscript.DefaultSqlScriptExecutor - Executing SQL: ALTER TABLE `sys_role` ADD COLUMN `data_scope_type` VARCHAR(32) DEFAULT 'SELF' COMMENT '数据权限范围' AFTER `sort_order`
2026-05-23 19:02:37.764 [main] DEBUG o.f.c.internal.sqlscript.DefaultSqlScriptExecutor - 0 rows affected
2026-05-23 19:02:37.764 [main] DEBUG o.f.c.internal.sqlscript.DefaultSqlScriptExecutor - Executing SQL: -- ============================================================
-- 3. 修复 sys_permission 列名和类型
-- ============================================================
-- status: TINYINT → VARCHAR(32)
ALTER TABLE `sys_permission` MODIFY COLUMN `status` VARCHAR(32) NOT NULL DEFAULT 'ENABLED' COMMENT '状态'
2026-05-23 19:02:37.903 [main] DEBUG o.f.c.internal.sqlscript.DefaultSqlScriptExecutor - 0 rows affected
2026-05-23 19:02:37.903 [main] DEBUG o.f.c.internal.sqlscript.DefaultSqlScriptExecutor - Executing SQL: UPDATE `sys_permission` SET `status` = CASE WHEN `status` = '0' THEN 'DISABLED' WHEN `status` = '1' THEN 'ENABLED' ELSE `status` END WHERE `status` IN ('0', '1')
2026-05-23 19:02:37.906 [main] DEBUG o.f.c.internal.sqlscript.DefaultSqlScriptExecutor - 0 rows affected
2026-05-23 19:02:37.907 [main] DEBUG o.f.c.internal.sqlscript.DefaultSqlScriptExecutor - Executing SQL: -- permission_name → name, permission_code → code
ALTER TABLE `sys_permission` CHANGE COLUMN `permission_name` `name` VARCHAR(50) NOT NULL COMMENT '权限名称'
2026-05-23 19:02:37.933 [main] DEBUG o.f.c.internal.sqlscript.DefaultSqlScriptExecutor - 0 rows affected
2026-05-23 19:02:37.933 [main] DEBUG o.f.c.internal.sqlscript.DefaultSqlScriptExecutor - Executing SQL: ALTER TABLE `sys_permission` CHANGE COLUMN `permission_code` `code` VARCHAR(100) NOT NULL COMMENT '权限编码'
2026-05-23 19:02:37.960 [main] DEBUG o.f.c.internal.sqlscript.DefaultSqlScriptExecutor - 0 rows affected
2026-05-23 19:02:37.960 [main] DEBUG o.f.c.internal.sqlscript.DefaultSqlScriptExecutor - Executing SQL: -- 添加缺失列
ALTER TABLE `sys_permission` ADD COLUMN `sort_order` INT DEFAULT 0 COMMENT '排序号' AFTER `status`
2026-05-23 19:02:37.988 [main] DEBUG o.f.c.internal.sqlscript.DefaultSqlScriptExecutor - 0 rows affected
2026-05-23 19:02:37.988 [main] DEBUG o.f.c.internal.sqlscript.DefaultSqlScriptExecutor - Executing SQL: -- ============================================================
-- 4. 种子数据：管理员角色
-- ============================================================
INSERT INTO sys_role (id, code, name, description, status, data_scope_type, sort_order, created_at, updated_at, created_by, updated_by, deleted, version)
VALUES (1, 'ADMIN', '超级管理员', '系统超级管理员，拥有所有权限', 'ENABLED', 'ALL', 1, NOW(), NOW(), 'system', 'system', 0, 1)
2026-05-23 19:02:37.991 [main] DEBUG o.f.c.internal.sqlscript.DefaultSqlScriptExecutor - 1 row affected
2026-05-23 19:02:37.991 [main] DEBUG o.f.c.internal.sqlscript.DefaultSqlScriptExecutor - Executing SQL: -- ============================================================
-- 5. 种子数据：普通用户角色
-- ============================================================
INSERT INTO sys_role (id, code, name, description, status, data_scope_type, sort_order, created_at, updated_at, created_by, updated_by, deleted, version)
VALUES (2, 'USER', '普通用户', '普通用户，拥有基本查看权限', 'ENABLED', 'SELF', 2, NOW(), NOW(), 'system', 'system', 0, 1)
2026-05-23 19:02:37.993 [main] DEBUG o.f.c.internal.sqlscript.DefaultSqlScriptExecutor - 1 row affected
2026-05-23 19:02:37.993 [main] DEBUG o.f.c.internal.sqlscript.DefaultSqlScriptExecutor - Executing SQL: -- ============================================================
-- 6. 种子数据：管理员用户（密码: admin123，BCrypt 加密）
-- ============================================================
INSERT INTO sys_user (id, username, password_hash, nickname, status, created_at, updated_at, created_by, updated_by, deleted, version)
VALUES (1, 'admin', '$2a$10$P6lqkvsCYZINKMUv0gjW7ON8IJB8UM71Rk4i9oAQxaHjSoXZ5TCLm', '超级管理员', 'ENABLED', NOW(), NOW(), 'system', 'system', 0, 1)
2026-05-23 19:02:37.995 [main] DEBUG o.f.c.internal.sqlscript.DefaultSqlScriptExecutor - 1 row affected
2026-05-23 19:02:37.995 [main] DEBUG o.f.c.internal.sqlscript.DefaultSqlScriptExecutor - Executing SQL: -- ============================================================
-- 7. 种子数据：测试用户（密码: test123，BCrypt 加密）
-- ============================================================
INSERT INTO sys_user (id, username, password_hash, nickname, status, created_at, updated_at, created_by, updated_by, deleted, version)
VALUES (2, 'testuser', '$2a$10$P6lqkvsCYZINKMUv0gjW7ON8IJB8UM71Rk4i9oAQxaHjSoXZ5TCLm', '测试用户', 'ENABLED', NOW(), NOW(), 'system', 'system', 0, 1)
2026-05-23 19:02:37.996 [main] DEBUG o.f.c.internal.sqlscript.DefaultSqlScriptExecutor - 1 row affected
2026-05-23 19:02:37.996 [main] DEBUG o.f.c.internal.sqlscript.DefaultSqlScriptExecutor - Executing SQL: -- ============================================================
-- 8. 关联管理员用户和角色
-- ============================================================
INSERT INTO sys_user_role (id, user_id, role_id, created_at, created_by, updated_at, updated_by, deleted)
VALUES (1, 1, 1, NOW(), 'system', NOW(), 'system', 0)
2026-05-23 19:02:37.997 [main] DEBUG o.f.c.internal.sqlscript.DefaultSqlScriptExecutor - 1 row affected
2026-05-23 19:02:37.997 [main] DEBUG o.f.c.internal.sqlscript.DefaultSqlScriptExecutor - Executing SQL: -- ============================================================
-- 9. 种子数据：基础权限
-- ============================================================
INSERT INTO sys_permission (id, code, name, description, status, type, module, resource, action, sort_order, created_at, updated_at, created_by, updated_by, deleted, version)
VALUES
(1, 'system:user:view', '查看用户', '查看用户信息', 'ENABLED', 'BUTTON', 'system', 'user', 'view', 1, NOW(), NOW(), 'system', 'system', 0, 1),
(2, 'system:user:create', '创建用户', '创建新用户', 'ENABLED', 'BUTTON', 'system', 'user', 'create', 2, NOW(), NOW(), 'system', 'system', 0, 1),
(3, 'system:user:update', '编辑用户', '编辑用户信息', 'ENABLED', 'BUTTON', 'system', 'user', 'update', 3, NOW(), NOW(), 'system', 'system', 0, 1),
(4, 'system:user:delete', '删除用户', '删除用户', 'ENABLED', 'BUTTON', 'system', 'user', 'delete', 4, NOW(), NOW(), 'system', 'system', 0, 1),
(5, 'system:role:view', '查看角色', '查看角色信息', 'ENABLED', 'BUTTON', 'system', 'role', 'view', 5, NOW(), NOW(), 'system', 'system', 0, 1),
(6, 'system:role:create', '创建角色', '创建新角色', 'ENABLED', 'BUTTON', 'system', 'role', 'create', 6, NOW(), NOW(), 'system', 'system', 0, 1),
(7, 'system:role:update', '编辑角色', '编辑角色信息', 'ENABLED', 'BUTTON', 'system', 'role', 'update', 7, NOW(), NOW(), 'system', 'system', 0, 1),
(8, 'system:role:delete', '删除角色', '删除角色', 'ENABLED', 'BUTTON', 'system', 'role', 'delete', 8, NOW(), NOW(), 'system', 'system', 0, 1)
2026-05-23 19:02:37.999 [main] DEBUG o.f.c.internal.sqlscript.DefaultSqlScriptExecutor - 8 rows affected
2026-05-23 19:02:37.999 [main] DEBUG o.f.c.internal.sqlscript.DefaultSqlScriptExecutor - Executing SQL: -- ============================================================
-- 10. 种子数据：基础菜单
-- ============================================================
INSERT INTO sys_menu (id, parent_id, name, path, component, icon, sort_order, type, permission_code, visible, status, created_at, updated_at, created_by, updated_by, deleted, version)
VALUES
(1, 0, '系统管理', '/system', NULL, 'setting', 1, 1, NULL, 1, 1, NOW(), NOW(), 'system', 'system', 0, 1),
(2, 1, '用户管理', '/system/users', 'system/users/index', 'user', 1, 2, 'system:user:view', 1, 1, NOW(), NOW(), 'system', 'system', 0, 1),
(3, 1, '角色管理', '/system/roles', 'system/roles/index', 'team', 2, 2, 'system:role:view', 1, 1, NOW(), NOW(), 'system', 'system', 0, 1),
(4, 1, '权限管理', '/system/permissions', 'system/permissions/index', 'safety', 3, 2, 'system:permission:view', 1, 1, NOW(), NOW(), 'system', 'system', 0, 1),
(5, 1, '菜单管理', '/system/menus', 'system/menus/index', 'menu', 4, 2, 'system:menu:view', 1, 1, NOW(), NOW(), 'system', 'system', 0, 1)
2026-05-23 19:02:38.002 [main] DEBUG o.f.c.internal.sqlscript.DefaultSqlScriptExecutor - 5 rows affected
2026-05-23 19:02:38.002 [main] DEBUG o.f.c.internal.sqlscript.DefaultSqlScriptExecutor - Executing SQL: -- ============================================================
-- 11. 关联管理员角色和所有权限
-- ============================================================
INSERT INTO sys_role_permission (id, role_id, permission_id, created_at, created_by, updated_at, updated_by, deleted)
VALUES
(1, 1, 1, NOW(), 'system', NOW(), 'system', 0),
(2, 1, 2, NOW(), 'system', NOW(), 'system', 0),
(3, 1, 3, NOW(), 'system', NOW(), 'system', 0),
(4, 1, 4, NOW(), 'system', NOW(), 'system', 0),
(5, 1, 5, NOW(), 'system', NOW(), 'system', 0),
(6, 1, 6, NOW(), 'system', NOW(), 'system', 0),
(7, 1, 7, NOW(), 'system', NOW(), 'system', 0),
(8, 1, 8, NOW(), 'system', NOW(), 'system', 0)
2026-05-23 19:02:38.003 [main] DEBUG o.f.c.internal.sqlscript.DefaultSqlScriptExecutor - 8 rows affected
2026-05-23 19:02:38.003 [main] DEBUG o.f.c.internal.sqlscript.DefaultSqlScriptExecutor - Executing SQL: -- ============================================================
-- 12. 关联管理员角色和所有菜单
-- ============================================================
INSERT INTO sys_role_menu (id, role_id, menu_id, created_at, created_by, updated_at, updated_by, deleted)
VALUES
(1, 1, 1, NOW(), 'system', NOW(), 'system', 0),
(2, 1, 2, NOW(), 'system', NOW(), 'system', 0),
(3, 1, 3, NOW(), 'system', NOW(), 'system', 0),
(4, 1, 4, NOW(), 'system', NOW(), 'system', 0),
(5, 1, 5, NOW(), 'system', NOW(), 'system', 0)
2026-05-23 19:02:38.005 [main] DEBUG o.f.c.internal.sqlscript.DefaultSqlScriptExecutor - 5 rows affected
2026-05-23 19:02:38.005 [main] DEBUG org.flywaydb.core.internal.command.DbMigrate - Successfully completed migration of schema `admin_scaffold_test` to version "3 - seed data"
2026-05-23 19:02:38.015 [main] DEBUG o.f.c.i.schemahistory.JdbcTableSchemaHistory - Schema History table `admin_scaffold_test`.`flyway_schema_history` successfully updated to reflect changes
2026-05-23 19:02:38.047 [main] DEBUG o.f.core.api.configuration.ClassicConfiguration - CherryPickConfigurationExtension not found
2026-05-23 19:02:38.053 [main] DEBUG org.flywaydb.core.internal.parser.Parser - Parsing V4__add_employee_org_tables.sql ...
2026-05-23 19:02:38.056 [main] DEBUG o.flywaydb.core.internal.sqlscript.ParserSqlScript - Found statement at line 8: -- M3: 员工组织模块 - 新增4张表
-- hr_employee: 员工主数据表
-- org_unit: 组织架构表
-- employee_org: 员工-组织多对多关联表
-- sys_role_org: 角色-组织自定义数据权限范围表

-- 员工主数据表
CREATE TABLE IF NOT EXISTS `hr_employee` (
    `id` BIGINT NOT NULL AUTO_INCREMENT COMMENT '主键ID',
    `employee_no` VARCHAR(64) NOT NULL COMMENT '员工工号',
    `name` VARCHAR(100) NOT NULL COMMENT '员工姓名',
    `preferred_name` VARCHAR(100) COMMENT '常用名/花名',
    `mobile` VARCHAR(32) COMMENT '手机号',
    `email` VARCHAR(100) COMMENT '邮箱',
    `primary_org_id` BIGINT COMMENT '主组织ID',
    `job_title` VARCHAR(100) COMMENT '职位',
    `employment_status` VARCHAR(32) NOT NULL DEFAULT 'ACTIVE' COMMENT '在职状态(ACTIVE/RESIGNED/SUSPENDED)',
    `entry_date` DATE COMMENT '入职日期',
    `leave_date` DATE COMMENT '离职日期',
    `source_type` VARCHAR(32) NOT NULL DEFAULT 'MANUAL' COMMENT '数据来源(MANUAL/IMPORT/API)',
    `created_at` DATETIME DEFAULT CURRENT_TIMESTAMP COMMENT '创建时间',
    `created_by` VARCHAR(50) COMMENT '创建人',
    `updated_at` DATETIME DEFAULT CURRENT_TIMESTAMP ON UPDATE CURRENT_TIMESTAMP COMMENT '更新时间',
    `updated_by` VARCHAR(50) COMMENT '更新人',
    `deleted` INT DEFAULT 0 COMMENT '逻辑删除标志：0-未删除，1-已删除',
    `version` INT DEFAULT 1 COMMENT '版本号',
    PRIMARY KEY (`id`),
    UNIQUE KEY `uk_employee_no` (`employee_no`),
    KEY `idx_name` (`name`),
    KEY `idx_mobile` (`mobile`),
    KEY `idx_primary_org_id` (`primary_org_id`),
    KEY `idx_employment_status` (`employment_status`)
) ENGINE=InnoDB DEFAULT CHARSET=utf8mb4 COLLATE=utf8mb4_0900_ai_ci COMMENT='员工主数据表'
2026-05-23 19:02:38.056 [main] DEBUG o.flywaydb.core.internal.sqlscript.ParserSqlScript - Found statement at line 36: -- 组织架构表
CREATE TABLE IF NOT EXISTS `org_unit` (
    `id` BIGINT NOT NULL AUTO_INCREMENT COMMENT '主键ID',
    `parent_id` BIGINT NOT NULL DEFAULT 0 COMMENT '父节点ID(0表示根节点)',
    `code` VARCHAR(64) NOT NULL COMMENT '组织编码',
    `name` VARCHAR(100) NOT NULL COMMENT '组织名称',
    `full_path` VARCHAR(500) COMMENT '完整路径(如/1/5/12/)',
    `level` INT DEFAULT 1 COMMENT '层级(从1开始)',
    `manager_employee_id` BIGINT COMMENT '负责人员工ID',
    `sort_order` INT DEFAULT 0 COMMENT '排序号',
    `status` VARCHAR(32) DEFAULT 'ENABLED' COMMENT '状态(ENABLED/DISABLED)',
    `source_type` VARCHAR(32) NOT NULL DEFAULT 'MANUAL' COMMENT '数据来源(MANUAL/IMPORT/API)',
    `created_at` DATETIME DEFAULT CURRENT_TIMESTAMP COMMENT '创建时间',
    `created_by` VARCHAR(50) COMMENT '创建人',
    `updated_at` DATETIME DEFAULT CURRENT_TIMESTAMP ON UPDATE CURRENT_TIMESTAMP COMMENT '更新时间',
    `updated_by` VARCHAR(50) COMMENT '更新人',
    `deleted` INT DEFAULT 0 COMMENT '逻辑删除标志：0-未删除，1-已删除',
    `version` INT DEFAULT 1 COMMENT '版本号',
    PRIMARY KEY (`id`),
    UNIQUE KEY `uk_code` (`code`),
    KEY `idx_parent_id` (`parent_id`),
    KEY `idx_manager_employee_id` (`manager_employee_id`)
) ENGINE=InnoDB DEFAULT CHARSET=utf8mb4 COLLATE=utf8mb4_0900_ai_ci COMMENT='组织架构表'
2026-05-23 19:02:38.057 [main] DEBUG o.flywaydb.core.internal.sqlscript.ParserSqlScript - Found statement at line 60: -- 员工-组织多对多关联表
CREATE TABLE IF NOT EXISTS `employee_org` (
    `id` BIGINT NOT NULL AUTO_INCREMENT COMMENT '主键ID',
    `employee_id` BIGINT NOT NULL COMMENT '员工ID',
    `org_id` BIGINT NOT NULL COMMENT '组织ID',
    `is_primary` TINYINT DEFAULT 0 COMMENT '是否主组织(0-否，1-是)',
    `position_name` VARCHAR(100) COMMENT '岗位名称',
    `start_date` DATE COMMENT '开始日期',
    `end_date` DATE COMMENT '结束日期',
    `status` VARCHAR(32) DEFAULT 'ACTIVE' COMMENT '状态(ACTIVE/INACTIVE)',
    `created_at` DATETIME DEFAULT CURRENT_TIMESTAMP COMMENT '创建时间',
    `created_by` VARCHAR(50) COMMENT '创建人',
    `updated_at` DATETIME DEFAULT CURRENT_TIMESTAMP ON UPDATE CURRENT_TIMESTAMP COMMENT '更新时间',
    `updated_by` VARCHAR(50) COMMENT '更新人',
    `deleted` INT DEFAULT 0 COMMENT '逻辑删除标志：0-未删除，1-已删除',
    `version` INT DEFAULT 1 COMMENT '版本号',
    PRIMARY KEY (`id`),
    UNIQUE KEY `uk_employee_org` (`employee_id`, `org_id`),
    KEY `idx_org_id` (`org_id`),
    KEY `idx_status` (`status`)
) ENGINE=InnoDB DEFAULT CHARSET=utf8mb4 COLLATE=utf8mb4_0900_ai_ci COMMENT='员工-组织关联表'
2026-05-23 19:02:38.058 [main] DEBUG o.flywaydb.core.internal.sqlscript.ParserSqlScript - Found statement at line 82: -- 角色-组织自定义数据权限范围表(物理删除，不做逻辑删除)
CREATE TABLE IF NOT EXISTS `sys_role_org` (
    `id` BIGINT NOT NULL AUTO_INCREMENT COMMENT '主键ID',
    `role_id` BIGINT NOT NULL COMMENT '角色ID',
    `org_id` BIGINT NOT NULL COMMENT '组织ID',
    `created_at` DATETIME DEFAULT CURRENT_TIMESTAMP COMMENT '创建时间',
    `created_by` VARCHAR(50) COMMENT '创建人',
    PRIMARY KEY (`id`),
    UNIQUE KEY `uk_role_org` (`role_id`, `org_id`),
    KEY `idx_org_id` (`org_id`)
) ENGINE=InnoDB DEFAULT CHARSET=utf8mb4 COLLATE=utf8mb4_0900_ai_ci COMMENT='角色-组织数据权限范围表'
2026-05-23 19:02:38.059 [main] DEBUG org.flywaydb.core.internal.command.DbMigrate - Starting migration of schema `admin_scaffold_test` to version "4 - add employee org tables" ...
2026-05-23 19:02:38.064 [main] INFO  org.flywaydb.core.internal.command.DbMigrate - Migrating schema `admin_scaffold_test` to version "4 - add employee org tables"
2026-05-23 19:02:38.065 [main] DEBUG o.f.c.internal.sqlscript.DefaultSqlScriptExecutor - Executing SQL: -- M3: 员工组织模块 - 新增4张表
-- hr_employee: 员工主数据表
-- org_unit: 组织架构表
-- employee_org: 员工-组织多对多关联表
-- sys_role_org: 角色-组织自定义数据权限范围表

-- 员工主数据表
CREATE TABLE IF NOT EXISTS `hr_employee` (
    `id` BIGINT NOT NULL AUTO_INCREMENT COMMENT '主键ID',
    `employee_no` VARCHAR(64) NOT NULL COMMENT '员工工号',
    `name` VARCHAR(100) NOT NULL COMMENT '员工姓名',
    `preferred_name` VARCHAR(100) COMMENT '常用名/花名',
    `mobile` VARCHAR(32) COMMENT '手机号',
    `email` VARCHAR(100) COMMENT '邮箱',
    `primary_org_id` BIGINT COMMENT '主组织ID',
    `job_title` VARCHAR(100) COMMENT '职位',
    `employment_status` VARCHAR(32) NOT NULL DEFAULT 'ACTIVE' COMMENT '在职状态(ACTIVE/RESIGNED/SUSPENDED)',
    `entry_date` DATE COMMENT '入职日期',
    `leave_date` DATE COMMENT '离职日期',
    `source_type` VARCHAR(32) NOT NULL DEFAULT 'MANUAL' COMMENT '数据来源(MANUAL/IMPORT/API)',
    `created_at` DATETIME DEFAULT CURRENT_TIMESTAMP COMMENT '创建时间',
    `created_by` VARCHAR(50) COMMENT '创建人',
    `updated_at` DATETIME DEFAULT CURRENT_TIMESTAMP ON UPDATE CURRENT_TIMESTAMP COMMENT '更新时间',
    `updated_by` VARCHAR(50) COMMENT '更新人',
    `deleted` INT DEFAULT 0 COMMENT '逻辑删除标志：0-未删除，1-已删除',
    `version` INT DEFAULT 1 COMMENT '版本号',
    PRIMARY KEY (`id`),
    UNIQUE KEY `uk_employee_no` (`employee_no`),
    KEY `idx_name` (`name`),
    KEY `idx_mobile` (`mobile`),
    KEY `idx_primary_org_id` (`primary_org_id`),
    KEY `idx_employment_status` (`employment_status`)
) ENGINE=InnoDB DEFAULT CHARSET=utf8mb4 COLLATE=utf8mb4_0900_ai_ci COMMENT='员工主数据表'
2026-05-23 19:02:38.168 [main] DEBUG o.f.c.internal.sqlscript.DefaultSqlScriptExecutor - 0 rows affected
2026-05-23 19:02:38.168 [main] DEBUG o.f.c.internal.sqlscript.DefaultSqlScriptExecutor - Executing SQL: -- 组织架构表
CREATE TABLE IF NOT EXISTS `org_unit` (
    `id` BIGINT NOT NULL AUTO_INCREMENT COMMENT '主键ID',
    `parent_id` BIGINT NOT NULL DEFAULT 0 COMMENT '父节点ID(0表示根节点)',
    `code` VARCHAR(64) NOT NULL COMMENT '组织编码',
    `name` VARCHAR(100) NOT NULL COMMENT '组织名称',
    `full_path` VARCHAR(500) COMMENT '完整路径(如/1/5/12/)',
    `level` INT DEFAULT 1 COMMENT '层级(从1开始)',
    `manager_employee_id` BIGINT COMMENT '负责人员工ID',
    `sort_order` INT DEFAULT 0 COMMENT '排序号',
    `status` VARCHAR(32) DEFAULT 'ENABLED' COMMENT '状态(ENABLED/DISABLED)',
    `source_type` VARCHAR(32) NOT NULL DEFAULT 'MANUAL' COMMENT '数据来源(MANUAL/IMPORT/API)',
    `created_at` DATETIME DEFAULT CURRENT_TIMESTAMP COMMENT '创建时间',
    `created_by` VARCHAR(50) COMMENT '创建人',
    `updated_at` DATETIME DEFAULT CURRENT_TIMESTAMP ON UPDATE CURRENT_TIMESTAMP COMMENT '更新时间',
    `updated_by` VARCHAR(50) COMMENT '更新人',
    `deleted` INT DEFAULT 0 COMMENT '逻辑删除标志：0-未删除，1-已删除',
    `version` INT DEFAULT 1 COMMENT '版本号',
    PRIMARY KEY (`id`),
    UNIQUE KEY `uk_code` (`code`),
    KEY `idx_parent_id` (`parent_id`),
    KEY `idx_manager_employee_id` (`manager_employee_id`)
) ENGINE=InnoDB DEFAULT CHARSET=utf8mb4 COLLATE=utf8mb4_0900_ai_ci COMMENT='组织架构表'
2026-05-23 19:02:38.243 [main] DEBUG o.f.c.internal.sqlscript.DefaultSqlScriptExecutor - 0 rows affected
2026-05-23 19:02:38.243 [main] DEBUG o.f.c.internal.sqlscript.DefaultSqlScriptExecutor - Executing SQL: -- 员工-组织多对多关联表
CREATE TABLE IF NOT EXISTS `employee_org` (
    `id` BIGINT NOT NULL AUTO_INCREMENT COMMENT '主键ID',
    `employee_id` BIGINT NOT NULL COMMENT '员工ID',
    `org_id` BIGINT NOT NULL COMMENT '组织ID',
    `is_primary` TINYINT DEFAULT 0 COMMENT '是否主组织(0-否，1-是)',
    `position_name` VARCHAR(100) COMMENT '岗位名称',
    `start_date` DATE COMMENT '开始日期',
    `end_date` DATE COMMENT '结束日期',
    `status` VARCHAR(32) DEFAULT 'ACTIVE' COMMENT '状态(ACTIVE/INACTIVE)',
    `created_at` DATETIME DEFAULT CURRENT_TIMESTAMP COMMENT '创建时间',
    `created_by` VARCHAR(50) COMMENT '创建人',
    `updated_at` DATETIME DEFAULT CURRENT_TIMESTAMP ON UPDATE CURRENT_TIMESTAMP COMMENT '更新时间',
    `updated_by` VARCHAR(50) COMMENT '更新人',
    `deleted` INT DEFAULT 0 COMMENT '逻辑删除标志：0-未删除，1-已删除',
    `version` INT DEFAULT 1 COMMENT '版本号',
    PRIMARY KEY (`id`),
    UNIQUE KEY `uk_employee_org` (`employee_id`, `org_id`),
    KEY `idx_org_id` (`org_id`),
    KEY `idx_status` (`status`)
) ENGINE=InnoDB DEFAULT CHARSET=utf8mb4 COLLATE=utf8mb4_0900_ai_ci COMMENT='员工-组织关联表'
2026-05-23 19:02:38.317 [main] DEBUG o.f.c.internal.sqlscript.DefaultSqlScriptExecutor - 0 rows affected
2026-05-23 19:02:38.317 [main] DEBUG o.f.c.internal.sqlscript.DefaultSqlScriptExecutor - Executing SQL: -- 角色-组织自定义数据权限范围表(物理删除，不做逻辑删除)
CREATE TABLE IF NOT EXISTS `sys_role_org` (
    `id` BIGINT NOT NULL AUTO_INCREMENT COMMENT '主键ID',
    `role_id` BIGINT NOT NULL COMMENT '角色ID',
    `org_id` BIGINT NOT NULL COMMENT '组织ID',
    `created_at` DATETIME DEFAULT CURRENT_TIMESTAMP COMMENT '创建时间',
    `created_by` VARCHAR(50) COMMENT '创建人',
    PRIMARY KEY (`id`),
    UNIQUE KEY `uk_role_org` (`role_id`, `org_id`),
    KEY `idx_org_id` (`org_id`)
) ENGINE=InnoDB DEFAULT CHARSET=utf8mb4 COLLATE=utf8mb4_0900_ai_ci COMMENT='角色-组织数据权限范围表'
2026-05-23 19:02:38.380 [main] DEBUG o.f.c.internal.sqlscript.DefaultSqlScriptExecutor - 0 rows affected
2026-05-23 19:02:38.380 [main] DEBUG org.flywaydb.core.internal.command.DbMigrate - Successfully completed migration of schema `admin_scaffold_test` to version "4 - add employee org tables"
2026-05-23 19:02:38.390 [main] DEBUG o.f.c.i.schemahistory.JdbcTableSchemaHistory - Schema History table `admin_scaffold_test`.`flyway_schema_history` successfully updated to reflect changes
2026-05-23 19:02:38.409 [main] DEBUG o.f.core.api.configuration.ClassicConfiguration - CherryPickConfigurationExtension not found
2026-05-23 19:02:38.414 [main] DEBUG org.flywaydb.core.internal.parser.Parser - Parsing V5__seed_data_org.sql ...
2026-05-23 19:02:38.415 [main] DEBUG o.flywaydb.core.internal.sqlscript.ParserSqlScript - Found statement at line 8: -- V5: 组织模块种子数据
-- LOCAL-ONLY: 仅用于本地开发环境
-- 依赖 V4 表结构

-- ============================================================
-- 1. 部门树：总公司(100) → 技术部(101)/产品部(102) → 后端组(103)/前端组(104)
-- ============================================================
INSERT INTO org_unit (id, parent_id, code, name, full_path, level, sort_order, status, source_type, created_at, updated_at, created_by, updated_by, deleted, version)
VALUES
(100, 0, 'HQ', '总公司', '/100/', 1, 1, 'ENABLED', 'MANUAL', NOW(), NOW(), 'system', 'system', 0, 1),
(101, 100, 'TECH', '技术部', '/100/101/', 2, 1, 'ENABLED', 'MANUAL', NOW(), NOW(), 'system', 'system', 0, 1),
(102, 100, 'PRODUCT', '产品部', '/100/102/', 2, 2, 'ENABLED', 'MANUAL', NOW(), NOW(), 'system', 'system', 0, 1),
(103, 101, 'BACKEND', '后端组', '/100/101/103/', 3, 1, 'ENABLED', 'MANUAL', NOW(), NOW(), 'system', 'system', 0, 1),
(104, 101, 'FRONTEND', '前端组', '/100/101/104/', 3, 2, 'ENABLED', 'MANUAL', NOW(), NOW(), 'system', 'system', 0, 1)
2026-05-23 19:02:38.416 [main] DEBUG o.flywaydb.core.internal.sqlscript.ParserSqlScript - Found statement at line 19: -- ============================================================
-- 2. 员工数据
-- ============================================================
INSERT INTO hr_employee (id, employee_no, name, mobile, email, primary_org_id, job_title, employment_status, entry_date, source_type, created_at, updated_at, created_by, updated_by, deleted, version)
VALUES
(100, 'EMP001', '张三', '13800000001', 'zhangsan@example.com', 101, '技术总监', 'ACTIVE', '2024-01-01', 'MANUAL', NOW(), NOW(), 'system', 'system', 0, 1),
(101, 'EMP002', '李四', '13800000002', 'lisi@example.com', 103, '后端开发', 'ACTIVE', '2024-03-15', 'MANUAL', NOW(), NOW(), 'system', 'system', 0, 1),
(102, 'EMP003', '王五', '13800000003', 'wangwu@example.com', 102, '产品经理', 'ACTIVE', '2024-06-01', 'MANUAL', NOW(), NOW(), 'system', 'system', 0, 1)
2026-05-23 19:02:38.416 [main] DEBUG o.flywaydb.core.internal.sqlscript.ParserSqlScript - Found statement at line 28: -- ============================================================
-- 3. 员工-组织关联
-- ============================================================
INSERT INTO employee_org (id, employee_id, org_id, is_primary, position_name, status, created_at, created_by, updated_at, updated_by, deleted, version)
VALUES
(1, 100, 101, 1, '技术总监', 'ACTIVE', NOW(), 'system', NOW(), 'system', 0, 1),
(2, 101, 103, 1, '后端开发', 'ACTIVE', NOW(), 'system', NOW(), 'system', 0, 1),
(3, 102, 102, 1, '产品经理', 'ACTIVE', NOW(), 'system', NOW(), 'system', 0, 1)
2026-05-23 19:02:38.416 [main] DEBUG o.flywaydb.core.internal.sqlscript.ParserSqlScript - Found statement at line 38: -- ============================================================
-- 4. 角色-组织关联（CUSTOM 数据权限）
-- role_id=2 为 V3 中的普通用户角色（USER），赋予技术部(101)的自定义数据权限
-- ============================================================
INSERT INTO sys_role_org (id, role_id, org_id, created_at, created_by)
VALUES
(1, 2, 101, NOW(), 'system'),
(2, 2, 102, NOW(), 'system')
2026-05-23 19:02:38.417 [main] DEBUG org.flywaydb.core.internal.command.DbMigrate - Starting migration of schema `admin_scaffold_test` to version "5 - seed data org" ...
2026-05-23 19:02:38.422 [main] INFO  org.flywaydb.core.internal.command.DbMigrate - Migrating schema `admin_scaffold_test` to version "5 - seed data org"
2026-05-23 19:02:38.423 [main] DEBUG o.f.c.internal.sqlscript.DefaultSqlScriptExecutor - Executing SQL: -- V5: 组织模块种子数据
-- LOCAL-ONLY: 仅用于本地开发环境
-- 依赖 V4 表结构

-- ============================================================
-- 1. 部门树：总公司(100) → 技术部(101)/产品部(102) → 后端组(103)/前端组(104)
-- ============================================================
INSERT INTO org_unit (id, parent_id, code, name, full_path, level, sort_order, status, source_type, created_at, updated_at, created_by, updated_by, deleted, version)
VALUES
(100, 0, 'HQ', '总公司', '/100/', 1, 1, 'ENABLED', 'MANUAL', NOW(), NOW(), 'system', 'system', 0, 1),
(101, 100, 'TECH', '技术部', '/100/101/', 2, 1, 'ENABLED', 'MANUAL', NOW(), NOW(), 'system', 'system', 0, 1),
(102, 100, 'PRODUCT', '产品部', '/100/102/', 2, 2, 'ENABLED', 'MANUAL', NOW(), NOW(), 'system', 'system', 0, 1),
(103, 101, 'BACKEND', '后端组', '/100/101/103/', 3, 1, 'ENABLED', 'MANUAL', NOW(), NOW(), 'system', 'system', 0, 1),
(104, 101, 'FRONTEND', '前端组', '/100/101/104/', 3, 2, 'ENABLED', 'MANUAL', NOW(), NOW(), 'system', 'system', 0, 1)
2026-05-23 19:02:38.426 [main] DEBUG o.f.c.internal.sqlscript.DefaultSqlScriptExecutor - 5 rows affected
2026-05-23 19:02:38.426 [main] DEBUG o.f.c.internal.sqlscript.DefaultSqlScriptExecutor - Executing SQL: -- ============================================================
-- 2. 员工数据
-- ============================================================
INSERT INTO hr_employee (id, employee_no, name, mobile, email, primary_org_id, job_title, employment_status, entry_date, source_type, created_at, updated_at, created_by, updated_by, deleted, version)
VALUES
(100, 'EMP001', '张三', '13800000001', 'zhangsan@example.com', 101, '技术总监', 'ACTIVE', '2024-01-01', 'MANUAL', NOW(), NOW(), 'system', 'system', 0, 1),
(101, 'EMP002', '李四', '13800000002', 'lisi@example.com', 103, '后端开发', 'ACTIVE', '2024-03-15', 'MANUAL', NOW(), NOW(), 'system', 'system', 0, 1),
(102, 'EMP003', '王五', '13800000003', 'wangwu@example.com', 102, '产品经理', 'ACTIVE', '2024-06-01', 'MANUAL', NOW(), NOW(), 'system', 'system', 0, 1)
2026-05-23 19:02:38.429 [main] DEBUG o.f.c.internal.sqlscript.DefaultSqlScriptExecutor - 3 rows affected
2026-05-23 19:02:38.429 [main] DEBUG o.f.c.internal.sqlscript.DefaultSqlScriptExecutor - Executing SQL: -- ============================================================
-- 3. 员工-组织关联
-- ============================================================
INSERT INTO employee_org (id, employee_id, org_id, is_primary, position_name, status, created_at, created_by, updated_at, updated_by, deleted, version)
VALUES
(1, 100, 101, 1, '技术总监', 'ACTIVE', NOW(), 'system', NOW(), 'system', 0, 1),
(2, 101, 103, 1, '后端开发', 'ACTIVE', NOW(), 'system', NOW(), 'system', 0, 1),
(3, 102, 102, 1, '产品经理', 'ACTIVE', NOW(), 'system', NOW(), 'system', 0, 1)
2026-05-23 19:02:38.431 [main] DEBUG o.f.c.internal.sqlscript.DefaultSqlScriptExecutor - 3 rows affected
2026-05-23 19:02:38.431 [main] DEBUG o.f.c.internal.sqlscript.DefaultSqlScriptExecutor - Executing SQL: -- ============================================================
-- 4. 角色-组织关联（CUSTOM 数据权限）
-- role_id=2 为 V3 中的普通用户角色（USER），赋予技术部(101)的自定义数据权限
-- ============================================================
INSERT INTO sys_role_org (id, role_id, org_id, created_at, created_by)
VALUES
(1, 2, 101, NOW(), 'system'),
(2, 2, 102, NOW(), 'system')
2026-05-23 19:02:38.434 [main] DEBUG o.f.c.internal.sqlscript.DefaultSqlScriptExecutor - 2 rows affected
2026-05-23 19:02:38.434 [main] DEBUG org.flywaydb.core.internal.command.DbMigrate - Successfully completed migration of schema `admin_scaffold_test` to version "5 - seed data org"
2026-05-23 19:02:38.445 [main] DEBUG o.f.c.i.schemahistory.JdbcTableSchemaHistory - Schema History table `admin_scaffold_test`.`flyway_schema_history` successfully updated to reflect changes
2026-05-23 19:02:38.462 [main] DEBUG o.f.core.api.configuration.ClassicConfiguration - CherryPickConfigurationExtension not found
2026-05-23 19:02:38.467 [main] INFO  org.flywaydb.core.internal.command.DbMigrate - Successfully applied 5 migrations to schema `admin_scaffold_test`, now at version v5 (execution time 00:01.697s)
2026-05-23 19:02:38.473 [main] DEBUG org.flywaydb.core.FlywayExecutor - Memory usage: 200 of 256M
2026-05-23 19:02:38.473 [main] INFO  i.g.l.admin.config.TestDatabaseInitializer - Flyway 迁移完成
2026-05-23 19:02:38.481 [main] DEBUG o.f.c.internal.scanner.classpath.ClassPathScanner - Scanning for classpath resources at 'classpath:db/callback' ...
2026-05-23 19:02:38.481 [main] DEBUG o.f.c.internal.scanner.classpath.ClassPathScanner - Determining location urls for classpath:db/callback using ClassLoader jdk.internal.loader.ClassLoaders$AppClassLoader@5c647e05 ...
2026-05-23 19:02:38.481 [main] DEBUG o.f.c.internal.scanner.classpath.ClassPathScanner - Unable to resolve location classpath:db/callback.
2026-05-23 19:02:38.484 [main] DEBUG o.f.c.internal.scanner.classpath.ClassPathScanner - Scanning for classpath resources at 'classpath:db/migration' ...
2026-05-23 19:02:38.484 [main] DEBUG o.f.c.internal.scanner.classpath.ClassPathScanner - Determining location urls for classpath:db/migration using ClassLoader jdk.internal.loader.ClassLoaders$AppClassLoader@5c647e05 ...
2026-05-23 19:02:38.485 [main] DEBUG o.f.c.internal.scanner.classpath.ClassPathScanner - Scanning URL: file:/C:/workspace/admin-management-scaffold/backend/target/classes/db/migration
2026-05-23 19:02:38.485 [main] DEBUG o.f.c.i.s.c.FileSystemClassPathLocationScanner - Scanning starting at classpath root in filesystem: C:\workspace\admin-management-scaffold\backend\target\classes\
2026-05-23 19:02:38.485 [main] DEBUG o.f.c.i.s.c.FileSystemClassPathLocationScanner - Scanning for resources in path: C:\workspace\admin-management-scaffold\backend\target\classes\db\migration (db/migration)
2026-05-23 19:02:38.485 [main] DEBUG o.f.c.internal.scanner.classpath.ClassPathScanner - Found resource: db/migration/V1__init_schema.sql
2026-05-23 19:02:38.485 [main] DEBUG o.f.c.internal.scanner.classpath.ClassPathScanner - Found resource: db/migration/V2__add_menu_and_permission_fields.sql
2026-05-23 19:02:38.485 [main] DEBUG o.f.c.internal.scanner.classpath.ClassPathScanner - Found resource: db/migration/V3__seed_data.sql
2026-05-23 19:02:38.485 [main] DEBUG o.f.c.internal.scanner.classpath.ClassPathScanner - Found resource: db/migration/V4__add_employee_org_tables.sql
2026-05-23 19:02:38.485 [main] DEBUG o.f.c.internal.scanner.classpath.ClassPathScanner - Found resource: db/migration/V5__seed_data_org.sql
2026-05-23 19:02:38.485 [main] DEBUG o.f.c.internal.scanner.classpath.ClassPathScanner - Scanning for classes at classpath:db/migration
2026-05-23 19:02:38.485 [main] DEBUG o.f.core.internal.resource.ResourceNameValidator - Validating V4__add_employee_org_tables.sql
2026-05-23 19:02:38.495 [main] DEBUG o.f.core.internal.resource.ResourceNameValidator - Validating V1__init_schema.sql
2026-05-23 19:02:38.495 [main] DEBUG o.f.core.internal.resource.ResourceNameValidator - Validating V2__add_menu_and_permission_fields.sql
2026-05-23 19:02:38.495 [main] DEBUG o.f.core.internal.resource.ResourceNameValidator - Validating V3__seed_data.sql
2026-05-23 19:02:38.495 [main] DEBUG o.f.core.internal.resource.ResourceNameValidator - Validating V5__seed_data_org.sql
2026-05-23 19:02:38.505 [main] INFO  org.flywaydb.core.FlywayExecutor - Database: jdbc:mysql://localhost:3306/admin_scaffold_test (MySQL 9.1)
2026-05-23 19:02:38.505 [main] DEBUG org.flywaydb.core.FlywayExecutor - Database Type: MySQL
2026-05-23 19:02:38.505 [main] DEBUG org.flywaydb.core.FlywayExecutor - Driver: MySQL Connector/J mysql-connector-j-8.3.0 (Revision: 805f872a57875f311cb82487efcfb070411a3fa0)
2026-05-23 19:02:38.505 [main] DEBUG org.flywaydb.core.FlywayExecutor - DDL Transactions Supported: false
2026-05-23 19:02:38.505 [main] DEBUG o.f.c.internal.schemahistory.SchemaHistoryFactory - Schemas: 
2026-05-23 19:02:38.505 [main] DEBUG o.f.c.internal.schemahistory.SchemaHistoryFactory - Default schema: null
2026-05-23 19:02:38.513 [main] WARN  org.flywaydb.core.internal.database.base.Database - Flyway upgrade recommended: MySQL 9.1 is newer than this version of Flyway and support has not been tested. The latest supported version of MySQL is 8.1.
2026-05-23 19:02:38.513 [main] DEBUG o.f.c.internal.callback.SqlScriptCallbackFactory - Scanning for SQL callbacks ...
2026-05-23 19:02:38.515 [main] DEBUG org.flywaydb.core.internal.command.DbSchemas - Skipping creation of existing schema: `admin_scaffold_test`
2026-05-23 19:02:38.523 [main] DEBUG o.f.core.api.configuration.ClassicConfiguration - CherryPickConfigurationExtension not found
2026-05-23 19:02:38.529 [main] DEBUG org.flywaydb.core.internal.scanner.Scanner - Filtering out resource: db/migration/V4__add_employee_org_tables.sql (filename: V4__add_employee_org_tables.sql)
2026-05-23 19:02:38.529 [main] DEBUG org.flywaydb.core.internal.scanner.Scanner - Filtering out resource: db/migration/V1__init_schema.sql (filename: V1__init_schema.sql)
2026-05-23 19:02:38.529 [main] DEBUG org.flywaydb.core.internal.scanner.Scanner - Filtering out resource: db/migration/V2__add_menu_and_permission_fields.sql (filename: V2__add_menu_and_permission_fields.sql)
2026-05-23 19:02:38.529 [main] DEBUG org.flywaydb.core.internal.scanner.Scanner - Filtering out resource: db/migration/V3__seed_data.sql (filename: V3__seed_data.sql)
2026-05-23 19:02:38.529 [main] DEBUG org.flywaydb.core.internal.scanner.Scanner - Filtering out resource: db/migration/V5__seed_data_org.sql (filename: V5__seed_data_org.sql)
2026-05-23 19:02:38.529 [main] DEBUG org.flywaydb.core.internal.scanner.Scanner - Filtering out resource: db/migration/V4__add_employee_org_tables.sql (filename: V4__add_employee_org_tables.sql)
2026-05-23 19:02:38.529 [main] DEBUG org.flywaydb.core.internal.scanner.Scanner - Filtering out resource: db/migration/V1__init_schema.sql (filename: V1__init_schema.sql)
2026-05-23 19:02:38.529 [main] DEBUG org.flywaydb.core.internal.scanner.Scanner - Filtering out resource: db/migration/V2__add_menu_and_permission_fields.sql (filename: V2__add_menu_and_permission_fields.sql)
2026-05-23 19:02:38.529 [main] DEBUG org.flywaydb.core.internal.scanner.Scanner - Filtering out resource: db/migration/V3__seed_data.sql (filename: V3__seed_data.sql)
2026-05-23 19:02:38.529 [main] DEBUG org.flywaydb.core.internal.scanner.Scanner - Filtering out resource: db/migration/V5__seed_data_org.sql (filename: V5__seed_data_org.sql)
2026-05-23 19:02:38.534 [main] INFO  org.flywaydb.core.internal.command.DbMigrate - Current version of schema `admin_scaffold_test`: 5
2026-05-23 19:02:38.535 [main] INFO  org.flywaydb.core.internal.command.DbMigrate - Schema `admin_scaffold_test` is up to date. No migration necessary.
2026-05-23 19:02:38.541 [main] DEBUG org.flywaydb.core.FlywayExecutor - Memory usage: 204 of 256M
 _ _   |_  _ _|_. ___ _ |    _ 
| | |\/|_)(_| | |_\  |_)||_|_\ 
     /               |         
                        3.5.16 
____ ____    ___ ____ _  _ ____ _  _ 
[__  |__| __  |  |  | |_/  |___ |\ | 
___] |  |     |  |__| | \_ |___ | \| 
https://sa-token.cc (v1.45.0)
2026-05-23 19:02:39.370 [main] INFO  i.github.lystrosaurus.admin.db.FlywayMigrationTest - Started FlywayMigrationTest in 4.242 seconds (process running for 46.904)
[ERROR] Tests run: 10, Failures: 2, Errors: 0, Skipped: 0, Time elapsed: 0.015 s <<< FAILURE! -- in io.github.lystrosaurus.admin.exception.ErrorCodeTest
[ERROR] io.github.lystrosaurus.admin.exception.ErrorCodeTest.should_have_unique_code_values_when_defining_error_codes -- Time elapsed: 0.009 s <<< FAILURE!
org.opentest4j.AssertionFailedError: ErrorCode 的 code 值应该唯一: USER_EMPLOYEE_NOT_FOUND 和 EMPLOYEE_NOT_FOUND ==> expected: not equal but was: <7001>
	at org.junit.jupiter.api.AssertionFailureBuilder.build(AssertionFailureBuilder.java:152)
	at org.junit.jupiter.api.AssertionFailureBuilder.buildAndThrow(AssertionFailureBuilder.java:132)
	at org.junit.jupiter.api.AssertNotEquals.failEqual(AssertNotEquals.java:277)
	at org.junit.jupiter.api.AssertNotEquals.assertNotEquals(AssertNotEquals.java:94)
	at org.junit.jupiter.api.Assertions.assertNotEquals(Assertions.java:2023)
	at io.github.lystrosaurus.admin.exception.ErrorCodeTest.should_have_unique_code_values_when_defining_error_codes(ErrorCodeTest.java:90)
	at java.base/java.lang.reflect.Method.invoke(Method.java:580)
	at java.base/java.util.ArrayList.forEach(ArrayList.java:1596)
	at java.base/java.util.ArrayList.forEach(ArrayList.java:1596)

[ERROR] io.github.lystrosaurus.admin.exception.ErrorCodeTest.should_have_category_number_format_when_defining_error_codes -- Time elapsed: 0 s <<< FAILURE!
org.opentest4j.AssertionFailedError: ErrorCode 类别应该是有效的: EMPLOYEE ==> expected: <true> but was: <false>
	at org.junit.jupiter.api.AssertionFailureBuilder.build(AssertionFailureBuilder.java:151)
	at org.junit.jupiter.api.AssertionFailureBuilder.buildAndThrow(AssertionFailureBuilder.java:132)
	at org.junit.jupiter.api.AssertTrue.failNotTrue(AssertTrue.java:63)
	at org.junit.jupiter.api.AssertTrue.assertTrue(AssertTrue.java:36)
	at org.junit.jupiter.api.Assertions.assertTrue(Assertions.java:214)
	at io.github.lystrosaurus.admin.exception.ErrorCodeTest.should_have_category_number_format_when_defining_error_codes(ErrorCodeTest.java:22)
	at java.base/java.lang.reflect.Method.invoke(Method.java:580)
	at java.base/java.util.ArrayList.forEach(ArrayList.java:1596)
	at java.base/java.util.ArrayList.forEach(ArrayList.java:1596)

2026-05-23 19:02:39.960 [main] INFO  i.g.lystrosaurus.admin.filter.RequestLogFilter - 请求开始: GET /api/test param=value from 127.0.0.1
2026-05-23 19:02:39.960 [main] INFO  i.g.lystrosaurus.admin.filter.RequestLogFilter - 请求结束: GET /api/test status=200 耗时=1ms
2026-05-23 19:02:39.963 [main] INFO  i.g.lystrosaurus.admin.filter.RequestLogFilter - 请求开始: POST /api/test  from 127.0.0.1
2026-05-23 19:02:39.963 [main] INFO  i.g.lystrosaurus.admin.filter.RequestLogFilter - 请求结束: POST /api/test status=201 耗时=0ms
2026-05-23 19:02:39.969 [main] INFO  i.g.lystrosaurus.admin.filter.RequestLogFilter - 请求开始: GET /api/test  from 127.0.0.1
2026-05-23 19:02:39.969 [main] INFO  i.g.lystrosaurus.admin.filter.RequestLogFilter - 请求结束: GET /api/test status=500 耗时=0ms
2026-05-23 19:02:39.980 [main] ERROR i.g.l.admin.handler.GlobalExceptionHandler - 系统异常
java.lang.Exception: 通用异常
	at io.github.lystrosaurus.admin.handler.GlobalExceptionHandlerTest.should_return_api_response_when_handling_general_exception(GlobalExceptionHandlerTest.java:83)
	at java.base/jdk.internal.reflect.DirectMethodHandleAccessor.invoke(DirectMethodHandleAccessor.java:103)
	at java.base/java.lang.reflect.Method.invoke(Method.java:580)
	at org.junit.platform.commons.util.ReflectionUtils.invokeMethod(ReflectionUtils.java:728)
	at org.junit.jupiter.engine.execution.MethodInvocation.proceed(MethodInvocation.java:60)
	at org.junit.jupiter.engine.execution.InvocationInterceptorChain$ValidatingInvocation.proceed(InvocationInterceptorChain.java:131)
	at org.junit.jupiter.engine.extension.TimeoutExtension.intercept(TimeoutExtension.java:156)
	at org.junit.jupiter.engine.extension.TimeoutExtension.interceptTestableMethod(TimeoutExtension.java:147)
	at org.junit.jupiter.engine.extension.TimeoutExtension.interceptTestMethod(TimeoutExtension.java:86)
	at org.junit.jupiter.engine.execution.InterceptingExecutableInvoker$ReflectiveInterceptorCall.lambda$ofVoidMethod$0(InterceptingExecutableInvoker.java:103)
	at org.junit.jupiter.engine.execution.InterceptingExecutableInvoker.lambda$invoke$0(InterceptingExecutableInvoker.java:93)
	at org.junit.jupiter.engine.execution.InvocationInterceptorChain$InterceptedInvocation.proceed(InvocationInterceptorChain.java:106)
	at org.junit.jupiter.engine.execution.InvocationInterceptorChain.proceed(InvocationInterceptorChain.java:64)
	at org.junit.jupiter.engine.execution.InvocationInterceptorChain.chainAndInvoke(InvocationInterceptorChain.java:45)
	at org.junit.jupiter.engine.execution.InvocationInterceptorChain.invoke(InvocationInterceptorChain.java:37)
	at org.junit.jupiter.engine.execution.InterceptingExecutableInvoker.invoke(InterceptingExecutableInvoker.java:92)
	at org.junit.jupiter.engine.execution.InterceptingExecutableInvoker.invoke(InterceptingExecutableInvoker.java:86)
	at org.junit.jupiter.engine.descriptor.TestMethodTestDescriptor.lambda$invokeTestMethod$7(TestMethodTestDescriptor.java:218)
	at org.junit.platform.engine.support.hierarchical.ThrowableCollector.execute(ThrowableCollector.java:73)
	at org.junit.jupiter.engine.descriptor.TestMethodTestDescriptor.invokeTestMethod(TestMethodTestDescriptor.java:214)
	at org.junit.jupiter.engine.descriptor.TestMethodTestDescriptor.execute(TestMethodTestDescriptor.java:139)
	at org.junit.jupiter.engine.descriptor.TestMethodTestDescriptor.execute(TestMethodTestDescriptor.java:69)
	at org.junit.platform.engine.support.hierarchical.NodeTestTask.lambda$executeRecursively$6(NodeTestTask.java:151)
	at org.junit.platform.engine.support.hierarchical.ThrowableCollector.execute(ThrowableCollector.java:73)
	at org.junit.platform.engine.support.hierarchical.NodeTestTask.lambda$executeRecursively$8(NodeTestTask.java:141)
	at org.junit.platform.engine.support.hierarchical.Node.around(Node.java:137)
	at org.junit.platform.engine.support.hierarchical.NodeTestTask.lambda$executeRecursively$9(NodeTestTask.java:139)
	at org.junit.platform.engine.support.hierarchical.ThrowableCollector.execute(ThrowableCollector.java:73)
	at org.junit.platform.engine.support.hierarchical.NodeTestTask.executeRecursively(NodeTestTask.java:138)
	at org.junit.platform.engine.support.hierarchical.NodeTestTask.execute(NodeTestTask.java:95)
	at java.base/java.util.ArrayList.forEach(ArrayList.java:1596)
	at org.junit.platform.engine.support.hierarchical.SameThreadHierarchicalTestExecutorService.invokeAll(SameThreadHierarchicalTestExecutorService.java:41)
	at org.junit.platform.engine.support.hierarchical.NodeTestTask.lambda$executeRecursively$6(NodeTestTask.java:155)
	at org.junit.platform.engine.support.hierarchical.ThrowableCollector.execute(ThrowableCollector.java:73)
	at org.junit.platform.engine.support.hierarchical.NodeTestTask.lambda$executeRecursively$8(NodeTestTask.java:141)
	at org.junit.platform.engine.support.hierarchical.Node.around(Node.java:137)
	at org.junit.platform.engine.support.hierarchical.NodeTestTask.lambda$executeRecursively$9(NodeTestTask.java:139)
	at org.junit.platform.engine.support.hierarchical.ThrowableCollector.execute(ThrowableCollector.java:73)
	at org.junit.platform.engine.support.hierarchical.NodeTestTask.executeRecursively(NodeTestTask.java:138)
	at org.junit.platform.engine.support.hierarchical.NodeTestTask.execute(NodeTestTask.java:95)
	at java.base/java.util.ArrayList.forEach(ArrayList.java:1596)
	at org.junit.platform.engine.support.hierarchical.SameThreadHierarchicalTestExecutorService.invokeAll(SameThreadHierarchicalTestExecutorService.java:41)
	at org.junit.platform.engine.support.hierarchical.NodeTestTask.lambda$executeRecursively$6(NodeTestTask.java:155)
	at org.junit.platform.engine.support.hierarchical.ThrowableCollector.execute(ThrowableCollector.java:73)
	at org.junit.platform.engine.support.hierarchical.NodeTestTask.lambda$executeRecursively$8(NodeTestTask.java:141)
	at org.junit.platform.engine.support.hierarchical.Node.around(Node.java:137)
	at org.junit.platform.engine.support.hierarchical.NodeTestTask.lambda$executeRecursively$9(NodeTestTask.java:139)
	at org.junit.platform.engine.support.hierarchical.ThrowableCollector.execute(ThrowableCollector.java:73)
	at org.junit.platform.engine.support.hierarchical.NodeTestTask.executeRecursively(NodeTestTask.java:138)
	at org.junit.platform.engine.support.hierarchical.NodeTestTask.execute(NodeTestTask.java:95)
	at org.junit.platform.engine.support.hierarchical.SameThreadHierarchicalTestExecutorService.submit(SameThreadHierarchicalTestExecutorService.java:35)
	at org.junit.platform.engine.support.hierarchical.HierarchicalTestExecutor.execute(HierarchicalTestExecutor.java:57)
	at org.junit.platform.engine.support.hierarchical.HierarchicalTestEngine.execute(HierarchicalTestEngine.java:54)
	at org.junit.platform.launcher.core.EngineExecutionOrchestrator.execute(EngineExecutionOrchestrator.java:198)
	at org.junit.platform.launcher.core.EngineExecutionOrchestrator.execute(EngineExecutionOrchestrator.java:169)
	at org.junit.platform.launcher.core.EngineExecutionOrchestrator.execute(EngineExecutionOrchestrator.java:93)
	at org.junit.platform.launcher.core.EngineExecutionOrchestrator.lambda$execute$0(EngineExecutionOrchestrator.java:58)
	at org.junit.platform.launcher.core.EngineExecutionOrchestrator.withInterceptedStreams(EngineExecutionOrchestrator.java:141)
	at org.junit.platform.launcher.core.EngineExecutionOrchestrator.execute(EngineExecutionOrchestrator.java:57)
	at org.junit.platform.launcher.core.DefaultLauncher.execute(DefaultLauncher.java:103)
	at org.junit.platform.launcher.core.DefaultLauncher.execute(DefaultLauncher.java:85)
	at org.junit.platform.launcher.core.DelegatingLauncher.execute(DelegatingLauncher.java:47)
	at org.apache.maven.surefire.junitplatform.LazyLauncher.execute(LazyLauncher.java:56)
	at org.apache.maven.surefire.junitplatform.JUnitPlatformProvider.execute(JUnitPlatformProvider.java:184)
	at org.apache.maven.surefire.junitplatform.JUnitPlatformProvider.invokeAllTests(JUnitPlatformProvider.java:148)
	at org.apache.maven.surefire.junitplatform.JUnitPlatformProvider.invoke(JUnitPlatformProvider.java:122)
	at org.apache.maven.surefire.booter.ForkedBooter.runSuitesInProcess(ForkedBooter.java:385)
	at org.apache.maven.surefire.booter.ForkedBooter.execute(ForkedBooter.java:162)
	at org.apache.maven.surefire.booter.ForkedBooter.run(ForkedBooter.java:507)
	at org.apache.maven.surefire.booter.ForkedBooter.main(ForkedBooter.java:495)
2026-05-23 19:02:39.996 [main] WARN  i.g.l.admin.handler.GlobalExceptionHandler - 业务异常: code=2001, message=用户不存在
2026-05-23 19:02:40.138 [main] WARN  i.g.l.admin.handler.GlobalExceptionHandler - 参数绑定失败: 绑定错误
2026-05-23 19:02:40.209 [main] WARN  i.g.l.admin.handler.GlobalExceptionHandler - 参数校验失败: 错误消息
2026-05-23 19:02:40.212 [main] ERROR i.g.l.admin.handler.GlobalExceptionHandler - 运行时异常
java.lang.RuntimeException: 运行时异常
	at io.github.lystrosaurus.admin.handler.GlobalExceptionHandlerTest.should_return_api_response_when_handling_runtime_exception(GlobalExceptionHandlerTest.java:72)
	at java.base/jdk.internal.reflect.DirectMethodHandleAccessor.invoke(DirectMethodHandleAccessor.java:103)
	at java.base/java.lang.reflect.Method.invoke(Method.java:580)
	at org.junit.platform.commons.util.ReflectionUtils.invokeMethod(ReflectionUtils.java:728)
	at org.junit.jupiter.engine.execution.MethodInvocation.proceed(MethodInvocation.java:60)
	at org.junit.jupiter.engine.execution.InvocationInterceptorChain$ValidatingInvocation.proceed(InvocationInterceptorChain.java:131)
	at org.junit.jupiter.engine.extension.TimeoutExtension.intercept(TimeoutExtension.java:156)
	at org.junit.jupiter.engine.extension.TimeoutExtension.interceptTestableMethod(TimeoutExtension.java:147)
	at org.junit.jupiter.engine.extension.TimeoutExtension.interceptTestMethod(TimeoutExtension.java:86)
	at org.junit.jupiter.engine.execution.InterceptingExecutableInvoker$ReflectiveInterceptorCall.lambda$ofVoidMethod$0(InterceptingExecutableInvoker.java:103)
	at org.junit.jupiter.engine.execution.InterceptingExecutableInvoker.lambda$invoke$0(InterceptingExecutableInvoker.java:93)
	at org.junit.jupiter.engine.execution.InvocationInterceptorChain$InterceptedInvocation.proceed(InvocationInterceptorChain.java:106)
	at org.junit.jupiter.engine.execution.InvocationInterceptorChain.proceed(InvocationInterceptorChain.java:64)
	at org.junit.jupiter.engine.execution.InvocationInterceptorChain.chainAndInvoke(InvocationInterceptorChain.java:45)
	at org.junit.jupiter.engine.execution.InvocationInterceptorChain.invoke(InvocationInterceptorChain.java:37)
	at org.junit.jupiter.engine.execution.InterceptingExecutableInvoker.invoke(InterceptingExecutableInvoker.java:92)
	at org.junit.jupiter.engine.execution.InterceptingExecutableInvoker.invoke(InterceptingExecutableInvoker.java:86)
	at org.junit.jupiter.engine.descriptor.TestMethodTestDescriptor.lambda$invokeTestMethod$7(TestMethodTestDescriptor.java:218)
	at org.junit.platform.engine.support.hierarchical.ThrowableCollector.execute(ThrowableCollector.java:73)
	at org.junit.jupiter.engine.descriptor.TestMethodTestDescriptor.invokeTestMethod(TestMethodTestDescriptor.java:214)
	at org.junit.jupiter.engine.descriptor.TestMethodTestDescriptor.execute(TestMethodTestDescriptor.java:139)
	at org.junit.jupiter.engine.descriptor.TestMethodTestDescriptor.execute(TestMethodTestDescriptor.java:69)
	at org.junit.platform.engine.support.hierarchical.NodeTestTask.lambda$executeRecursively$6(NodeTestTask.java:151)
	at org.junit.platform.engine.support.hierarchical.ThrowableCollector.execute(ThrowableCollector.java:73)
	at org.junit.platform.engine.support.hierarchical.NodeTestTask.lambda$executeRecursively$8(NodeTestTask.java:141)
	at org.junit.platform.engine.support.hierarchical.Node.around(Node.java:137)
	at org.junit.platform.engine.support.hierarchical.NodeTestTask.lambda$executeRecursively$9(NodeTestTask.java:139)
	at org.junit.platform.engine.support.hierarchical.ThrowableCollector.execute(ThrowableCollector.java:73)
	at org.junit.platform.engine.support.hierarchical.NodeTestTask.executeRecursively(NodeTestTask.java:138)
	at org.junit.platform.engine.support.hierarchical.NodeTestTask.execute(NodeTestTask.java:95)
	at java.base/java.util.ArrayList.forEach(ArrayList.java:1596)
	at org.junit.platform.engine.support.hierarchical.SameThreadHierarchicalTestExecutorService.invokeAll(SameThreadHierarchicalTestExecutorService.java:41)
	at org.junit.platform.engine.support.hierarchical.NodeTestTask.lambda$executeRecursively$6(NodeTestTask.java:155)
	at org.junit.platform.engine.support.hierarchical.ThrowableCollector.execute(ThrowableCollector.java:73)
	at org.junit.platform.engine.support.hierarchical.NodeTestTask.lambda$executeRecursively$8(NodeTestTask.java:141)
	at org.junit.platform.engine.support.hierarchical.Node.around(Node.java:137)
	at org.junit.platform.engine.support.hierarchical.NodeTestTask.lambda$executeRecursively$9(NodeTestTask.java:139)
	at org.junit.platform.engine.support.hierarchical.ThrowableCollector.execute(ThrowableCollector.java:73)
	at org.junit.platform.engine.support.hierarchical.NodeTestTask.executeRecursively(NodeTestTask.java:138)
	at org.junit.platform.engine.support.hierarchical.NodeTestTask.execute(NodeTestTask.java:95)
	at java.base/java.util.ArrayList.forEach(ArrayList.java:1596)
	at org.junit.platform.engine.support.hierarchical.SameThreadHierarchicalTestExecutorService.invokeAll(SameThreadHierarchicalTestExecutorService.java:41)
	at org.junit.platform.engine.support.hierarchical.NodeTestTask.lambda$executeRecursively$6(NodeTestTask.java:155)
	at org.junit.platform.engine.support.hierarchical.ThrowableCollector.execute(ThrowableCollector.java:73)
	at org.junit.platform.engine.support.hierarchical.NodeTestTask.lambda$executeRecursively$8(NodeTestTask.java:141)
	at org.junit.platform.engine.support.hierarchical.Node.around(Node.java:137)
	at org.junit.platform.engine.support.hierarchical.NodeTestTask.lambda$executeRecursively$9(NodeTestTask.java:139)
	at org.junit.platform.engine.support.hierarchical.ThrowableCollector.execute(ThrowableCollector.java:73)
	at org.junit.platform.engine.support.hierarchical.NodeTestTask.executeRecursively(NodeTestTask.java:138)
	at org.junit.platform.engine.support.hierarchical.NodeTestTask.execute(NodeTestTask.java:95)
	at org.junit.platform.engine.support.hierarchical.SameThreadHierarchicalTestExecutorService.submit(SameThreadHierarchicalTestExecutorService.java:35)
	at org.junit.platform.engine.support.hierarchical.HierarchicalTestExecutor.execute(HierarchicalTestExecutor.java:57)
	at org.junit.platform.engine.support.hierarchical.HierarchicalTestEngine.execute(HierarchicalTestEngine.java:54)
	at org.junit.platform.launcher.core.EngineExecutionOrchestrator.execute(EngineExecutionOrchestrator.java:198)
	at org.junit.platform.launcher.core.EngineExecutionOrchestrator.execute(EngineExecutionOrchestrator.java:169)
	at org.junit.platform.launcher.core.EngineExecutionOrchestrator.execute(EngineExecutionOrchestrator.java:93)
	at org.junit.platform.launcher.core.EngineExecutionOrchestrator.lambda$execute$0(EngineExecutionOrchestrator.java:58)
	at org.junit.platform.launcher.core.EngineExecutionOrchestrator.withInterceptedStreams(EngineExecutionOrchestrator.java:141)
	at org.junit.platform.launcher.core.EngineExecutionOrchestrator.execute(EngineExecutionOrchestrator.java:57)
	at org.junit.platform.launcher.core.DefaultLauncher.execute(DefaultLauncher.java:103)
	at org.junit.platform.launcher.core.DefaultLauncher.execute(DefaultLauncher.java:85)
	at org.junit.platform.launcher.core.DelegatingLauncher.execute(DelegatingLauncher.java:47)
	at org.apache.maven.surefire.junitplatform.LazyLauncher.execute(LazyLauncher.java:56)
	at org.apache.maven.surefire.junitplatform.JUnitPlatformProvider.execute(JUnitPlatformProvider.java:184)
	at org.apache.maven.surefire.junitplatform.JUnitPlatformProvider.invokeAllTests(JUnitPlatformProvider.java:148)
	at org.apache.maven.surefire.junitplatform.JUnitPlatformProvider.invoke(JUnitPlatformProvider.java:122)
	at org.apache.maven.surefire.booter.ForkedBooter.runSuitesInProcess(ForkedBooter.java:385)
	at org.apache.maven.surefire.booter.ForkedBooter.execute(ForkedBooter.java:162)
	at org.apache.maven.surefire.booter.ForkedBooter.run(ForkedBooter.java:507)
	at org.apache.maven.surefire.booter.ForkedBooter.main(ForkedBooter.java:495)

  .   ____          _            __ _ _
 /\\ / ___'_ __ _ _(_)_ __  __ _ \ \ \ \
( ( )\___ | '_ | '_| | '_ \/ _` | \ \ \ \
 \\/  ___)| |_)| | | | | || (_| |  ) ) ) )
  '  |____| .__|_| |_|_| |_\__, | / / / /
 =========|_|==============|___/=/_/_/_/
 :: Spring Boot ::                (v3.2.5)

2026-05-23 19:02:40.300 [main] INFO  i.g.l.admin.integration.DataScopeIntegrationTest - Starting DataScopeIntegrationTest using Java 21.0.5 with PID 54236 (started by lannt in C:\workspace\admin-management-scaffold\backend)
2026-05-23 19:02:40.300 [main] DEBUG i.g.l.admin.integration.DataScopeIntegrationTest - Running with Spring Boot v3.2.5, Spring v6.1.6
2026-05-23 19:02:40.300 [main] INFO  i.g.l.admin.integration.DataScopeIntegrationTest - The following 1 profile is active: "test"
2026-05-23 19:02:40.894 [main] INFO  i.g.l.admin.config.TestDatabaseInitializer - 测试数据库 admin_scaffold_test 创建成功或已存在
2026-05-23 19:02:41.461 [main] INFO  i.g.l.admin.config.TestDatabaseInitializer - 测试数据库已清理，将手动执行 Flyway 迁移
2026-05-23 19:02:41.466 [main] DEBUG o.f.c.internal.scanner.classpath.ClassPathScanner - Scanning for classpath resources at 'classpath:db/callback' ...
2026-05-23 19:02:41.466 [main] DEBUG o.f.c.internal.scanner.classpath.ClassPathScanner - Determining location urls for classpath:db/callback using ClassLoader jdk.internal.loader.ClassLoaders$AppClassLoader@5c647e05 ...
2026-05-23 19:02:41.466 [main] DEBUG o.f.c.internal.scanner.classpath.ClassPathScanner - Unable to resolve location classpath:db/callback.
2026-05-23 19:02:41.468 [main] DEBUG o.f.c.internal.scanner.classpath.ClassPathScanner - Scanning for classpath resources at 'classpath:db/migration' ...
2026-05-23 19:02:41.468 [main] DEBUG o.f.c.internal.scanner.classpath.ClassPathScanner - Determining location urls for classpath:db/migration using ClassLoader jdk.internal.loader.ClassLoaders$AppClassLoader@5c647e05 ...
2026-05-23 19:02:41.468 [main] DEBUG o.f.c.internal.scanner.classpath.ClassPathScanner - Scanning URL: file:/C:/workspace/admin-management-scaffold/backend/target/classes/db/migration
2026-05-23 19:02:41.468 [main] DEBUG o.f.c.i.s.c.FileSystemClassPathLocationScanner - Scanning starting at classpath root in filesystem: C:\workspace\admin-management-scaffold\backend\target\classes\
2026-05-23 19:02:41.468 [main] DEBUG o.f.c.i.s.c.FileSystemClassPathLocationScanner - Scanning for resources in path: C:\workspace\admin-management-scaffold\backend\target\classes\db\migration (db/migration)
2026-05-23 19:02:41.470 [main] DEBUG o.f.c.internal.scanner.classpath.ClassPathScanner - Found resource: db/migration/V1__init_schema.sql
2026-05-23 19:02:41.470 [main] DEBUG o.f.c.internal.scanner.classpath.ClassPathScanner - Found resource: db/migration/V2__add_menu_and_permission_fields.sql
2026-05-23 19:02:41.470 [main] DEBUG o.f.c.internal.scanner.classpath.ClassPathScanner - Found resource: db/migration/V3__seed_data.sql
2026-05-23 19:02:41.470 [main] DEBUG o.f.c.internal.scanner.classpath.ClassPathScanner - Found resource: db/migration/V4__add_employee_org_tables.sql
2026-05-23 19:02:41.470 [main] DEBUG o.f.c.internal.scanner.classpath.ClassPathScanner - Found resource: db/migration/V5__seed_data_org.sql
2026-05-23 19:02:41.470 [main] DEBUG o.f.c.internal.scanner.classpath.ClassPathScanner - Scanning for classes at classpath:db/migration
2026-05-23 19:02:41.470 [main] DEBUG o.f.core.internal.resource.ResourceNameValidator - Validating V4__add_employee_org_tables.sql
2026-05-23 19:02:41.470 [main] DEBUG o.f.core.internal.resource.ResourceNameValidator - Validating V1__init_schema.sql
2026-05-23 19:02:41.470 [main] DEBUG o.f.core.internal.resource.ResourceNameValidator - Validating V2__add_menu_and_permission_fields.sql
2026-05-23 19:02:41.470 [main] DEBUG o.f.core.internal.resource.ResourceNameValidator - Validating V3__seed_data.sql
2026-05-23 19:02:41.470 [main] DEBUG o.f.core.internal.resource.ResourceNameValidator - Validating V5__seed_data_org.sql
2026-05-23 19:02:41.480 [main] INFO  org.flywaydb.core.FlywayExecutor - Database: jdbc:mysql://localhost:3306/admin_scaffold_test (MySQL 9.1)
2026-05-23 19:02:41.480 [main] DEBUG org.flywaydb.core.FlywayExecutor - Database Type: MySQL
2026-05-23 19:02:41.480 [main] DEBUG org.flywaydb.core.FlywayExecutor - Driver: MySQL Connector/J mysql-connector-j-8.3.0 (Revision: 805f872a57875f311cb82487efcfb070411a3fa0)
2026-05-23 19:02:41.480 [main] DEBUG org.flywaydb.core.FlywayExecutor - DDL Transactions Supported: false
2026-05-23 19:02:41.480 [main] DEBUG o.f.c.internal.schemahistory.SchemaHistoryFactory - Schemas: 
2026-05-23 19:02:41.480 [main] DEBUG o.f.c.internal.schemahistory.SchemaHistoryFactory - Default schema: null
2026-05-23 19:02:41.487 [main] WARN  org.flywaydb.core.internal.database.base.Database - Flyway upgrade recommended: MySQL 9.1 is newer than this version of Flyway and support has not been tested. The latest supported version of MySQL is 8.1.
2026-05-23 19:02:41.487 [main] DEBUG o.f.c.internal.callback.SqlScriptCallbackFactory - Scanning for SQL callbacks ...
2026-05-23 19:02:41.488 [main] DEBUG org.flywaydb.core.internal.command.DbValidate - Validating migrations ...
2026-05-23 19:02:41.489 [main] DEBUG o.f.core.api.configuration.ClassicConfiguration - CherryPickConfigurationExtension not found
2026-05-23 19:02:41.495 [main] DEBUG org.flywaydb.core.internal.scanner.Scanner - Filtering out resource: db/migration/V4__add_employee_org_tables.sql (filename: V4__add_employee_org_tables.sql)
2026-05-23 19:02:41.495 [main] DEBUG org.flywaydb.core.internal.scanner.Scanner - Filtering out resource: db/migration/V1__init_schema.sql (filename: V1__init_schema.sql)
2026-05-23 19:02:41.495 [main] DEBUG org.flywaydb.core.internal.scanner.Scanner - Filtering out resource: db/migration/V2__add_menu_and_permission_fields.sql (filename: V2__add_menu_and_permission_fields.sql)
2026-05-23 19:02:41.495 [main] DEBUG org.flywaydb.core.internal.scanner.Scanner - Filtering out resource: db/migration/V3__seed_data.sql (filename: V3__seed_data.sql)
2026-05-23 19:02:41.495 [main] DEBUG org.flywaydb.core.internal.scanner.Scanner - Filtering out resource: db/migration/V5__seed_data_org.sql (filename: V5__seed_data_org.sql)
2026-05-23 19:02:41.495 [main] DEBUG org.flywaydb.core.internal.scanner.Scanner - Filtering out resource: db/migration/V4__add_employee_org_tables.sql (filename: V4__add_employee_org_tables.sql)
2026-05-23 19:02:41.495 [main] DEBUG org.flywaydb.core.internal.scanner.Scanner - Filtering out resource: db/migration/V1__init_schema.sql (filename: V1__init_schema.sql)
2026-05-23 19:02:41.495 [main] DEBUG org.flywaydb.core.internal.scanner.Scanner - Filtering out resource: db/migration/V2__add_menu_and_permission_fields.sql (filename: V2__add_menu_and_permission_fields.sql)
2026-05-23 19:02:41.495 [main] DEBUG org.flywaydb.core.internal.scanner.Scanner - Filtering out resource: db/migration/V3__seed_data.sql (filename: V3__seed_data.sql)
2026-05-23 19:02:41.495 [main] DEBUG org.flywaydb.core.internal.scanner.Scanner - Filtering out resource: db/migration/V5__seed_data_org.sql (filename: V5__seed_data_org.sql)
2026-05-23 19:02:41.499 [main] INFO  o.f.c.i.schemahistory.JdbcTableSchemaHistory - Schema history table `admin_scaffold_test`.`flyway_schema_history` does not exist yet
2026-05-23 19:02:41.501 [main] INFO  org.flywaydb.core.internal.command.DbValidate - Successfully validated 5 migrations (execution time 00:00.011s)
2026-05-23 19:02:41.502 [main] DEBUG org.flywaydb.core.internal.command.DbSchemas - Skipping creation of existing schema: `admin_scaffold_test`
2026-05-23 19:02:41.515 [main] INFO  o.f.c.i.schemahistory.JdbcTableSchemaHistory - Creating Schema History table `admin_scaffold_test`.`flyway_schema_history` ...
2026-05-23 19:02:41.516 [main] DEBUG org.flywaydb.core.internal.parser.Parser - Parsing  ...
2026-05-23 19:02:41.517 [main] DEBUG o.flywaydb.core.internal.sqlscript.ParserSqlScript - Found statement at line 1: CREATE TABLE `admin_scaffold_test`.`flyway_schema_history` (
    `installed_rank` INT NOT NULL,
    `version` VARCHAR(50),
    `description` VARCHAR(200) NOT NULL,
    `type` VARCHAR(20) NOT NULL,
    `script` VARCHAR(1000) NOT NULL,
    `checksum` INT,
    `installed_by` VARCHAR(100) NOT NULL,
    `installed_on` TIMESTAMP NOT NULL DEFAULT CURRENT_TIMESTAMP,
    `execution_time` INT NOT NULL,
    `success` BOOL NOT NULL,
    CONSTRAINT `flyway_schema_history_pk` PRIMARY KEY (`installed_rank`)
) ENGINE=InnoDB
2026-05-23 19:02:41.517 [main] DEBUG o.flywaydb.core.internal.sqlscript.ParserSqlScript - Found statement at line 14: CREATE INDEX `flyway_schema_history_s_idx` ON `admin_scaffold_test`.`flyway_schema_history` (`success`)
2026-05-23 19:02:41.517 [main] DEBUG o.f.c.internal.sqlscript.DefaultSqlScriptExecutor - Executing SQL: CREATE TABLE `admin_scaffold_test`.`flyway_schema_history` (
    `installed_rank` INT NOT NULL,
    `version` VARCHAR(50),
    `description` VARCHAR(200) NOT NULL,
    `type` VARCHAR(20) NOT NULL,
    `script` VARCHAR(1000) NOT NULL,
    `checksum` INT,
    `installed_by` VARCHAR(100) NOT NULL,
    `installed_on` TIMESTAMP NOT NULL DEFAULT CURRENT_TIMESTAMP,
    `execution_time` INT NOT NULL,
    `success` BOOL NOT NULL,
    CONSTRAINT `flyway_schema_history_pk` PRIMARY KEY (`installed_rank`)
) ENGINE=InnoDB
2026-05-23 19:02:41.563 [main] DEBUG o.f.c.internal.sqlscript.DefaultSqlScriptExecutor - 0 rows affected
2026-05-23 19:02:41.563 [main] DEBUG o.f.c.internal.sqlscript.DefaultSqlScriptExecutor - Executing SQL: CREATE INDEX `flyway_schema_history_s_idx` ON `admin_scaffold_test`.`flyway_schema_history` (`success`)
2026-05-23 19:02:41.594 [main] DEBUG o.f.c.internal.sqlscript.DefaultSqlScriptExecutor - 0 rows affected
2026-05-23 19:02:41.594 [main] DEBUG o.f.c.i.schemahistory.JdbcTableSchemaHistory - Created Schema History table `admin_scaffold_test`.`flyway_schema_history`
2026-05-23 19:02:41.602 [main] DEBUG o.f.core.api.configuration.ClassicConfiguration - CherryPickConfigurationExtension not found
2026-05-23 19:02:41.605 [main] INFO  org.flywaydb.core.internal.command.DbMigrate - Current version of schema `admin_scaffold_test`: << Empty Schema >>
2026-05-23 19:02:41.606 [main] DEBUG org.flywaydb.core.internal.parser.Parser - Parsing V1__init_schema.sql ...
2026-05-23 19:02:41.607 [main] DEBUG o.flywaydb.core.internal.sqlscript.ParserSqlScript - Found statement at line 3: -- 初始化数据库架构
-- 创建用户表
CREATE TABLE IF NOT EXISTS `sys_user` (
    `id` BIGINT NOT NULL COMMENT '主键ID',
    `username` VARCHAR(50) NOT NULL COMMENT '用户名',
    `password` VARCHAR(100) NOT NULL COMMENT '密码',
    `nickname` VARCHAR(50) COMMENT '昵称',
    `email` VARCHAR(100) COMMENT '邮箱',
    `phone` VARCHAR(20) COMMENT '手机号',
    `avatar` VARCHAR(255) COMMENT '头像',
    `status` TINYINT DEFAULT 1 COMMENT '状态：0-禁用，1-启用',
    `created_at` DATETIME DEFAULT CURRENT_TIMESTAMP COMMENT '创建时间',
    `updated_at` DATETIME DEFAULT CURRENT_TIMESTAMP ON UPDATE CURRENT_TIMESTAMP COMMENT '更新时间',
    `created_by` VARCHAR(50) COMMENT '创建人',
    `updated_by` VARCHAR(50) COMMENT '更新人',
    `deleted` TINYINT DEFAULT 0 COMMENT '逻辑删除标志：0-未删除，1-已删除',
    `version` INT DEFAULT 1 COMMENT '版本号',
    PRIMARY KEY (`id`),
    UNIQUE KEY `uk_username` (`username`),
    KEY `idx_email` (`email`),
    KEY `idx_phone` (`phone`)
) ENGINE=InnoDB DEFAULT CHARSET=utf8mb4 COLLATE=utf8mb4_unicode_ci COMMENT='系统用户表'
2026-05-23 19:02:41.607 [main] DEBUG o.flywaydb.core.internal.sqlscript.ParserSqlScript - Found statement at line 25: -- 创建角色表
CREATE TABLE IF NOT EXISTS `sys_role` (
    `id` BIGINT NOT NULL COMMENT '主键ID',
    `role_name` VARCHAR(50) NOT NULL COMMENT '角色名称',
    `role_code` VARCHAR(50) NOT NULL COMMENT '角色编码',
    `description` VARCHAR(255) COMMENT '描述',
    `status` TINYINT DEFAULT 1 COMMENT '状态：0-禁用，1-启用',
    `created_at` DATETIME DEFAULT CURRENT_TIMESTAMP COMMENT '创建时间',
    `updated_at` DATETIME DEFAULT CURRENT_TIMESTAMP ON UPDATE CURRENT_TIMESTAMP COMMENT '更新时间',
    `created_by` VARCHAR(50) COMMENT '创建人',
    `updated_by` VARCHAR(50) COMMENT '更新人',
    `deleted` TINYINT DEFAULT 0 COMMENT '逻辑删除标志：0-未删除，1-已删除',
    `version` INT DEFAULT 1 COMMENT '版本号',
    PRIMARY KEY (`id`),
    UNIQUE KEY `uk_role_code` (`role_code`)
) ENGINE=InnoDB DEFAULT CHARSET=utf8mb4 COLLATE=utf8mb4_unicode_ci COMMENT='系统角色表'
2026-05-23 19:02:41.607 [main] DEBUG o.flywaydb.core.internal.sqlscript.ParserSqlScript - Found statement at line 42: -- 创建用户角色关联表
CREATE TABLE IF NOT EXISTS `sys_user_role` (
    `id` BIGINT NOT NULL COMMENT '主键ID',
    `user_id` BIGINT NOT NULL COMMENT '用户ID',
    `role_id` BIGINT NOT NULL COMMENT '角色ID',
    `created_at` DATETIME DEFAULT CURRENT_TIMESTAMP COMMENT '创建时间',
    `created_by` VARCHAR(50) COMMENT '创建人',
    `updated_at` DATETIME DEFAULT CURRENT_TIMESTAMP ON UPDATE CURRENT_TIMESTAMP COMMENT '更新时间',
    `updated_by` VARCHAR(50) COMMENT '更新人',
    `deleted` TINYINT DEFAULT 0 COMMENT '逻辑删除标志：0-未删除，1-已删除',
    PRIMARY KEY (`id`),
    UNIQUE KEY `uk_user_role` (`user_id`, `role_id`),
    KEY `idx_role_id` (`role_id`)
) ENGINE=InnoDB DEFAULT CHARSET=utf8mb4 COLLATE=utf8mb4_unicode_ci COMMENT='用户角色关联表'
2026-05-23 19:02:41.608 [main] DEBUG o.flywaydb.core.internal.sqlscript.ParserSqlScript - Found statement at line 57: -- 创建权限表
CREATE TABLE IF NOT EXISTS `sys_permission` (
    `id` BIGINT NOT NULL COMMENT '主键ID',
    `permission_name` VARCHAR(50) NOT NULL COMMENT '权限名称',
    `permission_code` VARCHAR(100) NOT NULL COMMENT '权限编码',
    `description` VARCHAR(255) COMMENT '描述',
    `status` TINYINT DEFAULT 1 COMMENT '状态：0-禁用，1-启用',
    `created_at` DATETIME DEFAULT CURRENT_TIMESTAMP COMMENT '创建时间',
    `updated_at` DATETIME DEFAULT CURRENT_TIMESTAMP ON UPDATE CURRENT_TIMESTAMP COMMENT '更新时间',
    `created_by` VARCHAR(50) COMMENT '创建人',
    `updated_by` VARCHAR(50) COMMENT '更新人',
    `deleted` TINYINT DEFAULT 0 COMMENT '逻辑删除标志：0-未删除，1-已删除',
    `version` INT DEFAULT 1 COMMENT '版本号',
    PRIMARY KEY (`id`),
    UNIQUE KEY `uk_permission_code` (`permission_code`)
) ENGINE=InnoDB DEFAULT CHARSET=utf8mb4 COLLATE=utf8mb4_unicode_ci COMMENT='系统权限表'
2026-05-23 19:02:41.608 [main] DEBUG o.flywaydb.core.internal.sqlscript.ParserSqlScript - Found statement at line 74: -- 创建角色权限关联表
CREATE TABLE IF NOT EXISTS `sys_role_permission` (
    `id` BIGINT NOT NULL COMMENT '主键ID',
    `role_id` BIGINT NOT NULL COMMENT '角色ID',
    `permission_id` BIGINT NOT NULL COMMENT '权限ID',
    `created_at` DATETIME DEFAULT CURRENT_TIMESTAMP COMMENT '创建时间',
    `created_by` VARCHAR(50) COMMENT '创建人',
    `updated_at` DATETIME DEFAULT CURRENT_TIMESTAMP ON UPDATE CURRENT_TIMESTAMP COMMENT '更新时间',
    `updated_by` VARCHAR(50) COMMENT '更新人',
    `deleted` TINYINT DEFAULT 0 COMMENT '逻辑删除标志：0-未删除，1-已删除',
    PRIMARY KEY (`id`),
    UNIQUE KEY `uk_role_permission` (`role_id`, `permission_id`),
    KEY `idx_permission_id` (`permission_id`)
) ENGINE=InnoDB DEFAULT CHARSET=utf8mb4 COLLATE=utf8mb4_unicode_ci COMMENT='角色权限关联表'
2026-05-23 19:02:41.611 [main] DEBUG org.flywaydb.core.internal.command.DbMigrate - Starting migration of schema `admin_scaffold_test` to version "1 - init schema" ...
2026-05-23 19:02:41.614 [main] INFO  org.flywaydb.core.internal.command.DbMigrate - Migrating schema `admin_scaffold_test` to version "1 - init schema"
2026-05-23 19:02:41.616 [main] DEBUG o.f.c.internal.sqlscript.DefaultSqlScriptExecutor - Executing SQL: -- 初始化数据库架构
-- 创建用户表
CREATE TABLE IF NOT EXISTS `sys_user` (
    `id` BIGINT NOT NULL COMMENT '主键ID',
    `username` VARCHAR(50) NOT NULL COMMENT '用户名',
    `password` VARCHAR(100) NOT NULL COMMENT '密码',
    `nickname` VARCHAR(50) COMMENT '昵称',
    `email` VARCHAR(100) COMMENT '邮箱',
    `phone` VARCHAR(20) COMMENT '手机号',
    `avatar` VARCHAR(255) COMMENT '头像',
    `status` TINYINT DEFAULT 1 COMMENT '状态：0-禁用，1-启用',
    `created_at` DATETIME DEFAULT CURRENT_TIMESTAMP COMMENT '创建时间',
    `updated_at` DATETIME DEFAULT CURRENT_TIMESTAMP ON UPDATE CURRENT_TIMESTAMP COMMENT '更新时间',
    `created_by` VARCHAR(50) COMMENT '创建人',
    `updated_by` VARCHAR(50) COMMENT '更新人',
    `deleted` TINYINT DEFAULT 0 COMMENT '逻辑删除标志：0-未删除，1-已删除',
    `version` INT DEFAULT 1 COMMENT '版本号',
    PRIMARY KEY (`id`),
    UNIQUE KEY `uk_username` (`username`),
    KEY `idx_email` (`email`),
    KEY `idx_phone` (`phone`)
) ENGINE=InnoDB DEFAULT CHARSET=utf8mb4 COLLATE=utf8mb4_unicode_ci COMMENT='系统用户表'
2026-05-23 19:02:41.688 [main] DEBUG o.f.c.internal.sqlscript.DefaultSqlScriptExecutor - 0 rows affected
2026-05-23 19:02:41.688 [main] DEBUG o.f.c.internal.sqlscript.DefaultSqlScriptExecutor - Executing SQL: -- 创建角色表
CREATE TABLE IF NOT EXISTS `sys_role` (
    `id` BIGINT NOT NULL COMMENT '主键ID',
    `role_name` VARCHAR(50) NOT NULL COMMENT '角色名称',
    `role_code` VARCHAR(50) NOT NULL COMMENT '角色编码',
    `description` VARCHAR(255) COMMENT '描述',
    `status` TINYINT DEFAULT 1 COMMENT '状态：0-禁用，1-启用',
    `created_at` DATETIME DEFAULT CURRENT_TIMESTAMP COMMENT '创建时间',
    `updated_at` DATETIME DEFAULT CURRENT_TIMESTAMP ON UPDATE CURRENT_TIMESTAMP COMMENT '更新时间',
    `created_by` VARCHAR(50) COMMENT '创建人',
    `updated_by` VARCHAR(50) COMMENT '更新人',
    `deleted` TINYINT DEFAULT 0 COMMENT '逻辑删除标志：0-未删除，1-已删除',
    `version` INT DEFAULT 1 COMMENT '版本号',
    PRIMARY KEY (`id`),
    UNIQUE KEY `uk_role_code` (`role_code`)
) ENGINE=InnoDB DEFAULT CHARSET=utf8mb4 COLLATE=utf8mb4_unicode_ci COMMENT='系统角色表'
2026-05-23 19:02:41.747 [main] DEBUG o.f.c.internal.sqlscript.DefaultSqlScriptExecutor - 0 rows affected
2026-05-23 19:02:41.747 [main] DEBUG o.f.c.internal.sqlscript.DefaultSqlScriptExecutor - Executing SQL: -- 创建用户角色关联表
CREATE TABLE IF NOT EXISTS `sys_user_role` (
    `id` BIGINT NOT NULL COMMENT '主键ID',
    `user_id` BIGINT NOT NULL COMMENT '用户ID',
    `role_id` BIGINT NOT NULL COMMENT '角色ID',
    `created_at` DATETIME DEFAULT CURRENT_TIMESTAMP COMMENT '创建时间',
    `created_by` VARCHAR(50) COMMENT '创建人',
    `updated_at` DATETIME DEFAULT CURRENT_TIMESTAMP ON UPDATE CURRENT_TIMESTAMP COMMENT '更新时间',
    `updated_by` VARCHAR(50) COMMENT '更新人',
    `deleted` TINYINT DEFAULT 0 COMMENT '逻辑删除标志：0-未删除，1-已删除',
    PRIMARY KEY (`id`),
    UNIQUE KEY `uk_user_role` (`user_id`, `role_id`),
    KEY `idx_role_id` (`role_id`)
) ENGINE=InnoDB DEFAULT CHARSET=utf8mb4 COLLATE=utf8mb4_unicode_ci COMMENT='用户角色关联表'
2026-05-23 19:02:41.810 [main] DEBUG o.f.c.internal.sqlscript.DefaultSqlScriptExecutor - 0 rows affected
2026-05-23 19:02:41.810 [main] DEBUG o.f.c.internal.sqlscript.DefaultSqlScriptExecutor - Executing SQL: -- 创建权限表
CREATE TABLE IF NOT EXISTS `sys_permission` (
    `id` BIGINT NOT NULL COMMENT '主键ID',
    `permission_name` VARCHAR(50) NOT NULL COMMENT '权限名称',
    `permission_code` VARCHAR(100) NOT NULL COMMENT '权限编码',
    `description` VARCHAR(255) COMMENT '描述',
    `status` TINYINT DEFAULT 1 COMMENT '状态：0-禁用，1-启用',
    `created_at` DATETIME DEFAULT CURRENT_TIMESTAMP COMMENT '创建时间',
    `updated_at` DATETIME DEFAULT CURRENT_TIMESTAMP ON UPDATE CURRENT_TIMESTAMP COMMENT '更新时间',
    `created_by` VARCHAR(50) COMMENT '创建人',
    `updated_by` VARCHAR(50) COMMENT '更新人',
    `deleted` TINYINT DEFAULT 0 COMMENT '逻辑删除标志：0-未删除，1-已删除',
    `version` INT DEFAULT 1 COMMENT '版本号',
    PRIMARY KEY (`id`),
    UNIQUE KEY `uk_permission_code` (`permission_code`)
) ENGINE=InnoDB DEFAULT CHARSET=utf8mb4 COLLATE=utf8mb4_unicode_ci COMMENT='系统权限表'
2026-05-23 19:02:41.864 [main] DEBUG o.f.c.internal.sqlscript.DefaultSqlScriptExecutor - 0 rows affected
2026-05-23 19:02:41.869 [main] DEBUG o.f.c.internal.sqlscript.DefaultSqlScriptExecutor - Executing SQL: -- 创建角色权限关联表
CREATE TABLE IF NOT EXISTS `sys_role_permission` (
    `id` BIGINT NOT NULL COMMENT '主键ID',
    `role_id` BIGINT NOT NULL COMMENT '角色ID',
    `permission_id` BIGINT NOT NULL COMMENT '权限ID',
    `created_at` DATETIME DEFAULT CURRENT_TIMESTAMP COMMENT '创建时间',
    `created_by` VARCHAR(50) COMMENT '创建人',
    `updated_at` DATETIME DEFAULT CURRENT_TIMESTAMP ON UPDATE CURRENT_TIMESTAMP COMMENT '更新时间',
    `updated_by` VARCHAR(50) COMMENT '更新人',
    `deleted` TINYINT DEFAULT 0 COMMENT '逻辑删除标志：0-未删除，1-已删除',
    PRIMARY KEY (`id`),
    UNIQUE KEY `uk_role_permission` (`role_id`, `permission_id`),
    KEY `idx_permission_id` (`permission_id`)
) ENGINE=InnoDB DEFAULT CHARSET=utf8mb4 COLLATE=utf8mb4_unicode_ci COMMENT='角色权限关联表'
2026-05-23 19:02:41.928 [main] DEBUG o.f.c.internal.sqlscript.DefaultSqlScriptExecutor - 0 rows affected
2026-05-23 19:02:41.928 [main] DEBUG org.flywaydb.core.internal.command.DbMigrate - Successfully completed migration of schema `admin_scaffold_test` to version "1 - init schema"
2026-05-23 19:02:41.938 [main] DEBUG o.f.c.i.schemahistory.JdbcTableSchemaHistory - Schema History table `admin_scaffold_test`.`flyway_schema_history` successfully updated to reflect changes
2026-05-23 19:02:41.955 [main] DEBUG o.f.core.api.configuration.ClassicConfiguration - CherryPickConfigurationExtension not found
2026-05-23 19:02:41.962 [main] DEBUG org.flywaydb.core.internal.parser.Parser - Parsing V2__add_menu_and_permission_fields.sql ...
2026-05-23 19:02:41.964 [main] DEBUG o.flywaydb.core.internal.sqlscript.ParserSqlScript - Found statement at line 7: -- V2: 添加菜单表和权限字段扩展
-- 任务: 创建 sys_menu 表，补充 sys_permission 字段，创建 sys_role_menu 关联表

-- ============================================================
-- 1. 创建菜单表 sys_menu
-- ============================================================
CREATE TABLE IF NOT EXISTS `sys_menu` (
    `id` BIGINT NOT NULL COMMENT '主键ID',
    `parent_id` BIGINT DEFAULT 0 COMMENT '父菜单ID，0表示顶级菜单',
    `name` VARCHAR(64) NOT NULL COMMENT '菜单名称',
    `path` VARCHAR(255) COMMENT '路由路径',
    `component` VARCHAR(255) COMMENT '前端组件路径',
    `icon` VARCHAR(64) COMMENT '图标',
    `sort_order` INT DEFAULT 0 COMMENT '排序号',
    `type` TINYINT NOT NULL COMMENT '类型：1-目录，2-菜单，3-按钮',
    `permission_code` VARCHAR(64) COMMENT '权限码',
    `visible` TINYINT DEFAULT 1 COMMENT '是否可见：0-隐藏，1-显示',
    `status` TINYINT DEFAULT 1 COMMENT '状态：0-禁用，1-启用',
    `created_at` DATETIME DEFAULT CURRENT_TIMESTAMP COMMENT '创建时间',
    `created_by` VARCHAR(50) COMMENT '创建人',
    `updated_at` DATETIME DEFAULT CURRENT_TIMESTAMP ON UPDATE CURRENT_TIMESTAMP COMMENT '更新时间',
    `updated_by` VARCHAR(50) COMMENT '更新人',
    `deleted` TINYINT DEFAULT 0 COMMENT '逻辑删除标志：0-未删除，1-已删除',
    `version` INT DEFAULT 1 COMMENT '版本号',
    PRIMARY KEY (`id`),
    KEY `idx_parent_id` (`parent_id`),
    KEY `idx_permission_code` (`permission_code`)
) ENGINE=InnoDB DEFAULT CHARSET=utf8mb4 COLLATE=utf8mb4_unicode_ci COMMENT='系统菜单表'
2026-05-23 19:02:41.964 [main] DEBUG o.flywaydb.core.internal.sqlscript.ParserSqlScript - Found statement at line 33: -- ============================================================
-- 2. 扩展 sys_permission 表字段
-- ============================================================
ALTER TABLE `sys_permission`
    ADD COLUMN `type` VARCHAR(32) COMMENT '权限类型：MENU-菜单权限，BUTTON-按钮权限，API-接口权限' AFTER `description`,
    ADD COLUMN `module` VARCHAR(64) COMMENT '所属模块，如 system、auth' AFTER `type`,
    ADD COLUMN `resource` VARCHAR(64) COMMENT '资源标识，如 user、role' AFTER `module`,
    ADD COLUMN `action` VARCHAR(32) COMMENT '操作类型，如 view、create、update、delete' AFTER `resource`
2026-05-23 19:02:41.964 [main] DEBUG o.flywaydb.core.internal.sqlscript.ParserSqlScript - Found statement at line 40: -- 为权限类型字段添加索引
ALTER TABLE `sys_permission`
    ADD KEY `idx_type` (`type`)
2026-05-23 19:02:41.965 [main] DEBUG o.flywaydb.core.internal.sqlscript.ParserSqlScript - Found statement at line 46: -- ============================================================
-- 3. 创建角色菜单关联表 sys_role_menu
-- ============================================================
CREATE TABLE IF NOT EXISTS `sys_role_menu` (
    `id` BIGINT NOT NULL COMMENT '主键ID',
    `role_id` BIGINT NOT NULL COMMENT '角色ID',
    `menu_id` BIGINT NOT NULL COMMENT '菜单ID',
    `created_at` DATETIME DEFAULT CURRENT_TIMESTAMP COMMENT '创建时间',
    `created_by` VARCHAR(50) COMMENT '创建人',
    `updated_at` DATETIME DEFAULT CURRENT_TIMESTAMP ON UPDATE CURRENT_TIMESTAMP COMMENT '更新时间',
    `updated_by` VARCHAR(50) COMMENT '更新人',
    `deleted` TINYINT DEFAULT 0 COMMENT '逻辑删除标志：0-未删除，1-已删除',
    PRIMARY KEY (`id`),
    UNIQUE KEY `uk_role_menu` (`role_id`, `menu_id`),
    KEY `idx_menu_id` (`menu_id`)
) ENGINE=InnoDB DEFAULT CHARSET=utf8mb4 COLLATE=utf8mb4_unicode_ci COMMENT='角色菜单关联表'
2026-05-23 19:02:41.966 [main] DEBUG org.flywaydb.core.internal.command.DbMigrate - Starting migration of schema `admin_scaffold_test` to version "2 - add menu and permission fields" ...
2026-05-23 19:02:41.970 [main] INFO  org.flywaydb.core.internal.command.DbMigrate - Migrating schema `admin_scaffold_test` to version "2 - add menu and permission fields"
2026-05-23 19:02:41.971 [main] DEBUG o.f.c.internal.sqlscript.DefaultSqlScriptExecutor - Executing SQL: -- V2: 添加菜单表和权限字段扩展
-- 任务: 创建 sys_menu 表，补充 sys_permission 字段，创建 sys_role_menu 关联表

-- ============================================================
-- 1. 创建菜单表 sys_menu
-- ============================================================
CREATE TABLE IF NOT EXISTS `sys_menu` (
    `id` BIGINT NOT NULL COMMENT '主键ID',
    `parent_id` BIGINT DEFAULT 0 COMMENT '父菜单ID，0表示顶级菜单',
    `name` VARCHAR(64) NOT NULL COMMENT '菜单名称',
    `path` VARCHAR(255) COMMENT '路由路径',
    `component` VARCHAR(255) COMMENT '前端组件路径',
    `icon` VARCHAR(64) COMMENT '图标',
    `sort_order` INT DEFAULT 0 COMMENT '排序号',
    `type` TINYINT NOT NULL COMMENT '类型：1-目录，2-菜单，3-按钮',
    `permission_code` VARCHAR(64) COMMENT '权限码',
    `visible` TINYINT DEFAULT 1 COMMENT '是否可见：0-隐藏，1-显示',
    `status` TINYINT DEFAULT 1 COMMENT '状态：0-禁用，1-启用',
    `created_at` DATETIME DEFAULT CURRENT_TIMESTAMP COMMENT '创建时间',
    `created_by` VARCHAR(50) COMMENT '创建人',
    `updated_at` DATETIME DEFAULT CURRENT_TIMESTAMP ON UPDATE CURRENT_TIMESTAMP COMMENT '更新时间',
    `updated_by` VARCHAR(50) COMMENT '更新人',
    `deleted` TINYINT DEFAULT 0 COMMENT '逻辑删除标志：0-未删除，1-已删除',
    `version` INT DEFAULT 1 COMMENT '版本号',
    PRIMARY KEY (`id`),
    KEY `idx_parent_id` (`parent_id`),
    KEY `idx_permission_code` (`permission_code`)
) ENGINE=InnoDB DEFAULT CHARSET=utf8mb4 COLLATE=utf8mb4_unicode_ci COMMENT='系统菜单表'
2026-05-23 19:02:42.035 [main] DEBUG o.f.c.internal.sqlscript.DefaultSqlScriptExecutor - 0 rows affected
2026-05-23 19:02:42.035 [main] DEBUG o.f.c.internal.sqlscript.DefaultSqlScriptExecutor - Executing SQL: -- ============================================================
-- 2. 扩展 sys_permission 表字段
-- ============================================================
ALTER TABLE `sys_permission`
    ADD COLUMN `type` VARCHAR(32) COMMENT '权限类型：MENU-菜单权限，BUTTON-按钮权限，API-接口权限' AFTER `description`,
    ADD COLUMN `module` VARCHAR(64) COMMENT '所属模块，如 system、auth' AFTER `type`,
    ADD COLUMN `resource` VARCHAR(64) COMMENT '资源标识，如 user、role' AFTER `module`,
    ADD COLUMN `action` VARCHAR(32) COMMENT '操作类型，如 view、create、update、delete' AFTER `resource`
2026-05-23 19:02:42.063 [main] DEBUG o.f.c.internal.sqlscript.DefaultSqlScriptExecutor - 0 rows affected
2026-05-23 19:02:42.063 [main] DEBUG o.f.c.internal.sqlscript.DefaultSqlScriptExecutor - Executing SQL: -- 为权限类型字段添加索引
ALTER TABLE `sys_permission`
    ADD KEY `idx_type` (`type`)
2026-05-23 19:02:42.095 [main] DEBUG o.f.c.internal.sqlscript.DefaultSqlScriptExecutor - 0 rows affected
2026-05-23 19:02:42.095 [main] DEBUG o.f.c.internal.sqlscript.DefaultSqlScriptExecutor - Executing SQL: -- ============================================================
-- 3. 创建角色菜单关联表 sys_role_menu
-- ============================================================
CREATE TABLE IF NOT EXISTS `sys_role_menu` (
    `id` BIGINT NOT NULL COMMENT '主键ID',
    `role_id` BIGINT NOT NULL COMMENT '角色ID',
    `menu_id` BIGINT NOT NULL COMMENT '菜单ID',
    `created_at` DATETIME DEFAULT CURRENT_TIMESTAMP COMMENT '创建时间',
    `created_by` VARCHAR(50) COMMENT '创建人',
    `updated_at` DATETIME DEFAULT CURRENT_TIMESTAMP ON UPDATE CURRENT_TIMESTAMP COMMENT '更新时间',
    `updated_by` VARCHAR(50) COMMENT '更新人',
    `deleted` TINYINT DEFAULT 0 COMMENT '逻辑删除标志：0-未删除，1-已删除',
    PRIMARY KEY (`id`),
    UNIQUE KEY `uk_role_menu` (`role_id`, `menu_id`),
    KEY `idx_menu_id` (`menu_id`)
) ENGINE=InnoDB DEFAULT CHARSET=utf8mb4 COLLATE=utf8mb4_unicode_ci COMMENT='角色菜单关联表'
2026-05-23 19:02:42.161 [main] DEBUG o.f.c.internal.sqlscript.DefaultSqlScriptExecutor - 0 rows affected
2026-05-23 19:02:42.161 [main] DEBUG org.flywaydb.core.internal.command.DbMigrate - Successfully completed migration of schema `admin_scaffold_test` to version "2 - add menu and permission fields"
2026-05-23 19:02:42.173 [main] DEBUG o.f.c.i.schemahistory.JdbcTableSchemaHistory - Schema History table `admin_scaffold_test`.`flyway_schema_history` successfully updated to reflect changes
2026-05-23 19:02:42.189 [main] DEBUG o.f.core.api.configuration.ClassicConfiguration - CherryPickConfigurationExtension not found
2026-05-23 19:02:42.195 [main] DEBUG org.flywaydb.core.internal.parser.Parser - Parsing V3__seed_data.sql ...
2026-05-23 19:02:42.197 [main] DEBUG o.flywaydb.core.internal.sqlscript.ParserSqlScript - Found statement at line 9: -- V3: 修复列名不匹配 + 种子数据
-- LOCAL-ONLY: 仅用于本地开发环境
-- 修复 V1 Schema 与 Entity 字段名之间的不一致（MyBatis-Plus 驼峰映射）

-- ============================================================
-- 1. 修复 sys_user 列名
-- ============================================================
-- status: TINYINT → VARCHAR(32)，映射 0→DISABLED, 1→ENABLED
ALTER TABLE `sys_user` MODIFY COLUMN `status` VARCHAR(32) NOT NULL DEFAULT 'ENABLED' COMMENT '状态(ENABLED/DISABLED/LOCKED)'
2026-05-23 19:02:42.197 [main] DEBUG o.flywaydb.core.internal.sqlscript.ParserSqlScript - Found statement at line 10: UPDATE `sys_user` SET `status` = CASE WHEN `status` = '0' THEN 'DISABLED' WHEN `status` = '1' THEN 'ENABLED' ELSE `status` END WHERE `status` IN ('0', '1')
2026-05-23 19:02:42.197 [main] DEBUG o.flywaydb.core.internal.sqlscript.ParserSqlScript - Found statement at line 12: -- password → password_hash
ALTER TABLE `sys_user` CHANGE COLUMN `password` `password_hash` VARCHAR(100) NOT NULL COMMENT '密码哈希'
2026-05-23 19:02:42.197 [main] DEBUG o.flywaydb.core.internal.sqlscript.ParserSqlScript - Found statement at line 14: -- avatar → avatar_file_id（类型不变仍为 VARCHAR，后续可通过新迁移改为 BIGINT）
ALTER TABLE `sys_user` CHANGE COLUMN `avatar` `avatar_file_id` VARCHAR(255) COMMENT '头像文件ID'
2026-05-23 19:02:42.197 [main] DEBUG o.flywaydb.core.internal.sqlscript.ParserSqlScript - Found statement at line 16: -- 添加缺失列
ALTER TABLE `sys_user` ADD COLUMN `token_version` INT DEFAULT 1 COMMENT 'token版本号' AFTER `status`
2026-05-23 19:02:42.197 [main] DEBUG o.flywaydb.core.internal.sqlscript.ParserSqlScript - Found statement at line 17: ALTER TABLE `sys_user` ADD COLUMN `last_login_at` DATETIME COMMENT '最后登录时间' AFTER `token_version`
2026-05-23 19:02:42.197 [main] DEBUG o.flywaydb.core.internal.sqlscript.ParserSqlScript - Found statement at line 18: ALTER TABLE `sys_user` ADD COLUMN `last_login_ip` VARCHAR(50) COMMENT '最后登录IP' AFTER `last_login_at`
2026-05-23 19:02:42.197 [main] DEBUG o.flywaydb.core.internal.sqlscript.ParserSqlScript - Found statement at line 19: ALTER TABLE `sys_user` ADD COLUMN `employee_id` BIGINT COMMENT '绑定员工ID' AFTER `avatar_file_id`
2026-05-23 19:02:42.197 [main] DEBUG o.flywaydb.core.internal.sqlscript.ParserSqlScript - Found statement at line 24: -- ============================================================
-- 1b. 修复 sys_user_role 缺失列
-- ============================================================
ALTER TABLE `sys_user_role` ADD COLUMN `version` INT DEFAULT 1 COMMENT '版本号' AFTER `deleted`
2026-05-23 19:02:42.197 [main] DEBUG o.flywaydb.core.internal.sqlscript.ParserSqlScript - Found statement at line 29: -- ============================================================
-- 1c. 修复 sys_role_permission 缺失列
-- ============================================================
ALTER TABLE `sys_role_permission` ADD COLUMN `version` INT DEFAULT 1 COMMENT '版本号' AFTER `deleted`
2026-05-23 19:02:42.197 [main] DEBUG o.flywaydb.core.internal.sqlscript.ParserSqlScript - Found statement at line 34: -- ============================================================
-- 1d. 修复 sys_role_menu 缺失列
-- ============================================================
ALTER TABLE `sys_role_menu` ADD COLUMN `version` INT DEFAULT 1 COMMENT '版本号' AFTER `deleted`
2026-05-23 19:02:42.198 [main] DEBUG o.flywaydb.core.internal.sqlscript.ParserSqlScript - Found statement at line 40: -- ============================================================
-- 2. 修复 sys_role 列名
-- ============================================================
-- status: TINYINT → VARCHAR(32)
ALTER TABLE `sys_role` MODIFY COLUMN `status` VARCHAR(32) NOT NULL DEFAULT 'ENABLED' COMMENT '状态(ENABLED/DISABLED)'
2026-05-23 19:02:42.198 [main] DEBUG o.flywaydb.core.internal.sqlscript.ParserSqlScript - Found statement at line 41: UPDATE `sys_role` SET `status` = CASE WHEN `status` = '0' THEN 'DISABLED' WHEN `status` = '1' THEN 'ENABLED' ELSE `status` END WHERE `status` IN ('0', '1')
2026-05-23 19:02:42.198 [main] DEBUG o.flywaydb.core.internal.sqlscript.ParserSqlScript - Found statement at line 43: -- role_name → name, role_code → code
ALTER TABLE `sys_role` CHANGE COLUMN `role_name` `name` VARCHAR(50) NOT NULL COMMENT '角色名称'
2026-05-23 19:02:42.198 [main] DEBUG o.flywaydb.core.internal.sqlscript.ParserSqlScript - Found statement at line 44: ALTER TABLE `sys_role` CHANGE COLUMN `role_code` `code` VARCHAR(50) NOT NULL COMMENT '角色编码'
2026-05-23 19:02:42.198 [main] DEBUG o.flywaydb.core.internal.sqlscript.ParserSqlScript - Found statement at line 46: -- 添加缺失列
ALTER TABLE `sys_role` ADD COLUMN `sort_order` INT DEFAULT 0 COMMENT '排序号' AFTER `description`
2026-05-23 19:02:42.198 [main] DEBUG o.flywaydb.core.internal.sqlscript.ParserSqlScript - Found statement at line 47: ALTER TABLE `sys_role` ADD COLUMN `data_scope_type` VARCHAR(32) DEFAULT 'SELF' COMMENT '数据权限范围' AFTER `sort_order`
2026-05-23 19:02:42.198 [main] DEBUG o.flywaydb.core.internal.sqlscript.ParserSqlScript - Found statement at line 53: -- ============================================================
-- 3. 修复 sys_permission 列名和类型
-- ============================================================
-- status: TINYINT → VARCHAR(32)
ALTER TABLE `sys_permission` MODIFY COLUMN `status` VARCHAR(32) NOT NULL DEFAULT 'ENABLED' COMMENT '状态'
2026-05-23 19:02:42.198 [main] DEBUG o.flywaydb.core.internal.sqlscript.ParserSqlScript - Found statement at line 54: UPDATE `sys_permission` SET `status` = CASE WHEN `status` = '0' THEN 'DISABLED' WHEN `status` = '1' THEN 'ENABLED' ELSE `status` END WHERE `status` IN ('0', '1')
2026-05-23 19:02:42.198 [main] DEBUG o.flywaydb.core.internal.sqlscript.ParserSqlScript - Found statement at line 56: -- permission_name → name, permission_code → code
ALTER TABLE `sys_permission` CHANGE COLUMN `permission_name` `name` VARCHAR(50) NOT NULL COMMENT '权限名称'
2026-05-23 19:02:42.198 [main] DEBUG o.flywaydb.core.internal.sqlscript.ParserSqlScript - Found statement at line 57: ALTER TABLE `sys_permission` CHANGE COLUMN `permission_code` `code` VARCHAR(100) NOT NULL COMMENT '权限编码'
2026-05-23 19:02:42.198 [main] DEBUG o.flywaydb.core.internal.sqlscript.ParserSqlScript - Found statement at line 59: -- 添加缺失列
ALTER TABLE `sys_permission` ADD COLUMN `sort_order` INT DEFAULT 0 COMMENT '排序号' AFTER `status`
2026-05-23 19:02:42.198 [main] DEBUG o.flywaydb.core.internal.sqlscript.ParserSqlScript - Found statement at line 64: -- ============================================================
-- 4. 种子数据：管理员角色
-- ============================================================
INSERT INTO sys_role (id, code, name, description, status, data_scope_type, sort_order, created_at, updated_at, created_by, updated_by, deleted, version)
VALUES (1, 'ADMIN', '超级管理员', '系统超级管理员，拥有所有权限', 'ENABLED', 'ALL', 1, NOW(), NOW(), 'system', 'system', 0, 1)
2026-05-23 19:02:42.198 [main] DEBUG o.flywaydb.core.internal.sqlscript.ParserSqlScript - Found statement at line 70: -- ============================================================
-- 5. 种子数据：普通用户角色
-- ============================================================
INSERT INTO sys_role (id, code, name, description, status, data_scope_type, sort_order, created_at, updated_at, created_by, updated_by, deleted, version)
VALUES (2, 'USER', '普通用户', '普通用户，拥有基本查看权限', 'ENABLED', 'SELF', 2, NOW(), NOW(), 'system', 'system', 0, 1)
2026-05-23 19:02:42.199 [main] DEBUG o.flywaydb.core.internal.sqlscript.ParserSqlScript - Found statement at line 76: -- ============================================================
-- 6. 种子数据：管理员用户（密码: admin123，BCrypt 加密）
-- ============================================================
INSERT INTO sys_user (id, username, password_hash, nickname, status, created_at, updated_at, created_by, updated_by, deleted, version)
VALUES (1, 'admin', '$2a$10$P6lqkvsCYZINKMUv0gjW7ON8IJB8UM71Rk4i9oAQxaHjSoXZ5TCLm', '超级管理员', 'ENABLED', NOW(), NOW(), 'system', 'system', 0, 1)
2026-05-23 19:02:42.199 [main] DEBUG o.flywaydb.core.internal.sqlscript.ParserSqlScript - Found statement at line 82: -- ============================================================
-- 7. 种子数据：测试用户（密码: test123，BCrypt 加密）
-- ============================================================
INSERT INTO sys_user (id, username, password_hash, nickname, status, created_at, updated_at, created_by, updated_by, deleted, version)
VALUES (2, 'testuser', '$2a$10$P6lqkvsCYZINKMUv0gjW7ON8IJB8UM71Rk4i9oAQxaHjSoXZ5TCLm', '测试用户', 'ENABLED', NOW(), NOW(), 'system', 'system', 0, 1)
2026-05-23 19:02:42.199 [main] DEBUG o.flywaydb.core.internal.sqlscript.ParserSqlScript - Found statement at line 88: -- ============================================================
-- 8. 关联管理员用户和角色
-- ============================================================
INSERT INTO sys_user_role (id, user_id, role_id, created_at, created_by, updated_at, updated_by, deleted)
VALUES (1, 1, 1, NOW(), 'system', NOW(), 'system', 0)
2026-05-23 19:02:42.199 [main] DEBUG o.flywaydb.core.internal.sqlscript.ParserSqlScript - Found statement at line 94: -- ============================================================
-- 9. 种子数据：基础权限
-- ============================================================
INSERT INTO sys_permission (id, code, name, description, status, type, module, resource, action, sort_order, created_at, updated_at, created_by, updated_by, deleted, version)
VALUES
(1, 'system:user:view', '查看用户', '查看用户信息', 'ENABLED', 'BUTTON', 'system', 'user', 'view', 1, NOW(), NOW(), 'system', 'system', 0, 1),
(2, 'system:user:create', '创建用户', '创建新用户', 'ENABLED', 'BUTTON', 'system', 'user', 'create', 2, NOW(), NOW(), 'system', 'system', 0, 1),
(3, 'system:user:update', '编辑用户', '编辑用户信息', 'ENABLED', 'BUTTON', 'system', 'user', 'update', 3, NOW(), NOW(), 'system', 'system', 0, 1),
(4, 'system:user:delete', '删除用户', '删除用户', 'ENABLED', 'BUTTON', 'system', 'user', 'delete', 4, NOW(), NOW(), 'system', 'system', 0, 1),
(5, 'system:role:view', '查看角色', '查看角色信息', 'ENABLED', 'BUTTON', 'system', 'role', 'view', 5, NOW(), NOW(), 'system', 'system', 0, 1),
(6, 'system:role:create', '创建角色', '创建新角色', 'ENABLED', 'BUTTON', 'system', 'role', 'create', 6, NOW(), NOW(), 'system', 'system', 0, 1),
(7, 'system:role:update', '编辑角色', '编辑角色信息', 'ENABLED', 'BUTTON', 'system', 'role', 'update', 7, NOW(), NOW(), 'system', 'system', 0, 1),
(8, 'system:role:delete', '删除角色', '删除角色', 'ENABLED', 'BUTTON', 'system', 'role', 'delete', 8, NOW(), NOW(), 'system', 'system', 0, 1)
2026-05-23 19:02:42.199 [main] DEBUG o.flywaydb.core.internal.sqlscript.ParserSqlScript - Found statement at line 108: -- ============================================================
-- 10. 种子数据：基础菜单
-- ============================================================
INSERT INTO sys_menu (id, parent_id, name, path, component, icon, sort_order, type, permission_code, visible, status, created_at, updated_at, created_by, updated_by, deleted, version)
VALUES
(1, 0, '系统管理', '/system', NULL, 'setting', 1, 1, NULL, 1, 1, NOW(), NOW(), 'system', 'system', 0, 1),
(2, 1, '用户管理', '/system/users', 'system/users/index', 'user', 1, 2, 'system:user:view', 1, 1, NOW(), NOW(), 'system', 'system', 0, 1),
(3, 1, '角色管理', '/system/roles', 'system/roles/index', 'team', 2, 2, 'system:role:view', 1, 1, NOW(), NOW(), 'system', 'system', 0, 1),
(4, 1, '权限管理', '/system/permissions', 'system/permissions/index', 'safety', 3, 2, 'system:permission:view', 1, 1, NOW(), NOW(), 'system', 'system', 0, 1),
(5, 1, '菜单管理', '/system/menus', 'system/menus/index', 'menu', 4, 2, 'system:menu:view', 1, 1, NOW(), NOW(), 'system', 'system', 0, 1)
2026-05-23 19:02:42.200 [main] DEBUG o.flywaydb.core.internal.sqlscript.ParserSqlScript - Found statement at line 119: -- ============================================================
-- 11. 关联管理员角色和所有权限
-- ============================================================
INSERT INTO sys_role_permission (id, role_id, permission_id, created_at, created_by, updated_at, updated_by, deleted)
VALUES
(1, 1, 1, NOW(), 'system', NOW(), 'system', 0),
(2, 1, 2, NOW(), 'system', NOW(), 'system', 0),
(3, 1, 3, NOW(), 'system', NOW(), 'system', 0),
(4, 1, 4, NOW(), 'system', NOW(), 'system', 0),
(5, 1, 5, NOW(), 'system', NOW(), 'system', 0),
(6, 1, 6, NOW(), 'system', NOW(), 'system', 0),
(7, 1, 7, NOW(), 'system', NOW(), 'system', 0),
(8, 1, 8, NOW(), 'system', NOW(), 'system', 0)
2026-05-23 19:02:42.201 [main] DEBUG o.flywaydb.core.internal.sqlscript.ParserSqlScript - Found statement at line 133: -- ============================================================
-- 12. 关联管理员角色和所有菜单
-- ============================================================
INSERT INTO sys_role_menu (id, role_id, menu_id, created_at, created_by, updated_at, updated_by, deleted)
VALUES
(1, 1, 1, NOW(), 'system', NOW(), 'system', 0),
(2, 1, 2, NOW(), 'system', NOW(), 'system', 0),
(3, 1, 3, NOW(), 'system', NOW(), 'system', 0),
(4, 1, 4, NOW(), 'system', NOW(), 'system', 0),
(5, 1, 5, NOW(), 'system', NOW(), 'system', 0)
2026-05-23 19:02:42.202 [main] DEBUG org.flywaydb.core.internal.command.DbMigrate - Starting migration of schema `admin_scaffold_test` to version "3 - seed data" ...
2026-05-23 19:02:42.208 [main] INFO  org.flywaydb.core.internal.command.DbMigrate - Migrating schema `admin_scaffold_test` to version "3 - seed data"
2026-05-23 19:02:42.210 [main] DEBUG o.f.c.internal.sqlscript.DefaultSqlScriptExecutor - Executing SQL: -- V3: 修复列名不匹配 + 种子数据
-- LOCAL-ONLY: 仅用于本地开发环境
-- 修复 V1 Schema 与 Entity 字段名之间的不一致（MyBatis-Plus 驼峰映射）

-- ============================================================
-- 1. 修复 sys_user 列名
-- ============================================================
-- status: TINYINT → VARCHAR(32)，映射 0→DISABLED, 1→ENABLED
ALTER TABLE `sys_user` MODIFY COLUMN `status` VARCHAR(32) NOT NULL DEFAULT 'ENABLED' COMMENT '状态(ENABLED/DISABLED/LOCKED)'
2026-05-23 19:02:42.349 [main] DEBUG o.f.c.internal.sqlscript.DefaultSqlScriptExecutor - 0 rows affected
2026-05-23 19:02:42.349 [main] DEBUG o.f.c.internal.sqlscript.DefaultSqlScriptExecutor - Executing SQL: UPDATE `sys_user` SET `status` = CASE WHEN `status` = '0' THEN 'DISABLED' WHEN `status` = '1' THEN 'ENABLED' ELSE `status` END WHERE `status` IN ('0', '1')
2026-05-23 19:02:42.352 [main] DEBUG o.f.c.internal.sqlscript.DefaultSqlScriptExecutor - 0 rows affected
2026-05-23 19:02:42.352 [main] DEBUG o.f.c.internal.sqlscript.DefaultSqlScriptExecutor - Executing SQL: -- password → password_hash
ALTER TABLE `sys_user` CHANGE COLUMN `password` `password_hash` VARCHAR(100) NOT NULL COMMENT '密码哈希'
2026-05-23 19:02:42.380 [main] DEBUG o.f.c.internal.sqlscript.DefaultSqlScriptExecutor - 0 rows affected
2026-05-23 19:02:42.380 [main] DEBUG o.f.c.internal.sqlscript.DefaultSqlScriptExecutor - Executing SQL: -- avatar → avatar_file_id（类型不变仍为 VARCHAR，后续可通过新迁移改为 BIGINT）
ALTER TABLE `sys_user` CHANGE COLUMN `avatar` `avatar_file_id` VARCHAR(255) COMMENT '头像文件ID'
2026-05-23 19:02:42.408 [main] DEBUG o.f.c.internal.sqlscript.DefaultSqlScriptExecutor - 0 rows affected
2026-05-23 19:02:42.410 [main] DEBUG o.f.c.internal.sqlscript.DefaultSqlScriptExecutor - Executing SQL: -- 添加缺失列
ALTER TABLE `sys_user` ADD COLUMN `token_version` INT DEFAULT 1 COMMENT 'token版本号' AFTER `status`
2026-05-23 19:02:42.437 [main] DEBUG o.f.c.internal.sqlscript.DefaultSqlScriptExecutor - 0 rows affected
2026-05-23 19:02:42.437 [main] DEBUG o.f.c.internal.sqlscript.DefaultSqlScriptExecutor - Executing SQL: ALTER TABLE `sys_user` ADD COLUMN `last_login_at` DATETIME COMMENT '最后登录时间' AFTER `token_version`
2026-05-23 19:02:42.462 [main] DEBUG o.f.c.internal.sqlscript.DefaultSqlScriptExecutor - 0 rows affected
2026-05-23 19:02:42.462 [main] DEBUG o.f.c.internal.sqlscript.DefaultSqlScriptExecutor - Executing SQL: ALTER TABLE `sys_user` ADD COLUMN `last_login_ip` VARCHAR(50) COMMENT '最后登录IP' AFTER `last_login_at`
2026-05-23 19:02:42.490 [main] DEBUG o.f.c.internal.sqlscript.DefaultSqlScriptExecutor - 0 rows affected
2026-05-23 19:02:42.490 [main] DEBUG o.f.c.internal.sqlscript.DefaultSqlScriptExecutor - Executing SQL: ALTER TABLE `sys_user` ADD COLUMN `employee_id` BIGINT COMMENT '绑定员工ID' AFTER `avatar_file_id`
2026-05-23 19:02:42.516 [main] DEBUG o.f.c.internal.sqlscript.DefaultSqlScriptExecutor - 0 rows affected
2026-05-23 19:02:42.516 [main] DEBUG o.f.c.internal.sqlscript.DefaultSqlScriptExecutor - Executing SQL: -- ============================================================
-- 1b. 修复 sys_user_role 缺失列
-- ============================================================
ALTER TABLE `sys_user_role` ADD COLUMN `version` INT DEFAULT 1 COMMENT '版本号' AFTER `deleted`
2026-05-23 19:02:42.545 [main] DEBUG o.f.c.internal.sqlscript.DefaultSqlScriptExecutor - 0 rows affected
2026-05-23 19:02:42.545 [main] DEBUG o.f.c.internal.sqlscript.DefaultSqlScriptExecutor - Executing SQL: -- ============================================================
-- 1c. 修复 sys_role_permission 缺失列
-- ============================================================
ALTER TABLE `sys_role_permission` ADD COLUMN `version` INT DEFAULT 1 COMMENT '版本号' AFTER `deleted`
2026-05-23 19:02:42.572 [main] DEBUG o.f.c.internal.sqlscript.DefaultSqlScriptExecutor - 0 rows affected
2026-05-23 19:02:42.572 [main] DEBUG o.f.c.internal.sqlscript.DefaultSqlScriptExecutor - Executing SQL: -- ============================================================
-- 1d. 修复 sys_role_menu 缺失列
-- ============================================================
ALTER TABLE `sys_role_menu` ADD COLUMN `version` INT DEFAULT 1 COMMENT '版本号' AFTER `deleted`
2026-05-23 19:02:42.600 [main] DEBUG o.f.c.internal.sqlscript.DefaultSqlScriptExecutor - 0 rows affected
2026-05-23 19:02:42.600 [main] DEBUG o.f.c.internal.sqlscript.DefaultSqlScriptExecutor - Executing SQL: -- ============================================================
-- 2. 修复 sys_role 列名
-- ============================================================
-- status: TINYINT → VARCHAR(32)
ALTER TABLE `sys_role` MODIFY COLUMN `status` VARCHAR(32) NOT NULL DEFAULT 'ENABLED' COMMENT '状态(ENABLED/DISABLED)'
2026-05-23 19:02:42.720 [main] DEBUG o.f.c.internal.sqlscript.DefaultSqlScriptExecutor - 0 rows affected
2026-05-23 19:02:42.720 [main] DEBUG o.f.c.internal.sqlscript.DefaultSqlScriptExecutor - Executing SQL: UPDATE `sys_role` SET `status` = CASE WHEN `status` = '0' THEN 'DISABLED' WHEN `status` = '1' THEN 'ENABLED' ELSE `status` END WHERE `status` IN ('0', '1')
2026-05-23 19:02:42.724 [main] DEBUG o.f.c.internal.sqlscript.DefaultSqlScriptExecutor - 0 rows affected
2026-05-23 19:02:42.724 [main] DEBUG o.f.c.internal.sqlscript.DefaultSqlScriptExecutor - Executing SQL: -- role_name → name, role_code → code
ALTER TABLE `sys_role` CHANGE COLUMN `role_name` `name` VARCHAR(50) NOT NULL COMMENT '角色名称'
2026-05-23 19:02:42.748 [main] DEBUG o.f.c.internal.sqlscript.DefaultSqlScriptExecutor - 0 rows affected
2026-05-23 19:02:42.748 [main] DEBUG o.f.c.internal.sqlscript.DefaultSqlScriptExecutor - Executing SQL: ALTER TABLE `sys_role` CHANGE COLUMN `role_code` `code` VARCHAR(50) NOT NULL COMMENT '角色编码'
2026-05-23 19:02:42.773 [main] DEBUG o.f.c.internal.sqlscript.DefaultSqlScriptExecutor - 0 rows affected
2026-05-23 19:02:42.773 [main] DEBUG o.f.c.internal.sqlscript.DefaultSqlScriptExecutor - Executing SQL: -- 添加缺失列
ALTER TABLE `sys_role` ADD COLUMN `sort_order` INT DEFAULT 0 COMMENT '排序号' AFTER `description`
2026-05-23 19:02:42.800 [main] DEBUG o.f.c.internal.sqlscript.DefaultSqlScriptExecutor - 0 rows affected
2026-05-23 19:02:42.800 [main] DEBUG o.f.c.internal.sqlscript.DefaultSqlScriptExecutor - Executing SQL: ALTER TABLE `sys_role` ADD COLUMN `data_scope_type` VARCHAR(32) DEFAULT 'SELF' COMMENT '数据权限范围' AFTER `sort_order`
2026-05-23 19:02:42.826 [main] DEBUG o.f.c.internal.sqlscript.DefaultSqlScriptExecutor - 0 rows affected
2026-05-23 19:02:42.826 [main] DEBUG o.f.c.internal.sqlscript.DefaultSqlScriptExecutor - Executing SQL: -- ============================================================
-- 3. 修复 sys_permission 列名和类型
-- ============================================================
-- status: TINYINT → VARCHAR(32)
ALTER TABLE `sys_permission` MODIFY COLUMN `status` VARCHAR(32) NOT NULL DEFAULT 'ENABLED' COMMENT '状态'
2026-05-23 19:02:42.956 [main] DEBUG o.f.c.internal.sqlscript.DefaultSqlScriptExecutor - 0 rows affected
2026-05-23 19:02:42.956 [main] DEBUG o.f.c.internal.sqlscript.DefaultSqlScriptExecutor - Executing SQL: UPDATE `sys_permission` SET `status` = CASE WHEN `status` = '0' THEN 'DISABLED' WHEN `status` = '1' THEN 'ENABLED' ELSE `status` END WHERE `status` IN ('0', '1')
2026-05-23 19:02:42.960 [main] DEBUG o.f.c.internal.sqlscript.DefaultSqlScriptExecutor - 0 rows affected
2026-05-23 19:02:42.960 [main] DEBUG o.f.c.internal.sqlscript.DefaultSqlScriptExecutor - Executing SQL: -- permission_name → name, permission_code → code
ALTER TABLE `sys_permission` CHANGE COLUMN `permission_name` `name` VARCHAR(50) NOT NULL COMMENT '权限名称'
2026-05-23 19:02:42.985 [main] DEBUG o.f.c.internal.sqlscript.DefaultSqlScriptExecutor - 0 rows affected
2026-05-23 19:02:42.985 [main] DEBUG o.f.c.internal.sqlscript.DefaultSqlScriptExecutor - Executing SQL: ALTER TABLE `sys_permission` CHANGE COLUMN `permission_code` `code` VARCHAR(100) NOT NULL COMMENT '权限编码'
2026-05-23 19:02:43.014 [main] DEBUG o.f.c.internal.sqlscript.DefaultSqlScriptExecutor - 0 rows affected
2026-05-23 19:02:43.014 [main] DEBUG o.f.c.internal.sqlscript.DefaultSqlScriptExecutor - Executing SQL: -- 添加缺失列
ALTER TABLE `sys_permission` ADD COLUMN `sort_order` INT DEFAULT 0 COMMENT '排序号' AFTER `status`
2026-05-23 19:02:43.041 [main] DEBUG o.f.c.internal.sqlscript.DefaultSqlScriptExecutor - 0 rows affected
2026-05-23 19:02:43.041 [main] DEBUG o.f.c.internal.sqlscript.DefaultSqlScriptExecutor - Executing SQL: -- ============================================================
-- 4. 种子数据：管理员角色
-- ============================================================
INSERT INTO sys_role (id, code, name, description, status, data_scope_type, sort_order, created_at, updated_at, created_by, updated_by, deleted, version)
VALUES (1, 'ADMIN', '超级管理员', '系统超级管理员，拥有所有权限', 'ENABLED', 'ALL', 1, NOW(), NOW(), 'system', 'system', 0, 1)
2026-05-23 19:02:43.044 [main] DEBUG o.f.c.internal.sqlscript.DefaultSqlScriptExecutor - 1 row affected
2026-05-23 19:02:43.044 [main] DEBUG o.f.c.internal.sqlscript.DefaultSqlScriptExecutor - Executing SQL: -- ============================================================
-- 5. 种子数据：普通用户角色
-- ============================================================
INSERT INTO sys_role (id, code, name, description, status, data_scope_type, sort_order, created_at, updated_at, created_by, updated_by, deleted, version)
VALUES (2, 'USER', '普通用户', '普通用户，拥有基本查看权限', 'ENABLED', 'SELF', 2, NOW(), NOW(), 'system', 'system', 0, 1)
2026-05-23 19:02:43.046 [main] DEBUG o.f.c.internal.sqlscript.DefaultSqlScriptExecutor - 1 row affected
2026-05-23 19:02:43.046 [main] DEBUG o.f.c.internal.sqlscript.DefaultSqlScriptExecutor - Executing SQL: -- ============================================================
-- 6. 种子数据：管理员用户（密码: admin123，BCrypt 加密）
-- ============================================================
INSERT INTO sys_user (id, username, password_hash, nickname, status, created_at, updated_at, created_by, updated_by, deleted, version)
VALUES (1, 'admin', '$2a$10$P6lqkvsCYZINKMUv0gjW7ON8IJB8UM71Rk4i9oAQxaHjSoXZ5TCLm', '超级管理员', 'ENABLED', NOW(), NOW(), 'system', 'system', 0, 1)
2026-05-23 19:02:43.048 [main] DEBUG o.f.c.internal.sqlscript.DefaultSqlScriptExecutor - 1 row affected
2026-05-23 19:02:43.048 [main] DEBUG o.f.c.internal.sqlscript.DefaultSqlScriptExecutor - Executing SQL: -- ============================================================
-- 7. 种子数据：测试用户（密码: test123，BCrypt 加密）
-- ============================================================
INSERT INTO sys_user (id, username, password_hash, nickname, status, created_at, updated_at, created_by, updated_by, deleted, version)
VALUES (2, 'testuser', '$2a$10$P6lqkvsCYZINKMUv0gjW7ON8IJB8UM71Rk4i9oAQxaHjSoXZ5TCLm', '测试用户', 'ENABLED', NOW(), NOW(), 'system', 'system', 0, 1)
2026-05-23 19:02:43.049 [main] DEBUG o.f.c.internal.sqlscript.DefaultSqlScriptExecutor - 1 row affected
2026-05-23 19:02:43.049 [main] DEBUG o.f.c.internal.sqlscript.DefaultSqlScriptExecutor - Executing SQL: -- ============================================================
-- 8. 关联管理员用户和角色
-- ============================================================
INSERT INTO sys_user_role (id, user_id, role_id, created_at, created_by, updated_at, updated_by, deleted)
VALUES (1, 1, 1, NOW(), 'system', NOW(), 'system', 0)
2026-05-23 19:02:43.051 [main] DEBUG o.f.c.internal.sqlscript.DefaultSqlScriptExecutor - 1 row affected
2026-05-23 19:02:43.051 [main] DEBUG o.f.c.internal.sqlscript.DefaultSqlScriptExecutor - Executing SQL: -- ============================================================
-- 9. 种子数据：基础权限
-- ============================================================
INSERT INTO sys_permission (id, code, name, description, status, type, module, resource, action, sort_order, created_at, updated_at, created_by, updated_by, deleted, version)
VALUES
(1, 'system:user:view', '查看用户', '查看用户信息', 'ENABLED', 'BUTTON', 'system', 'user', 'view', 1, NOW(), NOW(), 'system', 'system', 0, 1),
(2, 'system:user:create', '创建用户', '创建新用户', 'ENABLED', 'BUTTON', 'system', 'user', 'create', 2, NOW(), NOW(), 'system', 'system', 0, 1),
(3, 'system:user:update', '编辑用户', '编辑用户信息', 'ENABLED', 'BUTTON', 'system', 'user', 'update', 3, NOW(), NOW(), 'system', 'system', 0, 1),
(4, 'system:user:delete', '删除用户', '删除用户', 'ENABLED', 'BUTTON', 'system', 'user', 'delete', 4, NOW(), NOW(), 'system', 'system', 0, 1),
(5, 'system:role:view', '查看角色', '查看角色信息', 'ENABLED', 'BUTTON', 'system', 'role', 'view', 5, NOW(), NOW(), 'system', 'system', 0, 1),
(6, 'system:role:create', '创建角色', '创建新角色', 'ENABLED', 'BUTTON', 'system', 'role', 'create', 6, NOW(), NOW(), 'system', 'system', 0, 1),
(7, 'system:role:update', '编辑角色', '编辑角色信息', 'ENABLED', 'BUTTON', 'system', 'role', 'update', 7, NOW(), NOW(), 'system', 'system', 0, 1),
(8, 'system:role:delete', '删除角色', '删除角色', 'ENABLED', 'BUTTON', 'system', 'role', 'delete', 8, NOW(), NOW(), 'system', 'system', 0, 1)
2026-05-23 19:02:43.053 [main] DEBUG o.f.c.internal.sqlscript.DefaultSqlScriptExecutor - 8 rows affected
2026-05-23 19:02:43.053 [main] DEBUG o.f.c.internal.sqlscript.DefaultSqlScriptExecutor - Executing SQL: -- ============================================================
-- 10. 种子数据：基础菜单
-- ============================================================
INSERT INTO sys_menu (id, parent_id, name, path, component, icon, sort_order, type, permission_code, visible, status, created_at, updated_at, created_by, updated_by, deleted, version)
VALUES
(1, 0, '系统管理', '/system', NULL, 'setting', 1, 1, NULL, 1, 1, NOW(), NOW(), 'system', 'system', 0, 1),
(2, 1, '用户管理', '/system/users', 'system/users/index', 'user', 1, 2, 'system:user:view', 1, 1, NOW(), NOW(), 'system', 'system', 0, 1),
(3, 1, '角色管理', '/system/roles', 'system/roles/index', 'team', 2, 2, 'system:role:view', 1, 1, NOW(), NOW(), 'system', 'system', 0, 1),
(4, 1, '权限管理', '/system/permissions', 'system/permissions/index', 'safety', 3, 2, 'system:permission:view', 1, 1, NOW(), NOW(), 'system', 'system', 0, 1),
(5, 1, '菜单管理', '/system/menus', 'system/menus/index', 'menu', 4, 2, 'system:menu:view', 1, 1, NOW(), NOW(), 'system', 'system', 0, 1)
2026-05-23 19:02:43.055 [main] DEBUG o.f.c.internal.sqlscript.DefaultSqlScriptExecutor - 5 rows affected
2026-05-23 19:02:43.055 [main] DEBUG o.f.c.internal.sqlscript.DefaultSqlScriptExecutor - Executing SQL: -- ============================================================
-- 11. 关联管理员角色和所有权限
-- ============================================================
INSERT INTO sys_role_permission (id, role_id, permission_id, created_at, created_by, updated_at, updated_by, deleted)
VALUES
(1, 1, 1, NOW(), 'system', NOW(), 'system', 0),
(2, 1, 2, NOW(), 'system', NOW(), 'system', 0),
(3, 1, 3, NOW(), 'system', NOW(), 'system', 0),
(4, 1, 4, NOW(), 'system', NOW(), 'system', 0),
(5, 1, 5, NOW(), 'system', NOW(), 'system', 0),
(6, 1, 6, NOW(), 'system', NOW(), 'system', 0),
(7, 1, 7, NOW(), 'system', NOW(), 'system', 0),
(8, 1, 8, NOW(), 'system', NOW(), 'system', 0)
2026-05-23 19:02:43.056 [main] DEBUG o.f.c.internal.sqlscript.DefaultSqlScriptExecutor - 8 rows affected
2026-05-23 19:02:43.056 [main] DEBUG o.f.c.internal.sqlscript.DefaultSqlScriptExecutor - Executing SQL: -- ============================================================
-- 12. 关联管理员角色和所有菜单
-- ============================================================
INSERT INTO sys_role_menu (id, role_id, menu_id, created_at, created_by, updated_at, updated_by, deleted)
VALUES
(1, 1, 1, NOW(), 'system', NOW(), 'system', 0),
(2, 1, 2, NOW(), 'system', NOW(), 'system', 0),
(3, 1, 3, NOW(), 'system', NOW(), 'system', 0),
(4, 1, 4, NOW(), 'system', NOW(), 'system', 0),
(5, 1, 5, NOW(), 'system', NOW(), 'system', 0)
2026-05-23 19:02:43.059 [main] DEBUG o.f.c.internal.sqlscript.DefaultSqlScriptExecutor - 5 rows affected
2026-05-23 19:02:43.059 [main] DEBUG org.flywaydb.core.internal.command.DbMigrate - Successfully completed migration of schema `admin_scaffold_test` to version "3 - seed data"
2026-05-23 19:02:43.069 [main] DEBUG o.f.c.i.schemahistory.JdbcTableSchemaHistory - Schema History table `admin_scaffold_test`.`flyway_schema_history` successfully updated to reflect changes
2026-05-23 19:02:43.084 [main] DEBUG o.f.core.api.configuration.ClassicConfiguration - CherryPickConfigurationExtension not found
2026-05-23 19:02:43.089 [main] DEBUG org.flywaydb.core.internal.parser.Parser - Parsing V4__add_employee_org_tables.sql ...
2026-05-23 19:02:43.092 [main] DEBUG o.flywaydb.core.internal.sqlscript.ParserSqlScript - Found statement at line 8: -- M3: 员工组织模块 - 新增4张表
-- hr_employee: 员工主数据表
-- org_unit: 组织架构表
-- employee_org: 员工-组织多对多关联表
-- sys_role_org: 角色-组织自定义数据权限范围表

-- 员工主数据表
CREATE TABLE IF NOT EXISTS `hr_employee` (
    `id` BIGINT NOT NULL AUTO_INCREMENT COMMENT '主键ID',
    `employee_no` VARCHAR(64) NOT NULL COMMENT '员工工号',
    `name` VARCHAR(100) NOT NULL COMMENT '员工姓名',
    `preferred_name` VARCHAR(100) COMMENT '常用名/花名',
    `mobile` VARCHAR(32) COMMENT '手机号',
    `email` VARCHAR(100) COMMENT '邮箱',
    `primary_org_id` BIGINT COMMENT '主组织ID',
    `job_title` VARCHAR(100) COMMENT '职位',
    `employment_status` VARCHAR(32) NOT NULL DEFAULT 'ACTIVE' COMMENT '在职状态(ACTIVE/RESIGNED/SUSPENDED)',
    `entry_date` DATE COMMENT '入职日期',
    `leave_date` DATE COMMENT '离职日期',
    `source_type` VARCHAR(32) NOT NULL DEFAULT 'MANUAL' COMMENT '数据来源(MANUAL/IMPORT/API)',
    `created_at` DATETIME DEFAULT CURRENT_TIMESTAMP COMMENT '创建时间',
    `created_by` VARCHAR(50) COMMENT '创建人',
    `updated_at` DATETIME DEFAULT CURRENT_TIMESTAMP ON UPDATE CURRENT_TIMESTAMP COMMENT '更新时间',
    `updated_by` VARCHAR(50) COMMENT '更新人',
    `deleted` INT DEFAULT 0 COMMENT '逻辑删除标志：0-未删除，1-已删除',
    `version` INT DEFAULT 1 COMMENT '版本号',
    PRIMARY KEY (`id`),
    UNIQUE KEY `uk_employee_no` (`employee_no`),
    KEY `idx_name` (`name`),
    KEY `idx_mobile` (`mobile`),
    KEY `idx_primary_org_id` (`primary_org_id`),
    KEY `idx_employment_status` (`employment_status`)
) ENGINE=InnoDB DEFAULT CHARSET=utf8mb4 COLLATE=utf8mb4_0900_ai_ci COMMENT='员工主数据表'
2026-05-23 19:02:43.092 [main] DEBUG o.flywaydb.core.internal.sqlscript.ParserSqlScript - Found statement at line 36: -- 组织架构表
CREATE TABLE IF NOT EXISTS `org_unit` (
    `id` BIGINT NOT NULL AUTO_INCREMENT COMMENT '主键ID',
    `parent_id` BIGINT NOT NULL DEFAULT 0 COMMENT '父节点ID(0表示根节点)',
    `code` VARCHAR(64) NOT NULL COMMENT '组织编码',
    `name` VARCHAR(100) NOT NULL COMMENT '组织名称',
    `full_path` VARCHAR(500) COMMENT '完整路径(如/1/5/12/)',
    `level` INT DEFAULT 1 COMMENT '层级(从1开始)',
    `manager_employee_id` BIGINT COMMENT '负责人员工ID',
    `sort_order` INT DEFAULT 0 COMMENT '排序号',
    `status` VARCHAR(32) DEFAULT 'ENABLED' COMMENT '状态(ENABLED/DISABLED)',
    `source_type` VARCHAR(32) NOT NULL DEFAULT 'MANUAL' COMMENT '数据来源(MANUAL/IMPORT/API)',
    `created_at` DATETIME DEFAULT CURRENT_TIMESTAMP COMMENT '创建时间',
    `created_by` VARCHAR(50) COMMENT '创建人',
    `updated_at` DATETIME DEFAULT CURRENT_TIMESTAMP ON UPDATE CURRENT_TIMESTAMP COMMENT '更新时间',
    `updated_by` VARCHAR(50) COMMENT '更新人',
    `deleted` INT DEFAULT 0 COMMENT '逻辑删除标志：0-未删除，1-已删除',
    `version` INT DEFAULT 1 COMMENT '版本号',
    PRIMARY KEY (`id`),
    UNIQUE KEY `uk_code` (`code`),
    KEY `idx_parent_id` (`parent_id`),
    KEY `idx_manager_employee_id` (`manager_employee_id`)
) ENGINE=InnoDB DEFAULT CHARSET=utf8mb4 COLLATE=utf8mb4_0900_ai_ci COMMENT='组织架构表'
2026-05-23 19:02:43.093 [main] DEBUG o.flywaydb.core.internal.sqlscript.ParserSqlScript - Found statement at line 60: -- 员工-组织多对多关联表
CREATE TABLE IF NOT EXISTS `employee_org` (
    `id` BIGINT NOT NULL AUTO_INCREMENT COMMENT '主键ID',
    `employee_id` BIGINT NOT NULL COMMENT '员工ID',
    `org_id` BIGINT NOT NULL COMMENT '组织ID',
    `is_primary` TINYINT DEFAULT 0 COMMENT '是否主组织(0-否，1-是)',
    `position_name` VARCHAR(100) COMMENT '岗位名称',
    `start_date` DATE COMMENT '开始日期',
    `end_date` DATE COMMENT '结束日期',
    `status` VARCHAR(32) DEFAULT 'ACTIVE' COMMENT '状态(ACTIVE/INACTIVE)',
    `created_at` DATETIME DEFAULT CURRENT_TIMESTAMP COMMENT '创建时间',
    `created_by` VARCHAR(50) COMMENT '创建人',
    `updated_at` DATETIME DEFAULT CURRENT_TIMESTAMP ON UPDATE CURRENT_TIMESTAMP COMMENT '更新时间',
    `updated_by` VARCHAR(50) COMMENT '更新人',
    `deleted` INT DEFAULT 0 COMMENT '逻辑删除标志：0-未删除，1-已删除',
    `version` INT DEFAULT 1 COMMENT '版本号',
    PRIMARY KEY (`id`),
    UNIQUE KEY `uk_employee_org` (`employee_id`, `org_id`),
    KEY `idx_org_id` (`org_id`),
    KEY `idx_status` (`status`)
) ENGINE=InnoDB DEFAULT CHARSET=utf8mb4 COLLATE=utf8mb4_0900_ai_ci COMMENT='员工-组织关联表'
2026-05-23 19:02:43.093 [main] DEBUG o.flywaydb.core.internal.sqlscript.ParserSqlScript - Found statement at line 82: -- 角色-组织自定义数据权限范围表(物理删除，不做逻辑删除)
CREATE TABLE IF NOT EXISTS `sys_role_org` (
    `id` BIGINT NOT NULL AUTO_INCREMENT COMMENT '主键ID',
    `role_id` BIGINT NOT NULL COMMENT '角色ID',
    `org_id` BIGINT NOT NULL COMMENT '组织ID',
    `created_at` DATETIME DEFAULT CURRENT_TIMESTAMP COMMENT '创建时间',
    `created_by` VARCHAR(50) COMMENT '创建人',
    PRIMARY KEY (`id`),
    UNIQUE KEY `uk_role_org` (`role_id`, `org_id`),
    KEY `idx_org_id` (`org_id`)
) ENGINE=InnoDB DEFAULT CHARSET=utf8mb4 COLLATE=utf8mb4_0900_ai_ci COMMENT='角色-组织数据权限范围表'
2026-05-23 19:02:43.095 [main] DEBUG org.flywaydb.core.internal.command.DbMigrate - Starting migration of schema `admin_scaffold_test` to version "4 - add employee org tables" ...
2026-05-23 19:02:43.098 [main] INFO  org.flywaydb.core.internal.command.DbMigrate - Migrating schema `admin_scaffold_test` to version "4 - add employee org tables"
2026-05-23 19:02:43.099 [main] DEBUG o.f.c.internal.sqlscript.DefaultSqlScriptExecutor - Executing SQL: -- M3: 员工组织模块 - 新增4张表
-- hr_employee: 员工主数据表
-- org_unit: 组织架构表
-- employee_org: 员工-组织多对多关联表
-- sys_role_org: 角色-组织自定义数据权限范围表

-- 员工主数据表
CREATE TABLE IF NOT EXISTS `hr_employee` (
    `id` BIGINT NOT NULL AUTO_INCREMENT COMMENT '主键ID',
    `employee_no` VARCHAR(64) NOT NULL COMMENT '员工工号',
    `name` VARCHAR(100) NOT NULL COMMENT '员工姓名',
    `preferred_name` VARCHAR(100) COMMENT '常用名/花名',
    `mobile` VARCHAR(32) COMMENT '手机号',
    `email` VARCHAR(100) COMMENT '邮箱',
    `primary_org_id` BIGINT COMMENT '主组织ID',
    `job_title` VARCHAR(100) COMMENT '职位',
    `employment_status` VARCHAR(32) NOT NULL DEFAULT 'ACTIVE' COMMENT '在职状态(ACTIVE/RESIGNED/SUSPENDED)',
    `entry_date` DATE COMMENT '入职日期',
    `leave_date` DATE COMMENT '离职日期',
    `source_type` VARCHAR(32) NOT NULL DEFAULT 'MANUAL' COMMENT '数据来源(MANUAL/IMPORT/API)',
    `created_at` DATETIME DEFAULT CURRENT_TIMESTAMP COMMENT '创建时间',
    `created_by` VARCHAR(50) COMMENT '创建人',
    `updated_at` DATETIME DEFAULT CURRENT_TIMESTAMP ON UPDATE CURRENT_TIMESTAMP COMMENT '更新时间',
    `updated_by` VARCHAR(50) COMMENT '更新人',
    `deleted` INT DEFAULT 0 COMMENT '逻辑删除标志：0-未删除，1-已删除',
    `version` INT DEFAULT 1 COMMENT '版本号',
    PRIMARY KEY (`id`),
    UNIQUE KEY `uk_employee_no` (`employee_no`),
    KEY `idx_name` (`name`),
    KEY `idx_mobile` (`mobile`),
    KEY `idx_primary_org_id` (`primary_org_id`),
    KEY `idx_employment_status` (`employment_status`)
) ENGINE=InnoDB DEFAULT CHARSET=utf8mb4 COLLATE=utf8mb4_0900_ai_ci COMMENT='员工主数据表'
2026-05-23 19:02:43.206 [main] DEBUG o.f.c.internal.sqlscript.DefaultSqlScriptExecutor - 0 rows affected
2026-05-23 19:02:43.206 [main] DEBUG o.f.c.internal.sqlscript.DefaultSqlScriptExecutor - Executing SQL: -- 组织架构表
CREATE TABLE IF NOT EXISTS `org_unit` (
    `id` BIGINT NOT NULL AUTO_INCREMENT COMMENT '主键ID',
    `parent_id` BIGINT NOT NULL DEFAULT 0 COMMENT '父节点ID(0表示根节点)',
    `code` VARCHAR(64) NOT NULL COMMENT '组织编码',
    `name` VARCHAR(100) NOT NULL COMMENT '组织名称',
    `full_path` VARCHAR(500) COMMENT '完整路径(如/1/5/12/)',
    `level` INT DEFAULT 1 COMMENT '层级(从1开始)',
    `manager_employee_id` BIGINT COMMENT '负责人员工ID',
    `sort_order` INT DEFAULT 0 COMMENT '排序号',
    `status` VARCHAR(32) DEFAULT 'ENABLED' COMMENT '状态(ENABLED/DISABLED)',
    `source_type` VARCHAR(32) NOT NULL DEFAULT 'MANUAL' COMMENT '数据来源(MANUAL/IMPORT/API)',
    `created_at` DATETIME DEFAULT CURRENT_TIMESTAMP COMMENT '创建时间',
    `created_by` VARCHAR(50) COMMENT '创建人',
    `updated_at` DATETIME DEFAULT CURRENT_TIMESTAMP ON UPDATE CURRENT_TIMESTAMP COMMENT '更新时间',
    `updated_by` VARCHAR(50) COMMENT '更新人',
    `deleted` INT DEFAULT 0 COMMENT '逻辑删除标志：0-未删除，1-已删除',
    `version` INT DEFAULT 1 COMMENT '版本号',
    PRIMARY KEY (`id`),
    UNIQUE KEY `uk_code` (`code`),
    KEY `idx_parent_id` (`parent_id`),
    KEY `idx_manager_employee_id` (`manager_employee_id`)
) ENGINE=InnoDB DEFAULT CHARSET=utf8mb4 COLLATE=utf8mb4_0900_ai_ci COMMENT='组织架构表'
2026-05-23 19:02:43.289 [main] DEBUG o.f.c.internal.sqlscript.DefaultSqlScriptExecutor - 0 rows affected
2026-05-23 19:02:43.290 [main] DEBUG o.f.c.internal.sqlscript.DefaultSqlScriptExecutor - Executing SQL: -- 员工-组织多对多关联表
CREATE TABLE IF NOT EXISTS `employee_org` (
    `id` BIGINT NOT NULL AUTO_INCREMENT COMMENT '主键ID',
    `employee_id` BIGINT NOT NULL COMMENT '员工ID',
    `org_id` BIGINT NOT NULL COMMENT '组织ID',
    `is_primary` TINYINT DEFAULT 0 COMMENT '是否主组织(0-否，1-是)',
    `position_name` VARCHAR(100) COMMENT '岗位名称',
    `start_date` DATE COMMENT '开始日期',
    `end_date` DATE COMMENT '结束日期',
    `status` VARCHAR(32) DEFAULT 'ACTIVE' COMMENT '状态(ACTIVE/INACTIVE)',
    `created_at` DATETIME DEFAULT CURRENT_TIMESTAMP COMMENT '创建时间',
    `created_by` VARCHAR(50) COMMENT '创建人',
    `updated_at` DATETIME DEFAULT CURRENT_TIMESTAMP ON UPDATE CURRENT_TIMESTAMP COMMENT '更新时间',
    `updated_by` VARCHAR(50) COMMENT '更新人',
    `deleted` INT DEFAULT 0 COMMENT '逻辑删除标志：0-未删除，1-已删除',
    `version` INT DEFAULT 1 COMMENT '版本号',
    PRIMARY KEY (`id`),
    UNIQUE KEY `uk_employee_org` (`employee_id`, `org_id`),
    KEY `idx_org_id` (`org_id`),
    KEY `idx_status` (`status`)
) ENGINE=InnoDB DEFAULT CHARSET=utf8mb4 COLLATE=utf8mb4_0900_ai_ci COMMENT='员工-组织关联表'
2026-05-23 19:02:43.362 [main] DEBUG o.f.c.internal.sqlscript.DefaultSqlScriptExecutor - 0 rows affected
2026-05-23 19:02:43.362 [main] DEBUG o.f.c.internal.sqlscript.DefaultSqlScriptExecutor - Executing SQL: -- 角色-组织自定义数据权限范围表(物理删除，不做逻辑删除)
CREATE TABLE IF NOT EXISTS `sys_role_org` (
    `id` BIGINT NOT NULL AUTO_INCREMENT COMMENT '主键ID',
    `role_id` BIGINT NOT NULL COMMENT '角色ID',
    `org_id` BIGINT NOT NULL COMMENT '组织ID',
    `created_at` DATETIME DEFAULT CURRENT_TIMESTAMP COMMENT '创建时间',
    `created_by` VARCHAR(50) COMMENT '创建人',
    PRIMARY KEY (`id`),
    UNIQUE KEY `uk_role_org` (`role_id`, `org_id`),
    KEY `idx_org_id` (`org_id`)
) ENGINE=InnoDB DEFAULT CHARSET=utf8mb4 COLLATE=utf8mb4_0900_ai_ci COMMENT='角色-组织数据权限范围表'
2026-05-23 19:02:43.432 [main] DEBUG o.f.c.internal.sqlscript.DefaultSqlScriptExecutor - 0 rows affected
2026-05-23 19:02:43.432 [main] DEBUG org.flywaydb.core.internal.command.DbMigrate - Successfully completed migration of schema `admin_scaffold_test` to version "4 - add employee org tables"
2026-05-23 19:02:43.444 [main] DEBUG o.f.c.i.schemahistory.JdbcTableSchemaHistory - Schema History table `admin_scaffold_test`.`flyway_schema_history` successfully updated to reflect changes
2026-05-23 19:02:43.460 [main] DEBUG o.f.core.api.configuration.ClassicConfiguration - CherryPickConfigurationExtension not found
2026-05-23 19:02:43.465 [main] DEBUG org.flywaydb.core.internal.parser.Parser - Parsing V5__seed_data_org.sql ...
2026-05-23 19:02:43.467 [main] DEBUG o.flywaydb.core.internal.sqlscript.ParserSqlScript - Found statement at line 8: -- V5: 组织模块种子数据
-- LOCAL-ONLY: 仅用于本地开发环境
-- 依赖 V4 表结构

-- ============================================================
-- 1. 部门树：总公司(100) → 技术部(101)/产品部(102) → 后端组(103)/前端组(104)
-- ============================================================
INSERT INTO org_unit (id, parent_id, code, name, full_path, level, sort_order, status, source_type, created_at, updated_at, created_by, updated_by, deleted, version)
VALUES
(100, 0, 'HQ', '总公司', '/100/', 1, 1, 'ENABLED', 'MANUAL', NOW(), NOW(), 'system', 'system', 0, 1),
(101, 100, 'TECH', '技术部', '/100/101/', 2, 1, 'ENABLED', 'MANUAL', NOW(), NOW(), 'system', 'system', 0, 1),
(102, 100, 'PRODUCT', '产品部', '/100/102/', 2, 2, 'ENABLED', 'MANUAL', NOW(), NOW(), 'system', 'system', 0, 1),
(103, 101, 'BACKEND', '后端组', '/100/101/103/', 3, 1, 'ENABLED', 'MANUAL', NOW(), NOW(), 'system', 'system', 0, 1),
(104, 101, 'FRONTEND', '前端组', '/100/101/104/', 3, 2, 'ENABLED', 'MANUAL', NOW(), NOW(), 'system', 'system', 0, 1)
2026-05-23 19:02:43.467 [main] DEBUG o.flywaydb.core.internal.sqlscript.ParserSqlScript - Found statement at line 19: -- ============================================================
-- 2. 员工数据
-- ============================================================
INSERT INTO hr_employee (id, employee_no, name, mobile, email, primary_org_id, job_title, employment_status, entry_date, source_type, created_at, updated_at, created_by, updated_by, deleted, version)
VALUES
(100, 'EMP001', '张三', '13800000001', 'zhangsan@example.com', 101, '技术总监', 'ACTIVE', '2024-01-01', 'MANUAL', NOW(), NOW(), 'system', 'system', 0, 1),
(101, 'EMP002', '李四', '13800000002', 'lisi@example.com', 103, '后端开发', 'ACTIVE', '2024-03-15', 'MANUAL', NOW(), NOW(), 'system', 'system', 0, 1),
(102, 'EMP003', '王五', '13800000003', 'wangwu@example.com', 102, '产品经理', 'ACTIVE', '2024-06-01', 'MANUAL', NOW(), NOW(), 'system', 'system', 0, 1)
2026-05-23 19:02:43.467 [main] DEBUG o.flywaydb.core.internal.sqlscript.ParserSqlScript - Found statement at line 28: -- ============================================================
-- 3. 员工-组织关联
-- ============================================================
INSERT INTO employee_org (id, employee_id, org_id, is_primary, position_name, status, created_at, created_by, updated_at, updated_by, deleted, version)
VALUES
(1, 100, 101, 1, '技术总监', 'ACTIVE', NOW(), 'system', NOW(), 'system', 0, 1),
(2, 101, 103, 1, '后端开发', 'ACTIVE', NOW(), 'system', NOW(), 'system', 0, 1),
(3, 102, 102, 1, '产品经理', 'ACTIVE', NOW(), 'system', NOW(), 'system', 0, 1)
2026-05-23 19:02:43.468 [main] DEBUG o.flywaydb.core.internal.sqlscript.ParserSqlScript - Found statement at line 38: -- ============================================================
-- 4. 角色-组织关联（CUSTOM 数据权限）
-- role_id=2 为 V3 中的普通用户角色（USER），赋予技术部(101)的自定义数据权限
-- ============================================================
INSERT INTO sys_role_org (id, role_id, org_id, created_at, created_by)
VALUES
(1, 2, 101, NOW(), 'system'),
(2, 2, 102, NOW(), 'system')
2026-05-23 19:02:43.469 [main] DEBUG org.flywaydb.core.internal.command.DbMigrate - Starting migration of schema `admin_scaffold_test` to version "5 - seed data org" ...
2026-05-23 19:02:43.472 [main] INFO  org.flywaydb.core.internal.command.DbMigrate - Migrating schema `admin_scaffold_test` to version "5 - seed data org"
2026-05-23 19:02:43.473 [main] DEBUG o.f.c.internal.sqlscript.DefaultSqlScriptExecutor - Executing SQL: -- V5: 组织模块种子数据
-- LOCAL-ONLY: 仅用于本地开发环境
-- 依赖 V4 表结构

-- ============================================================
-- 1. 部门树：总公司(100) → 技术部(101)/产品部(102) → 后端组(103)/前端组(104)
-- ============================================================
INSERT INTO org_unit (id, parent_id, code, name, full_path, level, sort_order, status, source_type, created_at, updated_at, created_by, updated_by, deleted, version)
VALUES
(100, 0, 'HQ', '总公司', '/100/', 1, 1, 'ENABLED', 'MANUAL', NOW(), NOW(), 'system', 'system', 0, 1),
(101, 100, 'TECH', '技术部', '/100/101/', 2, 1, 'ENABLED', 'MANUAL', NOW(), NOW(), 'system', 'system', 0, 1),
(102, 100, 'PRODUCT', '产品部', '/100/102/', 2, 2, 'ENABLED', 'MANUAL', NOW(), NOW(), 'system', 'system', 0, 1),
(103, 101, 'BACKEND', '后端组', '/100/101/103/', 3, 1, 'ENABLED', 'MANUAL', NOW(), NOW(), 'system', 'system', 0, 1),
(104, 101, 'FRONTEND', '前端组', '/100/101/104/', 3, 2, 'ENABLED', 'MANUAL', NOW(), NOW(), 'system', 'system', 0, 1)
2026-05-23 19:02:43.476 [main] DEBUG o.f.c.internal.sqlscript.DefaultSqlScriptExecutor - 5 rows affected
2026-05-23 19:02:43.476 [main] DEBUG o.f.c.internal.sqlscript.DefaultSqlScriptExecutor - Executing SQL: -- ============================================================
-- 2. 员工数据
-- ============================================================
INSERT INTO hr_employee (id, employee_no, name, mobile, email, primary_org_id, job_title, employment_status, entry_date, source_type, created_at, updated_at, created_by, updated_by, deleted, version)
VALUES
(100, 'EMP001', '张三', '13800000001', 'zhangsan@example.com', 101, '技术总监', 'ACTIVE', '2024-01-01', 'MANUAL', NOW(), NOW(), 'system', 'system', 0, 1),
(101, 'EMP002', '李四', '13800000002', 'lisi@example.com', 103, '后端开发', 'ACTIVE', '2024-03-15', 'MANUAL', NOW(), NOW(), 'system', 'system', 0, 1),
(102, 'EMP003', '王五', '13800000003', 'wangwu@example.com', 102, '产品经理', 'ACTIVE', '2024-06-01', 'MANUAL', NOW(), NOW(), 'system', 'system', 0, 1)
2026-05-23 19:02:43.479 [main] DEBUG o.f.c.internal.sqlscript.DefaultSqlScriptExecutor - 3 rows affected
2026-05-23 19:02:43.479 [main] DEBUG o.f.c.internal.sqlscript.DefaultSqlScriptExecutor - Executing SQL: -- ============================================================
-- 3. 员工-组织关联
-- ============================================================
INSERT INTO employee_org (id, employee_id, org_id, is_primary, position_name, status, created_at, created_by, updated_at, updated_by, deleted, version)
VALUES
(1, 100, 101, 1, '技术总监', 'ACTIVE', NOW(), 'system', NOW(), 'system', 0, 1),
(2, 101, 103, 1, '后端开发', 'ACTIVE', NOW(), 'system', NOW(), 'system', 0, 1),
(3, 102, 102, 1, '产品经理', 'ACTIVE', NOW(), 'system', NOW(), 'system', 0, 1)
2026-05-23 19:02:43.482 [main] DEBUG o.f.c.internal.sqlscript.DefaultSqlScriptExecutor - 3 rows affected
2026-05-23 19:02:43.482 [main] DEBUG o.f.c.internal.sqlscript.DefaultSqlScriptExecutor - Executing SQL: -- ============================================================
-- 4. 角色-组织关联（CUSTOM 数据权限）
-- role_id=2 为 V3 中的普通用户角色（USER），赋予技术部(101)的自定义数据权限
-- ============================================================
INSERT INTO sys_role_org (id, role_id, org_id, created_at, created_by)
VALUES
(1, 2, 101, NOW(), 'system'),
(2, 2, 102, NOW(), 'system')
2026-05-23 19:02:43.485 [main] DEBUG o.f.c.internal.sqlscript.DefaultSqlScriptExecutor - 2 rows affected
2026-05-23 19:02:43.485 [main] DEBUG org.flywaydb.core.internal.command.DbMigrate - Successfully completed migration of schema `admin_scaffold_test` to version "5 - seed data org"
2026-05-23 19:02:43.497 [main] DEBUG o.f.c.i.schemahistory.JdbcTableSchemaHistory - Schema History table `admin_scaffold_test`.`flyway_schema_history` successfully updated to reflect changes
2026-05-23 19:02:43.514 [main] DEBUG o.f.core.api.configuration.ClassicConfiguration - CherryPickConfigurationExtension not found
2026-05-23 19:02:43.519 [main] INFO  org.flywaydb.core.internal.command.DbMigrate - Successfully applied 5 migrations to schema `admin_scaffold_test`, now at version v5 (execution time 00:01.722s)
2026-05-23 19:02:43.526 [main] DEBUG org.flywaydb.core.FlywayExecutor - Memory usage: 116 of 256M
2026-05-23 19:02:43.526 [main] INFO  i.g.l.admin.config.TestDatabaseInitializer - Flyway 迁移完成
2026-05-23 19:02:43.536 [main] DEBUG o.f.c.internal.scanner.classpath.ClassPathScanner - Scanning for classpath resources at 'classpath:db/callback' ...
2026-05-23 19:02:43.536 [main] DEBUG o.f.c.internal.scanner.classpath.ClassPathScanner - Determining location urls for classpath:db/callback using ClassLoader jdk.internal.loader.ClassLoaders$AppClassLoader@5c647e05 ...
2026-05-23 19:02:43.536 [main] DEBUG o.f.c.internal.scanner.classpath.ClassPathScanner - Unable to resolve location classpath:db/callback.
2026-05-23 19:02:43.538 [main] DEBUG o.f.c.internal.scanner.classpath.ClassPathScanner - Scanning for classpath resources at 'classpath:db/migration' ...
2026-05-23 19:02:43.538 [main] DEBUG o.f.c.internal.scanner.classpath.ClassPathScanner - Determining location urls for classpath:db/migration using ClassLoader jdk.internal.loader.ClassLoaders$AppClassLoader@5c647e05 ...
2026-05-23 19:02:43.538 [main] DEBUG o.f.c.internal.scanner.classpath.ClassPathScanner - Scanning URL: file:/C:/workspace/admin-management-scaffold/backend/target/classes/db/migration
2026-05-23 19:02:43.538 [main] DEBUG o.f.c.i.s.c.FileSystemClassPathLocationScanner - Scanning starting at classpath root in filesystem: C:\workspace\admin-management-scaffold\backend\target\classes\
2026-05-23 19:02:43.538 [main] DEBUG o.f.c.i.s.c.FileSystemClassPathLocationScanner - Scanning for resources in path: C:\workspace\admin-management-scaffold\backend\target\classes\db\migration (db/migration)
2026-05-23 19:02:43.540 [main] DEBUG o.f.c.internal.scanner.classpath.ClassPathScanner - Found resource: db/migration/V1__init_schema.sql
2026-05-23 19:02:43.540 [main] DEBUG o.f.c.internal.scanner.classpath.ClassPathScanner - Found resource: db/migration/V2__add_menu_and_permission_fields.sql
2026-05-23 19:02:43.540 [main] DEBUG o.f.c.internal.scanner.classpath.ClassPathScanner - Found resource: db/migration/V3__seed_data.sql
2026-05-23 19:02:43.541 [main] DEBUG o.f.c.internal.scanner.classpath.ClassPathScanner - Found resource: db/migration/V4__add_employee_org_tables.sql
2026-05-23 19:02:43.541 [main] DEBUG o.f.c.internal.scanner.classpath.ClassPathScanner - Found resource: db/migration/V5__seed_data_org.sql
2026-05-23 19:02:43.541 [main] DEBUG o.f.c.internal.scanner.classpath.ClassPathScanner - Scanning for classes at classpath:db/migration
2026-05-23 19:02:43.541 [main] DEBUG o.f.core.internal.resource.ResourceNameValidator - Validating V4__add_employee_org_tables.sql
2026-05-23 19:02:43.548 [main] DEBUG o.f.core.internal.resource.ResourceNameValidator - Validating V1__init_schema.sql
2026-05-23 19:02:43.548 [main] DEBUG o.f.core.internal.resource.ResourceNameValidator - Validating V2__add_menu_and_permission_fields.sql
2026-05-23 19:02:43.548 [main] DEBUG o.f.core.internal.resource.ResourceNameValidator - Validating V3__seed_data.sql
2026-05-23 19:02:43.548 [main] DEBUG o.f.core.internal.resource.ResourceNameValidator - Validating V5__seed_data_org.sql
2026-05-23 19:02:43.557 [main] INFO  org.flywaydb.core.FlywayExecutor - Database: jdbc:mysql://localhost:3306/admin_scaffold_test (MySQL 9.1)
2026-05-23 19:02:43.557 [main] DEBUG org.flywaydb.core.FlywayExecutor - Database Type: MySQL
2026-05-23 19:02:43.557 [main] DEBUG org.flywaydb.core.FlywayExecutor - Driver: MySQL Connector/J mysql-connector-j-8.3.0 (Revision: 805f872a57875f311cb82487efcfb070411a3fa0)
2026-05-23 19:02:43.557 [main] DEBUG org.flywaydb.core.FlywayExecutor - DDL Transactions Supported: false
2026-05-23 19:02:43.557 [main] DEBUG o.f.c.internal.schemahistory.SchemaHistoryFactory - Schemas: 
2026-05-23 19:02:43.557 [main] DEBUG o.f.c.internal.schemahistory.SchemaHistoryFactory - Default schema: null
2026-05-23 19:02:43.566 [main] WARN  org.flywaydb.core.internal.database.base.Database - Flyway upgrade recommended: MySQL 9.1 is newer than this version of Flyway and support has not been tested. The latest supported version of MySQL is 8.1.
2026-05-23 19:02:43.566 [main] DEBUG o.f.c.internal.callback.SqlScriptCallbackFactory - Scanning for SQL callbacks ...
2026-05-23 19:02:43.569 [main] DEBUG org.flywaydb.core.internal.command.DbSchemas - Skipping creation of existing schema: `admin_scaffold_test`
2026-05-23 19:02:43.576 [main] DEBUG o.f.core.api.configuration.ClassicConfiguration - CherryPickConfigurationExtension not found
2026-05-23 19:02:43.583 [main] DEBUG org.flywaydb.core.internal.scanner.Scanner - Filtering out resource: db/migration/V4__add_employee_org_tables.sql (filename: V4__add_employee_org_tables.sql)
2026-05-23 19:02:43.583 [main] DEBUG org.flywaydb.core.internal.scanner.Scanner - Filtering out resource: db/migration/V1__init_schema.sql (filename: V1__init_schema.sql)
2026-05-23 19:02:43.583 [main] DEBUG org.flywaydb.core.internal.scanner.Scanner - Filtering out resource: db/migration/V2__add_menu_and_permission_fields.sql (filename: V2__add_menu_and_permission_fields.sql)
2026-05-23 19:02:43.583 [main] DEBUG org.flywaydb.core.internal.scanner.Scanner - Filtering out resource: db/migration/V3__seed_data.sql (filename: V3__seed_data.sql)
2026-05-23 19:02:43.583 [main] DEBUG org.flywaydb.core.internal.scanner.Scanner - Filtering out resource: db/migration/V5__seed_data_org.sql (filename: V5__seed_data_org.sql)
2026-05-23 19:02:43.583 [main] DEBUG org.flywaydb.core.internal.scanner.Scanner - Filtering out resource: db/migration/V4__add_employee_org_tables.sql (filename: V4__add_employee_org_tables.sql)
2026-05-23 19:02:43.583 [main] DEBUG org.flywaydb.core.internal.scanner.Scanner - Filtering out resource: db/migration/V1__init_schema.sql (filename: V1__init_schema.sql)
2026-05-23 19:02:43.583 [main] DEBUG org.flywaydb.core.internal.scanner.Scanner - Filtering out resource: db/migration/V2__add_menu_and_permission_fields.sql (filename: V2__add_menu_and_permission_fields.sql)
2026-05-23 19:02:43.583 [main] DEBUG org.flywaydb.core.internal.scanner.Scanner - Filtering out resource: db/migration/V3__seed_data.sql (filename: V3__seed_data.sql)
2026-05-23 19:02:43.583 [main] DEBUG org.flywaydb.core.internal.scanner.Scanner - Filtering out resource: db/migration/V5__seed_data_org.sql (filename: V5__seed_data_org.sql)
2026-05-23 19:02:43.588 [main] INFO  org.flywaydb.core.internal.command.DbMigrate - Current version of schema `admin_scaffold_test`: 5
2026-05-23 19:02:43.590 [main] INFO  org.flywaydb.core.internal.command.DbMigrate - Schema `admin_scaffold_test` is up to date. No migration necessary.
2026-05-23 19:02:43.596 [main] DEBUG org.flywaydb.core.FlywayExecutor - Memory usage: 120 of 256M
 _ _   |_  _ _|_. ___ _ |    _ 
| | |\/|_)(_| | |_\  |_)||_|_\ 
     /               |         
                        3.5.16 
____ ____    ___ ____ _  _ ____ _  _ 
[__  |__| __  |  |  | |_/  |___ |\ | 
___] |  |     |  |__| | \_ |___ | \| 
https://sa-token.cc (v1.45.0)
2026-05-23 19:02:44.350 [main] INFO  i.g.l.admin.integration.DataScopeIntegrationTest - Started DataScopeIntegrationTest in 4.087 seconds (process running for 51.886)
2026-05-23 19:02:44.730 [main] DEBUG i.g.l.a.s.user.mapper.SysUserRoleMapper.selectList - ==>  Preparing: SELECT id,user_id,role_id,created_at,updated_at,created_by,updated_by,deleted,version FROM sys_user_role WHERE deleted=0 AND (user_id = ?)
2026-05-23 19:02:44.752 [main] DEBUG i.g.l.a.s.user.mapper.SysUserRoleMapper.selectList - ==> Parameters: 10006(Long)
2026-05-23 19:02:44.780 [main] DEBUG i.g.l.a.s.user.mapper.SysUserRoleMapper.selectList - <==      Total: 2
2026-05-23 19:02:44.780 [main] DEBUG i.g.l.a.s.role.mapper.SysRoleMapper.selectList - ==>  Preparing: SELECT id,code,name,description,sort_order,status,data_scope_type,created_at,updated_at,created_by,updated_by,deleted,version FROM sys_role WHERE deleted=0 AND (id IN (?,?))
2026-05-23 19:02:44.783 [main] DEBUG i.g.l.a.s.role.mapper.SysRoleMapper.selectList - ==> Parameters: 10006(Long), 10007(Long)
2026-05-23 19:02:44.787 [main] DEBUG i.g.l.a.s.role.mapper.SysRoleMapper.selectList - <==      Total: 2
2026-05-23 19:02:44.794 [main] DEBUG i.g.l.a.s.role.mapper.SysRoleOrgMapper.selectList - ==>  Preparing: SELECT id,role_id,org_id,created_at,created_by FROM sys_role_org WHERE (role_id = ?)
2026-05-23 19:02:44.794 [main] DEBUG i.g.l.a.s.role.mapper.SysRoleOrgMapper.selectList - ==> Parameters: 10006(Long)
2026-05-23 19:02:44.796 [main] DEBUG i.g.l.a.s.role.mapper.SysRoleOrgMapper.selectList - <==      Total: 1
2026-05-23 19:02:44.798 [main] DEBUG i.g.l.a.s.role.mapper.SysRoleOrgMapper.selectList - ==>  Preparing: SELECT id,role_id,org_id,created_at,created_by FROM sys_role_org WHERE (role_id = ?)
2026-05-23 19:02:44.798 [main] DEBUG i.g.l.a.s.role.mapper.SysRoleOrgMapper.selectList - ==> Parameters: 10007(Long)
2026-05-23 19:02:44.799 [main] DEBUG i.g.l.a.s.role.mapper.SysRoleOrgMapper.selectList - <==      Total: 1
2026-05-23 19:02:44.911 [main] DEBUG i.g.l.a.s.user.mapper.SysUserRoleMapper.selectList - ==>  Preparing: SELECT id,user_id,role_id,created_at,updated_at,created_by,updated_by,deleted,version FROM sys_user_role WHERE deleted=0 AND (user_id = ?)
2026-05-23 19:02:44.911 [main] DEBUG i.g.l.a.s.user.mapper.SysUserRoleMapper.selectList - ==> Parameters: 10004(Long)
2026-05-23 19:02:44.913 [main] DEBUG i.g.l.a.s.user.mapper.SysUserRoleMapper.selectList - <==      Total: 1
2026-05-23 19:02:44.913 [main] DEBUG i.g.l.a.s.role.mapper.SysRoleMapper.selectList - ==>  Preparing: SELECT id,code,name,description,sort_order,status,data_scope_type,created_at,updated_at,created_by,updated_by,deleted,version FROM sys_role WHERE deleted=0 AND (id IN (?))
2026-05-23 19:02:44.914 [main] DEBUG i.g.l.a.s.role.mapper.SysRoleMapper.selectList - ==> Parameters: 10004(Long)
2026-05-23 19:02:44.916 [main] DEBUG i.g.l.a.s.role.mapper.SysRoleMapper.selectList - <==      Total: 1
2026-05-23 19:02:44.917 [main] DEBUG i.g.l.a.s.role.mapper.SysRoleOrgMapper.selectList - ==>  Preparing: SELECT id,role_id,org_id,created_at,created_by FROM sys_role_org WHERE (role_id = ?)
2026-05-23 19:02:44.917 [main] DEBUG i.g.l.a.s.role.mapper.SysRoleOrgMapper.selectList - ==> Parameters: 10004(Long)
2026-05-23 19:02:44.919 [main] DEBUG i.g.l.a.s.role.mapper.SysRoleOrgMapper.selectList - <==      Total: 2
2026-05-23 19:02:45.016 [main] DEBUG i.g.l.a.s.user.mapper.SysUserRoleMapper.selectList - ==>  Preparing: SELECT id,user_id,role_id,created_at,updated_at,created_by,updated_by,deleted,version FROM sys_user_role WHERE deleted=0 AND (user_id = ?)
2026-05-23 19:02:45.016 [main] DEBUG i.g.l.a.s.user.mapper.SysUserRoleMapper.selectList - ==> Parameters: 10001(Long)
2026-05-23 19:02:45.017 [main] DEBUG i.g.l.a.s.user.mapper.SysUserRoleMapper.selectList - <==      Total: 1
2026-05-23 19:02:45.018 [main] DEBUG i.g.l.a.s.role.mapper.SysRoleMapper.selectList - ==>  Preparing: SELECT id,code,name,description,sort_order,status,data_scope_type,created_at,updated_at,created_by,updated_by,deleted,version FROM sys_role WHERE deleted=0 AND (id IN (?))
2026-05-23 19:02:45.018 [main] DEBUG i.g.l.a.s.role.mapper.SysRoleMapper.selectList - ==> Parameters: 10001(Long)
2026-05-23 19:02:45.020 [main] DEBUG i.g.l.a.s.role.mapper.SysRoleMapper.selectList - <==      Total: 1
2026-05-23 19:02:45.123 [main] DEBUG i.g.l.a.s.user.mapper.SysUserRoleMapper.selectList - ==>  Preparing: SELECT id,user_id,role_id,created_at,updated_at,created_by,updated_by,deleted,version FROM sys_user_role WHERE deleted=0 AND (user_id = ?)
2026-05-23 19:02:45.123 [main] DEBUG i.g.l.a.s.user.mapper.SysUserRoleMapper.selectList - ==> Parameters: 10002(Long)
2026-05-23 19:02:45.126 [main] DEBUG i.g.l.a.s.user.mapper.SysUserRoleMapper.selectList - <==      Total: 1
2026-05-23 19:02:45.128 [main] DEBUG i.g.l.a.s.role.mapper.SysRoleMapper.selectList - ==>  Preparing: SELECT id,code,name,description,sort_order,status,data_scope_type,created_at,updated_at,created_by,updated_by,deleted,version FROM sys_role WHERE deleted=0 AND (id IN (?))
2026-05-23 19:02:45.128 [main] DEBUG i.g.l.a.s.role.mapper.SysRoleMapper.selectList - ==> Parameters: 10002(Long)
2026-05-23 19:02:45.130 [main] DEBUG i.g.l.a.s.role.mapper.SysRoleMapper.selectList - <==      Total: 1
2026-05-23 19:02:45.131 [main] DEBUG i.g.l.a.s.role.mapper.SysRoleOrgMapper.selectList - ==>  Preparing: SELECT id,role_id,org_id,created_at,created_by FROM sys_role_org WHERE (role_id = ?)
2026-05-23 19:02:45.131 [main] DEBUG i.g.l.a.s.role.mapper.SysRoleOrgMapper.selectList - ==> Parameters: 10002(Long)
2026-05-23 19:02:45.132 [main] DEBUG i.g.l.a.s.role.mapper.SysRoleOrgMapper.selectList - <==      Total: 1
2026-05-23 19:02:45.232 [main] DEBUG i.g.l.a.s.user.mapper.SysUserRoleMapper.selectList - ==>  Preparing: SELECT id,user_id,role_id,created_at,updated_at,created_by,updated_by,deleted,version FROM sys_user_role WHERE deleted=0 AND (user_id = ?)
2026-05-23 19:02:45.232 [main] DEBUG i.g.l.a.s.user.mapper.SysUserRoleMapper.selectList - ==> Parameters: 10003(Long)
2026-05-23 19:02:45.233 [main] DEBUG i.g.l.a.s.user.mapper.SysUserRoleMapper.selectList - <==      Total: 1
2026-05-23 19:02:45.234 [main] DEBUG i.g.l.a.s.role.mapper.SysRoleMapper.selectList - ==>  Preparing: SELECT id,code,name,description,sort_order,status,data_scope_type,created_at,updated_at,created_by,updated_by,deleted,version FROM sys_role WHERE deleted=0 AND (id IN (?))
2026-05-23 19:02:45.234 [main] DEBUG i.g.l.a.s.role.mapper.SysRoleMapper.selectList - ==> Parameters: 10003(Long)
2026-05-23 19:02:45.235 [main] DEBUG i.g.l.a.s.role.mapper.SysRoleMapper.selectList - <==      Total: 1
[ERROR] Tests run: 8, Failures: 0, Errors: 6, Skipped: 0, Time elapsed: 0.236 s <<< FAILURE! -- in io.github.lystrosaurus.admin.integration.EmployeeCrudIntegrationTest
[ERROR] io.github.lystrosaurus.admin.integration.EmployeeCrudIntegrationTest.should_create_employee -- Time elapsed: 0.068 s <<< ERROR!
org.springframework.jdbc.BadSqlGrammarException: PreparedStatementCallback; bad SQL grammar [INSERT INTO hr_employee (id, org_id, employee_no, name, status, created_at, updated_at, created_by, updated_by, deleted, version) VALUES (?, 101, ?, '测试员工', 'ACTIVE', NOW(), NOW(), 'test', 'test', 0, 1)]
	at org.springframework.jdbc.support.SQLExceptionSubclassTranslator.doTranslate(SQLExceptionSubclassTranslator.java:103)
	at org.springframework.jdbc.support.AbstractFallbackSQLExceptionTranslator.translate(AbstractFallbackSQLExceptionTranslator.java:107)
	at org.springframework.jdbc.core.JdbcTemplate.translateException(JdbcTemplate.java:1548)
	at org.springframework.jdbc.core.JdbcTemplate.execute(JdbcTemplate.java:677)
	at org.springframework.jdbc.core.JdbcTemplate.update(JdbcTemplate.java:970)
	at org.springframework.jdbc.core.JdbcTemplate.update(JdbcTemplate.java:1014)
	at org.springframework.jdbc.core.JdbcTemplate.update(JdbcTemplate.java:1024)
	at io.github.lystrosaurus.admin.integration.EmployeeCrudIntegrationTest.should_create_employee(EmployeeCrudIntegrationTest.java:45)
	at java.base/java.lang.reflect.Method.invoke(Method.java:580)
	at java.base/java.util.ArrayList.forEach(ArrayList.java:1596)
	at java.base/java.util.ArrayList.forEach(ArrayList.java:1596)
Caused by: java.sql.SQLSyntaxErrorException: Unknown column 'org_id' in 'field list'
	at com.mysql.cj.jdbc.exceptions.SQLError.createSQLException(SQLError.java:121)
	at com.mysql.cj.jdbc.exceptions.SQLExceptionsMapping.translateException(SQLExceptionsMapping.java:122)
	at com.mysql.cj.jdbc.ClientPreparedStatement.executeInternal(ClientPreparedStatement.java:912)
	at com.mysql.cj.jdbc.ClientPreparedStatement.executeUpdateInternal(ClientPreparedStatement.java:1054)
	at com.mysql.cj.jdbc.ClientPreparedStatement.executeUpdateInternal(ClientPreparedStatement.java:1003)
	at com.mysql.cj.jdbc.ClientPreparedStatement.executeLargeUpdate(ClientPreparedStatement.java:1312)
	at com.mysql.cj.jdbc.ClientPreparedStatement.executeUpdate(ClientPreparedStatement.java:988)
	at org.springframework.jdbc.core.JdbcTemplate.lambda$update$2(JdbcTemplate.java:975)
	at org.springframework.jdbc.core.JdbcTemplate.execute(JdbcTemplate.java:658)
	... 7 more

[ERROR] io.github.lystrosaurus.admin.integration.EmployeeCrudIntegrationTest.should_update_employee -- Time elapsed: 0.021 s <<< ERROR!
org.springframework.jdbc.BadSqlGrammarException: PreparedStatementCallback; bad SQL grammar [INSERT INTO hr_employee (id, org_id, employee_no, name, status, created_at, updated_at, created_by, updated_by, deleted, version) VALUES (?, 101, 'EMP_UPD_001', '更新前', 'ACTIVE', NOW(), NOW(), 'test', 'test', 0, 1)]
	at org.springframework.jdbc.support.SQLExceptionSubclassTranslator.doTranslate(SQLExceptionSubclassTranslator.java:103)
	at org.springframework.jdbc.support.AbstractFallbackSQLExceptionTranslator.translate(AbstractFallbackSQLExceptionTranslator.java:107)
	at org.springframework.jdbc.core.JdbcTemplate.translateException(JdbcTemplate.java:1548)
	at org.springframework.jdbc.core.JdbcTemplate.execute(JdbcTemplate.java:677)
	at org.springframework.jdbc.core.JdbcTemplate.update(JdbcTemplate.java:970)
	at org.springframework.jdbc.core.JdbcTemplate.update(JdbcTemplate.java:1014)
	at org.springframework.jdbc.core.JdbcTemplate.update(JdbcTemplate.java:1024)
	at io.github.lystrosaurus.admin.integration.EmployeeCrudIntegrationTest.should_update_employee(EmployeeCrudIntegrationTest.java:104)
	at java.base/java.lang.reflect.Method.invoke(Method.java:580)
	at java.base/java.util.ArrayList.forEach(ArrayList.java:1596)
	at java.base/java.util.ArrayList.forEach(ArrayList.java:1596)
Caused by: java.sql.SQLSyntaxErrorException: Unknown column 'org_id' in 'field list'
	at com.mysql.cj.jdbc.exceptions.SQLError.createSQLException(SQLError.java:121)
	at com.mysql.cj.jdbc.exceptions.SQLExceptionsMapping.translateException(SQLExceptionsMapping.java:122)
	at com.mysql.cj.jdbc.ClientPreparedStatement.executeInternal(ClientPreparedStatement.java:912)
	at com.mysql.cj.jdbc.ClientPreparedStatement.executeUpdateInternal(ClientPreparedStatement.java:1054)
	at com.mysql.cj.jdbc.ClientPreparedStatement.executeUpdateInternal(ClientPreparedStatement.java:1003)
	at com.mysql.cj.jdbc.ClientPreparedStatement.executeLargeUpdate(ClientPreparedStatement.java:1312)
	at com.mysql.cj.jdbc.ClientPreparedStatement.executeUpdate(ClientPreparedStatement.java:988)
	at org.springframework.jdbc.core.JdbcTemplate.lambda$update$2(JdbcTemplate.java:975)
	at org.springframework.jdbc.core.JdbcTemplate.execute(JdbcTemplate.java:658)
	... 7 more

[ERROR] io.github.lystrosaurus.admin.integration.EmployeeCrudIntegrationTest.should_find_employee_page -- Time elapsed: 0.024 s <<< ERROR!
org.springframework.jdbc.BadSqlGrammarException: PreparedStatementCallback; bad SQL grammar [INSERT INTO hr_employee (id, org_id, employee_no, name, status, created_at, updated_at, created_by, updated_by, deleted, version) VALUES (?, 101, ?, '分页员工', 'ACTIVE', NOW(), NOW(), 'test', 'test', 0, 1)]
	at org.springframework.jdbc.support.SQLExceptionSubclassTranslator.doTranslate(SQLExceptionSubclassTranslator.java:103)
	at org.springframework.jdbc.support.AbstractFallbackSQLExceptionTranslator.translate(AbstractFallbackSQLExceptionTranslator.java:107)
	at org.springframework.jdbc.core.JdbcTemplate.translateException(JdbcTemplate.java:1548)
	at org.springframework.jdbc.core.JdbcTemplate.execute(JdbcTemplate.java:677)
	at org.springframework.jdbc.core.JdbcTemplate.update(JdbcTemplate.java:970)
	at org.springframework.jdbc.core.JdbcTemplate.update(JdbcTemplate.java:1014)
	at org.springframework.jdbc.core.JdbcTemplate.update(JdbcTemplate.java:1024)
	at io.github.lystrosaurus.admin.integration.EmployeeCrudIntegrationTest.should_find_employee_page(EmployeeCrudIntegrationTest.java:146)
	at java.base/java.lang.reflect.Method.invoke(Method.java:580)
	at java.base/java.util.ArrayList.forEach(ArrayList.java:1596)
	at java.base/java.util.ArrayList.forEach(ArrayList.java:1596)
Caused by: java.sql.SQLSyntaxErrorException: Unknown column 'org_id' in 'field list'
	at com.mysql.cj.jdbc.exceptions.SQLError.createSQLException(SQLError.java:121)
	at com.mysql.cj.jdbc.exceptions.SQLExceptionsMapping.translateException(SQLExceptionsMapping.java:122)
	at com.mysql.cj.jdbc.ClientPreparedStatement.executeInternal(ClientPreparedStatement.java:912)
	at com.mysql.cj.jdbc.ClientPreparedStatement.executeUpdateInternal(ClientPreparedStatement.java:1054)
	at com.mysql.cj.jdbc.ClientPreparedStatement.executeUpdateInternal(ClientPreparedStatement.java:1003)
	at com.mysql.cj.jdbc.ClientPreparedStatement.executeLargeUpdate(ClientPreparedStatement.java:1312)
	at com.mysql.cj.jdbc.ClientPreparedStatement.executeUpdate(ClientPreparedStatement.java:988)
	at org.springframework.jdbc.core.JdbcTemplate.lambda$update$2(JdbcTemplate.java:975)
	at org.springframework.jdbc.core.JdbcTemplate.execute(JdbcTemplate.java:658)
	... 7 more

[ERROR] io.github.lystrosaurus.admin.integration.EmployeeCrudIntegrationTest.should_soft_delete_employee -- Time elapsed: 0.023 s <<< ERROR!
org.springframework.jdbc.BadSqlGrammarException: PreparedStatementCallback; bad SQL grammar [INSERT INTO hr_employee (id, org_id, employee_no, name, status, created_at, updated_at, created_by, updated_by, deleted, version) VALUES (?, 101, 'EMP_DEL_001', '删除员工', 'ACTIVE', NOW(), NOW(), 'test', 'test', 0, 1)]
	at org.springframework.jdbc.support.SQLExceptionSubclassTranslator.doTranslate(SQLExceptionSubclassTranslator.java:103)
	at org.springframework.jdbc.support.AbstractFallbackSQLExceptionTranslator.translate(AbstractFallbackSQLExceptionTranslator.java:107)
	at org.springframework.jdbc.core.JdbcTemplate.translateException(JdbcTemplate.java:1548)
	at org.springframework.jdbc.core.JdbcTemplate.execute(JdbcTemplate.java:677)
	at org.springframework.jdbc.core.JdbcTemplate.update(JdbcTemplate.java:970)
	at org.springframework.jdbc.core.JdbcTemplate.update(JdbcTemplate.java:1014)
	at org.springframework.jdbc.core.JdbcTemplate.update(JdbcTemplate.java:1024)
	at io.github.lystrosaurus.admin.integration.EmployeeCrudIntegrationTest.should_soft_delete_employee(EmployeeCrudIntegrationTest.java:125)
	at java.base/java.lang.reflect.Method.invoke(Method.java:580)
	at java.base/java.util.ArrayList.forEach(ArrayList.java:1596)
	at java.base/java.util.ArrayList.forEach(ArrayList.java:1596)
Caused by: java.sql.SQLSyntaxErrorException: Unknown column 'org_id' in 'field list'
	at com.mysql.cj.jdbc.exceptions.SQLError.createSQLException(SQLError.java:121)
	at com.mysql.cj.jdbc.exceptions.SQLExceptionsMapping.translateException(SQLExceptionsMapping.java:122)
	at com.mysql.cj.jdbc.ClientPreparedStatement.executeInternal(ClientPreparedStatement.java:912)
	at com.mysql.cj.jdbc.ClientPreparedStatement.executeUpdateInternal(ClientPreparedStatement.java:1054)
	at com.mysql.cj.jdbc.ClientPreparedStatement.executeUpdateInternal(ClientPreparedStatement.java:1003)
	at com.mysql.cj.jdbc.ClientPreparedStatement.executeLargeUpdate(ClientPreparedStatement.java:1312)
	at com.mysql.cj.jdbc.ClientPreparedStatement.executeUpdate(ClientPreparedStatement.java:988)
	at org.springframework.jdbc.core.JdbcTemplate.lambda$update$2(JdbcTemplate.java:975)
	at org.springframework.jdbc.core.JdbcTemplate.execute(JdbcTemplate.java:658)
	... 7 more

[ERROR] io.github.lystrosaurus.admin.integration.EmployeeCrudIntegrationTest.should_fail_when_duplicate_employee_no -- Time elapsed: 0.020 s <<< ERROR!
org.springframework.jdbc.BadSqlGrammarException: PreparedStatementCallback; bad SQL grammar [INSERT INTO hr_employee (id, org_id, employee_no, name, status, created_at, updated_at, created_by, updated_by, deleted, version) VALUES (?, 101, ?, '员工A', 'ACTIVE', NOW(), NOW(), 'test', 'test', 0, 1)]
	at org.springframework.jdbc.support.SQLExceptionSubclassTranslator.doTranslate(SQLExceptionSubclassTranslator.java:103)
	at org.springframework.jdbc.support.AbstractFallbackSQLExceptionTranslator.translate(AbstractFallbackSQLExceptionTranslator.java:107)
	at org.springframework.jdbc.core.JdbcTemplate.translateException(JdbcTemplate.java:1548)
	at org.springframework.jdbc.core.JdbcTemplate.execute(JdbcTemplate.java:677)
	at org.springframework.jdbc.core.JdbcTemplate.update(JdbcTemplate.java:970)
	at org.springframework.jdbc.core.JdbcTemplate.update(JdbcTemplate.java:1014)
	at org.springframework.jdbc.core.JdbcTemplate.update(JdbcTemplate.java:1024)
	at io.github.lystrosaurus.admin.integration.EmployeeCrudIntegrationTest.should_fail_when_duplicate_employee_no(EmployeeCrudIntegrationTest.java:66)
	at java.base/java.lang.reflect.Method.invoke(Method.java:580)
	at java.base/java.util.ArrayList.forEach(ArrayList.java:1596)
	at java.base/java.util.ArrayList.forEach(ArrayList.java:1596)
Caused by: java.sql.SQLSyntaxErrorException: Unknown column 'org_id' in 'field list'
	at com.mysql.cj.jdbc.exceptions.SQLError.createSQLException(SQLError.java:121)
	at com.mysql.cj.jdbc.exceptions.SQLExceptionsMapping.translateException(SQLExceptionsMapping.java:122)
	at com.mysql.cj.jdbc.ClientPreparedStatement.executeInternal(ClientPreparedStatement.java:912)
	at com.mysql.cj.jdbc.ClientPreparedStatement.executeUpdateInternal(ClientPreparedStatement.java:1054)
	at com.mysql.cj.jdbc.ClientPreparedStatement.executeUpdateInternal(ClientPreparedStatement.java:1003)
	at com.mysql.cj.jdbc.ClientPreparedStatement.executeLargeUpdate(ClientPreparedStatement.java:1312)
	at com.mysql.cj.jdbc.ClientPreparedStatement.executeUpdate(ClientPreparedStatement.java:988)
	at org.springframework.jdbc.core.JdbcTemplate.lambda$update$2(JdbcTemplate.java:975)
	at org.springframework.jdbc.core.JdbcTemplate.execute(JdbcTemplate.java:658)
	... 7 more

[ERROR] io.github.lystrosaurus.admin.integration.EmployeeCrudIntegrationTest.should_find_employee_by_id -- Time elapsed: 0.025 s <<< ERROR!
org.springframework.jdbc.BadSqlGrammarException: PreparedStatementCallback; bad SQL grammar [INSERT INTO hr_employee (id, org_id, employee_no, name, status, created_at, updated_at, created_by, updated_by, deleted, version) VALUES (?, 101, 'EMP_FIND_001', '查询员工', 'ACTIVE', NOW(), NOW(), 'test', 'test', 0, 1)]
	at org.springframework.jdbc.support.SQLExceptionSubclassTranslator.doTranslate(SQLExceptionSubclassTranslator.java:103)
	at org.springframework.jdbc.support.AbstractFallbackSQLExceptionTranslator.translate(AbstractFallbackSQLExceptionTranslator.java:107)
	at org.springframework.jdbc.core.JdbcTemplate.translateException(JdbcTemplate.java:1548)
	at org.springframework.jdbc.core.JdbcTemplate.execute(JdbcTemplate.java:677)
	at org.springframework.jdbc.core.JdbcTemplate.update(JdbcTemplate.java:970)
	at org.springframework.jdbc.core.JdbcTemplate.update(JdbcTemplate.java:1014)
	at org.springframework.jdbc.core.JdbcTemplate.update(JdbcTemplate.java:1024)
	at io.github.lystrosaurus.admin.integration.EmployeeCrudIntegrationTest.should_find_employee_by_id(EmployeeCrudIntegrationTest.java:86)
	at java.base/java.lang.reflect.Method.invoke(Method.java:580)
	at java.base/java.util.ArrayList.forEach(ArrayList.java:1596)
	at java.base/java.util.ArrayList.forEach(ArrayList.java:1596)
Caused by: java.sql.SQLSyntaxErrorException: Unknown column 'org_id' in 'field list'
	at com.mysql.cj.jdbc.exceptions.SQLError.createSQLException(SQLError.java:121)
	at com.mysql.cj.jdbc.exceptions.SQLExceptionsMapping.translateException(SQLExceptionsMapping.java:122)
	at com.mysql.cj.jdbc.ClientPreparedStatement.executeInternal(ClientPreparedStatement.java:912)
	at com.mysql.cj.jdbc.ClientPreparedStatement.executeUpdateInternal(ClientPreparedStatement.java:1054)
	at com.mysql.cj.jdbc.ClientPreparedStatement.executeUpdateInternal(ClientPreparedStatement.java:1003)
	at com.mysql.cj.jdbc.ClientPreparedStatement.executeLargeUpdate(ClientPreparedStatement.java:1312)
	at com.mysql.cj.jdbc.ClientPreparedStatement.executeUpdate(ClientPreparedStatement.java:988)
	at org.springframework.jdbc.core.JdbcTemplate.lambda$update$2(JdbcTemplate.java:975)
	at org.springframework.jdbc.core.JdbcTemplate.execute(JdbcTemplate.java:658)
	... 7 more

2026-05-23 19:02:45.593 [main] DEBUG i.g.l.admin.handler.AuditMetaObjectHandler - 自动填充插入字段
2026-05-23 19:02:45.606 [main] DEBUG i.g.l.a.system.user.mapper.SysUserMapper.insert - ==>  Preparing: INSERT INTO sys_user ( id, username, password_hash, nickname, status, created_at, updated_at, created_by, updated_by, version ) VALUES ( ?, ?, ?, ?, ?, ?, ?, ?, ?, ? )
2026-05-23 19:02:45.609 [main] DEBUG i.g.l.a.system.user.mapper.SysUserMapper.insert - ==> Parameters: 2058141579343491074(Long), login_test_user(String), $2a$10$cNr8cDwWjA5.Cr2RYXI.KeYQy3bX.6UruBjyNyh/eHh6Sh2eWF.5m(String), 登录测试用户(String), ENABLED(String), 2026-05-23T19:02:45.593755100(LocalDateTime), 2026-05-23T19:02:45.593755100(LocalDateTime), system(String), system(String), 1(Integer)
2026-05-23 19:02:45.625 [main] DEBUG i.g.l.a.system.user.mapper.SysUserMapper.insert - <==    Updates: 1
2026-05-23 19:02:45.716 [main] DEBUG i.g.l.admin.handler.AuditMetaObjectHandler - 自动填充插入字段
2026-05-23 19:02:45.716 [main] DEBUG i.g.l.a.system.user.mapper.SysUserMapper.insert - ==>  Preparing: INSERT INTO sys_user ( id, username, password_hash, nickname, status, created_at, updated_at, created_by, updated_by, version ) VALUES ( ?, ?, ?, ?, ?, ?, ?, ?, ?, ? )
2026-05-23 19:02:45.716 [main] DEBUG i.g.l.a.system.user.mapper.SysUserMapper.insert - ==> Parameters: 2058141579825836033(Long), login_test_user(String), $2a$10$mn7K3C.DXJluY0Md.gAF3.p5vedee5s3tDHrrOpRWNbGO.D8dq9o2(String), 登录测试用户(String), ENABLED(String), 2026-05-23T19:02:45.716171(LocalDateTime), 2026-05-23T19:02:45.716171(LocalDateTime), system(String), system(String), 1(Integer)
2026-05-23 19:02:45.719 [main] DEBUG i.g.l.a.system.user.mapper.SysUserMapper.insert - <==    Updates: 1
2026-05-23 19:02:45.728 [main] DEBUG i.g.l.a.s.user.mapper.SysUserMapper.selectList - ==>  Preparing: SELECT id,username,password_hash,nickname,avatar_file_id,phone,email,employee_id,status,token_version,last_login_at,last_login_ip,created_at,updated_at,created_by,updated_by,deleted,version FROM sys_user WHERE deleted=0 AND (username = ?)
2026-05-23 19:02:45.728 [main] DEBUG i.g.l.a.s.user.mapper.SysUserMapper.selectList - ==> Parameters: login_test_user(String)
2026-05-23 19:02:45.730 [main] DEBUG i.g.l.a.s.user.mapper.SysUserMapper.selectList - <==      Total: 1
2026-05-23 19:02:45.808 [main] DEBUG i.g.l.admin.handler.AuditMetaObjectHandler - 自动填充更新字段
2026-05-23 19:02:45.808 [main] DEBUG i.g.l.a.s.user.mapper.SysUserMapper.updateById - ==>  Preparing: UPDATE sys_user SET username=?, password_hash=?, nickname=?, status=?, token_version=?, last_login_at=?, last_login_ip=?, created_at=?, updated_at=?, created_by=?, updated_by=?, version=? WHERE id=? AND deleted=0
2026-05-23 19:02:45.808 [main] DEBUG i.g.l.a.s.user.mapper.SysUserMapper.updateById - ==> Parameters: login_test_user(String), $2a$10$mn7K3C.DXJluY0Md.gAF3.p5vedee5s3tDHrrOpRWNbGO.D8dq9o2(String), 登录测试用户(String), ENABLED(String), 1(Integer), 2026-05-23T19:02:45.804428800(LocalDateTime), 127.0.0.1(String), 2026-05-23T19:02:46(LocalDateTime), 2026-05-23T19:02:46(LocalDateTime), system(String), system(String), 1(Integer), 2058141579825836033(Long)
2026-05-23 19:02:45.813 [main] DEBUG i.g.l.a.s.user.mapper.SysUserMapper.updateById - <==    Updates: 1
2026-05-23 19:02:45.906 [main] DEBUG i.g.l.admin.handler.AuditMetaObjectHandler - 自动填充插入字段
2026-05-23 19:02:45.907 [main] DEBUG i.g.l.a.system.user.mapper.SysUserMapper.insert - ==>  Preparing: INSERT INTO sys_user ( id, username, password_hash, nickname, status, created_at, updated_at, created_by, updated_by, version ) VALUES ( ?, ?, ?, ?, ?, ?, ?, ?, ?, ? )
2026-05-23 19:02:45.907 [main] DEBUG i.g.l.a.system.user.mapper.SysUserMapper.insert - ==> Parameters: 2058141580593393666(Long), login_test_user(String), $2a$10$wPsTRDdxWBd2ukl.5qDt9ed9wLkU6FvUBo9Df1dxGQMMNaB8KPZZK(String), 登录测试用户(String), ENABLED(String), 2026-05-23T19:02:45.906092300(LocalDateTime), 2026-05-23T19:02:45.906092300(LocalDateTime), system(String), system(String), 1(Integer)
2026-05-23 19:02:45.910 [main] DEBUG i.g.l.a.system.user.mapper.SysUserMapper.insert - <==    Updates: 1
2026-05-23 19:02:45.913 [main] DEBUG i.g.l.a.s.user.mapper.SysUserMapper.selectList - ==>  Preparing: SELECT id,username,password_hash,nickname,avatar_file_id,phone,email,employee_id,status,token_version,last_login_at,last_login_ip,created_at,updated_at,created_by,updated_by,deleted,version FROM sys_user WHERE deleted=0 AND (username = ?)
2026-05-23 19:02:45.913 [main] DEBUG i.g.l.a.s.user.mapper.SysUserMapper.selectList - ==> Parameters: login_test_user(String)
2026-05-23 19:02:45.915 [main] DEBUG i.g.l.a.s.user.mapper.SysUserMapper.selectList - <==      Total: 1
2026-05-23 19:02:46.075 [main] DEBUG i.g.l.admin.handler.AuditMetaObjectHandler - 自动填充插入字段
2026-05-23 19:02:46.075 [main] DEBUG i.g.l.a.system.user.mapper.SysUserMapper.insert - ==>  Preparing: INSERT INTO sys_user ( id, username, password_hash, nickname, status, created_at, updated_at, created_by, updated_by, version ) VALUES ( ?, ?, ?, ?, ?, ?, ?, ?, ?, ? )
2026-05-23 19:02:46.075 [main] DEBUG i.g.l.a.system.user.mapper.SysUserMapper.insert - ==> Parameters: 2058141581365145602(Long), login_test_user(String), $2a$10$w4092Zzs.mzDXGfG.qvWkeolRut48j8m2j4bU26XYcudzsrU9z/bK(String), 登录测试用户(String), ENABLED(String), 2026-05-23T19:02:46.075463600(LocalDateTime), 2026-05-23T19:02:46.075463600(LocalDateTime), system(String), system(String), 1(Integer)
2026-05-23 19:02:46.078 [main] DEBUG i.g.l.a.system.user.mapper.SysUserMapper.insert - <==    Updates: 1
2026-05-23 19:02:46.080 [main] DEBUG i.g.l.admin.handler.AuditMetaObjectHandler - 自动填充更新字段
2026-05-23 19:02:46.080 [main] DEBUG i.g.l.a.s.user.mapper.SysUserMapper.updateById - ==>  Preparing: UPDATE sys_user SET username=?, password_hash=?, nickname=?, status=?, created_at=?, updated_at=?, created_by=?, updated_by=?, version=? WHERE id=? AND deleted=0
2026-05-23 19:02:46.080 [main] DEBUG i.g.l.a.s.user.mapper.SysUserMapper.updateById - ==> Parameters: login_test_user(String), $2a$10$w4092Zzs.mzDXGfG.qvWkeolRut48j8m2j4bU26XYcudzsrU9z/bK(String), 登录测试用户(String), LOCKED(String), 2026-05-23T19:02:46.075463600(LocalDateTime), 2026-05-23T19:02:46.075463600(LocalDateTime), system(String), system(String), 1(Integer), 2058141581365145602(Long)
2026-05-23 19:02:46.084 [main] DEBUG i.g.l.a.s.user.mapper.SysUserMapper.updateById - <==    Updates: 1
2026-05-23 19:02:46.085 [main] DEBUG i.g.l.a.s.user.mapper.SysUserMapper.selectList - ==>  Preparing: SELECT id,username,password_hash,nickname,avatar_file_id,phone,email,employee_id,status,token_version,last_login_at,last_login_ip,created_at,updated_at,created_by,updated_by,deleted,version FROM sys_user WHERE deleted=0 AND (username = ?)
2026-05-23 19:02:46.086 [main] DEBUG i.g.l.a.s.user.mapper.SysUserMapper.selectList - ==> Parameters: login_test_user(String)
2026-05-23 19:02:46.087 [main] DEBUG i.g.l.a.s.user.mapper.SysUserMapper.selectList - <==      Total: 1
2026-05-23 19:02:46.180 [main] DEBUG i.g.l.admin.handler.AuditMetaObjectHandler - 自动填充插入字段
2026-05-23 19:02:46.180 [main] DEBUG i.g.l.a.system.user.mapper.SysUserMapper.insert - ==>  Preparing: INSERT INTO sys_user ( id, username, password_hash, nickname, status, created_at, updated_at, created_by, updated_by, version ) VALUES ( ?, ?, ?, ?, ?, ?, ?, ?, ?, ? )
2026-05-23 19:02:46.180 [main] DEBUG i.g.l.a.system.user.mapper.SysUserMapper.insert - ==> Parameters: 2058141581784576002(Long), login_test_user(String), $2a$10$m8D3ULxbBoQJO04kWy4LY.D1UFMQ90MaHizl0KfewmZW6bYqQnrVm(String), 登录测试用户(String), ENABLED(String), 2026-05-23T19:02:46.180187300(LocalDateTime), 2026-05-23T19:02:46.180187300(LocalDateTime), system(String), system(String), 1(Integer)
2026-05-23 19:02:46.183 [main] DEBUG i.g.l.a.system.user.mapper.SysUserMapper.insert - <==    Updates: 1
2026-05-23 19:02:46.185 [main] DEBUG i.g.l.a.s.user.mapper.SysUserMapper.selectList - ==>  Preparing: SELECT id,username,password_hash,nickname,avatar_file_id,phone,email,employee_id,status,token_version,last_login_at,last_login_ip,created_at,updated_at,created_by,updated_by,deleted,version FROM sys_user WHERE deleted=0 AND (username = ?)
2026-05-23 19:02:46.185 [main] DEBUG i.g.l.a.s.user.mapper.SysUserMapper.selectList - ==> Parameters: nonexistent_user(String)
2026-05-23 19:02:46.187 [main] DEBUG i.g.l.a.s.user.mapper.SysUserMapper.selectList - <==      Total: 0
2026-05-23 19:02:46.287 [main] DEBUG i.g.l.admin.handler.AuditMetaObjectHandler - 自动填充插入字段
2026-05-23 19:02:46.287 [main] DEBUG i.g.l.a.system.user.mapper.SysUserMapper.insert - ==>  Preparing: INSERT INTO sys_user ( id, username, password_hash, nickname, status, created_at, updated_at, created_by, updated_by, version ) VALUES ( ?, ?, ?, ?, ?, ?, ?, ?, ?, ? )
2026-05-23 19:02:46.287 [main] DEBUG i.g.l.a.system.user.mapper.SysUserMapper.insert - ==> Parameters: 2058141582199812098(Long), login_test_user(String), $2a$10$BJ/5CzSt/lK7aObTE8ftju1FEfBpo.uF8mvUFbvmLIP8v63GYnkzS(String), 登录测试用户(String), ENABLED(String), 2026-05-23T19:02:46.287957700(LocalDateTime), 2026-05-23T19:02:46.287957700(LocalDateTime), system(String), system(String), 1(Integer)
2026-05-23 19:02:46.294 [main] DEBUG i.g.l.a.system.user.mapper.SysUserMapper.insert - <==    Updates: 1
2026-05-23 19:02:46.295 [main] DEBUG i.g.l.admin.handler.AuditMetaObjectHandler - 自动填充更新字段
2026-05-23 19:02:46.295 [main] DEBUG i.g.l.a.s.user.mapper.SysUserMapper.updateById - ==>  Preparing: UPDATE sys_user SET username=?, password_hash=?, nickname=?, status=?, created_at=?, updated_at=?, created_by=?, updated_by=?, version=? WHERE id=? AND deleted=0
2026-05-23 19:02:46.296 [main] DEBUG i.g.l.a.s.user.mapper.SysUserMapper.updateById - ==> Parameters: login_test_user(String), $2a$10$BJ/5CzSt/lK7aObTE8ftju1FEfBpo.uF8mvUFbvmLIP8v63GYnkzS(String), 登录测试用户(String), DISABLED(String), 2026-05-23T19:02:46.287957700(LocalDateTime), 2026-05-23T19:02:46.287957700(LocalDateTime), system(String), system(String), 1(Integer), 2058141582199812098(Long)
2026-05-23 19:02:46.299 [main] DEBUG i.g.l.a.s.user.mapper.SysUserMapper.updateById - <==    Updates: 1
2026-05-23 19:02:46.300 [main] DEBUG i.g.l.a.s.user.mapper.SysUserMapper.selectList - ==>  Preparing: SELECT id,username,password_hash,nickname,avatar_file_id,phone,email,employee_id,status,token_version,last_login_at,last_login_ip,created_at,updated_at,created_by,updated_by,deleted,version FROM sys_user WHERE deleted=0 AND (username = ?)
2026-05-23 19:02:46.300 [main] DEBUG i.g.l.a.s.user.mapper.SysUserMapper.selectList - ==> Parameters: login_test_user(String)
2026-05-23 19:02:46.302 [main] DEBUG i.g.l.a.s.user.mapper.SysUserMapper.selectList - <==      Total: 1
2026-05-23 19:02:46.398 [main] DEBUG i.g.l.admin.handler.AuditMetaObjectHandler - 自动填充插入字段
2026-05-23 19:02:46.398 [main] DEBUG i.g.l.a.system.user.mapper.SysUserMapper.insert - ==>  Preparing: INSERT INTO sys_user ( id, username, password_hash, nickname, status, created_at, updated_at, created_by, updated_by, version ) VALUES ( ?, ?, ?, ?, ?, ?, ?, ?, ?, ? )
2026-05-23 19:02:46.398 [main] DEBUG i.g.l.a.system.user.mapper.SysUserMapper.insert - ==> Parameters: 2058141582686351361(Long), login_test_user(String), $2a$10$TcY3HiIfgw7xFNIUnFQWhebjrTRFvKH6Joa7Y5Qj1R/jNWhy4PM3e(String), 登录测试用户(String), ENABLED(String), 2026-05-23T19:02:46.398206800(LocalDateTime), 2026-05-23T19:02:46.398206800(LocalDateTime), system(String), system(String), 1(Integer)
2026-05-23 19:02:46.402 [main] DEBUG i.g.l.a.system.user.mapper.SysUserMapper.insert - <==    Updates: 1
2026-05-23 19:02:46.403 [main] DEBUG i.g.l.a.s.user.mapper.SysUserMapper.selectList - ==>  Preparing: SELECT id,username,password_hash,nickname,avatar_file_id,phone,email,employee_id,status,token_version,last_login_at,last_login_ip,created_at,updated_at,created_by,updated_by,deleted,version FROM sys_user WHERE deleted=0 AND (username = ?)
2026-05-23 19:02:46.403 [main] DEBUG i.g.l.a.s.user.mapper.SysUserMapper.selectList - ==> Parameters: login_test_user(String)
2026-05-23 19:02:46.406 [main] DEBUG i.g.l.a.s.user.mapper.SysUserMapper.selectList - <==      Total: 1
2026-05-23 19:02:46.487 [main] DEBUG i.g.l.admin.handler.AuditMetaObjectHandler - 自动填充更新字段
2026-05-23 19:02:46.487 [main] DEBUG i.g.l.a.s.user.mapper.SysUserMapper.updateById - ==>  Preparing: UPDATE sys_user SET username=?, password_hash=?, nickname=?, status=?, token_version=?, last_login_at=?, last_login_ip=?, created_at=?, updated_at=?, created_by=?, updated_by=?, version=? WHERE id=? AND deleted=0
2026-05-23 19:02:46.488 [main] DEBUG i.g.l.a.s.user.mapper.SysUserMapper.updateById - ==> Parameters: login_test_user(String), $2a$10$TcY3HiIfgw7xFNIUnFQWhebjrTRFvKH6Joa7Y5Qj1R/jNWhy4PM3e(String), 登录测试用户(String), ENABLED(String), 1(Integer), 2026-05-23T19:02:46.486986100(LocalDateTime), 127.0.0.1(String), 2026-05-23T19:02:46(LocalDateTime), 2026-05-23T19:02:46(LocalDateTime), system(String), system(String), 1(Integer), 2058141582686351361(Long)
2026-05-23 19:02:46.490 [main] DEBUG i.g.l.a.s.user.mapper.SysUserMapper.updateById - <==    Updates: 1
2026-05-23 19:02:46.491 [main] DEBUG i.g.l.a.s.user.mapper.SysUserMapper.selectList - ==>  Preparing: SELECT id,username,password_hash,nickname,avatar_file_id,phone,email,employee_id,status,token_version,last_login_at,last_login_ip,created_at,updated_at,created_by,updated_by,deleted,version FROM sys_user WHERE deleted=0 AND (username = ?)
2026-05-23 19:02:46.491 [main] DEBUG i.g.l.a.s.user.mapper.SysUserMapper.selectList - ==> Parameters: login_test_user(String)
2026-05-23 19:02:46.494 [main] DEBUG i.g.l.a.s.user.mapper.SysUserMapper.selectList - <==      Total: 1
2026-05-23 19:02:46.587 [main] DEBUG i.g.l.admin.handler.AuditMetaObjectHandler - 自动填充插入字段
2026-05-23 19:02:46.587 [main] DEBUG i.g.l.a.system.user.mapper.SysUserMapper.insert - ==>  Preparing: INSERT INTO sys_user ( id, username, password_hash, nickname, status, created_at, updated_at, created_by, updated_by, version ) VALUES ( ?, ?, ?, ?, ?, ?, ?, ?, ?, ? )
2026-05-23 19:02:46.587 [main] DEBUG i.g.l.a.system.user.mapper.SysUserMapper.insert - ==> Parameters: 2058141583458103298(Long), login_test_user(String), $2a$10$Vs9.LT.y5SycRNz5CsyNlO32y7g9SGCubI1XDH77kOz/.CTPu/qUG(String), 登录测试用户(String), ENABLED(String), 2026-05-23T19:02:46.587051100(LocalDateTime), 2026-05-23T19:02:46.587051100(LocalDateTime), system(String), system(String), 1(Integer)
2026-05-23 19:02:46.593 [main] DEBUG i.g.l.a.system.user.mapper.SysUserMapper.insert - <==    Updates: 1
2026-05-23 19:02:46.595 [main] DEBUG i.g.l.a.s.user.mapper.SysUserMapper.selectList - ==>  Preparing: SELECT id,username,password_hash,nickname,avatar_file_id,phone,email,employee_id,status,token_version,last_login_at,last_login_ip,created_at,updated_at,created_by,updated_by,deleted,version FROM sys_user WHERE deleted=0 AND (username = ?)
2026-05-23 19:02:46.595 [main] DEBUG i.g.l.a.s.user.mapper.SysUserMapper.selectList - ==> Parameters: login_test_user(String)
2026-05-23 19:02:46.598 [main] DEBUG i.g.l.a.s.user.mapper.SysUserMapper.selectList - <==      Total: 1
2026-05-23 19:02:46.843 [main] DEBUG i.g.l.admin.handler.AuditMetaObjectHandler - 自动填充插入字段
2026-05-23 19:02:46.843 [main] DEBUG i.g.l.a.system.user.mapper.SysUserMapper.insert - ==>  Preparing: INSERT INTO sys_user ( id, username, password_hash, nickname, status, created_at, updated_at, created_by, updated_by, version ) VALUES ( ?, ?, ?, ?, ?, ?, ?, ?, ?, ? )
2026-05-23 19:02:46.843 [main] DEBUG i.g.l.a.system.user.mapper.SysUserMapper.insert - ==> Parameters: 2058141584586371073(Long), login_test_user(String), $2a$10$EA38Q0Zn2WPZ1U/2bXPdDeKkftGwjcDej4cURhKy2nWFGutjQUwBW(String), 登录测试用户(String), ENABLED(String), 2026-05-23T19:02:46.843882400(LocalDateTime), 2026-05-23T19:02:46.843882400(LocalDateTime), system(String), system(String), 1(Integer)
2026-05-23 19:02:46.848 [main] DEBUG i.g.l.a.system.user.mapper.SysUserMapper.insert - <==    Updates: 1
2026-05-23 19:02:46.850 [main] DEBUG i.g.l.a.s.user.mapper.SysUserMapper.selectList - ==>  Preparing: SELECT id,username,password_hash,nickname,avatar_file_id,phone,email,employee_id,status,token_version,last_login_at,last_login_ip,created_at,updated_at,created_by,updated_by,deleted,version FROM sys_user WHERE deleted=0 AND (username = ?)
2026-05-23 19:02:46.850 [main] DEBUG i.g.l.a.s.user.mapper.SysUserMapper.selectList - ==> Parameters: login_test_user(String)
2026-05-23 19:02:46.853 [main] DEBUG i.g.l.a.s.user.mapper.SysUserMapper.selectList - <==      Total: 1
2026-05-23 19:02:46.930 [main] DEBUG i.g.l.admin.handler.AuditMetaObjectHandler - 自动填充更新字段
2026-05-23 19:02:46.930 [main] DEBUG i.g.l.a.s.user.mapper.SysUserMapper.updateById - ==>  Preparing: UPDATE sys_user SET username=?, password_hash=?, nickname=?, status=?, token_version=?, last_login_at=?, last_login_ip=?, created_at=?, updated_at=?, created_by=?, updated_by=?, version=? WHERE id=? AND deleted=0
2026-05-23 19:02:46.930 [main] DEBUG i.g.l.a.s.user.mapper.SysUserMapper.updateById - ==> Parameters: login_test_user(String), $2a$10$EA38Q0Zn2WPZ1U/2bXPdDeKkftGwjcDej4cURhKy2nWFGutjQUwBW(String), 登录测试用户(String), ENABLED(String), 1(Integer), 2026-05-23T19:02:46.928773800(LocalDateTime), 127.0.0.1(String), 2026-05-23T19:02:47(LocalDateTime), 2026-05-23T19:02:47(LocalDateTime), system(String), system(String), 1(Integer), 2058141584586371073(Long)
2026-05-23 19:02:46.933 [main] DEBUG i.g.l.a.s.user.mapper.SysUserMapper.updateById - <==    Updates: 1
2026-05-23 19:02:47.145 [main] DEBUG i.g.l.a.s.user.mapper.SysUserMapper.selectCount - ==>  Preparing: SELECT COUNT( * ) AS total FROM sys_user WHERE deleted=0 AND (username = ?)
2026-05-23 19:02:47.145 [main] DEBUG i.g.l.a.s.user.mapper.SysUserMapper.selectCount - ==> Parameters: bcrypt_user(String)
2026-05-23 19:02:47.148 [main] DEBUG i.g.l.a.s.user.mapper.SysUserMapper.selectCount - <==      Total: 1
2026-05-23 19:02:47.220 [main] DEBUG i.g.l.admin.handler.AuditMetaObjectHandler - 自动填充插入字段
2026-05-23 19:02:47.220 [main] DEBUG i.g.l.a.system.user.mapper.SysUserMapper.insert - ==>  Preparing: INSERT INTO sys_user ( id, username, password_hash, created_at, updated_at, created_by, updated_by, version ) VALUES ( ?, ?, ?, ?, ?, ?, ?, ? )
2026-05-23 19:02:47.222 [main] DEBUG i.g.l.a.system.user.mapper.SysUserMapper.insert - ==> Parameters: 2058141586117292033(Long), bcrypt_user(String), $2a$10$4IaToD8se4bPOOOveZJPneRh20RZWy6vc.qWeobH9jbS8NwnP0f9.(String), 2026-05-23T19:02:47.220924800(LocalDateTime), 2026-05-23T19:02:47.220924800(LocalDateTime), system(String), system(String), 1(Integer)
2026-05-23 19:02:47.226 [main] DEBUG i.g.l.a.system.user.mapper.SysUserMapper.insert - <==    Updates: 1
2026-05-23 19:02:47.322 [main] DEBUG i.g.l.a.s.user.mapper.SysUserMapper.selectCount - ==>  Preparing: SELECT COUNT( * ) AS total FROM sys_user WHERE deleted=0 AND (username = ?)
2026-05-23 19:02:47.323 [main] DEBUG i.g.l.a.s.user.mapper.SysUserMapper.selectCount - ==> Parameters: crud_test_user(String)
2026-05-23 19:02:47.324 [main] DEBUG i.g.l.a.s.user.mapper.SysUserMapper.selectCount - <==      Total: 1
2026-05-23 19:02:47.398 [main] DEBUG i.g.l.admin.handler.AuditMetaObjectHandler - 自动填充插入字段
2026-05-23 19:02:47.398 [main] DEBUG i.g.l.a.system.user.mapper.SysUserMapper.insert - ==>  Preparing: INSERT INTO sys_user ( id, username, password_hash, nickname, created_at, updated_at, created_by, updated_by, version ) VALUES ( ?, ?, ?, ?, ?, ?, ?, ?, ? )
2026-05-23 19:02:47.400 [main] DEBUG i.g.l.a.system.user.mapper.SysUserMapper.insert - ==> Parameters: 2058141586884849665(Long), crud_test_user(String), $2a$10$yxavRNwGMvo3LIawosX1ducAkhUvGIFmrFNIS91AKfucGdrTyBqrq(String), CRUD测试(String), 2026-05-23T19:02:47.398703700(LocalDateTime), 2026-05-23T19:02:47.398703700(LocalDateTime), system(String), system(String), 1(Integer)
2026-05-23 19:02:47.404 [main] DEBUG i.g.l.a.system.user.mapper.SysUserMapper.insert - <==    Updates: 1
2026-05-23 19:02:47.427 [main] DEBUG i.g.l.a.s.user.mapper.SysUserMapper.selectCount - ==>  Preparing: SELECT COUNT( * ) AS total FROM sys_user WHERE deleted=0 AND (username = ?)
2026-05-23 19:02:47.428 [main] DEBUG i.g.l.a.s.user.mapper.SysUserMapper.selectCount - ==> Parameters: page_user_1(String)
2026-05-23 19:02:47.429 [main] DEBUG i.g.l.a.s.user.mapper.SysUserMapper.selectCount - <==      Total: 1
2026-05-23 19:02:47.508 [main] DEBUG i.g.l.admin.handler.AuditMetaObjectHandler - 自动填充插入字段
2026-05-23 19:02:47.508 [main] DEBUG i.g.l.a.system.user.mapper.SysUserMapper.insert - ==>  Preparing: INSERT INTO sys_user ( id, username, password_hash, nickname, created_at, updated_at, created_by, updated_by, version ) VALUES ( ?, ?, ?, ?, ?, ?, ?, ?, ? )
2026-05-23 19:02:47.508 [main] DEBUG i.g.l.a.system.user.mapper.SysUserMapper.insert - ==> Parameters: 2058141587371388930(Long), page_user_1(String), $2a$10$ziz3rjG8fDs8eyEUky85NehwoIkxF3.4LbnSuVp.h.lj89YEnXQvO(String), 分页测试1(String), 2026-05-23T19:02:47.508860100(LocalDateTime), 2026-05-23T19:02:47.508860100(LocalDateTime), system(String), system(String), 1(Integer)
2026-05-23 19:02:47.511 [main] DEBUG i.g.l.a.system.user.mapper.SysUserMapper.insert - <==    Updates: 1
2026-05-23 19:02:47.512 [main] DEBUG i.g.l.a.s.user.mapper.SysUserMapper.selectCount - ==>  Preparing: SELECT COUNT( * ) AS total FROM sys_user WHERE deleted=0 AND (username = ?)
2026-05-23 19:02:47.512 [main] DEBUG i.g.l.a.s.user.mapper.SysUserMapper.selectCount - ==> Parameters: page_user_2(String)
2026-05-23 19:02:47.514 [main] DEBUG i.g.l.a.s.user.mapper.SysUserMapper.selectCount - <==      Total: 1
2026-05-23 19:02:47.590 [main] DEBUG i.g.l.admin.handler.AuditMetaObjectHandler - 自动填充插入字段
2026-05-23 19:02:47.591 [main] DEBUG i.g.l.a.system.user.mapper.SysUserMapper.insert - ==>  Preparing: INSERT INTO sys_user ( id, username, password_hash, nickname, created_at, updated_at, created_by, updated_by, version ) VALUES ( ?, ?, ?, ?, ?, ?, ?, ?, ? )
2026-05-23 19:02:47.591 [main] DEBUG i.g.l.a.system.user.mapper.SysUserMapper.insert - ==> Parameters: 2058141587656601601(Long), page_user_2(String), $2a$10$gHwU05henPYBiZK.bSdIH.Nf8nQfmwmw9eBgW8TAEy4eF0.784tim(String), 分页测试2(String), 2026-05-23T19:02:47.590302200(LocalDateTime), 2026-05-23T19:02:47.590302200(LocalDateTime), system(String), system(String), 1(Integer)
2026-05-23 19:02:47.595 [main] DEBUG i.g.l.a.system.user.mapper.SysUserMapper.insert - <==    Updates: 1
2026-05-23 19:02:47.596 [main] DEBUG i.g.l.a.s.user.mapper.SysUserMapper.selectCount - ==>  Preparing: SELECT COUNT( * ) AS total FROM sys_user WHERE deleted=0 AND (username = ?)
2026-05-23 19:02:47.597 [main] DEBUG i.g.l.a.s.user.mapper.SysUserMapper.selectCount - ==> Parameters: page_user_3(String)
2026-05-23 19:02:47.598 [main] DEBUG i.g.l.a.s.user.mapper.SysUserMapper.selectCount - <==      Total: 1
2026-05-23 19:02:47.675 [main] DEBUG i.g.l.admin.handler.AuditMetaObjectHandler - 自动填充插入字段
2026-05-23 19:02:47.675 [main] DEBUG i.g.l.a.system.user.mapper.SysUserMapper.insert - ==>  Preparing: INSERT INTO sys_user ( id, username, password_hash, nickname, created_at, updated_at, created_by, updated_by, version ) VALUES ( ?, ?, ?, ?, ?, ?, ?, ?, ? )
2026-05-23 19:02:47.675 [main] DEBUG i.g.l.a.system.user.mapper.SysUserMapper.insert - ==> Parameters: 2058141588071837697(Long), page_user_3(String), $2a$10$cCZpJ3rifGam7SaMaTBn3u1IHPn2iFtZORrw2QDSWmMRcxwAQ5GRO(String), 分页测试3(String), 2026-05-23T19:02:47.675480500(LocalDateTime), 2026-05-23T19:02:47.675480500(LocalDateTime), system(String), system(String), 1(Integer)
2026-05-23 19:02:47.679 [main] DEBUG i.g.l.a.system.user.mapper.SysUserMapper.insert - <==    Updates: 1
2026-05-23 19:02:47.679 [main] DEBUG i.g.l.a.s.user.mapper.SysUserMapper.selectCount - ==>  Preparing: SELECT COUNT( * ) AS total FROM sys_user WHERE deleted=0 AND (username = ?)
2026-05-23 19:02:47.680 [main] DEBUG i.g.l.a.s.user.mapper.SysUserMapper.selectCount - ==> Parameters: page_user_4(String)
2026-05-23 19:02:47.681 [main] DEBUG i.g.l.a.s.user.mapper.SysUserMapper.selectCount - <==      Total: 1
2026-05-23 19:02:47.751 [main] DEBUG i.g.l.admin.handler.AuditMetaObjectHandler - 自动填充插入字段
2026-05-23 19:02:47.751 [main] DEBUG i.g.l.a.system.user.mapper.SysUserMapper.insert - ==>  Preparing: INSERT INTO sys_user ( id, username, password_hash, nickname, created_at, updated_at, created_by, updated_by, version ) VALUES ( ?, ?, ?, ?, ?, ?, ?, ?, ? )
2026-05-23 19:02:47.751 [main] DEBUG i.g.l.a.system.user.mapper.SysUserMapper.insert - ==> Parameters: 2058141588352856065(Long), page_user_4(String), $2a$10$Eym53dUy93i0uhNMOAj4GudjKHNTaKu9dAHs6LYk//7juHX3ScBGq(String), 分页测试4(String), 2026-05-23T19:02:47.751559500(LocalDateTime), 2026-05-23T19:02:47.751559500(LocalDateTime), system(String), system(String), 1(Integer)
2026-05-23 19:02:47.755 [main] DEBUG i.g.l.a.system.user.mapper.SysUserMapper.insert - <==    Updates: 1
2026-05-23 19:02:47.756 [main] DEBUG i.g.l.a.s.user.mapper.SysUserMapper.selectCount - ==>  Preparing: SELECT COUNT( * ) AS total FROM sys_user WHERE deleted=0 AND (username = ?)
2026-05-23 19:02:47.757 [main] DEBUG i.g.l.a.s.user.mapper.SysUserMapper.selectCount - ==> Parameters: page_user_5(String)
2026-05-23 19:02:47.758 [main] DEBUG i.g.l.a.s.user.mapper.SysUserMapper.selectCount - <==      Total: 1
2026-05-23 19:02:47.830 [main] DEBUG i.g.l.admin.handler.AuditMetaObjectHandler - 自动填充插入字段
2026-05-23 19:02:47.830 [main] DEBUG i.g.l.a.system.user.mapper.SysUserMapper.insert - ==>  Preparing: INSERT INTO sys_user ( id, username, password_hash, nickname, created_at, updated_at, created_by, updated_by, version ) VALUES ( ?, ?, ?, ?, ?, ?, ?, ?, ? )
2026-05-23 19:02:47.830 [main] DEBUG i.g.l.a.system.user.mapper.SysUserMapper.insert - ==> Parameters: 2058141588709371906(Long), page_user_5(String), $2a$10$R6CNxQwvic5tq.S72ICQQe6yCjtpIgI1.oyIiYELXPqRCZ9ArKRcK(String), 分页测试5(String), 2026-05-23T19:02:47.830450100(LocalDateTime), 2026-05-23T19:02:47.830450100(LocalDateTime), system(String), system(String), 1(Integer)
2026-05-23 19:02:47.833 [main] DEBUG i.g.l.a.system.user.mapper.SysUserMapper.insert - <==    Updates: 1
2026-05-23 19:02:47.972 [main] DEBUG i.g.l.a.s.u.m.SysUserMapper.selectList_mpCount - ==>  Preparing: SELECT COUNT(*) AS total FROM sys_user WHERE deleted = 0 AND (username LIKE ?)
2026-05-23 19:02:47.972 [main] DEBUG i.g.l.a.s.u.m.SysUserMapper.selectList_mpCount - ==> Parameters: %page_user_%(String)
2026-05-23 19:02:47.976 [main] DEBUG i.g.l.a.s.u.m.SysUserMapper.selectList_mpCount - <==      Total: 1
2026-05-23 19:02:47.980 [main] DEBUG i.g.l.a.s.user.mapper.SysUserMapper.selectList - ==>  Preparing: SELECT id,username,password_hash,nickname,avatar_file_id,phone,email,employee_id,status,token_version,last_login_at,last_login_ip,created_at,updated_at,created_by,updated_by,deleted,version FROM sys_user WHERE deleted=0 AND (username LIKE ?) ORDER BY created_at DESC LIMIT ?
2026-05-23 19:02:47.980 [main] DEBUG i.g.l.a.s.user.mapper.SysUserMapper.selectList - ==> Parameters: %page_user_%(String), 3(Long)
2026-05-23 19:02:47.983 [main] DEBUG i.g.l.a.s.user.mapper.SysUserMapper.selectList - <==      Total: 3
2026-05-23 19:02:47.984 [main] DEBUG i.g.l.a.s.user.mapper.SysUserMapper.selectCount - ==>  Preparing: SELECT COUNT( * ) AS total FROM sys_user WHERE deleted=0 AND (username LIKE ?) ORDER BY created_at DESC
2026-05-23 19:02:47.984 [main] DEBUG i.g.l.a.s.user.mapper.SysUserMapper.selectCount - ==> Parameters: %page_user_%(String)
2026-05-23 19:02:47.985 [main] DEBUG i.g.l.a.s.user.mapper.SysUserMapper.selectCount - <==      Total: 1
2026-05-23 19:02:47.996 [main] DEBUG i.g.l.a.s.user.mapper.SysUserMapper.selectList - ==>  Preparing: SELECT id,username,password_hash,nickname,avatar_file_id,phone,email,employee_id,status,token_version,last_login_at,last_login_ip,created_at,updated_at,created_by,updated_by,deleted,version FROM sys_user WHERE deleted=0 AND (username LIKE ?) ORDER BY created_at DESC LIMIT ?,?
2026-05-23 19:02:47.996 [main] DEBUG i.g.l.a.s.user.mapper.SysUserMapper.selectList - ==> Parameters: %page_user_%(String), 3(Long), 3(Long)
2026-05-23 19:02:47.999 [main] DEBUG i.g.l.a.s.user.mapper.SysUserMapper.selectList - <==      Total: 2
2026-05-23 19:02:48.021 [main] DEBUG i.g.l.a.s.user.mapper.SysUserMapper.selectCount - ==>  Preparing: SELECT COUNT( * ) AS total FROM sys_user WHERE deleted=0 AND (username = ?)
2026-05-23 19:02:48.021 [main] DEBUG i.g.l.a.s.user.mapper.SysUserMapper.selectCount - ==> Parameters: delete_user(String)
2026-05-23 19:02:48.022 [main] DEBUG i.g.l.a.s.user.mapper.SysUserMapper.selectCount - <==      Total: 1
2026-05-23 19:02:48.094 [main] DEBUG i.g.l.admin.handler.AuditMetaObjectHandler - 自动填充插入字段
2026-05-23 19:02:48.094 [main] DEBUG i.g.l.a.system.user.mapper.SysUserMapper.insert - ==>  Preparing: INSERT INTO sys_user ( id, username, password_hash, created_at, updated_at, created_by, updated_by, version ) VALUES ( ?, ?, ?, ?, ?, ?, ?, ? )
2026-05-23 19:02:48.094 [main] DEBUG i.g.l.a.system.user.mapper.SysUserMapper.insert - ==> Parameters: 2058141589825056769(Long), delete_user(String), $2a$10$jqKrYP4n.yVxx39zWb5zw./.HtIJO/m..KTgLQt0j1N0YK04MhaAu(String), 2026-05-23T19:02:48.094026400(LocalDateTime), 2026-05-23T19:02:48.094026400(LocalDateTime), system(String), system(String), 1(Integer)
2026-05-23 19:02:48.097 [main] DEBUG i.g.l.a.system.user.mapper.SysUserMapper.insert - <==    Updates: 1
2026-05-23 19:02:48.103 [main] DEBUG i.g.l.admin.handler.AuditMetaObjectHandler - 自动填充更新字段
2026-05-23 19:02:48.104 [main] DEBUG i.g.l.a.s.user.mapper.SysUserMapper.deleteById - ==>  Preparing: UPDATE sys_user SET updated_at=?,updated_by=?, deleted=1 WHERE id=? AND deleted=0
2026-05-23 19:02:48.104 [main] DEBUG i.g.l.a.s.user.mapper.SysUserMapper.deleteById - ==> Parameters: 2026-05-23T19:02:48.103639400(LocalDateTime), system(String), 2058141589825056769(Long)
2026-05-23 19:02:48.106 [main] DEBUG i.g.l.a.s.user.mapper.SysUserMapper.deleteById - <==    Updates: 1
2026-05-23 19:02:48.107 [main] DEBUG i.g.l.a.s.user.mapper.SysUserMapper.selectById - ==>  Preparing: SELECT id,username,password_hash,nickname,avatar_file_id,phone,email,employee_id,status,token_version,last_login_at,last_login_ip,created_at,updated_at,created_by,updated_by,deleted,version FROM sys_user WHERE id=? AND deleted=0
2026-05-23 19:02:48.108 [main] DEBUG i.g.l.a.s.user.mapper.SysUserMapper.selectById - ==> Parameters: 2058141589825056769(Long)
2026-05-23 19:02:48.110 [main] DEBUG i.g.l.a.s.user.mapper.SysUserMapper.selectById - <==      Total: 0
2026-05-23 19:02:48.144 [main] DEBUG i.g.l.a.s.user.mapper.SysUserMapper.selectById - ==>  Preparing: SELECT id,username,password_hash,nickname,avatar_file_id,phone,email,employee_id,status,token_version,last_login_at,last_login_ip,created_at,updated_at,created_by,updated_by,deleted,version FROM sys_user WHERE id=? AND deleted=0
2026-05-23 19:02:48.144 [main] DEBUG i.g.l.a.s.user.mapper.SysUserMapper.selectById - ==> Parameters: 999999(Long)
2026-05-23 19:02:48.146 [main] DEBUG i.g.l.a.s.user.mapper.SysUserMapper.selectById - <==      Total: 0
2026-05-23 19:02:48.161 [main] DEBUG i.g.l.a.s.user.mapper.SysUserMapper.selectCount - ==>  Preparing: SELECT COUNT( * ) AS total FROM sys_user WHERE deleted=0 AND (username = ?)
2026-05-23 19:02:48.162 [main] DEBUG i.g.l.a.s.user.mapper.SysUserMapper.selectCount - ==> Parameters: update_user(String)
2026-05-23 19:02:48.163 [main] DEBUG i.g.l.a.s.user.mapper.SysUserMapper.selectCount - <==      Total: 1
2026-05-23 19:02:48.234 [main] DEBUG i.g.l.admin.handler.AuditMetaObjectHandler - 自动填充插入字段
2026-05-23 19:02:48.234 [main] DEBUG i.g.l.a.system.user.mapper.SysUserMapper.insert - ==>  Preparing: INSERT INTO sys_user ( id, username, password_hash, created_at, updated_at, created_by, updated_by, version ) VALUES ( ?, ?, ?, ?, ?, ?, ?, ? )
2026-05-23 19:02:48.234 [main] DEBUG i.g.l.a.system.user.mapper.SysUserMapper.insert - ==> Parameters: 2058141590387093506(Long), update_user(String), $2a$10$6Qw4VMYLZErlggqSAjdIOOGbPW39L/kHxQwRnfR.X5a14R5Oo6eiy(String), 2026-05-23T19:02:48.234807200(LocalDateTime), 2026-05-23T19:02:48.234807200(LocalDateTime), system(String), system(String), 1(Integer)
2026-05-23 19:02:48.241 [main] DEBUG i.g.l.a.system.user.mapper.SysUserMapper.insert - <==    Updates: 1
2026-05-23 19:02:48.243 [main] DEBUG i.g.l.a.s.user.mapper.SysUserMapper.selectById - ==>  Preparing: SELECT id,username,password_hash,nickname,avatar_file_id,phone,email,employee_id,status,token_version,last_login_at,last_login_ip,created_at,updated_at,created_by,updated_by,deleted,version FROM sys_user WHERE id=? AND deleted=0
2026-05-23 19:02:48.243 [main] DEBUG i.g.l.a.s.user.mapper.SysUserMapper.selectById - ==> Parameters: 2058141590387093506(Long)
2026-05-23 19:02:48.246 [main] DEBUG i.g.l.a.s.user.mapper.SysUserMapper.selectById - <==      Total: 1
2026-05-23 19:02:48.246 [main] DEBUG i.g.l.admin.handler.AuditMetaObjectHandler - 自动填充更新字段
2026-05-23 19:02:48.246 [main] DEBUG i.g.l.a.s.user.mapper.SysUserMapper.updateById - ==>  Preparing: UPDATE sys_user SET username=?, password_hash=?, nickname=?, phone=?, email=?, status=?, token_version=?, created_at=?, updated_at=?, created_by=?, updated_by=?, version=? WHERE id=? AND deleted=0
2026-05-23 19:02:48.247 [main] DEBUG i.g.l.a.s.user.mapper.SysUserMapper.updateById - ==> Parameters: update_user(String), $2a$10$6Qw4VMYLZErlggqSAjdIOOGbPW39L/kHxQwRnfR.X5a14R5Oo6eiy(String), 更新昵称(String), 13900139000(String), update@test.com(String), ENABLED(String), 1(Integer), 2026-05-23T19:02:48(LocalDateTime), 2026-05-23T19:02:48(LocalDateTime), system(String), system(String), 1(Integer), 2058141590387093506(Long)
2026-05-23 19:02:48.249 [main] DEBUG i.g.l.a.s.user.mapper.SysUserMapper.updateById - <==    Updates: 1
2026-05-23 19:02:48.269 [main] DEBUG i.g.l.a.s.user.mapper.SysUserMapper.selectCount - ==>  Preparing: SELECT COUNT( * ) AS total FROM sys_user WHERE deleted=0 AND (username = ?)
2026-05-23 19:02:48.269 [main] DEBUG i.g.l.a.s.user.mapper.SysUserMapper.selectCount - ==> Parameters: dup_user(String)
2026-05-23 19:02:48.270 [main] DEBUG i.g.l.a.s.user.mapper.SysUserMapper.selectCount - <==      Total: 1
2026-05-23 19:02:48.346 [main] DEBUG i.g.l.admin.handler.AuditMetaObjectHandler - 自动填充插入字段
2026-05-23 19:02:48.348 [main] DEBUG i.g.l.a.system.user.mapper.SysUserMapper.insert - ==>  Preparing: INSERT INTO sys_user ( id, username, password_hash, created_at, updated_at, created_by, updated_by, version ) VALUES ( ?, ?, ?, ?, ?, ?, ?, ? )
2026-05-23 19:02:48.348 [main] DEBUG i.g.l.a.system.user.mapper.SysUserMapper.insert - ==> Parameters: 2058141590869438466(Long), dup_user(String), $2a$10$lxgLtNA3l6z1Hh22vvX8POiynxf29xXFhUY3zD8K8P8BGorryEUP.(String), 2026-05-23T19:02:48.346139500(LocalDateTime), 2026-05-23T19:02:48.346139500(LocalDateTime), system(String), system(String), 1(Integer)
2026-05-23 19:02:48.351 [main] DEBUG i.g.l.a.system.user.mapper.SysUserMapper.insert - <==    Updates: 1
2026-05-23 19:02:48.352 [main] DEBUG i.g.l.a.s.user.mapper.SysUserMapper.selectCount - ==>  Preparing: SELECT COUNT( * ) AS total FROM sys_user WHERE deleted=0 AND (username = ?)
2026-05-23 19:02:48.352 [main] DEBUG i.g.l.a.s.user.mapper.SysUserMapper.selectCount - ==> Parameters: dup_user(String)
2026-05-23 19:02:48.353 [main] DEBUG i.g.l.a.s.user.mapper.SysUserMapper.selectCount - <==      Total: 1
2026-05-23 19:02:48.376 [main] DEBUG i.g.l.a.s.user.mapper.SysUserMapper.selectCount - ==>  Preparing: SELECT COUNT( * ) AS total FROM sys_user WHERE deleted=0 AND (username = ?)
2026-05-23 19:02:48.376 [main] DEBUG i.g.l.a.s.user.mapper.SysUserMapper.selectCount - ==> Parameters: detail_user(String)
2026-05-23 19:02:48.378 [main] DEBUG i.g.l.a.s.user.mapper.SysUserMapper.selectCount - <==      Total: 1
2026-05-23 19:02:48.458 [main] DEBUG i.g.l.admin.handler.AuditMetaObjectHandler - 自动填充插入字段
2026-05-23 19:02:48.458 [main] DEBUG i.g.l.a.system.user.mapper.SysUserMapper.insert - ==>  Preparing: INSERT INTO sys_user ( id, username, password_hash, nickname, created_at, updated_at, created_by, updated_by, version ) VALUES ( ?, ?, ?, ?, ?, ?, ?, ?, ? )
2026-05-23 19:02:48.458 [main] DEBUG i.g.l.a.system.user.mapper.SysUserMapper.insert - ==> Parameters: 2058141591360172033(Long), detail_user(String), $2a$10$776v4X9HNZLeJc43QhuLGeYIlFqPUaHYKHSyNdaJrPiWtydjQnb1S(String), 详情测试(String), 2026-05-23T19:02:48.458161700(LocalDateTime), 2026-05-23T19:02:48.458161700(LocalDateTime), system(String), system(String), 1(Integer)
2026-05-23 19:02:48.461 [main] DEBUG i.g.l.a.system.user.mapper.SysUserMapper.insert - <==    Updates: 1
2026-05-23 19:02:48.462 [main] DEBUG i.g.l.a.s.user.mapper.SysUserMapper.selectById - ==>  Preparing: SELECT id,username,password_hash,nickname,avatar_file_id,phone,email,employee_id,status,token_version,last_login_at,last_login_ip,created_at,updated_at,created_by,updated_by,deleted,version FROM sys_user WHERE id=? AND deleted=0
2026-05-23 19:02:48.462 [main] DEBUG i.g.l.a.s.user.mapper.SysUserMapper.selectById - ==> Parameters: 2058141591360172033(Long)
2026-05-23 19:02:48.464 [main] DEBUG i.g.l.a.s.user.mapper.SysUserMapper.selectById - <==      Total: 1
2026-05-23 19:02:48.465 [main] DEBUG i.g.l.a.s.user.mapper.SysUserRoleMapper.selectList - ==>  Preparing: SELECT id,user_id,role_id,created_at,updated_at,created_by,updated_by,deleted,version FROM sys_user_role WHERE deleted=0 AND (user_id = ?)
2026-05-23 19:02:48.465 [main] DEBUG i.g.l.a.s.user.mapper.SysUserRoleMapper.selectList - ==> Parameters: 2058141591360172033(Long)
2026-05-23 19:02:48.467 [main] DEBUG i.g.l.a.s.user.mapper.SysUserRoleMapper.selectList - <==      Total: 0

  .   ____          _            __ _ _
 /\\ / ___'_ __ _ _(_)_ __  __ _ \ \ \ \
( ( )\___ | '_ | '_| | '_ \/ _` | \ \ \ \
 \\/  ___)| |_)| | | | | || (_| |  ) ) ) )
  '  |____| .__|_| |_|_| |_\__, | / / / /
 =========|_|==============|___/=/_/_/_/
 :: Spring Boot ::                (v3.2.5)

2026-05-23 19:02:48.569 [main] INFO  i.g.l.a.o.e.controller.EmployeeControllerTest - Starting EmployeeControllerTest using Java 21.0.5 with PID 54236 (started by lannt in C:\workspace\admin-management-scaffold\backend)
2026-05-23 19:02:48.569 [main] DEBUG i.g.l.a.o.e.controller.EmployeeControllerTest - Running with Spring Boot v3.2.5, Spring v6.1.6
2026-05-23 19:02:48.569 [main] INFO  i.g.l.a.o.e.controller.EmployeeControllerTest - The following 1 profile is active: "test"
2026-05-23 19:02:49.214 [main] INFO  i.g.l.admin.config.TestDatabaseInitializer - 测试数据库 admin_scaffold_test 创建成功或已存在
2026-05-23 19:02:49.740 [main] INFO  i.g.l.admin.config.TestDatabaseInitializer - 测试数据库已清理，将手动执行 Flyway 迁移
2026-05-23 19:02:49.746 [main] DEBUG o.f.c.internal.scanner.classpath.ClassPathScanner - Scanning for classpath resources at 'classpath:db/callback' ...
2026-05-23 19:02:49.746 [main] DEBUG o.f.c.internal.scanner.classpath.ClassPathScanner - Determining location urls for classpath:db/callback using ClassLoader jdk.internal.loader.ClassLoaders$AppClassLoader@5c647e05 ...
2026-05-23 19:02:49.746 [main] DEBUG o.f.c.internal.scanner.classpath.ClassPathScanner - Unable to resolve location classpath:db/callback.
2026-05-23 19:02:49.747 [main] DEBUG o.f.c.internal.scanner.classpath.ClassPathScanner - Scanning for classpath resources at 'classpath:db/migration' ...
2026-05-23 19:02:49.747 [main] DEBUG o.f.c.internal.scanner.classpath.ClassPathScanner - Determining location urls for classpath:db/migration using ClassLoader jdk.internal.loader.ClassLoaders$AppClassLoader@5c647e05 ...
2026-05-23 19:02:49.747 [main] DEBUG o.f.c.internal.scanner.classpath.ClassPathScanner - Scanning URL: file:/C:/workspace/admin-management-scaffold/backend/target/classes/db/migration
2026-05-23 19:02:49.747 [main] DEBUG o.f.c.i.s.c.FileSystemClassPathLocationScanner - Scanning starting at classpath root in filesystem: C:\workspace\admin-management-scaffold\backend\target\classes\
2026-05-23 19:02:49.747 [main] DEBUG o.f.c.i.s.c.FileSystemClassPathLocationScanner - Scanning for resources in path: C:\workspace\admin-management-scaffold\backend\target\classes\db\migration (db/migration)
2026-05-23 19:02:49.749 [main] DEBUG o.f.c.internal.scanner.classpath.ClassPathScanner - Found resource: db/migration/V1__init_schema.sql
2026-05-23 19:02:49.749 [main] DEBUG o.f.c.internal.scanner.classpath.ClassPathScanner - Found resource: db/migration/V2__add_menu_and_permission_fields.sql
2026-05-23 19:02:49.749 [main] DEBUG o.f.c.internal.scanner.classpath.ClassPathScanner - Found resource: db/migration/V3__seed_data.sql
2026-05-23 19:02:49.749 [main] DEBUG o.f.c.internal.scanner.classpath.ClassPathScanner - Found resource: db/migration/V4__add_employee_org_tables.sql
2026-05-23 19:02:49.749 [main] DEBUG o.f.c.internal.scanner.classpath.ClassPathScanner - Found resource: db/migration/V5__seed_data_org.sql
2026-05-23 19:02:49.749 [main] DEBUG o.f.c.internal.scanner.classpath.ClassPathScanner - Scanning for classes at classpath:db/migration
2026-05-23 19:02:49.749 [main] DEBUG o.f.core.internal.resource.ResourceNameValidator - Validating V4__add_employee_org_tables.sql
2026-05-23 19:02:49.749 [main] DEBUG o.f.core.internal.resource.ResourceNameValidator - Validating V1__init_schema.sql
2026-05-23 19:02:49.749 [main] DEBUG o.f.core.internal.resource.ResourceNameValidator - Validating V2__add_menu_and_permission_fields.sql
2026-05-23 19:02:49.749 [main] DEBUG o.f.core.internal.resource.ResourceNameValidator - Validating V3__seed_data.sql
2026-05-23 19:02:49.749 [main] DEBUG o.f.core.internal.resource.ResourceNameValidator - Validating V5__seed_data_org.sql
2026-05-23 19:02:49.761 [main] INFO  org.flywaydb.core.FlywayExecutor - Database: jdbc:mysql://localhost:3306/admin_scaffold_test (MySQL 9.1)
2026-05-23 19:02:49.762 [main] DEBUG org.flywaydb.core.FlywayExecutor - Database Type: MySQL
2026-05-23 19:02:49.762 [main] DEBUG org.flywaydb.core.FlywayExecutor - Driver: MySQL Connector/J mysql-connector-j-8.3.0 (Revision: 805f872a57875f311cb82487efcfb070411a3fa0)
2026-05-23 19:02:49.762 [main] DEBUG org.flywaydb.core.FlywayExecutor - DDL Transactions Supported: false
2026-05-23 19:02:49.762 [main] DEBUG o.f.c.internal.schemahistory.SchemaHistoryFactory - Schemas: 
2026-05-23 19:02:49.762 [main] DEBUG o.f.c.internal.schemahistory.SchemaHistoryFactory - Default schema: null
2026-05-23 19:02:49.769 [main] WARN  org.flywaydb.core.internal.database.base.Database - Flyway upgrade recommended: MySQL 9.1 is newer than this version of Flyway and support has not been tested. The latest supported version of MySQL is 8.1.
2026-05-23 19:02:49.769 [main] DEBUG o.f.c.internal.callback.SqlScriptCallbackFactory - Scanning for SQL callbacks ...
2026-05-23 19:02:49.771 [main] DEBUG org.flywaydb.core.internal.command.DbValidate - Validating migrations ...
2026-05-23 19:02:49.772 [main] DEBUG o.f.core.api.configuration.ClassicConfiguration - CherryPickConfigurationExtension not found
2026-05-23 19:02:49.778 [main] DEBUG org.flywaydb.core.internal.scanner.Scanner - Filtering out resource: db/migration/V4__add_employee_org_tables.sql (filename: V4__add_employee_org_tables.sql)
2026-05-23 19:02:49.778 [main] DEBUG org.flywaydb.core.internal.scanner.Scanner - Filtering out resource: db/migration/V1__init_schema.sql (filename: V1__init_schema.sql)
2026-05-23 19:02:49.778 [main] DEBUG org.flywaydb.core.internal.scanner.Scanner - Filtering out resource: db/migration/V2__add_menu_and_permission_fields.sql (filename: V2__add_menu_and_permission_fields.sql)
2026-05-23 19:02:49.778 [main] DEBUG org.flywaydb.core.internal.scanner.Scanner - Filtering out resource: db/migration/V3__seed_data.sql (filename: V3__seed_data.sql)
2026-05-23 19:02:49.778 [main] DEBUG org.flywaydb.core.internal.scanner.Scanner - Filtering out resource: db/migration/V5__seed_data_org.sql (filename: V5__seed_data_org.sql)
2026-05-23 19:02:49.778 [main] DEBUG org.flywaydb.core.internal.scanner.Scanner - Filtering out resource: db/migration/V4__add_employee_org_tables.sql (filename: V4__add_employee_org_tables.sql)
2026-05-23 19:02:49.778 [main] DEBUG org.flywaydb.core.internal.scanner.Scanner - Filtering out resource: db/migration/V1__init_schema.sql (filename: V1__init_schema.sql)
2026-05-23 19:02:49.778 [main] DEBUG org.flywaydb.core.internal.scanner.Scanner - Filtering out resource: db/migration/V2__add_menu_and_permission_fields.sql (filename: V2__add_menu_and_permission_fields.sql)
2026-05-23 19:02:49.778 [main] DEBUG org.flywaydb.core.internal.scanner.Scanner - Filtering out resource: db/migration/V3__seed_data.sql (filename: V3__seed_data.sql)
2026-05-23 19:02:49.778 [main] DEBUG org.flywaydb.core.internal.scanner.Scanner - Filtering out resource: db/migration/V5__seed_data_org.sql (filename: V5__seed_data_org.sql)
2026-05-23 19:02:49.782 [main] INFO  o.f.c.i.schemahistory.JdbcTableSchemaHistory - Schema history table `admin_scaffold_test`.`flyway_schema_history` does not exist yet
2026-05-23 19:02:49.784 [main] INFO  org.flywaydb.core.internal.command.DbValidate - Successfully validated 5 migrations (execution time 00:00.012s)
2026-05-23 19:02:49.786 [main] DEBUG org.flywaydb.core.internal.command.DbSchemas - Skipping creation of existing schema: `admin_scaffold_test`
2026-05-23 19:02:49.800 [main] INFO  o.f.c.i.schemahistory.JdbcTableSchemaHistory - Creating Schema History table `admin_scaffold_test`.`flyway_schema_history` ...
2026-05-23 19:02:49.801 [main] DEBUG org.flywaydb.core.internal.parser.Parser - Parsing  ...
2026-05-23 19:02:49.802 [main] DEBUG o.flywaydb.core.internal.sqlscript.ParserSqlScript - Found statement at line 1: CREATE TABLE `admin_scaffold_test`.`flyway_schema_history` (
    `installed_rank` INT NOT NULL,
    `version` VARCHAR(50),
    `description` VARCHAR(200) NOT NULL,
    `type` VARCHAR(20) NOT NULL,
    `script` VARCHAR(1000) NOT NULL,
    `checksum` INT,
    `installed_by` VARCHAR(100) NOT NULL,
    `installed_on` TIMESTAMP NOT NULL DEFAULT CURRENT_TIMESTAMP,
    `execution_time` INT NOT NULL,
    `success` BOOL NOT NULL,
    CONSTRAINT `flyway_schema_history_pk` PRIMARY KEY (`installed_rank`)
) ENGINE=InnoDB
2026-05-23 19:02:49.802 [main] DEBUG o.flywaydb.core.internal.sqlscript.ParserSqlScript - Found statement at line 14: CREATE INDEX `flyway_schema_history_s_idx` ON `admin_scaffold_test`.`flyway_schema_history` (`success`)
2026-05-23 19:02:49.802 [main] DEBUG o.f.c.internal.sqlscript.DefaultSqlScriptExecutor - Executing SQL: CREATE TABLE `admin_scaffold_test`.`flyway_schema_history` (
    `installed_rank` INT NOT NULL,
    `version` VARCHAR(50),
    `description` VARCHAR(200) NOT NULL,
    `type` VARCHAR(20) NOT NULL,
    `script` VARCHAR(1000) NOT NULL,
    `checksum` INT,
    `installed_by` VARCHAR(100) NOT NULL,
    `installed_on` TIMESTAMP NOT NULL DEFAULT CURRENT_TIMESTAMP,
    `execution_time` INT NOT NULL,
    `success` BOOL NOT NULL,
    CONSTRAINT `flyway_schema_history_pk` PRIMARY KEY (`installed_rank`)
) ENGINE=InnoDB
2026-05-23 19:02:49.848 [main] DEBUG o.f.c.internal.sqlscript.DefaultSqlScriptExecutor - 0 rows affected
2026-05-23 19:02:49.848 [main] DEBUG o.f.c.internal.sqlscript.DefaultSqlScriptExecutor - Executing SQL: CREATE INDEX `flyway_schema_history_s_idx` ON `admin_scaffold_test`.`flyway_schema_history` (`success`)
2026-05-23 19:02:49.878 [main] DEBUG o.f.c.internal.sqlscript.DefaultSqlScriptExecutor - 0 rows affected
2026-05-23 19:02:49.878 [main] DEBUG o.f.c.i.schemahistory.JdbcTableSchemaHistory - Created Schema History table `admin_scaffold_test`.`flyway_schema_history`
2026-05-23 19:02:49.887 [main] DEBUG o.f.core.api.configuration.ClassicConfiguration - CherryPickConfigurationExtension not found
2026-05-23 19:02:49.893 [main] INFO  org.flywaydb.core.internal.command.DbMigrate - Current version of schema `admin_scaffold_test`: << Empty Schema >>
2026-05-23 19:02:49.893 [main] DEBUG org.flywaydb.core.internal.parser.Parser - Parsing V1__init_schema.sql ...
2026-05-23 19:02:49.895 [main] DEBUG o.flywaydb.core.internal.sqlscript.ParserSqlScript - Found statement at line 3: -- 初始化数据库架构
-- 创建用户表
CREATE TABLE IF NOT EXISTS `sys_user` (
    `id` BIGINT NOT NULL COMMENT '主键ID',
    `username` VARCHAR(50) NOT NULL COMMENT '用户名',
    `password` VARCHAR(100) NOT NULL COMMENT '密码',
    `nickname` VARCHAR(50) COMMENT '昵称',
    `email` VARCHAR(100) COMMENT '邮箱',
    `phone` VARCHAR(20) COMMENT '手机号',
    `avatar` VARCHAR(255) COMMENT '头像',
    `status` TINYINT DEFAULT 1 COMMENT '状态：0-禁用，1-启用',
    `created_at` DATETIME DEFAULT CURRENT_TIMESTAMP COMMENT '创建时间',
    `updated_at` DATETIME DEFAULT CURRENT_TIMESTAMP ON UPDATE CURRENT_TIMESTAMP COMMENT '更新时间',
    `created_by` VARCHAR(50) COMMENT '创建人',
    `updated_by` VARCHAR(50) COMMENT '更新人',
    `deleted` TINYINT DEFAULT 0 COMMENT '逻辑删除标志：0-未删除，1-已删除',
    `version` INT DEFAULT 1 COMMENT '版本号',
    PRIMARY KEY (`id`),
    UNIQUE KEY `uk_username` (`username`),
    KEY `idx_email` (`email`),
    KEY `idx_phone` (`phone`)
) ENGINE=InnoDB DEFAULT CHARSET=utf8mb4 COLLATE=utf8mb4_unicode_ci COMMENT='系统用户表'
2026-05-23 19:02:49.895 [main] DEBUG o.flywaydb.core.internal.sqlscript.ParserSqlScript - Found statement at line 25: -- 创建角色表
CREATE TABLE IF NOT EXISTS `sys_role` (
    `id` BIGINT NOT NULL COMMENT '主键ID',
    `role_name` VARCHAR(50) NOT NULL COMMENT '角色名称',
    `role_code` VARCHAR(50) NOT NULL COMMENT '角色编码',
    `description` VARCHAR(255) COMMENT '描述',
    `status` TINYINT DEFAULT 1 COMMENT '状态：0-禁用，1-启用',
    `created_at` DATETIME DEFAULT CURRENT_TIMESTAMP COMMENT '创建时间',
    `updated_at` DATETIME DEFAULT CURRENT_TIMESTAMP ON UPDATE CURRENT_TIMESTAMP COMMENT '更新时间',
    `created_by` VARCHAR(50) COMMENT '创建人',
    `updated_by` VARCHAR(50) COMMENT '更新人',
    `deleted` TINYINT DEFAULT 0 COMMENT '逻辑删除标志：0-未删除，1-已删除',
    `version` INT DEFAULT 1 COMMENT '版本号',
    PRIMARY KEY (`id`),
    UNIQUE KEY `uk_role_code` (`role_code`)
) ENGINE=InnoDB DEFAULT CHARSET=utf8mb4 COLLATE=utf8mb4_unicode_ci COMMENT='系统角色表'
2026-05-23 19:02:49.895 [main] DEBUG o.flywaydb.core.internal.sqlscript.ParserSqlScript - Found statement at line 42: -- 创建用户角色关联表
CREATE TABLE IF NOT EXISTS `sys_user_role` (
    `id` BIGINT NOT NULL COMMENT '主键ID',
    `user_id` BIGINT NOT NULL COMMENT '用户ID',
    `role_id` BIGINT NOT NULL COMMENT '角色ID',
    `created_at` DATETIME DEFAULT CURRENT_TIMESTAMP COMMENT '创建时间',
    `created_by` VARCHAR(50) COMMENT '创建人',
    `updated_at` DATETIME DEFAULT CURRENT_TIMESTAMP ON UPDATE CURRENT_TIMESTAMP COMMENT '更新时间',
    `updated_by` VARCHAR(50) COMMENT '更新人',
    `deleted` TINYINT DEFAULT 0 COMMENT '逻辑删除标志：0-未删除，1-已删除',
    PRIMARY KEY (`id`),
    UNIQUE KEY `uk_user_role` (`user_id`, `role_id`),
    KEY `idx_role_id` (`role_id`)
) ENGINE=InnoDB DEFAULT CHARSET=utf8mb4 COLLATE=utf8mb4_unicode_ci COMMENT='用户角色关联表'
2026-05-23 19:02:49.895 [main] DEBUG o.flywaydb.core.internal.sqlscript.ParserSqlScript - Found statement at line 57: -- 创建权限表
CREATE TABLE IF NOT EXISTS `sys_permission` (
    `id` BIGINT NOT NULL COMMENT '主键ID',
    `permission_name` VARCHAR(50) NOT NULL COMMENT '权限名称',
    `permission_code` VARCHAR(100) NOT NULL COMMENT '权限编码',
    `description` VARCHAR(255) COMMENT '描述',
    `status` TINYINT DEFAULT 1 COMMENT '状态：0-禁用，1-启用',
    `created_at` DATETIME DEFAULT CURRENT_TIMESTAMP COMMENT '创建时间',
    `updated_at` DATETIME DEFAULT CURRENT_TIMESTAMP ON UPDATE CURRENT_TIMESTAMP COMMENT '更新时间',
    `created_by` VARCHAR(50) COMMENT '创建人',
    `updated_by` VARCHAR(50) COMMENT '更新人',
    `deleted` TINYINT DEFAULT 0 COMMENT '逻辑删除标志：0-未删除，1-已删除',
    `version` INT DEFAULT 1 COMMENT '版本号',
    PRIMARY KEY (`id`),
    UNIQUE KEY `uk_permission_code` (`permission_code`)
) ENGINE=InnoDB DEFAULT CHARSET=utf8mb4 COLLATE=utf8mb4_unicode_ci COMMENT='系统权限表'
2026-05-23 19:02:49.896 [main] DEBUG o.flywaydb.core.internal.sqlscript.ParserSqlScript - Found statement at line 74: -- 创建角色权限关联表
CREATE TABLE IF NOT EXISTS `sys_role_permission` (
    `id` BIGINT NOT NULL COMMENT '主键ID',
    `role_id` BIGINT NOT NULL COMMENT '角色ID',
    `permission_id` BIGINT NOT NULL COMMENT '权限ID',
    `created_at` DATETIME DEFAULT CURRENT_TIMESTAMP COMMENT '创建时间',
    `created_by` VARCHAR(50) COMMENT '创建人',
    `updated_at` DATETIME DEFAULT CURRENT_TIMESTAMP ON UPDATE CURRENT_TIMESTAMP COMMENT '更新时间',
    `updated_by` VARCHAR(50) COMMENT '更新人',
    `deleted` TINYINT DEFAULT 0 COMMENT '逻辑删除标志：0-未删除，1-已删除',
    PRIMARY KEY (`id`),
    UNIQUE KEY `uk_role_permission` (`role_id`, `permission_id`),
    KEY `idx_permission_id` (`permission_id`)
) ENGINE=InnoDB DEFAULT CHARSET=utf8mb4 COLLATE=utf8mb4_unicode_ci COMMENT='角色权限关联表'
2026-05-23 19:02:49.898 [main] DEBUG org.flywaydb.core.internal.command.DbMigrate - Starting migration of schema `admin_scaffold_test` to version "1 - init schema" ...
2026-05-23 19:02:49.901 [main] INFO  org.flywaydb.core.internal.command.DbMigrate - Migrating schema `admin_scaffold_test` to version "1 - init schema"
2026-05-23 19:02:49.902 [main] DEBUG o.f.c.internal.sqlscript.DefaultSqlScriptExecutor - Executing SQL: -- 初始化数据库架构
-- 创建用户表
CREATE TABLE IF NOT EXISTS `sys_user` (
    `id` BIGINT NOT NULL COMMENT '主键ID',
    `username` VARCHAR(50) NOT NULL COMMENT '用户名',
    `password` VARCHAR(100) NOT NULL COMMENT '密码',
    `nickname` VARCHAR(50) COMMENT '昵称',
    `email` VARCHAR(100) COMMENT '邮箱',
    `phone` VARCHAR(20) COMMENT '手机号',
    `avatar` VARCHAR(255) COMMENT '头像',
    `status` TINYINT DEFAULT 1 COMMENT '状态：0-禁用，1-启用',
    `created_at` DATETIME DEFAULT CURRENT_TIMESTAMP COMMENT '创建时间',
    `updated_at` DATETIME DEFAULT CURRENT_TIMESTAMP ON UPDATE CURRENT_TIMESTAMP COMMENT '更新时间',
    `created_by` VARCHAR(50) COMMENT '创建人',
    `updated_by` VARCHAR(50) COMMENT '更新人',
    `deleted` TINYINT DEFAULT 0 COMMENT '逻辑删除标志：0-未删除，1-已删除',
    `version` INT DEFAULT 1 COMMENT '版本号',
    PRIMARY KEY (`id`),
    UNIQUE KEY `uk_username` (`username`),
    KEY `idx_email` (`email`),
    KEY `idx_phone` (`phone`)
) ENGINE=InnoDB DEFAULT CHARSET=utf8mb4 COLLATE=utf8mb4_unicode_ci COMMENT='系统用户表'
2026-05-23 19:02:49.976 [main] DEBUG o.f.c.internal.sqlscript.DefaultSqlScriptExecutor - 0 rows affected
2026-05-23 19:02:49.976 [main] DEBUG o.f.c.internal.sqlscript.DefaultSqlScriptExecutor - Executing SQL: -- 创建角色表
CREATE TABLE IF NOT EXISTS `sys_role` (
    `id` BIGINT NOT NULL COMMENT '主键ID',
    `role_name` VARCHAR(50) NOT NULL COMMENT '角色名称',
    `role_code` VARCHAR(50) NOT NULL COMMENT '角色编码',
    `description` VARCHAR(255) COMMENT '描述',
    `status` TINYINT DEFAULT 1 COMMENT '状态：0-禁用，1-启用',
    `created_at` DATETIME DEFAULT CURRENT_TIMESTAMP COMMENT '创建时间',
    `updated_at` DATETIME DEFAULT CURRENT_TIMESTAMP ON UPDATE CURRENT_TIMESTAMP COMMENT '更新时间',
    `created_by` VARCHAR(50) COMMENT '创建人',
    `updated_by` VARCHAR(50) COMMENT '更新人',
    `deleted` TINYINT DEFAULT 0 COMMENT '逻辑删除标志：0-未删除，1-已删除',
    `version` INT DEFAULT 1 COMMENT '版本号',
    PRIMARY KEY (`id`),
    UNIQUE KEY `uk_role_code` (`role_code`)
) ENGINE=InnoDB DEFAULT CHARSET=utf8mb4 COLLATE=utf8mb4_unicode_ci COMMENT='系统角色表'
2026-05-23 19:02:50.036 [main] DEBUG o.f.c.internal.sqlscript.DefaultSqlScriptExecutor - 0 rows affected
2026-05-23 19:02:50.036 [main] DEBUG o.f.c.internal.sqlscript.DefaultSqlScriptExecutor - Executing SQL: -- 创建用户角色关联表
CREATE TABLE IF NOT EXISTS `sys_user_role` (
    `id` BIGINT NOT NULL COMMENT '主键ID',
    `user_id` BIGINT NOT NULL COMMENT '用户ID',
    `role_id` BIGINT NOT NULL COMMENT '角色ID',
    `created_at` DATETIME DEFAULT CURRENT_TIMESTAMP COMMENT '创建时间',
    `created_by` VARCHAR(50) COMMENT '创建人',
    `updated_at` DATETIME DEFAULT CURRENT_TIMESTAMP ON UPDATE CURRENT_TIMESTAMP COMMENT '更新时间',
    `updated_by` VARCHAR(50) COMMENT '更新人',
    `deleted` TINYINT DEFAULT 0 COMMENT '逻辑删除标志：0-未删除，1-已删除',
    PRIMARY KEY (`id`),
    UNIQUE KEY `uk_user_role` (`user_id`, `role_id`),
    KEY `idx_role_id` (`role_id`)
) ENGINE=InnoDB DEFAULT CHARSET=utf8mb4 COLLATE=utf8mb4_unicode_ci COMMENT='用户角色关联表'
2026-05-23 19:02:50.096 [main] DEBUG o.f.c.internal.sqlscript.DefaultSqlScriptExecutor - 0 rows affected
2026-05-23 19:02:50.096 [main] DEBUG o.f.c.internal.sqlscript.DefaultSqlScriptExecutor - Executing SQL: -- 创建权限表
CREATE TABLE IF NOT EXISTS `sys_permission` (
    `id` BIGINT NOT NULL COMMENT '主键ID',
    `permission_name` VARCHAR(50) NOT NULL COMMENT '权限名称',
    `permission_code` VARCHAR(100) NOT NULL COMMENT '权限编码',
    `description` VARCHAR(255) COMMENT '描述',
    `status` TINYINT DEFAULT 1 COMMENT '状态：0-禁用，1-启用',
    `created_at` DATETIME DEFAULT CURRENT_TIMESTAMP COMMENT '创建时间',
    `updated_at` DATETIME DEFAULT CURRENT_TIMESTAMP ON UPDATE CURRENT_TIMESTAMP COMMENT '更新时间',
    `created_by` VARCHAR(50) COMMENT '创建人',
    `updated_by` VARCHAR(50) COMMENT '更新人',
    `deleted` TINYINT DEFAULT 0 COMMENT '逻辑删除标志：0-未删除，1-已删除',
    `version` INT DEFAULT 1 COMMENT '版本号',
    PRIMARY KEY (`id`),
    UNIQUE KEY `uk_permission_code` (`permission_code`)
) ENGINE=InnoDB DEFAULT CHARSET=utf8mb4 COLLATE=utf8mb4_unicode_ci COMMENT='系统权限表'
2026-05-23 19:02:50.158 [main] DEBUG o.f.c.internal.sqlscript.DefaultSqlScriptExecutor - 0 rows affected
2026-05-23 19:02:50.158 [main] DEBUG o.f.c.internal.sqlscript.DefaultSqlScriptExecutor - Executing SQL: -- 创建角色权限关联表
CREATE TABLE IF NOT EXISTS `sys_role_permission` (
    `id` BIGINT NOT NULL COMMENT '主键ID',
    `role_id` BIGINT NOT NULL COMMENT '角色ID',
    `permission_id` BIGINT NOT NULL COMMENT '权限ID',
    `created_at` DATETIME DEFAULT CURRENT_TIMESTAMP COMMENT '创建时间',
    `created_by` VARCHAR(50) COMMENT '创建人',
    `updated_at` DATETIME DEFAULT CURRENT_TIMESTAMP ON UPDATE CURRENT_TIMESTAMP COMMENT '更新时间',
    `updated_by` VARCHAR(50) COMMENT '更新人',
    `deleted` TINYINT DEFAULT 0 COMMENT '逻辑删除标志：0-未删除，1-已删除',
    PRIMARY KEY (`id`),
    UNIQUE KEY `uk_role_permission` (`role_id`, `permission_id`),
    KEY `idx_permission_id` (`permission_id`)
) ENGINE=InnoDB DEFAULT CHARSET=utf8mb4 COLLATE=utf8mb4_unicode_ci COMMENT='角色权限关联表'
2026-05-23 19:02:50.221 [main] DEBUG o.f.c.internal.sqlscript.DefaultSqlScriptExecutor - 0 rows affected
2026-05-23 19:02:50.221 [main] DEBUG org.flywaydb.core.internal.command.DbMigrate - Successfully completed migration of schema `admin_scaffold_test` to version "1 - init schema"
2026-05-23 19:02:50.235 [main] DEBUG o.f.c.i.schemahistory.JdbcTableSchemaHistory - Schema History table `admin_scaffold_test`.`flyway_schema_history` successfully updated to reflect changes
2026-05-23 19:02:50.255 [main] DEBUG o.f.core.api.configuration.ClassicConfiguration - CherryPickConfigurationExtension not found
2026-05-23 19:02:50.260 [main] DEBUG org.flywaydb.core.internal.parser.Parser - Parsing V2__add_menu_and_permission_fields.sql ...
2026-05-23 19:02:50.262 [main] DEBUG o.flywaydb.core.internal.sqlscript.ParserSqlScript - Found statement at line 7: -- V2: 添加菜单表和权限字段扩展
-- 任务: 创建 sys_menu 表，补充 sys_permission 字段，创建 sys_role_menu 关联表

-- ============================================================
-- 1. 创建菜单表 sys_menu
-- ============================================================
CREATE TABLE IF NOT EXISTS `sys_menu` (
    `id` BIGINT NOT NULL COMMENT '主键ID',
    `parent_id` BIGINT DEFAULT 0 COMMENT '父菜单ID，0表示顶级菜单',
    `name` VARCHAR(64) NOT NULL COMMENT '菜单名称',
    `path` VARCHAR(255) COMMENT '路由路径',
    `component` VARCHAR(255) COMMENT '前端组件路径',
    `icon` VARCHAR(64) COMMENT '图标',
    `sort_order` INT DEFAULT 0 COMMENT '排序号',
    `type` TINYINT NOT NULL COMMENT '类型：1-目录，2-菜单，3-按钮',
    `permission_code` VARCHAR(64) COMMENT '权限码',
    `visible` TINYINT DEFAULT 1 COMMENT '是否可见：0-隐藏，1-显示',
    `status` TINYINT DEFAULT 1 COMMENT '状态：0-禁用，1-启用',
    `created_at` DATETIME DEFAULT CURRENT_TIMESTAMP COMMENT '创建时间',
    `created_by` VARCHAR(50) COMMENT '创建人',
    `updated_at` DATETIME DEFAULT CURRENT_TIMESTAMP ON UPDATE CURRENT_TIMESTAMP COMMENT '更新时间',
    `updated_by` VARCHAR(50) COMMENT '更新人',
    `deleted` TINYINT DEFAULT 0 COMMENT '逻辑删除标志：0-未删除，1-已删除',
    `version` INT DEFAULT 1 COMMENT '版本号',
    PRIMARY KEY (`id`),
    KEY `idx_parent_id` (`parent_id`),
    KEY `idx_permission_code` (`permission_code`)
) ENGINE=InnoDB DEFAULT CHARSET=utf8mb4 COLLATE=utf8mb4_unicode_ci COMMENT='系统菜单表'
2026-05-23 19:02:50.262 [main] DEBUG o.flywaydb.core.internal.sqlscript.ParserSqlScript - Found statement at line 33: -- ============================================================
-- 2. 扩展 sys_permission 表字段
-- ============================================================
ALTER TABLE `sys_permission`
    ADD COLUMN `type` VARCHAR(32) COMMENT '权限类型：MENU-菜单权限，BUTTON-按钮权限，API-接口权限' AFTER `description`,
    ADD COLUMN `module` VARCHAR(64) COMMENT '所属模块，如 system、auth' AFTER `type`,
    ADD COLUMN `resource` VARCHAR(64) COMMENT '资源标识，如 user、role' AFTER `module`,
    ADD COLUMN `action` VARCHAR(32) COMMENT '操作类型，如 view、create、update、delete' AFTER `resource`
2026-05-23 19:02:50.262 [main] DEBUG o.flywaydb.core.internal.sqlscript.ParserSqlScript - Found statement at line 40: -- 为权限类型字段添加索引
ALTER TABLE `sys_permission`
    ADD KEY `idx_type` (`type`)
2026-05-23 19:02:50.263 [main] DEBUG o.flywaydb.core.internal.sqlscript.ParserSqlScript - Found statement at line 46: -- ============================================================
-- 3. 创建角色菜单关联表 sys_role_menu
-- ============================================================
CREATE TABLE IF NOT EXISTS `sys_role_menu` (
    `id` BIGINT NOT NULL COMMENT '主键ID',
    `role_id` BIGINT NOT NULL COMMENT '角色ID',
    `menu_id` BIGINT NOT NULL COMMENT '菜单ID',
    `created_at` DATETIME DEFAULT CURRENT_TIMESTAMP COMMENT '创建时间',
    `created_by` VARCHAR(50) COMMENT '创建人',
    `updated_at` DATETIME DEFAULT CURRENT_TIMESTAMP ON UPDATE CURRENT_TIMESTAMP COMMENT '更新时间',
    `updated_by` VARCHAR(50) COMMENT '更新人',
    `deleted` TINYINT DEFAULT 0 COMMENT '逻辑删除标志：0-未删除，1-已删除',
    PRIMARY KEY (`id`),
    UNIQUE KEY `uk_role_menu` (`role_id`, `menu_id`),
    KEY `idx_menu_id` (`menu_id`)
) ENGINE=InnoDB DEFAULT CHARSET=utf8mb4 COLLATE=utf8mb4_unicode_ci COMMENT='角色菜单关联表'
2026-05-23 19:02:50.264 [main] DEBUG org.flywaydb.core.internal.command.DbMigrate - Starting migration of schema `admin_scaffold_test` to version "2 - add menu and permission fields" ...
2026-05-23 19:02:50.268 [main] INFO  org.flywaydb.core.internal.command.DbMigrate - Migrating schema `admin_scaffold_test` to version "2 - add menu and permission fields"
2026-05-23 19:02:50.269 [main] DEBUG o.f.c.internal.sqlscript.DefaultSqlScriptExecutor - Executing SQL: -- V2: 添加菜单表和权限字段扩展
-- 任务: 创建 sys_menu 表，补充 sys_permission 字段，创建 sys_role_menu 关联表

-- ============================================================
-- 1. 创建菜单表 sys_menu
-- ============================================================
CREATE TABLE IF NOT EXISTS `sys_menu` (
    `id` BIGINT NOT NULL COMMENT '主键ID',
    `parent_id` BIGINT DEFAULT 0 COMMENT '父菜单ID，0表示顶级菜单',
    `name` VARCHAR(64) NOT NULL COMMENT '菜单名称',
    `path` VARCHAR(255) COMMENT '路由路径',
    `component` VARCHAR(255) COMMENT '前端组件路径',
    `icon` VARCHAR(64) COMMENT '图标',
    `sort_order` INT DEFAULT 0 COMMENT '排序号',
    `type` TINYINT NOT NULL COMMENT '类型：1-目录，2-菜单，3-按钮',
    `permission_code` VARCHAR(64) COMMENT '权限码',
    `visible` TINYINT DEFAULT 1 COMMENT '是否可见：0-隐藏，1-显示',
    `status` TINYINT DEFAULT 1 COMMENT '状态：0-禁用，1-启用',
    `created_at` DATETIME DEFAULT CURRENT_TIMESTAMP COMMENT '创建时间',
    `created_by` VARCHAR(50) COMMENT '创建人',
    `updated_at` DATETIME DEFAULT CURRENT_TIMESTAMP ON UPDATE CURRENT_TIMESTAMP COMMENT '更新时间',
    `updated_by` VARCHAR(50) COMMENT '更新人',
    `deleted` TINYINT DEFAULT 0 COMMENT '逻辑删除标志：0-未删除，1-已删除',
    `version` INT DEFAULT 1 COMMENT '版本号',
    PRIMARY KEY (`id`),
    KEY `idx_parent_id` (`parent_id`),
    KEY `idx_permission_code` (`permission_code`)
) ENGINE=InnoDB DEFAULT CHARSET=utf8mb4 COLLATE=utf8mb4_unicode_ci COMMENT='系统菜单表'
2026-05-23 19:02:50.336 [main] DEBUG o.f.c.internal.sqlscript.DefaultSqlScriptExecutor - 0 rows affected
2026-05-23 19:02:50.336 [main] DEBUG o.f.c.internal.sqlscript.DefaultSqlScriptExecutor - Executing SQL: -- ============================================================
-- 2. 扩展 sys_permission 表字段
-- ============================================================
ALTER TABLE `sys_permission`
    ADD COLUMN `type` VARCHAR(32) COMMENT '权限类型：MENU-菜单权限，BUTTON-按钮权限，API-接口权限' AFTER `description`,
    ADD COLUMN `module` VARCHAR(64) COMMENT '所属模块，如 system、auth' AFTER `type`,
    ADD COLUMN `resource` VARCHAR(64) COMMENT '资源标识，如 user、role' AFTER `module`,
    ADD COLUMN `action` VARCHAR(32) COMMENT '操作类型，如 view、create、update、delete' AFTER `resource`
2026-05-23 19:02:50.364 [main] DEBUG o.f.c.internal.sqlscript.DefaultSqlScriptExecutor - 0 rows affected
2026-05-23 19:02:50.364 [main] DEBUG o.f.c.internal.sqlscript.DefaultSqlScriptExecutor - Executing SQL: -- 为权限类型字段添加索引
ALTER TABLE `sys_permission`
    ADD KEY `idx_type` (`type`)
2026-05-23 19:02:50.392 [main] DEBUG o.f.c.internal.sqlscript.DefaultSqlScriptExecutor - 0 rows affected
2026-05-23 19:02:50.394 [main] DEBUG o.f.c.internal.sqlscript.DefaultSqlScriptExecutor - Executing SQL: -- ============================================================
-- 3. 创建角色菜单关联表 sys_role_menu
-- ============================================================
CREATE TABLE IF NOT EXISTS `sys_role_menu` (
    `id` BIGINT NOT NULL COMMENT '主键ID',
    `role_id` BIGINT NOT NULL COMMENT '角色ID',
    `menu_id` BIGINT NOT NULL COMMENT '菜单ID',
    `created_at` DATETIME DEFAULT CURRENT_TIMESTAMP COMMENT '创建时间',
    `created_by` VARCHAR(50) COMMENT '创建人',
    `updated_at` DATETIME DEFAULT CURRENT_TIMESTAMP ON UPDATE CURRENT_TIMESTAMP COMMENT '更新时间',
    `updated_by` VARCHAR(50) COMMENT '更新人',
    `deleted` TINYINT DEFAULT 0 COMMENT '逻辑删除标志：0-未删除，1-已删除',
    PRIMARY KEY (`id`),
    UNIQUE KEY `uk_role_menu` (`role_id`, `menu_id`),
    KEY `idx_menu_id` (`menu_id`)
) ENGINE=InnoDB DEFAULT CHARSET=utf8mb4 COLLATE=utf8mb4_unicode_ci COMMENT='角色菜单关联表'
2026-05-23 19:02:50.480 [main] DEBUG o.f.c.internal.sqlscript.DefaultSqlScriptExecutor - 0 rows affected
2026-05-23 19:02:50.480 [main] DEBUG org.flywaydb.core.internal.command.DbMigrate - Successfully completed migration of schema `admin_scaffold_test` to version "2 - add menu and permission fields"
2026-05-23 19:02:50.492 [main] DEBUG o.f.c.i.schemahistory.JdbcTableSchemaHistory - Schema History table `admin_scaffold_test`.`flyway_schema_history` successfully updated to reflect changes
2026-05-23 19:02:50.508 [main] DEBUG o.f.core.api.configuration.ClassicConfiguration - CherryPickConfigurationExtension not found
2026-05-23 19:02:50.514 [main] DEBUG org.flywaydb.core.internal.parser.Parser - Parsing V3__seed_data.sql ...
2026-05-23 19:02:50.515 [main] DEBUG o.flywaydb.core.internal.sqlscript.ParserSqlScript - Found statement at line 9: -- V3: 修复列名不匹配 + 种子数据
-- LOCAL-ONLY: 仅用于本地开发环境
-- 修复 V1 Schema 与 Entity 字段名之间的不一致（MyBatis-Plus 驼峰映射）

-- ============================================================
-- 1. 修复 sys_user 列名
-- ============================================================
-- status: TINYINT → VARCHAR(32)，映射 0→DISABLED, 1→ENABLED
ALTER TABLE `sys_user` MODIFY COLUMN `status` VARCHAR(32) NOT NULL DEFAULT 'ENABLED' COMMENT '状态(ENABLED/DISABLED/LOCKED)'
2026-05-23 19:02:50.515 [main] DEBUG o.flywaydb.core.internal.sqlscript.ParserSqlScript - Found statement at line 10: UPDATE `sys_user` SET `status` = CASE WHEN `status` = '0' THEN 'DISABLED' WHEN `status` = '1' THEN 'ENABLED' ELSE `status` END WHERE `status` IN ('0', '1')
2026-05-23 19:02:50.516 [main] DEBUG o.flywaydb.core.internal.sqlscript.ParserSqlScript - Found statement at line 12: -- password → password_hash
ALTER TABLE `sys_user` CHANGE COLUMN `password` `password_hash` VARCHAR(100) NOT NULL COMMENT '密码哈希'
2026-05-23 19:02:50.516 [main] DEBUG o.flywaydb.core.internal.sqlscript.ParserSqlScript - Found statement at line 14: -- avatar → avatar_file_id（类型不变仍为 VARCHAR，后续可通过新迁移改为 BIGINT）
ALTER TABLE `sys_user` CHANGE COLUMN `avatar` `avatar_file_id` VARCHAR(255) COMMENT '头像文件ID'
2026-05-23 19:02:50.516 [main] DEBUG o.flywaydb.core.internal.sqlscript.ParserSqlScript - Found statement at line 16: -- 添加缺失列
ALTER TABLE `sys_user` ADD COLUMN `token_version` INT DEFAULT 1 COMMENT 'token版本号' AFTER `status`
2026-05-23 19:02:50.516 [main] DEBUG o.flywaydb.core.internal.sqlscript.ParserSqlScript - Found statement at line 17: ALTER TABLE `sys_user` ADD COLUMN `last_login_at` DATETIME COMMENT '最后登录时间' AFTER `token_version`
2026-05-23 19:02:50.516 [main] DEBUG o.flywaydb.core.internal.sqlscript.ParserSqlScript - Found statement at line 18: ALTER TABLE `sys_user` ADD COLUMN `last_login_ip` VARCHAR(50) COMMENT '最后登录IP' AFTER `last_login_at`
2026-05-23 19:02:50.516 [main] DEBUG o.flywaydb.core.internal.sqlscript.ParserSqlScript - Found statement at line 19: ALTER TABLE `sys_user` ADD COLUMN `employee_id` BIGINT COMMENT '绑定员工ID' AFTER `avatar_file_id`
2026-05-23 19:02:50.516 [main] DEBUG o.flywaydb.core.internal.sqlscript.ParserSqlScript - Found statement at line 24: -- ============================================================
-- 1b. 修复 sys_user_role 缺失列
-- ============================================================
ALTER TABLE `sys_user_role` ADD COLUMN `version` INT DEFAULT 1 COMMENT '版本号' AFTER `deleted`
2026-05-23 19:02:50.516 [main] DEBUG o.flywaydb.core.internal.sqlscript.ParserSqlScript - Found statement at line 29: -- ============================================================
-- 1c. 修复 sys_role_permission 缺失列
-- ============================================================
ALTER TABLE `sys_role_permission` ADD COLUMN `version` INT DEFAULT 1 COMMENT '版本号' AFTER `deleted`
2026-05-23 19:02:50.516 [main] DEBUG o.flywaydb.core.internal.sqlscript.ParserSqlScript - Found statement at line 34: -- ============================================================
-- 1d. 修复 sys_role_menu 缺失列
-- ============================================================
ALTER TABLE `sys_role_menu` ADD COLUMN `version` INT DEFAULT 1 COMMENT '版本号' AFTER `deleted`
2026-05-23 19:02:50.516 [main] DEBUG o.flywaydb.core.internal.sqlscript.ParserSqlScript - Found statement at line 40: -- ============================================================
-- 2. 修复 sys_role 列名
-- ============================================================
-- status: TINYINT → VARCHAR(32)
ALTER TABLE `sys_role` MODIFY COLUMN `status` VARCHAR(32) NOT NULL DEFAULT 'ENABLED' COMMENT '状态(ENABLED/DISABLED)'
2026-05-23 19:02:50.516 [main] DEBUG o.flywaydb.core.internal.sqlscript.ParserSqlScript - Found statement at line 41: UPDATE `sys_role` SET `status` = CASE WHEN `status` = '0' THEN 'DISABLED' WHEN `status` = '1' THEN 'ENABLED' ELSE `status` END WHERE `status` IN ('0', '1')
2026-05-23 19:02:50.516 [main] DEBUG o.flywaydb.core.internal.sqlscript.ParserSqlScript - Found statement at line 43: -- role_name → name, role_code → code
ALTER TABLE `sys_role` CHANGE COLUMN `role_name` `name` VARCHAR(50) NOT NULL COMMENT '角色名称'
2026-05-23 19:02:50.516 [main] DEBUG o.flywaydb.core.internal.sqlscript.ParserSqlScript - Found statement at line 44: ALTER TABLE `sys_role` CHANGE COLUMN `role_code` `code` VARCHAR(50) NOT NULL COMMENT '角色编码'
2026-05-23 19:02:50.516 [main] DEBUG o.flywaydb.core.internal.sqlscript.ParserSqlScript - Found statement at line 46: -- 添加缺失列
ALTER TABLE `sys_role` ADD COLUMN `sort_order` INT DEFAULT 0 COMMENT '排序号' AFTER `description`
2026-05-23 19:02:50.516 [main] DEBUG o.flywaydb.core.internal.sqlscript.ParserSqlScript - Found statement at line 47: ALTER TABLE `sys_role` ADD COLUMN `data_scope_type` VARCHAR(32) DEFAULT 'SELF' COMMENT '数据权限范围' AFTER `sort_order`
2026-05-23 19:02:50.516 [main] DEBUG o.flywaydb.core.internal.sqlscript.ParserSqlScript - Found statement at line 53: -- ============================================================
-- 3. 修复 sys_permission 列名和类型
-- ============================================================
-- status: TINYINT → VARCHAR(32)
ALTER TABLE `sys_permission` MODIFY COLUMN `status` VARCHAR(32) NOT NULL DEFAULT 'ENABLED' COMMENT '状态'
2026-05-23 19:02:50.516 [main] DEBUG o.flywaydb.core.internal.sqlscript.ParserSqlScript - Found statement at line 54: UPDATE `sys_permission` SET `status` = CASE WHEN `status` = '0' THEN 'DISABLED' WHEN `status` = '1' THEN 'ENABLED' ELSE `status` END WHERE `status` IN ('0', '1')
2026-05-23 19:02:50.516 [main] DEBUG o.flywaydb.core.internal.sqlscript.ParserSqlScript - Found statement at line 56: -- permission_name → name, permission_code → code
ALTER TABLE `sys_permission` CHANGE COLUMN `permission_name` `name` VARCHAR(50) NOT NULL COMMENT '权限名称'
2026-05-23 19:02:50.516 [main] DEBUG o.flywaydb.core.internal.sqlscript.ParserSqlScript - Found statement at line 57: ALTER TABLE `sys_permission` CHANGE COLUMN `permission_code` `code` VARCHAR(100) NOT NULL COMMENT '权限编码'
2026-05-23 19:02:50.516 [main] DEBUG o.flywaydb.core.internal.sqlscript.ParserSqlScript - Found statement at line 59: -- 添加缺失列
ALTER TABLE `sys_permission` ADD COLUMN `sort_order` INT DEFAULT 0 COMMENT '排序号' AFTER `status`
2026-05-23 19:02:50.517 [main] DEBUG o.flywaydb.core.internal.sqlscript.ParserSqlScript - Found statement at line 64: -- ============================================================
-- 4. 种子数据：管理员角色
-- ============================================================
INSERT INTO sys_role (id, code, name, description, status, data_scope_type, sort_order, created_at, updated_at, created_by, updated_by, deleted, version)
VALUES (1, 'ADMIN', '超级管理员', '系统超级管理员，拥有所有权限', 'ENABLED', 'ALL', 1, NOW(), NOW(), 'system', 'system', 0, 1)
2026-05-23 19:02:50.517 [main] DEBUG o.flywaydb.core.internal.sqlscript.ParserSqlScript - Found statement at line 70: -- ============================================================
-- 5. 种子数据：普通用户角色
-- ============================================================
INSERT INTO sys_role (id, code, name, description, status, data_scope_type, sort_order, created_at, updated_at, created_by, updated_by, deleted, version)
VALUES (2, 'USER', '普通用户', '普通用户，拥有基本查看权限', 'ENABLED', 'SELF', 2, NOW(), NOW(), 'system', 'system', 0, 1)
2026-05-23 19:02:50.517 [main] DEBUG o.flywaydb.core.internal.sqlscript.ParserSqlScript - Found statement at line 76: -- ============================================================
-- 6. 种子数据：管理员用户（密码: admin123，BCrypt 加密）
-- ============================================================
INSERT INTO sys_user (id, username, password_hash, nickname, status, created_at, updated_at, created_by, updated_by, deleted, version)
VALUES (1, 'admin', '$2a$10$P6lqkvsCYZINKMUv0gjW7ON8IJB8UM71Rk4i9oAQxaHjSoXZ5TCLm', '超级管理员', 'ENABLED', NOW(), NOW(), 'system', 'system', 0, 1)
2026-05-23 19:02:50.517 [main] DEBUG o.flywaydb.core.internal.sqlscript.ParserSqlScript - Found statement at line 82: -- ============================================================
-- 7. 种子数据：测试用户（密码: test123，BCrypt 加密）
-- ============================================================
INSERT INTO sys_user (id, username, password_hash, nickname, status, created_at, updated_at, created_by, updated_by, deleted, version)
VALUES (2, 'testuser', '$2a$10$P6lqkvsCYZINKMUv0gjW7ON8IJB8UM71Rk4i9oAQxaHjSoXZ5TCLm', '测试用户', 'ENABLED', NOW(), NOW(), 'system', 'system', 0, 1)
2026-05-23 19:02:50.518 [main] DEBUG o.flywaydb.core.internal.sqlscript.ParserSqlScript - Found statement at line 88: -- ============================================================
-- 8. 关联管理员用户和角色
-- ============================================================
INSERT INTO sys_user_role (id, user_id, role_id, created_at, created_by, updated_at, updated_by, deleted)
VALUES (1, 1, 1, NOW(), 'system', NOW(), 'system', 0)
2026-05-23 19:02:50.518 [main] DEBUG o.flywaydb.core.internal.sqlscript.ParserSqlScript - Found statement at line 94: -- ============================================================
-- 9. 种子数据：基础权限
-- ============================================================
INSERT INTO sys_permission (id, code, name, description, status, type, module, resource, action, sort_order, created_at, updated_at, created_by, updated_by, deleted, version)
VALUES
(1, 'system:user:view', '查看用户', '查看用户信息', 'ENABLED', 'BUTTON', 'system', 'user', 'view', 1, NOW(), NOW(), 'system', 'system', 0, 1),
(2, 'system:user:create', '创建用户', '创建新用户', 'ENABLED', 'BUTTON', 'system', 'user', 'create', 2, NOW(), NOW(), 'system', 'system', 0, 1),
(3, 'system:user:update', '编辑用户', '编辑用户信息', 'ENABLED', 'BUTTON', 'system', 'user', 'update', 3, NOW(), NOW(), 'system', 'system', 0, 1),
(4, 'system:user:delete', '删除用户', '删除用户', 'ENABLED', 'BUTTON', 'system', 'user', 'delete', 4, NOW(), NOW(), 'system', 'system', 0, 1),
(5, 'system:role:view', '查看角色', '查看角色信息', 'ENABLED', 'BUTTON', 'system', 'role', 'view', 5, NOW(), NOW(), 'system', 'system', 0, 1),
(6, 'system:role:create', '创建角色', '创建新角色', 'ENABLED', 'BUTTON', 'system', 'role', 'create', 6, NOW(), NOW(), 'system', 'system', 0, 1),
(7, 'system:role:update', '编辑角色', '编辑角色信息', 'ENABLED', 'BUTTON', 'system', 'role', 'update', 7, NOW(), NOW(), 'system', 'system', 0, 1),
(8, 'system:role:delete', '删除角色', '删除角色', 'ENABLED', 'BUTTON', 'system', 'role', 'delete', 8, NOW(), NOW(), 'system', 'system', 0, 1)
2026-05-23 19:02:50.518 [main] DEBUG o.flywaydb.core.internal.sqlscript.ParserSqlScript - Found statement at line 108: -- ============================================================
-- 10. 种子数据：基础菜单
-- ============================================================
INSERT INTO sys_menu (id, parent_id, name, path, component, icon, sort_order, type, permission_code, visible, status, created_at, updated_at, created_by, updated_by, deleted, version)
VALUES
(1, 0, '系统管理', '/system', NULL, 'setting', 1, 1, NULL, 1, 1, NOW(), NOW(), 'system', 'system', 0, 1),
(2, 1, '用户管理', '/system/users', 'system/users/index', 'user', 1, 2, 'system:user:view', 1, 1, NOW(), NOW(), 'system', 'system', 0, 1),
(3, 1, '角色管理', '/system/roles', 'system/roles/index', 'team', 2, 2, 'system:role:view', 1, 1, NOW(), NOW(), 'system', 'system', 0, 1),
(4, 1, '权限管理', '/system/permissions', 'system/permissions/index', 'safety', 3, 2, 'system:permission:view', 1, 1, NOW(), NOW(), 'system', 'system', 0, 1),
(5, 1, '菜单管理', '/system/menus', 'system/menus/index', 'menu', 4, 2, 'system:menu:view', 1, 1, NOW(), NOW(), 'system', 'system', 0, 1)
2026-05-23 19:02:50.518 [main] DEBUG o.flywaydb.core.internal.sqlscript.ParserSqlScript - Found statement at line 119: -- ============================================================
-- 11. 关联管理员角色和所有权限
-- ============================================================
INSERT INTO sys_role_permission (id, role_id, permission_id, created_at, created_by, updated_at, updated_by, deleted)
VALUES
(1, 1, 1, NOW(), 'system', NOW(), 'system', 0),
(2, 1, 2, NOW(), 'system', NOW(), 'system', 0),
(3, 1, 3, NOW(), 'system', NOW(), 'system', 0),
(4, 1, 4, NOW(), 'system', NOW(), 'system', 0),
(5, 1, 5, NOW(), 'system', NOW(), 'system', 0),
(6, 1, 6, NOW(), 'system', NOW(), 'system', 0),
(7, 1, 7, NOW(), 'system', NOW(), 'system', 0),
(8, 1, 8, NOW(), 'system', NOW(), 'system', 0)
2026-05-23 19:02:50.519 [main] DEBUG o.flywaydb.core.internal.sqlscript.ParserSqlScript - Found statement at line 133: -- ============================================================
-- 12. 关联管理员角色和所有菜单
-- ============================================================
INSERT INTO sys_role_menu (id, role_id, menu_id, created_at, created_by, updated_at, updated_by, deleted)
VALUES
(1, 1, 1, NOW(), 'system', NOW(), 'system', 0),
(2, 1, 2, NOW(), 'system', NOW(), 'system', 0),
(3, 1, 3, NOW(), 'system', NOW(), 'system', 0),
(4, 1, 4, NOW(), 'system', NOW(), 'system', 0),
(5, 1, 5, NOW(), 'system', NOW(), 'system', 0)
2026-05-23 19:02:50.521 [main] DEBUG org.flywaydb.core.internal.command.DbMigrate - Starting migration of schema `admin_scaffold_test` to version "3 - seed data" ...
2026-05-23 19:02:50.525 [main] INFO  org.flywaydb.core.internal.command.DbMigrate - Migrating schema `admin_scaffold_test` to version "3 - seed data"
2026-05-23 19:02:50.526 [main] DEBUG o.f.c.internal.sqlscript.DefaultSqlScriptExecutor - Executing SQL: -- V3: 修复列名不匹配 + 种子数据
-- LOCAL-ONLY: 仅用于本地开发环境
-- 修复 V1 Schema 与 Entity 字段名之间的不一致（MyBatis-Plus 驼峰映射）

-- ============================================================
-- 1. 修复 sys_user 列名
-- ============================================================
-- status: TINYINT → VARCHAR(32)，映射 0→DISABLED, 1→ENABLED
ALTER TABLE `sys_user` MODIFY COLUMN `status` VARCHAR(32) NOT NULL DEFAULT 'ENABLED' COMMENT '状态(ENABLED/DISABLED/LOCKED)'
2026-05-23 19:02:50.672 [main] DEBUG o.f.c.internal.sqlscript.DefaultSqlScriptExecutor - 0 rows affected
2026-05-23 19:02:50.672 [main] DEBUG o.f.c.internal.sqlscript.DefaultSqlScriptExecutor - Executing SQL: UPDATE `sys_user` SET `status` = CASE WHEN `status` = '0' THEN 'DISABLED' WHEN `status` = '1' THEN 'ENABLED' ELSE `status` END WHERE `status` IN ('0', '1')
2026-05-23 19:02:50.675 [main] DEBUG o.f.c.internal.sqlscript.DefaultSqlScriptExecutor - 0 rows affected
2026-05-23 19:02:50.675 [main] DEBUG o.f.c.internal.sqlscript.DefaultSqlScriptExecutor - Executing SQL: -- password → password_hash
ALTER TABLE `sys_user` CHANGE COLUMN `password` `password_hash` VARCHAR(100) NOT NULL COMMENT '密码哈希'
2026-05-23 19:02:50.708 [main] DEBUG o.f.c.internal.sqlscript.DefaultSqlScriptExecutor - 0 rows affected
2026-05-23 19:02:50.708 [main] DEBUG o.f.c.internal.sqlscript.DefaultSqlScriptExecutor - Executing SQL: -- avatar → avatar_file_id（类型不变仍为 VARCHAR，后续可通过新迁移改为 BIGINT）
ALTER TABLE `sys_user` CHANGE COLUMN `avatar` `avatar_file_id` VARCHAR(255) COMMENT '头像文件ID'
2026-05-23 19:02:50.737 [main] DEBUG o.f.c.internal.sqlscript.DefaultSqlScriptExecutor - 0 rows affected
2026-05-23 19:02:50.737 [main] DEBUG o.f.c.internal.sqlscript.DefaultSqlScriptExecutor - Executing SQL: -- 添加缺失列
ALTER TABLE `sys_user` ADD COLUMN `token_version` INT DEFAULT 1 COMMENT 'token版本号' AFTER `status`
2026-05-23 19:02:50.764 [main] DEBUG o.f.c.internal.sqlscript.DefaultSqlScriptExecutor - 0 rows affected
2026-05-23 19:02:50.764 [main] DEBUG o.f.c.internal.sqlscript.DefaultSqlScriptExecutor - Executing SQL: ALTER TABLE `sys_user` ADD COLUMN `last_login_at` DATETIME COMMENT '最后登录时间' AFTER `token_version`
2026-05-23 19:02:50.790 [main] DEBUG o.f.c.internal.sqlscript.DefaultSqlScriptExecutor - 0 rows affected
2026-05-23 19:02:50.790 [main] DEBUG o.f.c.internal.sqlscript.DefaultSqlScriptExecutor - Executing SQL: ALTER TABLE `sys_user` ADD COLUMN `last_login_ip` VARCHAR(50) COMMENT '最后登录IP' AFTER `last_login_at`
2026-05-23 19:02:50.815 [main] DEBUG o.f.c.internal.sqlscript.DefaultSqlScriptExecutor - 0 rows affected
2026-05-23 19:02:50.815 [main] DEBUG o.f.c.internal.sqlscript.DefaultSqlScriptExecutor - Executing SQL: ALTER TABLE `sys_user` ADD COLUMN `employee_id` BIGINT COMMENT '绑定员工ID' AFTER `avatar_file_id`
2026-05-23 19:02:50.840 [main] DEBUG o.f.c.internal.sqlscript.DefaultSqlScriptExecutor - 0 rows affected
2026-05-23 19:02:50.840 [main] DEBUG o.f.c.internal.sqlscript.DefaultSqlScriptExecutor - Executing SQL: -- ============================================================
-- 1b. 修复 sys_user_role 缺失列
-- ============================================================
ALTER TABLE `sys_user_role` ADD COLUMN `version` INT DEFAULT 1 COMMENT '版本号' AFTER `deleted`
2026-05-23 19:02:50.866 [main] DEBUG o.f.c.internal.sqlscript.DefaultSqlScriptExecutor - 0 rows affected
2026-05-23 19:02:50.866 [main] DEBUG o.f.c.internal.sqlscript.DefaultSqlScriptExecutor - Executing SQL: -- ============================================================
-- 1c. 修复 sys_role_permission 缺失列
-- ============================================================
ALTER TABLE `sys_role_permission` ADD COLUMN `version` INT DEFAULT 1 COMMENT '版本号' AFTER `deleted`
2026-05-23 19:02:50.893 [main] DEBUG o.f.c.internal.sqlscript.DefaultSqlScriptExecutor - 0 rows affected
2026-05-23 19:02:50.893 [main] DEBUG o.f.c.internal.sqlscript.DefaultSqlScriptExecutor - Executing SQL: -- ============================================================
-- 1d. 修复 sys_role_menu 缺失列
-- ============================================================
ALTER TABLE `sys_role_menu` ADD COLUMN `version` INT DEFAULT 1 COMMENT '版本号' AFTER `deleted`
2026-05-23 19:02:50.918 [main] DEBUG o.f.c.internal.sqlscript.DefaultSqlScriptExecutor - 0 rows affected
2026-05-23 19:02:50.918 [main] DEBUG o.f.c.internal.sqlscript.DefaultSqlScriptExecutor - Executing SQL: -- ============================================================
-- 2. 修复 sys_role 列名
-- ============================================================
-- status: TINYINT → VARCHAR(32)
ALTER TABLE `sys_role` MODIFY COLUMN `status` VARCHAR(32) NOT NULL DEFAULT 'ENABLED' COMMENT '状态(ENABLED/DISABLED)'
2026-05-23 19:02:51.049 [main] DEBUG o.f.c.internal.sqlscript.DefaultSqlScriptExecutor - 0 rows affected
2026-05-23 19:02:51.049 [main] DEBUG o.f.c.internal.sqlscript.DefaultSqlScriptExecutor - Executing SQL: UPDATE `sys_role` SET `status` = CASE WHEN `status` = '0' THEN 'DISABLED' WHEN `status` = '1' THEN 'ENABLED' ELSE `status` END WHERE `status` IN ('0', '1')
2026-05-23 19:02:51.051 [main] DEBUG o.f.c.internal.sqlscript.DefaultSqlScriptExecutor - 0 rows affected
2026-05-23 19:02:51.051 [main] DEBUG o.f.c.internal.sqlscript.DefaultSqlScriptExecutor - Executing SQL: -- role_name → name, role_code → code
ALTER TABLE `sys_role` CHANGE COLUMN `role_name` `name` VARCHAR(50) NOT NULL COMMENT '角色名称'
2026-05-23 19:02:51.075 [main] DEBUG o.f.c.internal.sqlscript.DefaultSqlScriptExecutor - 0 rows affected
2026-05-23 19:02:51.075 [main] DEBUG o.f.c.internal.sqlscript.DefaultSqlScriptExecutor - Executing SQL: ALTER TABLE `sys_role` CHANGE COLUMN `role_code` `code` VARCHAR(50) NOT NULL COMMENT '角色编码'
2026-05-23 19:02:51.102 [main] DEBUG o.f.c.internal.sqlscript.DefaultSqlScriptExecutor - 0 rows affected
2026-05-23 19:02:51.102 [main] DEBUG o.f.c.internal.sqlscript.DefaultSqlScriptExecutor - Executing SQL: -- 添加缺失列
ALTER TABLE `sys_role` ADD COLUMN `sort_order` INT DEFAULT 0 COMMENT '排序号' AFTER `description`
2026-05-23 19:02:51.133 [main] DEBUG o.f.c.internal.sqlscript.DefaultSqlScriptExecutor - 0 rows affected
2026-05-23 19:02:51.133 [main] DEBUG o.f.c.internal.sqlscript.DefaultSqlScriptExecutor - Executing SQL: ALTER TABLE `sys_role` ADD COLUMN `data_scope_type` VARCHAR(32) DEFAULT 'SELF' COMMENT '数据权限范围' AFTER `sort_order`
2026-05-23 19:02:51.158 [main] DEBUG o.f.c.internal.sqlscript.DefaultSqlScriptExecutor - 0 rows affected
2026-05-23 19:02:51.158 [main] DEBUG o.f.c.internal.sqlscript.DefaultSqlScriptExecutor - Executing SQL: -- ============================================================
-- 3. 修复 sys_permission 列名和类型
-- ============================================================
-- status: TINYINT → VARCHAR(32)
ALTER TABLE `sys_permission` MODIFY COLUMN `status` VARCHAR(32) NOT NULL DEFAULT 'ENABLED' COMMENT '状态'
2026-05-23 19:02:51.294 [main] DEBUG o.f.c.internal.sqlscript.DefaultSqlScriptExecutor - 0 rows affected
2026-05-23 19:02:51.294 [main] DEBUG o.f.c.internal.sqlscript.DefaultSqlScriptExecutor - Executing SQL: UPDATE `sys_permission` SET `status` = CASE WHEN `status` = '0' THEN 'DISABLED' WHEN `status` = '1' THEN 'ENABLED' ELSE `status` END WHERE `status` IN ('0', '1')
2026-05-23 19:02:51.296 [main] DEBUG o.f.c.internal.sqlscript.DefaultSqlScriptExecutor - 0 rows affected
2026-05-23 19:02:51.296 [main] DEBUG o.f.c.internal.sqlscript.DefaultSqlScriptExecutor - Executing SQL: -- permission_name → name, permission_code → code
ALTER TABLE `sys_permission` CHANGE COLUMN `permission_name` `name` VARCHAR(50) NOT NULL COMMENT '权限名称'
2026-05-23 19:02:51.320 [main] DEBUG o.f.c.internal.sqlscript.DefaultSqlScriptExecutor - 0 rows affected
2026-05-23 19:02:51.320 [main] DEBUG o.f.c.internal.sqlscript.DefaultSqlScriptExecutor - Executing SQL: ALTER TABLE `sys_permission` CHANGE COLUMN `permission_code` `code` VARCHAR(100) NOT NULL COMMENT '权限编码'
2026-05-23 19:02:51.346 [main] DEBUG o.f.c.internal.sqlscript.DefaultSqlScriptExecutor - 0 rows affected
2026-05-23 19:02:51.346 [main] DEBUG o.f.c.internal.sqlscript.DefaultSqlScriptExecutor - Executing SQL: -- 添加缺失列
ALTER TABLE `sys_permission` ADD COLUMN `sort_order` INT DEFAULT 0 COMMENT '排序号' AFTER `status`
2026-05-23 19:02:51.372 [main] DEBUG o.f.c.internal.sqlscript.DefaultSqlScriptExecutor - 0 rows affected
2026-05-23 19:02:51.372 [main] DEBUG o.f.c.internal.sqlscript.DefaultSqlScriptExecutor - Executing SQL: -- ============================================================
-- 4. 种子数据：管理员角色
-- ============================================================
INSERT INTO sys_role (id, code, name, description, status, data_scope_type, sort_order, created_at, updated_at, created_by, updated_by, deleted, version)
VALUES (1, 'ADMIN', '超级管理员', '系统超级管理员，拥有所有权限', 'ENABLED', 'ALL', 1, NOW(), NOW(), 'system', 'system', 0, 1)
2026-05-23 19:02:51.375 [main] DEBUG o.f.c.internal.sqlscript.DefaultSqlScriptExecutor - 1 row affected
2026-05-23 19:02:51.375 [main] DEBUG o.f.c.internal.sqlscript.DefaultSqlScriptExecutor - Executing SQL: -- ============================================================
-- 5. 种子数据：普通用户角色
-- ============================================================
INSERT INTO sys_role (id, code, name, description, status, data_scope_type, sort_order, created_at, updated_at, created_by, updated_by, deleted, version)
VALUES (2, 'USER', '普通用户', '普通用户，拥有基本查看权限', 'ENABLED', 'SELF', 2, NOW(), NOW(), 'system', 'system', 0, 1)
2026-05-23 19:02:51.378 [main] DEBUG o.f.c.internal.sqlscript.DefaultSqlScriptExecutor - 1 row affected
2026-05-23 19:02:51.378 [main] DEBUG o.f.c.internal.sqlscript.DefaultSqlScriptExecutor - Executing SQL: -- ============================================================
-- 6. 种子数据：管理员用户（密码: admin123，BCrypt 加密）
-- ============================================================
INSERT INTO sys_user (id, username, password_hash, nickname, status, created_at, updated_at, created_by, updated_by, deleted, version)
VALUES (1, 'admin', '$2a$10$P6lqkvsCYZINKMUv0gjW7ON8IJB8UM71Rk4i9oAQxaHjSoXZ5TCLm', '超级管理员', 'ENABLED', NOW(), NOW(), 'system', 'system', 0, 1)
2026-05-23 19:02:51.379 [main] DEBUG o.f.c.internal.sqlscript.DefaultSqlScriptExecutor - 1 row affected
2026-05-23 19:02:51.380 [main] DEBUG o.f.c.internal.sqlscript.DefaultSqlScriptExecutor - Executing SQL: -- ============================================================
-- 7. 种子数据：测试用户（密码: test123，BCrypt 加密）
-- ============================================================
INSERT INTO sys_user (id, username, password_hash, nickname, status, created_at, updated_at, created_by, updated_by, deleted, version)
VALUES (2, 'testuser', '$2a$10$P6lqkvsCYZINKMUv0gjW7ON8IJB8UM71Rk4i9oAQxaHjSoXZ5TCLm', '测试用户', 'ENABLED', NOW(), NOW(), 'system', 'system', 0, 1)
2026-05-23 19:02:51.381 [main] DEBUG o.f.c.internal.sqlscript.DefaultSqlScriptExecutor - 1 row affected
2026-05-23 19:02:51.381 [main] DEBUG o.f.c.internal.sqlscript.DefaultSqlScriptExecutor - Executing SQL: -- ============================================================
-- 8. 关联管理员用户和角色
-- ============================================================
INSERT INTO sys_user_role (id, user_id, role_id, created_at, created_by, updated_at, updated_by, deleted)
VALUES (1, 1, 1, NOW(), 'system', NOW(), 'system', 0)
2026-05-23 19:02:51.383 [main] DEBUG o.f.c.internal.sqlscript.DefaultSqlScriptExecutor - 1 row affected
2026-05-23 19:02:51.383 [main] DEBUG o.f.c.internal.sqlscript.DefaultSqlScriptExecutor - Executing SQL: -- ============================================================
-- 9. 种子数据：基础权限
-- ============================================================
INSERT INTO sys_permission (id, code, name, description, status, type, module, resource, action, sort_order, created_at, updated_at, created_by, updated_by, deleted, version)
VALUES
(1, 'system:user:view', '查看用户', '查看用户信息', 'ENABLED', 'BUTTON', 'system', 'user', 'view', 1, NOW(), NOW(), 'system', 'system', 0, 1),
(2, 'system:user:create', '创建用户', '创建新用户', 'ENABLED', 'BUTTON', 'system', 'user', 'create', 2, NOW(), NOW(), 'system', 'system', 0, 1),
(3, 'system:user:update', '编辑用户', '编辑用户信息', 'ENABLED', 'BUTTON', 'system', 'user', 'update', 3, NOW(), NOW(), 'system', 'system', 0, 1),
(4, 'system:user:delete', '删除用户', '删除用户', 'ENABLED', 'BUTTON', 'system', 'user', 'delete', 4, NOW(), NOW(), 'system', 'system', 0, 1),
(5, 'system:role:view', '查看角色', '查看角色信息', 'ENABLED', 'BUTTON', 'system', 'role', 'view', 5, NOW(), NOW(), 'system', 'system', 0, 1),
(6, 'system:role:create', '创建角色', '创建新角色', 'ENABLED', 'BUTTON', 'system', 'role', 'create', 6, NOW(), NOW(), 'system', 'system', 0, 1),
(7, 'system:role:update', '编辑角色', '编辑角色信息', 'ENABLED', 'BUTTON', 'system', 'role', 'update', 7, NOW(), NOW(), 'system', 'system', 0, 1),
(8, 'system:role:delete', '删除角色', '删除角色', 'ENABLED', 'BUTTON', 'system', 'role', 'delete', 8, NOW(), NOW(), 'system', 'system', 0, 1)
2026-05-23 19:02:51.384 [main] DEBUG o.f.c.internal.sqlscript.DefaultSqlScriptExecutor - 8 rows affected
2026-05-23 19:02:51.384 [main] DEBUG o.f.c.internal.sqlscript.DefaultSqlScriptExecutor - Executing SQL: -- ============================================================
-- 10. 种子数据：基础菜单
-- ============================================================
INSERT INTO sys_menu (id, parent_id, name, path, component, icon, sort_order, type, permission_code, visible, status, created_at, updated_at, created_by, updated_by, deleted, version)
VALUES
(1, 0, '系统管理', '/system', NULL, 'setting', 1, 1, NULL, 1, 1, NOW(), NOW(), 'system', 'system', 0, 1),
(2, 1, '用户管理', '/system/users', 'system/users/index', 'user', 1, 2, 'system:user:view', 1, 1, NOW(), NOW(), 'system', 'system', 0, 1),
(3, 1, '角色管理', '/system/roles', 'system/roles/index', 'team', 2, 2, 'system:role:view', 1, 1, NOW(), NOW(), 'system', 'system', 0, 1),
(4, 1, '权限管理', '/system/permissions', 'system/permissions/index', 'safety', 3, 2, 'system:permission:view', 1, 1, NOW(), NOW(), 'system', 'system', 0, 1),
(5, 1, '菜单管理', '/system/menus', 'system/menus/index', 'menu', 4, 2, 'system:menu:view', 1, 1, NOW(), NOW(), 'system', 'system', 0, 1)
2026-05-23 19:02:51.387 [main] DEBUG o.f.c.internal.sqlscript.DefaultSqlScriptExecutor - 5 rows affected
2026-05-23 19:02:51.387 [main] DEBUG o.f.c.internal.sqlscript.DefaultSqlScriptExecutor - Executing SQL: -- ============================================================
-- 11. 关联管理员角色和所有权限
-- ============================================================
INSERT INTO sys_role_permission (id, role_id, permission_id, created_at, created_by, updated_at, updated_by, deleted)
VALUES
(1, 1, 1, NOW(), 'system', NOW(), 'system', 0),
(2, 1, 2, NOW(), 'system', NOW(), 'system', 0),
(3, 1, 3, NOW(), 'system', NOW(), 'system', 0),
(4, 1, 4, NOW(), 'system', NOW(), 'system', 0),
(5, 1, 5, NOW(), 'system', NOW(), 'system', 0),
(6, 1, 6, NOW(), 'system', NOW(), 'system', 0),
(7, 1, 7, NOW(), 'system', NOW(), 'system', 0),
(8, 1, 8, NOW(), 'system', NOW(), 'system', 0)
2026-05-23 19:02:51.389 [main] DEBUG o.f.c.internal.sqlscript.DefaultSqlScriptExecutor - 8 rows affected
2026-05-23 19:02:51.389 [main] DEBUG o.f.c.internal.sqlscript.DefaultSqlScriptExecutor - Executing SQL: -- ============================================================
-- 12. 关联管理员角色和所有菜单
-- ============================================================
INSERT INTO sys_role_menu (id, role_id, menu_id, created_at, created_by, updated_at, updated_by, deleted)
VALUES
(1, 1, 1, NOW(), 'system', NOW(), 'system', 0),
(2, 1, 2, NOW(), 'system', NOW(), 'system', 0),
(3, 1, 3, NOW(), 'system', NOW(), 'system', 0),
(4, 1, 4, NOW(), 'system', NOW(), 'system', 0),
(5, 1, 5, NOW(), 'system', NOW(), 'system', 0)
2026-05-23 19:02:51.391 [main] DEBUG o.f.c.internal.sqlscript.DefaultSqlScriptExecutor - 5 rows affected
2026-05-23 19:02:51.391 [main] DEBUG org.flywaydb.core.internal.command.DbMigrate - Successfully completed migration of schema `admin_scaffold_test` to version "3 - seed data"
2026-05-23 19:02:51.401 [main] DEBUG o.f.c.i.schemahistory.JdbcTableSchemaHistory - Schema History table `admin_scaffold_test`.`flyway_schema_history` successfully updated to reflect changes
2026-05-23 19:02:51.420 [main] DEBUG o.f.core.api.configuration.ClassicConfiguration - CherryPickConfigurationExtension not found
2026-05-23 19:02:51.425 [main] DEBUG org.flywaydb.core.internal.parser.Parser - Parsing V4__add_employee_org_tables.sql ...
2026-05-23 19:02:51.427 [main] DEBUG o.flywaydb.core.internal.sqlscript.ParserSqlScript - Found statement at line 8: -- M3: 员工组织模块 - 新增4张表
-- hr_employee: 员工主数据表
-- org_unit: 组织架构表
-- employee_org: 员工-组织多对多关联表
-- sys_role_org: 角色-组织自定义数据权限范围表

-- 员工主数据表
CREATE TABLE IF NOT EXISTS `hr_employee` (
    `id` BIGINT NOT NULL AUTO_INCREMENT COMMENT '主键ID',
    `employee_no` VARCHAR(64) NOT NULL COMMENT '员工工号',
    `name` VARCHAR(100) NOT NULL COMMENT '员工姓名',
    `preferred_name` VARCHAR(100) COMMENT '常用名/花名',
    `mobile` VARCHAR(32) COMMENT '手机号',
    `email` VARCHAR(100) COMMENT '邮箱',
    `primary_org_id` BIGINT COMMENT '主组织ID',
    `job_title` VARCHAR(100) COMMENT '职位',
    `employment_status` VARCHAR(32) NOT NULL DEFAULT 'ACTIVE' COMMENT '在职状态(ACTIVE/RESIGNED/SUSPENDED)',
    `entry_date` DATE COMMENT '入职日期',
    `leave_date` DATE COMMENT '离职日期',
    `source_type` VARCHAR(32) NOT NULL DEFAULT 'MANUAL' COMMENT '数据来源(MANUAL/IMPORT/API)',
    `created_at` DATETIME DEFAULT CURRENT_TIMESTAMP COMMENT '创建时间',
    `created_by` VARCHAR(50) COMMENT '创建人',
    `updated_at` DATETIME DEFAULT CURRENT_TIMESTAMP ON UPDATE CURRENT_TIMESTAMP COMMENT '更新时间',
    `updated_by` VARCHAR(50) COMMENT '更新人',
    `deleted` INT DEFAULT 0 COMMENT '逻辑删除标志：0-未删除，1-已删除',
    `version` INT DEFAULT 1 COMMENT '版本号',
    PRIMARY KEY (`id`),
    UNIQUE KEY `uk_employee_no` (`employee_no`),
    KEY `idx_name` (`name`),
    KEY `idx_mobile` (`mobile`),
    KEY `idx_primary_org_id` (`primary_org_id`),
    KEY `idx_employment_status` (`employment_status`)
) ENGINE=InnoDB DEFAULT CHARSET=utf8mb4 COLLATE=utf8mb4_0900_ai_ci COMMENT='员工主数据表'
2026-05-23 19:02:51.427 [main] DEBUG o.flywaydb.core.internal.sqlscript.ParserSqlScript - Found statement at line 36: -- 组织架构表
CREATE TABLE IF NOT EXISTS `org_unit` (
    `id` BIGINT NOT NULL AUTO_INCREMENT COMMENT '主键ID',
    `parent_id` BIGINT NOT NULL DEFAULT 0 COMMENT '父节点ID(0表示根节点)',
    `code` VARCHAR(64) NOT NULL COMMENT '组织编码',
    `name` VARCHAR(100) NOT NULL COMMENT '组织名称',
    `full_path` VARCHAR(500) COMMENT '完整路径(如/1/5/12/)',
    `level` INT DEFAULT 1 COMMENT '层级(从1开始)',
    `manager_employee_id` BIGINT COMMENT '负责人员工ID',
    `sort_order` INT DEFAULT 0 COMMENT '排序号',
    `status` VARCHAR(32) DEFAULT 'ENABLED' COMMENT '状态(ENABLED/DISABLED)',
    `source_type` VARCHAR(32) NOT NULL DEFAULT 'MANUAL' COMMENT '数据来源(MANUAL/IMPORT/API)',
    `created_at` DATETIME DEFAULT CURRENT_TIMESTAMP COMMENT '创建时间',
    `created_by` VARCHAR(50) COMMENT '创建人',
    `updated_at` DATETIME DEFAULT CURRENT_TIMESTAMP ON UPDATE CURRENT_TIMESTAMP COMMENT '更新时间',
    `updated_by` VARCHAR(50) COMMENT '更新人',
    `deleted` INT DEFAULT 0 COMMENT '逻辑删除标志：0-未删除，1-已删除',
    `version` INT DEFAULT 1 COMMENT '版本号',
    PRIMARY KEY (`id`),
    UNIQUE KEY `uk_code` (`code`),
    KEY `idx_parent_id` (`parent_id`),
    KEY `idx_manager_employee_id` (`manager_employee_id`)
) ENGINE=InnoDB DEFAULT CHARSET=utf8mb4 COLLATE=utf8mb4_0900_ai_ci COMMENT='组织架构表'
2026-05-23 19:02:51.428 [main] DEBUG o.flywaydb.core.internal.sqlscript.ParserSqlScript - Found statement at line 60: -- 员工-组织多对多关联表
CREATE TABLE IF NOT EXISTS `employee_org` (
    `id` BIGINT NOT NULL AUTO_INCREMENT COMMENT '主键ID',
    `employee_id` BIGINT NOT NULL COMMENT '员工ID',
    `org_id` BIGINT NOT NULL COMMENT '组织ID',
    `is_primary` TINYINT DEFAULT 0 COMMENT '是否主组织(0-否，1-是)',
    `position_name` VARCHAR(100) COMMENT '岗位名称',
    `start_date` DATE COMMENT '开始日期',
    `end_date` DATE COMMENT '结束日期',
    `status` VARCHAR(32) DEFAULT 'ACTIVE' COMMENT '状态(ACTIVE/INACTIVE)',
    `created_at` DATETIME DEFAULT CURRENT_TIMESTAMP COMMENT '创建时间',
    `created_by` VARCHAR(50) COMMENT '创建人',
    `updated_at` DATETIME DEFAULT CURRENT_TIMESTAMP ON UPDATE CURRENT_TIMESTAMP COMMENT '更新时间',
    `updated_by` VARCHAR(50) COMMENT '更新人',
    `deleted` INT DEFAULT 0 COMMENT '逻辑删除标志：0-未删除，1-已删除',
    `version` INT DEFAULT 1 COMMENT '版本号',
    PRIMARY KEY (`id`),
    UNIQUE KEY `uk_employee_org` (`employee_id`, `org_id`),
    KEY `idx_org_id` (`org_id`),
    KEY `idx_status` (`status`)
) ENGINE=InnoDB DEFAULT CHARSET=utf8mb4 COLLATE=utf8mb4_0900_ai_ci COMMENT='员工-组织关联表'
2026-05-23 19:02:51.429 [main] DEBUG o.flywaydb.core.internal.sqlscript.ParserSqlScript - Found statement at line 82: -- 角色-组织自定义数据权限范围表(物理删除，不做逻辑删除)
CREATE TABLE IF NOT EXISTS `sys_role_org` (
    `id` BIGINT NOT NULL AUTO_INCREMENT COMMENT '主键ID',
    `role_id` BIGINT NOT NULL COMMENT '角色ID',
    `org_id` BIGINT NOT NULL COMMENT '组织ID',
    `created_at` DATETIME DEFAULT CURRENT_TIMESTAMP COMMENT '创建时间',
    `created_by` VARCHAR(50) COMMENT '创建人',
    PRIMARY KEY (`id`),
    UNIQUE KEY `uk_role_org` (`role_id`, `org_id`),
    KEY `idx_org_id` (`org_id`)
) ENGINE=InnoDB DEFAULT CHARSET=utf8mb4 COLLATE=utf8mb4_0900_ai_ci COMMENT='角色-组织数据权限范围表'
2026-05-23 19:02:51.430 [main] DEBUG org.flywaydb.core.internal.command.DbMigrate - Starting migration of schema `admin_scaffold_test` to version "4 - add employee org tables" ...
2026-05-23 19:02:51.434 [main] INFO  org.flywaydb.core.internal.command.DbMigrate - Migrating schema `admin_scaffold_test` to version "4 - add employee org tables"
2026-05-23 19:02:51.435 [main] DEBUG o.f.c.internal.sqlscript.DefaultSqlScriptExecutor - Executing SQL: -- M3: 员工组织模块 - 新增4张表
-- hr_employee: 员工主数据表
-- org_unit: 组织架构表
-- employee_org: 员工-组织多对多关联表
-- sys_role_org: 角色-组织自定义数据权限范围表

-- 员工主数据表
CREATE TABLE IF NOT EXISTS `hr_employee` (
    `id` BIGINT NOT NULL AUTO_INCREMENT COMMENT '主键ID',
    `employee_no` VARCHAR(64) NOT NULL COMMENT '员工工号',
    `name` VARCHAR(100) NOT NULL COMMENT '员工姓名',
    `preferred_name` VARCHAR(100) COMMENT '常用名/花名',
    `mobile` VARCHAR(32) COMMENT '手机号',
    `email` VARCHAR(100) COMMENT '邮箱',
    `primary_org_id` BIGINT COMMENT '主组织ID',
    `job_title` VARCHAR(100) COMMENT '职位',
    `employment_status` VARCHAR(32) NOT NULL DEFAULT 'ACTIVE' COMMENT '在职状态(ACTIVE/RESIGNED/SUSPENDED)',
    `entry_date` DATE COMMENT '入职日期',
    `leave_date` DATE COMMENT '离职日期',
    `source_type` VARCHAR(32) NOT NULL DEFAULT 'MANUAL' COMMENT '数据来源(MANUAL/IMPORT/API)',
    `created_at` DATETIME DEFAULT CURRENT_TIMESTAMP COMMENT '创建时间',
    `created_by` VARCHAR(50) COMMENT '创建人',
    `updated_at` DATETIME DEFAULT CURRENT_TIMESTAMP ON UPDATE CURRENT_TIMESTAMP COMMENT '更新时间',
    `updated_by` VARCHAR(50) COMMENT '更新人',
    `deleted` INT DEFAULT 0 COMMENT '逻辑删除标志：0-未删除，1-已删除',
    `version` INT DEFAULT 1 COMMENT '版本号',
    PRIMARY KEY (`id`),
    UNIQUE KEY `uk_employee_no` (`employee_no`),
    KEY `idx_name` (`name`),
    KEY `idx_mobile` (`mobile`),
    KEY `idx_primary_org_id` (`primary_org_id`),
    KEY `idx_employment_status` (`employment_status`)
) ENGINE=InnoDB DEFAULT CHARSET=utf8mb4 COLLATE=utf8mb4_0900_ai_ci COMMENT='员工主数据表'
2026-05-23 19:02:51.533 [main] DEBUG o.f.c.internal.sqlscript.DefaultSqlScriptExecutor - 0 rows affected
2026-05-23 19:02:51.533 [main] DEBUG o.f.c.internal.sqlscript.DefaultSqlScriptExecutor - Executing SQL: -- 组织架构表
CREATE TABLE IF NOT EXISTS `org_unit` (
    `id` BIGINT NOT NULL AUTO_INCREMENT COMMENT '主键ID',
    `parent_id` BIGINT NOT NULL DEFAULT 0 COMMENT '父节点ID(0表示根节点)',
    `code` VARCHAR(64) NOT NULL COMMENT '组织编码',
    `name` VARCHAR(100) NOT NULL COMMENT '组织名称',
    `full_path` VARCHAR(500) COMMENT '完整路径(如/1/5/12/)',
    `level` INT DEFAULT 1 COMMENT '层级(从1开始)',
    `manager_employee_id` BIGINT COMMENT '负责人员工ID',
    `sort_order` INT DEFAULT 0 COMMENT '排序号',
    `status` VARCHAR(32) DEFAULT 'ENABLED' COMMENT '状态(ENABLED/DISABLED)',
    `source_type` VARCHAR(32) NOT NULL DEFAULT 'MANUAL' COMMENT '数据来源(MANUAL/IMPORT/API)',
    `created_at` DATETIME DEFAULT CURRENT_TIMESTAMP COMMENT '创建时间',
    `created_by` VARCHAR(50) COMMENT '创建人',
    `updated_at` DATETIME DEFAULT CURRENT_TIMESTAMP ON UPDATE CURRENT_TIMESTAMP COMMENT '更新时间',
    `updated_by` VARCHAR(50) COMMENT '更新人',
    `deleted` INT DEFAULT 0 COMMENT '逻辑删除标志：0-未删除，1-已删除',
    `version` INT DEFAULT 1 COMMENT '版本号',
    PRIMARY KEY (`id`),
    UNIQUE KEY `uk_code` (`code`),
    KEY `idx_parent_id` (`parent_id`),
    KEY `idx_manager_employee_id` (`manager_employee_id`)
) ENGINE=InnoDB DEFAULT CHARSET=utf8mb4 COLLATE=utf8mb4_0900_ai_ci COMMENT='组织架构表'
2026-05-23 19:02:51.603 [main] DEBUG o.f.c.internal.sqlscript.DefaultSqlScriptExecutor - 0 rows affected
2026-05-23 19:02:51.603 [main] DEBUG o.f.c.internal.sqlscript.DefaultSqlScriptExecutor - Executing SQL: -- 员工-组织多对多关联表
CREATE TABLE IF NOT EXISTS `employee_org` (
    `id` BIGINT NOT NULL AUTO_INCREMENT COMMENT '主键ID',
    `employee_id` BIGINT NOT NULL COMMENT '员工ID',
    `org_id` BIGINT NOT NULL COMMENT '组织ID',
    `is_primary` TINYINT DEFAULT 0 COMMENT '是否主组织(0-否，1-是)',
    `position_name` VARCHAR(100) COMMENT '岗位名称',
    `start_date` DATE COMMENT '开始日期',
    `end_date` DATE COMMENT '结束日期',
    `status` VARCHAR(32) DEFAULT 'ACTIVE' COMMENT '状态(ACTIVE/INACTIVE)',
    `created_at` DATETIME DEFAULT CURRENT_TIMESTAMP COMMENT '创建时间',
    `created_by` VARCHAR(50) COMMENT '创建人',
    `updated_at` DATETIME DEFAULT CURRENT_TIMESTAMP ON UPDATE CURRENT_TIMESTAMP COMMENT '更新时间',
    `updated_by` VARCHAR(50) COMMENT '更新人',
    `deleted` INT DEFAULT 0 COMMENT '逻辑删除标志：0-未删除，1-已删除',
    `version` INT DEFAULT 1 COMMENT '版本号',
    PRIMARY KEY (`id`),
    UNIQUE KEY `uk_employee_org` (`employee_id`, `org_id`),
    KEY `idx_org_id` (`org_id`),
    KEY `idx_status` (`status`)
) ENGINE=InnoDB DEFAULT CHARSET=utf8mb4 COLLATE=utf8mb4_0900_ai_ci COMMENT='员工-组织关联表'
2026-05-23 19:02:51.678 [main] DEBUG o.f.c.internal.sqlscript.DefaultSqlScriptExecutor - 0 rows affected
2026-05-23 19:02:51.678 [main] DEBUG o.f.c.internal.sqlscript.DefaultSqlScriptExecutor - Executing SQL: -- 角色-组织自定义数据权限范围表(物理删除，不做逻辑删除)
CREATE TABLE IF NOT EXISTS `sys_role_org` (
    `id` BIGINT NOT NULL AUTO_INCREMENT COMMENT '主键ID',
    `role_id` BIGINT NOT NULL COMMENT '角色ID',
    `org_id` BIGINT NOT NULL COMMENT '组织ID',
    `created_at` DATETIME DEFAULT CURRENT_TIMESTAMP COMMENT '创建时间',
    `created_by` VARCHAR(50) COMMENT '创建人',
    PRIMARY KEY (`id`),
    UNIQUE KEY `uk_role_org` (`role_id`, `org_id`),
    KEY `idx_org_id` (`org_id`)
) ENGINE=InnoDB DEFAULT CHARSET=utf8mb4 COLLATE=utf8mb4_0900_ai_ci COMMENT='角色-组织数据权限范围表'
2026-05-23 19:02:51.742 [main] DEBUG o.f.c.internal.sqlscript.DefaultSqlScriptExecutor - 0 rows affected
2026-05-23 19:02:51.742 [main] DEBUG org.flywaydb.core.internal.command.DbMigrate - Successfully completed migration of schema `admin_scaffold_test` to version "4 - add employee org tables"
2026-05-23 19:02:51.753 [main] DEBUG o.f.c.i.schemahistory.JdbcTableSchemaHistory - Schema History table `admin_scaffold_test`.`flyway_schema_history` successfully updated to reflect changes
2026-05-23 19:02:51.769 [main] DEBUG o.f.core.api.configuration.ClassicConfiguration - CherryPickConfigurationExtension not found
2026-05-23 19:02:51.776 [main] DEBUG org.flywaydb.core.internal.parser.Parser - Parsing V5__seed_data_org.sql ...
2026-05-23 19:02:51.777 [main] DEBUG o.flywaydb.core.internal.sqlscript.ParserSqlScript - Found statement at line 8: -- V5: 组织模块种子数据
-- LOCAL-ONLY: 仅用于本地开发环境
-- 依赖 V4 表结构

-- ============================================================
-- 1. 部门树：总公司(100) → 技术部(101)/产品部(102) → 后端组(103)/前端组(104)
-- ============================================================
INSERT INTO org_unit (id, parent_id, code, name, full_path, level, sort_order, status, source_type, created_at, updated_at, created_by, updated_by, deleted, version)
VALUES
(100, 0, 'HQ', '总公司', '/100/', 1, 1, 'ENABLED', 'MANUAL', NOW(), NOW(), 'system', 'system', 0, 1),
(101, 100, 'TECH', '技术部', '/100/101/', 2, 1, 'ENABLED', 'MANUAL', NOW(), NOW(), 'system', 'system', 0, 1),
(102, 100, 'PRODUCT', '产品部', '/100/102/', 2, 2, 'ENABLED', 'MANUAL', NOW(), NOW(), 'system', 'system', 0, 1),
(103, 101, 'BACKEND', '后端组', '/100/101/103/', 3, 1, 'ENABLED', 'MANUAL', NOW(), NOW(), 'system', 'system', 0, 1),
(104, 101, 'FRONTEND', '前端组', '/100/101/104/', 3, 2, 'ENABLED', 'MANUAL', NOW(), NOW(), 'system', 'system', 0, 1)
2026-05-23 19:02:51.777 [main] DEBUG o.flywaydb.core.internal.sqlscript.ParserSqlScript - Found statement at line 19: -- ============================================================
-- 2. 员工数据
-- ============================================================
INSERT INTO hr_employee (id, employee_no, name, mobile, email, primary_org_id, job_title, employment_status, entry_date, source_type, created_at, updated_at, created_by, updated_by, deleted, version)
VALUES
(100, 'EMP001', '张三', '13800000001', 'zhangsan@example.com', 101, '技术总监', 'ACTIVE', '2024-01-01', 'MANUAL', NOW(), NOW(), 'system', 'system', 0, 1),
(101, 'EMP002', '李四', '13800000002', 'lisi@example.com', 103, '后端开发', 'ACTIVE', '2024-03-15', 'MANUAL', NOW(), NOW(), 'system', 'system', 0, 1),
(102, 'EMP003', '王五', '13800000003', 'wangwu@example.com', 102, '产品经理', 'ACTIVE', '2024-06-01', 'MANUAL', NOW(), NOW(), 'system', 'system', 0, 1)
2026-05-23 19:02:51.777 [main] DEBUG o.flywaydb.core.internal.sqlscript.ParserSqlScript - Found statement at line 28: -- ============================================================
-- 3. 员工-组织关联
-- ============================================================
INSERT INTO employee_org (id, employee_id, org_id, is_primary, position_name, status, created_at, created_by, updated_at, updated_by, deleted, version)
VALUES
(1, 100, 101, 1, '技术总监', 'ACTIVE', NOW(), 'system', NOW(), 'system', 0, 1),
(2, 101, 103, 1, '后端开发', 'ACTIVE', NOW(), 'system', NOW(), 'system', 0, 1),
(3, 102, 102, 1, '产品经理', 'ACTIVE', NOW(), 'system', NOW(), 'system', 0, 1)
2026-05-23 19:02:51.778 [main] DEBUG o.flywaydb.core.internal.sqlscript.ParserSqlScript - Found statement at line 38: -- ============================================================
-- 4. 角色-组织关联（CUSTOM 数据权限）
-- role_id=2 为 V3 中的普通用户角色（USER），赋予技术部(101)的自定义数据权限
-- ============================================================
INSERT INTO sys_role_org (id, role_id, org_id, created_at, created_by)
VALUES
(1, 2, 101, NOW(), 'system'),
(2, 2, 102, NOW(), 'system')
2026-05-23 19:02:51.780 [main] DEBUG org.flywaydb.core.internal.command.DbMigrate - Starting migration of schema `admin_scaffold_test` to version "5 - seed data org" ...
2026-05-23 19:02:51.784 [main] INFO  org.flywaydb.core.internal.command.DbMigrate - Migrating schema `admin_scaffold_test` to version "5 - seed data org"
2026-05-23 19:02:51.785 [main] DEBUG o.f.c.internal.sqlscript.DefaultSqlScriptExecutor - Executing SQL: -- V5: 组织模块种子数据
-- LOCAL-ONLY: 仅用于本地开发环境
-- 依赖 V4 表结构

-- ============================================================
-- 1. 部门树：总公司(100) → 技术部(101)/产品部(102) → 后端组(103)/前端组(104)
-- ============================================================
INSERT INTO org_unit (id, parent_id, code, name, full_path, level, sort_order, status, source_type, created_at, updated_at, created_by, updated_by, deleted, version)
VALUES
(100, 0, 'HQ', '总公司', '/100/', 1, 1, 'ENABLED', 'MANUAL', NOW(), NOW(), 'system', 'system', 0, 1),
(101, 100, 'TECH', '技术部', '/100/101/', 2, 1, 'ENABLED', 'MANUAL', NOW(), NOW(), 'system', 'system', 0, 1),
(102, 100, 'PRODUCT', '产品部', '/100/102/', 2, 2, 'ENABLED', 'MANUAL', NOW(), NOW(), 'system', 'system', 0, 1),
(103, 101, 'BACKEND', '后端组', '/100/101/103/', 3, 1, 'ENABLED', 'MANUAL', NOW(), NOW(), 'system', 'system', 0, 1),
(104, 101, 'FRONTEND', '前端组', '/100/101/104/', 3, 2, 'ENABLED', 'MANUAL', NOW(), NOW(), 'system', 'system', 0, 1)
2026-05-23 19:02:51.788 [main] DEBUG o.f.c.internal.sqlscript.DefaultSqlScriptExecutor - 5 rows affected
2026-05-23 19:02:51.788 [main] DEBUG o.f.c.internal.sqlscript.DefaultSqlScriptExecutor - Executing SQL: -- ============================================================
-- 2. 员工数据
-- ============================================================
INSERT INTO hr_employee (id, employee_no, name, mobile, email, primary_org_id, job_title, employment_status, entry_date, source_type, created_at, updated_at, created_by, updated_by, deleted, version)
VALUES
(100, 'EMP001', '张三', '13800000001', 'zhangsan@example.com', 101, '技术总监', 'ACTIVE', '2024-01-01', 'MANUAL', NOW(), NOW(), 'system', 'system', 0, 1),
(101, 'EMP002', '李四', '13800000002', 'lisi@example.com', 103, '后端开发', 'ACTIVE', '2024-03-15', 'MANUAL', NOW(), NOW(), 'system', 'system', 0, 1),
(102, 'EMP003', '王五', '13800000003', 'wangwu@example.com', 102, '产品经理', 'ACTIVE', '2024-06-01', 'MANUAL', NOW(), NOW(), 'system', 'system', 0, 1)
2026-05-23 19:02:51.790 [main] DEBUG o.f.c.internal.sqlscript.DefaultSqlScriptExecutor - 3 rows affected
2026-05-23 19:02:51.790 [main] DEBUG o.f.c.internal.sqlscript.DefaultSqlScriptExecutor - Executing SQL: -- ============================================================
-- 3. 员工-组织关联
-- ============================================================
INSERT INTO employee_org (id, employee_id, org_id, is_primary, position_name, status, created_at, created_by, updated_at, updated_by, deleted, version)
VALUES
(1, 100, 101, 1, '技术总监', 'ACTIVE', NOW(), 'system', NOW(), 'system', 0, 1),
(2, 101, 103, 1, '后端开发', 'ACTIVE', NOW(), 'system', NOW(), 'system', 0, 1),
(3, 102, 102, 1, '产品经理', 'ACTIVE', NOW(), 'system', NOW(), 'system', 0, 1)
2026-05-23 19:02:51.793 [main] DEBUG o.f.c.internal.sqlscript.DefaultSqlScriptExecutor - 3 rows affected
2026-05-23 19:02:51.793 [main] DEBUG o.f.c.internal.sqlscript.DefaultSqlScriptExecutor - Executing SQL: -- ============================================================
-- 4. 角色-组织关联（CUSTOM 数据权限）
-- role_id=2 为 V3 中的普通用户角色（USER），赋予技术部(101)的自定义数据权限
-- ============================================================
INSERT INTO sys_role_org (id, role_id, org_id, created_at, created_by)
VALUES
(1, 2, 101, NOW(), 'system'),
(2, 2, 102, NOW(), 'system')
2026-05-23 19:02:51.796 [main] DEBUG o.f.c.internal.sqlscript.DefaultSqlScriptExecutor - 2 rows affected
2026-05-23 19:02:51.796 [main] DEBUG org.flywaydb.core.internal.command.DbMigrate - Successfully completed migration of schema `admin_scaffold_test` to version "5 - seed data org"
2026-05-23 19:02:51.804 [main] DEBUG o.f.c.i.schemahistory.JdbcTableSchemaHistory - Schema History table `admin_scaffold_test`.`flyway_schema_history` successfully updated to reflect changes
2026-05-23 19:02:51.820 [main] DEBUG o.f.core.api.configuration.ClassicConfiguration - CherryPickConfigurationExtension not found
2026-05-23 19:02:51.826 [main] INFO  org.flywaydb.core.internal.command.DbMigrate - Successfully applied 5 migrations to schema `admin_scaffold_test`, now at version v5 (execution time 00:01.737s)
2026-05-23 19:02:51.832 [main] DEBUG org.flywaydb.core.FlywayExecutor - Memory usage: 187 of 256M
2026-05-23 19:02:51.832 [main] INFO  i.g.l.admin.config.TestDatabaseInitializer - Flyway 迁移完成
2026-05-23 19:02:51.842 [main] DEBUG o.f.c.internal.scanner.classpath.ClassPathScanner - Scanning for classpath resources at 'classpath:db/callback' ...
2026-05-23 19:02:51.842 [main] DEBUG o.f.c.internal.scanner.classpath.ClassPathScanner - Determining location urls for classpath:db/callback using ClassLoader jdk.internal.loader.ClassLoaders$AppClassLoader@5c647e05 ...
2026-05-23 19:02:51.842 [main] DEBUG o.f.c.internal.scanner.classpath.ClassPathScanner - Unable to resolve location classpath:db/callback.
2026-05-23 19:02:51.843 [main] DEBUG o.f.c.internal.scanner.classpath.ClassPathScanner - Scanning for classpath resources at 'classpath:db/migration' ...
2026-05-23 19:02:51.843 [main] DEBUG o.f.c.internal.scanner.classpath.ClassPathScanner - Determining location urls for classpath:db/migration using ClassLoader jdk.internal.loader.ClassLoaders$AppClassLoader@5c647e05 ...
2026-05-23 19:02:51.843 [main] DEBUG o.f.c.internal.scanner.classpath.ClassPathScanner - Scanning URL: file:/C:/workspace/admin-management-scaffold/backend/target/classes/db/migration
2026-05-23 19:02:51.843 [main] DEBUG o.f.c.i.s.c.FileSystemClassPathLocationScanner - Scanning starting at classpath root in filesystem: C:\workspace\admin-management-scaffold\backend\target\classes\
2026-05-23 19:02:51.843 [main] DEBUG o.f.c.i.s.c.FileSystemClassPathLocationScanner - Scanning for resources in path: C:\workspace\admin-management-scaffold\backend\target\classes\db\migration (db/migration)
2026-05-23 19:02:51.846 [main] DEBUG o.f.c.internal.scanner.classpath.ClassPathScanner - Found resource: db/migration/V1__init_schema.sql
2026-05-23 19:02:51.846 [main] DEBUG o.f.c.internal.scanner.classpath.ClassPathScanner - Found resource: db/migration/V2__add_menu_and_permission_fields.sql
2026-05-23 19:02:51.846 [main] DEBUG o.f.c.internal.scanner.classpath.ClassPathScanner - Found resource: db/migration/V3__seed_data.sql
2026-05-23 19:02:51.846 [main] DEBUG o.f.c.internal.scanner.classpath.ClassPathScanner - Found resource: db/migration/V4__add_employee_org_tables.sql
2026-05-23 19:02:51.846 [main] DEBUG o.f.c.internal.scanner.classpath.ClassPathScanner - Found resource: db/migration/V5__seed_data_org.sql
2026-05-23 19:02:51.846 [main] DEBUG o.f.c.internal.scanner.classpath.ClassPathScanner - Scanning for classes at classpath:db/migration
2026-05-23 19:02:51.846 [main] DEBUG o.f.core.internal.resource.ResourceNameValidator - Validating V4__add_employee_org_tables.sql
2026-05-23 19:02:51.854 [main] DEBUG o.f.core.internal.resource.ResourceNameValidator - Validating V1__init_schema.sql
2026-05-23 19:02:51.854 [main] DEBUG o.f.core.internal.resource.ResourceNameValidator - Validating V2__add_menu_and_permission_fields.sql
2026-05-23 19:02:51.854 [main] DEBUG o.f.core.internal.resource.ResourceNameValidator - Validating V3__seed_data.sql
2026-05-23 19:02:51.854 [main] DEBUG o.f.core.internal.resource.ResourceNameValidator - Validating V5__seed_data_org.sql
2026-05-23 19:02:51.864 [main] INFO  org.flywaydb.core.FlywayExecutor - Database: jdbc:mysql://localhost:3306/admin_scaffold_test (MySQL 9.1)
2026-05-23 19:02:51.864 [main] DEBUG org.flywaydb.core.FlywayExecutor - Database Type: MySQL
2026-05-23 19:02:51.864 [main] DEBUG org.flywaydb.core.FlywayExecutor - Driver: MySQL Connector/J mysql-connector-j-8.3.0 (Revision: 805f872a57875f311cb82487efcfb070411a3fa0)
2026-05-23 19:02:51.864 [main] DEBUG org.flywaydb.core.FlywayExecutor - DDL Transactions Supported: false
2026-05-23 19:02:51.864 [main] DEBUG o.f.c.internal.schemahistory.SchemaHistoryFactory - Schemas: 
2026-05-23 19:02:51.864 [main] DEBUG o.f.c.internal.schemahistory.SchemaHistoryFactory - Default schema: null
2026-05-23 19:02:51.872 [main] WARN  org.flywaydb.core.internal.database.base.Database - Flyway upgrade recommended: MySQL 9.1 is newer than this version of Flyway and support has not been tested. The latest supported version of MySQL is 8.1.
2026-05-23 19:02:51.872 [main] DEBUG o.f.c.internal.callback.SqlScriptCallbackFactory - Scanning for SQL callbacks ...
2026-05-23 19:02:51.875 [main] DEBUG org.flywaydb.core.internal.command.DbSchemas - Skipping creation of existing schema: `admin_scaffold_test`
2026-05-23 19:02:51.883 [main] DEBUG o.f.core.api.configuration.ClassicConfiguration - CherryPickConfigurationExtension not found
2026-05-23 19:02:51.888 [main] DEBUG org.flywaydb.core.internal.scanner.Scanner - Filtering out resource: db/migration/V4__add_employee_org_tables.sql (filename: V4__add_employee_org_tables.sql)
2026-05-23 19:02:51.889 [main] DEBUG org.flywaydb.core.internal.scanner.Scanner - Filtering out resource: db/migration/V1__init_schema.sql (filename: V1__init_schema.sql)
2026-05-23 19:02:51.889 [main] DEBUG org.flywaydb.core.internal.scanner.Scanner - Filtering out resource: db/migration/V2__add_menu_and_permission_fields.sql (filename: V2__add_menu_and_permission_fields.sql)
2026-05-23 19:02:51.889 [main] DEBUG org.flywaydb.core.internal.scanner.Scanner - Filtering out resource: db/migration/V3__seed_data.sql (filename: V3__seed_data.sql)
2026-05-23 19:02:51.889 [main] DEBUG org.flywaydb.core.internal.scanner.Scanner - Filtering out resource: db/migration/V5__seed_data_org.sql (filename: V5__seed_data_org.sql)
2026-05-23 19:02:51.889 [main] DEBUG org.flywaydb.core.internal.scanner.Scanner - Filtering out resource: db/migration/V4__add_employee_org_tables.sql (filename: V4__add_employee_org_tables.sql)
2026-05-23 19:02:51.889 [main] DEBUG org.flywaydb.core.internal.scanner.Scanner - Filtering out resource: db/migration/V1__init_schema.sql (filename: V1__init_schema.sql)
2026-05-23 19:02:51.889 [main] DEBUG org.flywaydb.core.internal.scanner.Scanner - Filtering out resource: db/migration/V2__add_menu_and_permission_fields.sql (filename: V2__add_menu_and_permission_fields.sql)
2026-05-23 19:02:51.889 [main] DEBUG org.flywaydb.core.internal.scanner.Scanner - Filtering out resource: db/migration/V3__seed_data.sql (filename: V3__seed_data.sql)
2026-05-23 19:02:51.889 [main] DEBUG org.flywaydb.core.internal.scanner.Scanner - Filtering out resource: db/migration/V5__seed_data_org.sql (filename: V5__seed_data_org.sql)
2026-05-23 19:02:51.896 [main] INFO  org.flywaydb.core.internal.command.DbMigrate - Current version of schema `admin_scaffold_test`: 5
2026-05-23 19:02:51.897 [main] INFO  org.flywaydb.core.internal.command.DbMigrate - Schema `admin_scaffold_test` is up to date. No migration necessary.
2026-05-23 19:02:51.903 [main] DEBUG org.flywaydb.core.FlywayExecutor - Memory usage: 189 of 256M
 _ _   |_  _ _|_. ___ _ |    _ 
| | |\/|_)(_| | |_\  |_)||_|_\ 
     /               |         
                        3.5.16 
____ ____    ___ ____ _  _ ____ _  _ 
[__  |__| __  |  |  | |_/  |___ |\ | 
___] |  |     |  |__| | \_ |___ | \| 
https://sa-token.cc (v1.45.0)
2026-05-23 19:02:52.640 [main] INFO  i.g.l.a.o.e.controller.EmployeeControllerTest - Started EmployeeControllerTest in 4.105 seconds (process running for 60.174)
2026-05-23 19:02:52.651 [main] INFO  i.g.lystrosaurus.admin.filter.RequestLogFilter - 请求开始: PUT /app/employees/1  from 127.0.0.1
2026-05-23 19:02:52.660 [main] INFO  i.g.lystrosaurus.admin.filter.RequestLogFilter - 请求结束: PUT /app/employees/1 status=200 耗时=9ms
2026-05-23 19:02:52.668 [main] INFO  i.g.lystrosaurus.admin.filter.RequestLogFilter - 请求开始: GET /app/employees  from 127.0.0.1
2026-05-23 19:02:52.675 [main] INFO  i.g.lystrosaurus.admin.filter.RequestLogFilter - 请求结束: GET /app/employees status=200 耗时=7ms
2026-05-23 19:02:52.681 [main] INFO  i.g.lystrosaurus.admin.filter.RequestLogFilter - 请求开始: GET /app/employees/1  from 127.0.0.1
2026-05-23 19:02:52.688 [main] INFO  i.g.lystrosaurus.admin.filter.RequestLogFilter - 请求结束: GET /app/employees/1 status=200 耗时=7ms
2026-05-23 19:02:52.694 [main] INFO  i.g.lystrosaurus.admin.filter.RequestLogFilter - 请求开始: POST /app/employees  from 127.0.0.1
2026-05-23 19:02:52.704 [main] WARN  i.g.l.admin.handler.GlobalExceptionHandler - 参数校验失败: 员工姓名不能为空
2026-05-23 19:02:52.704 [main] INFO  i.g.lystrosaurus.admin.filter.RequestLogFilter - 请求结束: POST /app/employees status=400 耗时=10ms
2026-05-23 19:02:52.712 [main] INFO  i.g.lystrosaurus.admin.filter.RequestLogFilter - 请求开始: POST /app/employees  from 127.0.0.1
2026-05-23 19:02:52.716 [main] INFO  i.g.lystrosaurus.admin.filter.RequestLogFilter - 请求结束: POST /app/employees status=200 耗时=4ms
2026-05-23 19:02:52.724 [main] INFO  i.g.lystrosaurus.admin.filter.RequestLogFilter - 请求开始: POST /app/employees  from 127.0.0.1
2026-05-23 19:02:52.725 [main] WARN  i.g.l.admin.handler.GlobalExceptionHandler - 参数校验失败: 员工工号不能为空
2026-05-23 19:02:52.725 [main] INFO  i.g.lystrosaurus.admin.filter.RequestLogFilter - 请求结束: POST /app/employees status=400 耗时=1ms
2026-05-23 19:02:52.731 [main] INFO  i.g.lystrosaurus.admin.filter.RequestLogFilter - 请求开始: DELETE /app/employees/1  from 127.0.0.1
2026-05-23 19:02:52.733 [main] INFO  i.g.lystrosaurus.admin.filter.RequestLogFilter - 请求结束: DELETE /app/employees/1 status=200 耗时=2ms
2026-05-23 19:02:52.739 [main] INFO  i.g.lystrosaurus.admin.filter.RequestLogFilter - 请求开始: GET /app/employees/999  from 127.0.0.1
2026-05-23 19:02:52.741 [main] WARN  i.g.l.admin.handler.GlobalExceptionHandler - 业务异常: code=7001, message=员工不存在
2026-05-23 19:02:52.741 [main] INFO  i.g.lystrosaurus.admin.filter.RequestLogFilter - 请求结束: GET /app/employees/999 status=200 耗时=2ms

  .   ____          _            __ _ _
 /\\ / ___'_ __ _ _(_)_ __  __ _ \ \ \ \
( ( )\___ | '_ | '_| | '_ \/ _` | \ \ \ \
 \\/  ___)| |_)| | | | | || (_| |  ) ) ) )
  '  |____| .__|_| |_|_| |_\__, | / / / /
 =========|_|==============|___/=/_/_/_/
 :: Spring Boot ::                (v3.2.5)

2026-05-23 19:02:53.385 [main] INFO  i.g.l.a.o.orgunit.controller.OrgUnitControllerTest - Starting OrgUnitControllerTest using Java 21.0.5 with PID 54236 (started by lannt in C:\workspace\admin-management-scaffold\backend)
2026-05-23 19:02:53.385 [main] DEBUG i.g.l.a.o.orgunit.controller.OrgUnitControllerTest - Running with Spring Boot v3.2.5, Spring v6.1.6
2026-05-23 19:02:53.385 [main] INFO  i.g.l.a.o.orgunit.controller.OrgUnitControllerTest - The following 1 profile is active: "test"
2026-05-23 19:02:54.044 [main] INFO  i.g.l.admin.config.TestDatabaseInitializer - 测试数据库 admin_scaffold_test 创建成功或已存在
2026-05-23 19:02:54.604 [main] INFO  i.g.l.admin.config.TestDatabaseInitializer - 测试数据库已清理，将手动执行 Flyway 迁移
2026-05-23 19:02:54.611 [main] DEBUG o.f.c.internal.scanner.classpath.ClassPathScanner - Scanning for classpath resources at 'classpath:db/callback' ...
2026-05-23 19:02:54.611 [main] DEBUG o.f.c.internal.scanner.classpath.ClassPathScanner - Determining location urls for classpath:db/callback using ClassLoader jdk.internal.loader.ClassLoaders$AppClassLoader@5c647e05 ...
2026-05-23 19:02:54.611 [main] DEBUG o.f.c.internal.scanner.classpath.ClassPathScanner - Unable to resolve location classpath:db/callback.
2026-05-23 19:02:54.612 [main] DEBUG o.f.c.internal.scanner.classpath.ClassPathScanner - Scanning for classpath resources at 'classpath:db/migration' ...
2026-05-23 19:02:54.612 [main] DEBUG o.f.c.internal.scanner.classpath.ClassPathScanner - Determining location urls for classpath:db/migration using ClassLoader jdk.internal.loader.ClassLoaders$AppClassLoader@5c647e05 ...
2026-05-23 19:02:54.613 [main] DEBUG o.f.c.internal.scanner.classpath.ClassPathScanner - Scanning URL: file:/C:/workspace/admin-management-scaffold/backend/target/classes/db/migration
2026-05-23 19:02:54.613 [main] DEBUG o.f.c.i.s.c.FileSystemClassPathLocationScanner - Scanning starting at classpath root in filesystem: C:\workspace\admin-management-scaffold\backend\target\classes\
2026-05-23 19:02:54.613 [main] DEBUG o.f.c.i.s.c.FileSystemClassPathLocationScanner - Scanning for resources in path: C:\workspace\admin-management-scaffold\backend\target\classes\db\migration (db/migration)
2026-05-23 19:02:54.614 [main] DEBUG o.f.c.internal.scanner.classpath.ClassPathScanner - Found resource: db/migration/V1__init_schema.sql
2026-05-23 19:02:54.614 [main] DEBUG o.f.c.internal.scanner.classpath.ClassPathScanner - Found resource: db/migration/V2__add_menu_and_permission_fields.sql
2026-05-23 19:02:54.614 [main] DEBUG o.f.c.internal.scanner.classpath.ClassPathScanner - Found resource: db/migration/V3__seed_data.sql
2026-05-23 19:02:54.614 [main] DEBUG o.f.c.internal.scanner.classpath.ClassPathScanner - Found resource: db/migration/V4__add_employee_org_tables.sql
2026-05-23 19:02:54.614 [main] DEBUG o.f.c.internal.scanner.classpath.ClassPathScanner - Found resource: db/migration/V5__seed_data_org.sql
2026-05-23 19:02:54.614 [main] DEBUG o.f.c.internal.scanner.classpath.ClassPathScanner - Scanning for classes at classpath:db/migration
2026-05-23 19:02:54.614 [main] DEBUG o.f.core.internal.resource.ResourceNameValidator - Validating V4__add_employee_org_tables.sql
2026-05-23 19:02:54.614 [main] DEBUG o.f.core.internal.resource.ResourceNameValidator - Validating V1__init_schema.sql
2026-05-23 19:02:54.614 [main] DEBUG o.f.core.internal.resource.ResourceNameValidator - Validating V2__add_menu_and_permission_fields.sql
2026-05-23 19:02:54.614 [main] DEBUG o.f.core.internal.resource.ResourceNameValidator - Validating V3__seed_data.sql
2026-05-23 19:02:54.614 [main] DEBUG o.f.core.internal.resource.ResourceNameValidator - Validating V5__seed_data_org.sql
2026-05-23 19:02:54.625 [main] INFO  org.flywaydb.core.FlywayExecutor - Database: jdbc:mysql://localhost:3306/admin_scaffold_test (MySQL 9.1)
2026-05-23 19:02:54.625 [main] DEBUG org.flywaydb.core.FlywayExecutor - Database Type: MySQL
2026-05-23 19:02:54.625 [main] DEBUG org.flywaydb.core.FlywayExecutor - Driver: MySQL Connector/J mysql-connector-j-8.3.0 (Revision: 805f872a57875f311cb82487efcfb070411a3fa0)
2026-05-23 19:02:54.625 [main] DEBUG org.flywaydb.core.FlywayExecutor - DDL Transactions Supported: false
2026-05-23 19:02:54.625 [main] DEBUG o.f.c.internal.schemahistory.SchemaHistoryFactory - Schemas: 
2026-05-23 19:02:54.625 [main] DEBUG o.f.c.internal.schemahistory.SchemaHistoryFactory - Default schema: null
2026-05-23 19:02:54.632 [main] WARN  org.flywaydb.core.internal.database.base.Database - Flyway upgrade recommended: MySQL 9.1 is newer than this version of Flyway and support has not been tested. The latest supported version of MySQL is 8.1.
2026-05-23 19:02:54.632 [main] DEBUG o.f.c.internal.callback.SqlScriptCallbackFactory - Scanning for SQL callbacks ...
2026-05-23 19:02:54.633 [main] DEBUG org.flywaydb.core.internal.command.DbValidate - Validating migrations ...
2026-05-23 19:02:54.635 [main] DEBUG o.f.core.api.configuration.ClassicConfiguration - CherryPickConfigurationExtension not found
2026-05-23 19:02:54.639 [main] DEBUG org.flywaydb.core.internal.scanner.Scanner - Filtering out resource: db/migration/V4__add_employee_org_tables.sql (filename: V4__add_employee_org_tables.sql)
2026-05-23 19:02:54.639 [main] DEBUG org.flywaydb.core.internal.scanner.Scanner - Filtering out resource: db/migration/V1__init_schema.sql (filename: V1__init_schema.sql)
2026-05-23 19:02:54.639 [main] DEBUG org.flywaydb.core.internal.scanner.Scanner - Filtering out resource: db/migration/V2__add_menu_and_permission_fields.sql (filename: V2__add_menu_and_permission_fields.sql)
2026-05-23 19:02:54.639 [main] DEBUG org.flywaydb.core.internal.scanner.Scanner - Filtering out resource: db/migration/V3__seed_data.sql (filename: V3__seed_data.sql)
2026-05-23 19:02:54.639 [main] DEBUG org.flywaydb.core.internal.scanner.Scanner - Filtering out resource: db/migration/V5__seed_data_org.sql (filename: V5__seed_data_org.sql)
2026-05-23 19:02:54.639 [main] DEBUG org.flywaydb.core.internal.scanner.Scanner - Filtering out resource: db/migration/V4__add_employee_org_tables.sql (filename: V4__add_employee_org_tables.sql)
2026-05-23 19:02:54.639 [main] DEBUG org.flywaydb.core.internal.scanner.Scanner - Filtering out resource: db/migration/V1__init_schema.sql (filename: V1__init_schema.sql)
2026-05-23 19:02:54.639 [main] DEBUG org.flywaydb.core.internal.scanner.Scanner - Filtering out resource: db/migration/V2__add_menu_and_permission_fields.sql (filename: V2__add_menu_and_permission_fields.sql)
2026-05-23 19:02:54.639 [main] DEBUG org.flywaydb.core.internal.scanner.Scanner - Filtering out resource: db/migration/V3__seed_data.sql (filename: V3__seed_data.sql)
2026-05-23 19:02:54.639 [main] DEBUG org.flywaydb.core.internal.scanner.Scanner - Filtering out resource: db/migration/V5__seed_data_org.sql (filename: V5__seed_data_org.sql)
2026-05-23 19:02:54.645 [main] INFO  o.f.c.i.schemahistory.JdbcTableSchemaHistory - Schema history table `admin_scaffold_test`.`flyway_schema_history` does not exist yet
2026-05-23 19:02:54.647 [main] INFO  org.flywaydb.core.internal.command.DbValidate - Successfully validated 5 migrations (execution time 00:00.013s)
2026-05-23 19:02:54.648 [main] DEBUG org.flywaydb.core.internal.command.DbSchemas - Skipping creation of existing schema: `admin_scaffold_test`
2026-05-23 19:02:54.662 [main] INFO  o.f.c.i.schemahistory.JdbcTableSchemaHistory - Creating Schema History table `admin_scaffold_test`.`flyway_schema_history` ...
2026-05-23 19:02:54.664 [main] DEBUG org.flywaydb.core.internal.parser.Parser - Parsing  ...
2026-05-23 19:02:54.664 [main] DEBUG o.flywaydb.core.internal.sqlscript.ParserSqlScript - Found statement at line 1: CREATE TABLE `admin_scaffold_test`.`flyway_schema_history` (
    `installed_rank` INT NOT NULL,
    `version` VARCHAR(50),
    `description` VARCHAR(200) NOT NULL,
    `type` VARCHAR(20) NOT NULL,
    `script` VARCHAR(1000) NOT NULL,
    `checksum` INT,
    `installed_by` VARCHAR(100) NOT NULL,
    `installed_on` TIMESTAMP NOT NULL DEFAULT CURRENT_TIMESTAMP,
    `execution_time` INT NOT NULL,
    `success` BOOL NOT NULL,
    CONSTRAINT `flyway_schema_history_pk` PRIMARY KEY (`installed_rank`)
) ENGINE=InnoDB
2026-05-23 19:02:54.664 [main] DEBUG o.flywaydb.core.internal.sqlscript.ParserSqlScript - Found statement at line 14: CREATE INDEX `flyway_schema_history_s_idx` ON `admin_scaffold_test`.`flyway_schema_history` (`success`)
2026-05-23 19:02:54.664 [main] DEBUG o.f.c.internal.sqlscript.DefaultSqlScriptExecutor - Executing SQL: CREATE TABLE `admin_scaffold_test`.`flyway_schema_history` (
    `installed_rank` INT NOT NULL,
    `version` VARCHAR(50),
    `description` VARCHAR(200) NOT NULL,
    `type` VARCHAR(20) NOT NULL,
    `script` VARCHAR(1000) NOT NULL,
    `checksum` INT,
    `installed_by` VARCHAR(100) NOT NULL,
    `installed_on` TIMESTAMP NOT NULL DEFAULT CURRENT_TIMESTAMP,
    `execution_time` INT NOT NULL,
    `success` BOOL NOT NULL,
    CONSTRAINT `flyway_schema_history_pk` PRIMARY KEY (`installed_rank`)
) ENGINE=InnoDB
2026-05-23 19:02:54.714 [main] DEBUG o.f.c.internal.sqlscript.DefaultSqlScriptExecutor - 0 rows affected
2026-05-23 19:02:54.714 [main] DEBUG o.f.c.internal.sqlscript.DefaultSqlScriptExecutor - Executing SQL: CREATE INDEX `flyway_schema_history_s_idx` ON `admin_scaffold_test`.`flyway_schema_history` (`success`)
2026-05-23 19:02:54.745 [main] DEBUG o.f.c.internal.sqlscript.DefaultSqlScriptExecutor - 0 rows affected
2026-05-23 19:02:54.745 [main] DEBUG o.f.c.i.schemahistory.JdbcTableSchemaHistory - Created Schema History table `admin_scaffold_test`.`flyway_schema_history`
2026-05-23 19:02:54.753 [main] DEBUG o.f.core.api.configuration.ClassicConfiguration - CherryPickConfigurationExtension not found
2026-05-23 19:02:54.756 [main] INFO  org.flywaydb.core.internal.command.DbMigrate - Current version of schema `admin_scaffold_test`: << Empty Schema >>
2026-05-23 19:02:54.756 [main] DEBUG org.flywaydb.core.internal.parser.Parser - Parsing V1__init_schema.sql ...
2026-05-23 19:02:54.759 [main] DEBUG o.flywaydb.core.internal.sqlscript.ParserSqlScript - Found statement at line 3: -- 初始化数据库架构
-- 创建用户表
CREATE TABLE IF NOT EXISTS `sys_user` (
    `id` BIGINT NOT NULL COMMENT '主键ID',
    `username` VARCHAR(50) NOT NULL COMMENT '用户名',
    `password` VARCHAR(100) NOT NULL COMMENT '密码',
    `nickname` VARCHAR(50) COMMENT '昵称',
    `email` VARCHAR(100) COMMENT '邮箱',
    `phone` VARCHAR(20) COMMENT '手机号',
    `avatar` VARCHAR(255) COMMENT '头像',
    `status` TINYINT DEFAULT 1 COMMENT '状态：0-禁用，1-启用',
    `created_at` DATETIME DEFAULT CURRENT_TIMESTAMP COMMENT '创建时间',
    `updated_at` DATETIME DEFAULT CURRENT_TIMESTAMP ON UPDATE CURRENT_TIMESTAMP COMMENT '更新时间',
    `created_by` VARCHAR(50) COMMENT '创建人',
    `updated_by` VARCHAR(50) COMMENT '更新人',
    `deleted` TINYINT DEFAULT 0 COMMENT '逻辑删除标志：0-未删除，1-已删除',
    `version` INT DEFAULT 1 COMMENT '版本号',
    PRIMARY KEY (`id`),
    UNIQUE KEY `uk_username` (`username`),
    KEY `idx_email` (`email`),
    KEY `idx_phone` (`phone`)
) ENGINE=InnoDB DEFAULT CHARSET=utf8mb4 COLLATE=utf8mb4_unicode_ci COMMENT='系统用户表'
2026-05-23 19:02:54.759 [main] DEBUG o.flywaydb.core.internal.sqlscript.ParserSqlScript - Found statement at line 25: -- 创建角色表
CREATE TABLE IF NOT EXISTS `sys_role` (
    `id` BIGINT NOT NULL COMMENT '主键ID',
    `role_name` VARCHAR(50) NOT NULL COMMENT '角色名称',
    `role_code` VARCHAR(50) NOT NULL COMMENT '角色编码',
    `description` VARCHAR(255) COMMENT '描述',
    `status` TINYINT DEFAULT 1 COMMENT '状态：0-禁用，1-启用',
    `created_at` DATETIME DEFAULT CURRENT_TIMESTAMP COMMENT '创建时间',
    `updated_at` DATETIME DEFAULT CURRENT_TIMESTAMP ON UPDATE CURRENT_TIMESTAMP COMMENT '更新时间',
    `created_by` VARCHAR(50) COMMENT '创建人',
    `updated_by` VARCHAR(50) COMMENT '更新人',
    `deleted` TINYINT DEFAULT 0 COMMENT '逻辑删除标志：0-未删除，1-已删除',
    `version` INT DEFAULT 1 COMMENT '版本号',
    PRIMARY KEY (`id`),
    UNIQUE KEY `uk_role_code` (`role_code`)
) ENGINE=InnoDB DEFAULT CHARSET=utf8mb4 COLLATE=utf8mb4_unicode_ci COMMENT='系统角色表'
2026-05-23 19:02:54.759 [main] DEBUG o.flywaydb.core.internal.sqlscript.ParserSqlScript - Found statement at line 42: -- 创建用户角色关联表
CREATE TABLE IF NOT EXISTS `sys_user_role` (
    `id` BIGINT NOT NULL COMMENT '主键ID',
    `user_id` BIGINT NOT NULL COMMENT '用户ID',
    `role_id` BIGINT NOT NULL COMMENT '角色ID',
    `created_at` DATETIME DEFAULT CURRENT_TIMESTAMP COMMENT '创建时间',
    `created_by` VARCHAR(50) COMMENT '创建人',
    `updated_at` DATETIME DEFAULT CURRENT_TIMESTAMP ON UPDATE CURRENT_TIMESTAMP COMMENT '更新时间',
    `updated_by` VARCHAR(50) COMMENT '更新人',
    `deleted` TINYINT DEFAULT 0 COMMENT '逻辑删除标志：0-未删除，1-已删除',
    PRIMARY KEY (`id`),
    UNIQUE KEY `uk_user_role` (`user_id`, `role_id`),
    KEY `idx_role_id` (`role_id`)
) ENGINE=InnoDB DEFAULT CHARSET=utf8mb4 COLLATE=utf8mb4_unicode_ci COMMENT='用户角色关联表'
2026-05-23 19:02:54.759 [main] DEBUG o.flywaydb.core.internal.sqlscript.ParserSqlScript - Found statement at line 57: -- 创建权限表
CREATE TABLE IF NOT EXISTS `sys_permission` (
    `id` BIGINT NOT NULL COMMENT '主键ID',
    `permission_name` VARCHAR(50) NOT NULL COMMENT '权限名称',
    `permission_code` VARCHAR(100) NOT NULL COMMENT '权限编码',
    `description` VARCHAR(255) COMMENT '描述',
    `status` TINYINT DEFAULT 1 COMMENT '状态：0-禁用，1-启用',
    `created_at` DATETIME DEFAULT CURRENT_TIMESTAMP COMMENT '创建时间',
    `updated_at` DATETIME DEFAULT CURRENT_TIMESTAMP ON UPDATE CURRENT_TIMESTAMP COMMENT '更新时间',
    `created_by` VARCHAR(50) COMMENT '创建人',
    `updated_by` VARCHAR(50) COMMENT '更新人',
    `deleted` TINYINT DEFAULT 0 COMMENT '逻辑删除标志：0-未删除，1-已删除',
    `version` INT DEFAULT 1 COMMENT '版本号',
    PRIMARY KEY (`id`),
    UNIQUE KEY `uk_permission_code` (`permission_code`)
) ENGINE=InnoDB DEFAULT CHARSET=utf8mb4 COLLATE=utf8mb4_unicode_ci COMMENT='系统权限表'
2026-05-23 19:02:54.760 [main] DEBUG o.flywaydb.core.internal.sqlscript.ParserSqlScript - Found statement at line 74: -- 创建角色权限关联表
CREATE TABLE IF NOT EXISTS `sys_role_permission` (
    `id` BIGINT NOT NULL COMMENT '主键ID',
    `role_id` BIGINT NOT NULL COMMENT '角色ID',
    `permission_id` BIGINT NOT NULL COMMENT '权限ID',
    `created_at` DATETIME DEFAULT CURRENT_TIMESTAMP COMMENT '创建时间',
    `created_by` VARCHAR(50) COMMENT '创建人',
    `updated_at` DATETIME DEFAULT CURRENT_TIMESTAMP ON UPDATE CURRENT_TIMESTAMP COMMENT '更新时间',
    `updated_by` VARCHAR(50) COMMENT '更新人',
    `deleted` TINYINT DEFAULT 0 COMMENT '逻辑删除标志：0-未删除，1-已删除',
    PRIMARY KEY (`id`),
    UNIQUE KEY `uk_role_permission` (`role_id`, `permission_id`),
    KEY `idx_permission_id` (`permission_id`)
) ENGINE=InnoDB DEFAULT CHARSET=utf8mb4 COLLATE=utf8mb4_unicode_ci COMMENT='角色权限关联表'
2026-05-23 19:02:54.761 [main] DEBUG org.flywaydb.core.internal.command.DbMigrate - Starting migration of schema `admin_scaffold_test` to version "1 - init schema" ...
2026-05-23 19:02:54.764 [main] INFO  org.flywaydb.core.internal.command.DbMigrate - Migrating schema `admin_scaffold_test` to version "1 - init schema"
2026-05-23 19:02:54.765 [main] DEBUG o.f.c.internal.sqlscript.DefaultSqlScriptExecutor - Executing SQL: -- 初始化数据库架构
-- 创建用户表
CREATE TABLE IF NOT EXISTS `sys_user` (
    `id` BIGINT NOT NULL COMMENT '主键ID',
    `username` VARCHAR(50) NOT NULL COMMENT '用户名',
    `password` VARCHAR(100) NOT NULL COMMENT '密码',
    `nickname` VARCHAR(50) COMMENT '昵称',
    `email` VARCHAR(100) COMMENT '邮箱',
    `phone` VARCHAR(20) COMMENT '手机号',
    `avatar` VARCHAR(255) COMMENT '头像',
    `status` TINYINT DEFAULT 1 COMMENT '状态：0-禁用，1-启用',
    `created_at` DATETIME DEFAULT CURRENT_TIMESTAMP COMMENT '创建时间',
    `updated_at` DATETIME DEFAULT CURRENT_TIMESTAMP ON UPDATE CURRENT_TIMESTAMP COMMENT '更新时间',
    `created_by` VARCHAR(50) COMMENT '创建人',
    `updated_by` VARCHAR(50) COMMENT '更新人',
    `deleted` TINYINT DEFAULT 0 COMMENT '逻辑删除标志：0-未删除，1-已删除',
    `version` INT DEFAULT 1 COMMENT '版本号',
    PRIMARY KEY (`id`),
    UNIQUE KEY `uk_username` (`username`),
    KEY `idx_email` (`email`),
    KEY `idx_phone` (`phone`)
) ENGINE=InnoDB DEFAULT CHARSET=utf8mb4 COLLATE=utf8mb4_unicode_ci COMMENT='系统用户表'
2026-05-23 19:02:54.836 [main] DEBUG o.f.c.internal.sqlscript.DefaultSqlScriptExecutor - 0 rows affected
2026-05-23 19:02:54.836 [main] DEBUG o.f.c.internal.sqlscript.DefaultSqlScriptExecutor - Executing SQL: -- 创建角色表
CREATE TABLE IF NOT EXISTS `sys_role` (
    `id` BIGINT NOT NULL COMMENT '主键ID',
    `role_name` VARCHAR(50) NOT NULL COMMENT '角色名称',
    `role_code` VARCHAR(50) NOT NULL COMMENT '角色编码',
    `description` VARCHAR(255) COMMENT '描述',
    `status` TINYINT DEFAULT 1 COMMENT '状态：0-禁用，1-启用',
    `created_at` DATETIME DEFAULT CURRENT_TIMESTAMP COMMENT '创建时间',
    `updated_at` DATETIME DEFAULT CURRENT_TIMESTAMP ON UPDATE CURRENT_TIMESTAMP COMMENT '更新时间',
    `created_by` VARCHAR(50) COMMENT '创建人',
    `updated_by` VARCHAR(50) COMMENT '更新人',
    `deleted` TINYINT DEFAULT 0 COMMENT '逻辑删除标志：0-未删除，1-已删除',
    `version` INT DEFAULT 1 COMMENT '版本号',
    PRIMARY KEY (`id`),
    UNIQUE KEY `uk_role_code` (`role_code`)
) ENGINE=InnoDB DEFAULT CHARSET=utf8mb4 COLLATE=utf8mb4_unicode_ci COMMENT='系统角色表'
2026-05-23 19:02:54.891 [main] DEBUG o.f.c.internal.sqlscript.DefaultSqlScriptExecutor - 0 rows affected
2026-05-23 19:02:54.891 [main] DEBUG o.f.c.internal.sqlscript.DefaultSqlScriptExecutor - Executing SQL: -- 创建用户角色关联表
CREATE TABLE IF NOT EXISTS `sys_user_role` (
    `id` BIGINT NOT NULL COMMENT '主键ID',
    `user_id` BIGINT NOT NULL COMMENT '用户ID',
    `role_id` BIGINT NOT NULL COMMENT '角色ID',
    `created_at` DATETIME DEFAULT CURRENT_TIMESTAMP COMMENT '创建时间',
    `created_by` VARCHAR(50) COMMENT '创建人',
    `updated_at` DATETIME DEFAULT CURRENT_TIMESTAMP ON UPDATE CURRENT_TIMESTAMP COMMENT '更新时间',
    `updated_by` VARCHAR(50) COMMENT '更新人',
    `deleted` TINYINT DEFAULT 0 COMMENT '逻辑删除标志：0-未删除，1-已删除',
    PRIMARY KEY (`id`),
    UNIQUE KEY `uk_user_role` (`user_id`, `role_id`),
    KEY `idx_role_id` (`role_id`)
) ENGINE=InnoDB DEFAULT CHARSET=utf8mb4 COLLATE=utf8mb4_unicode_ci COMMENT='用户角色关联表'
2026-05-23 19:02:54.954 [main] DEBUG o.f.c.internal.sqlscript.DefaultSqlScriptExecutor - 0 rows affected
2026-05-23 19:02:54.954 [main] DEBUG o.f.c.internal.sqlscript.DefaultSqlScriptExecutor - Executing SQL: -- 创建权限表
CREATE TABLE IF NOT EXISTS `sys_permission` (
    `id` BIGINT NOT NULL COMMENT '主键ID',
    `permission_name` VARCHAR(50) NOT NULL COMMENT '权限名称',
    `permission_code` VARCHAR(100) NOT NULL COMMENT '权限编码',
    `description` VARCHAR(255) COMMENT '描述',
    `status` TINYINT DEFAULT 1 COMMENT '状态：0-禁用，1-启用',
    `created_at` DATETIME DEFAULT CURRENT_TIMESTAMP COMMENT '创建时间',
    `updated_at` DATETIME DEFAULT CURRENT_TIMESTAMP ON UPDATE CURRENT_TIMESTAMP COMMENT '更新时间',
    `created_by` VARCHAR(50) COMMENT '创建人',
    `updated_by` VARCHAR(50) COMMENT '更新人',
    `deleted` TINYINT DEFAULT 0 COMMENT '逻辑删除标志：0-未删除，1-已删除',
    `version` INT DEFAULT 1 COMMENT '版本号',
    PRIMARY KEY (`id`),
    UNIQUE KEY `uk_permission_code` (`permission_code`)
) ENGINE=InnoDB DEFAULT CHARSET=utf8mb4 COLLATE=utf8mb4_unicode_ci COMMENT='系统权限表'
2026-05-23 19:02:55.007 [main] DEBUG o.f.c.internal.sqlscript.DefaultSqlScriptExecutor - 0 rows affected
2026-05-23 19:02:55.007 [main] DEBUG o.f.c.internal.sqlscript.DefaultSqlScriptExecutor - Executing SQL: -- 创建角色权限关联表
CREATE TABLE IF NOT EXISTS `sys_role_permission` (
    `id` BIGINT NOT NULL COMMENT '主键ID',
    `role_id` BIGINT NOT NULL COMMENT '角色ID',
    `permission_id` BIGINT NOT NULL COMMENT '权限ID',
    `created_at` DATETIME DEFAULT CURRENT_TIMESTAMP COMMENT '创建时间',
    `created_by` VARCHAR(50) COMMENT '创建人',
    `updated_at` DATETIME DEFAULT CURRENT_TIMESTAMP ON UPDATE CURRENT_TIMESTAMP COMMENT '更新时间',
    `updated_by` VARCHAR(50) COMMENT '更新人',
    `deleted` TINYINT DEFAULT 0 COMMENT '逻辑删除标志：0-未删除，1-已删除',
    PRIMARY KEY (`id`),
    UNIQUE KEY `uk_role_permission` (`role_id`, `permission_id`),
    KEY `idx_permission_id` (`permission_id`)
) ENGINE=InnoDB DEFAULT CHARSET=utf8mb4 COLLATE=utf8mb4_unicode_ci COMMENT='角色权限关联表'
2026-05-23 19:02:55.070 [main] DEBUG o.f.c.internal.sqlscript.DefaultSqlScriptExecutor - 0 rows affected
2026-05-23 19:02:55.070 [main] DEBUG org.flywaydb.core.internal.command.DbMigrate - Successfully completed migration of schema `admin_scaffold_test` to version "1 - init schema"
2026-05-23 19:02:55.084 [main] DEBUG o.f.c.i.schemahistory.JdbcTableSchemaHistory - Schema History table `admin_scaffold_test`.`flyway_schema_history` successfully updated to reflect changes
2026-05-23 19:02:55.098 [main] DEBUG o.f.core.api.configuration.ClassicConfiguration - CherryPickConfigurationExtension not found
2026-05-23 19:02:55.104 [main] DEBUG org.flywaydb.core.internal.parser.Parser - Parsing V2__add_menu_and_permission_fields.sql ...
2026-05-23 19:02:55.106 [main] DEBUG o.flywaydb.core.internal.sqlscript.ParserSqlScript - Found statement at line 7: -- V2: 添加菜单表和权限字段扩展
-- 任务: 创建 sys_menu 表，补充 sys_permission 字段，创建 sys_role_menu 关联表

-- ============================================================
-- 1. 创建菜单表 sys_menu
-- ============================================================
CREATE TABLE IF NOT EXISTS `sys_menu` (
    `id` BIGINT NOT NULL COMMENT '主键ID',
    `parent_id` BIGINT DEFAULT 0 COMMENT '父菜单ID，0表示顶级菜单',
    `name` VARCHAR(64) NOT NULL COMMENT '菜单名称',
    `path` VARCHAR(255) COMMENT '路由路径',
    `component` VARCHAR(255) COMMENT '前端组件路径',
    `icon` VARCHAR(64) COMMENT '图标',
    `sort_order` INT DEFAULT 0 COMMENT '排序号',
    `type` TINYINT NOT NULL COMMENT '类型：1-目录，2-菜单，3-按钮',
    `permission_code` VARCHAR(64) COMMENT '权限码',
    `visible` TINYINT DEFAULT 1 COMMENT '是否可见：0-隐藏，1-显示',
    `status` TINYINT DEFAULT 1 COMMENT '状态：0-禁用，1-启用',
    `created_at` DATETIME DEFAULT CURRENT_TIMESTAMP COMMENT '创建时间',
    `created_by` VARCHAR(50) COMMENT '创建人',
    `updated_at` DATETIME DEFAULT CURRENT_TIMESTAMP ON UPDATE CURRENT_TIMESTAMP COMMENT '更新时间',
    `updated_by` VARCHAR(50) COMMENT '更新人',
    `deleted` TINYINT DEFAULT 0 COMMENT '逻辑删除标志：0-未删除，1-已删除',
    `version` INT DEFAULT 1 COMMENT '版本号',
    PRIMARY KEY (`id`),
    KEY `idx_parent_id` (`parent_id`),
    KEY `idx_permission_code` (`permission_code`)
) ENGINE=InnoDB DEFAULT CHARSET=utf8mb4 COLLATE=utf8mb4_unicode_ci COMMENT='系统菜单表'
2026-05-23 19:02:55.106 [main] DEBUG o.flywaydb.core.internal.sqlscript.ParserSqlScript - Found statement at line 33: -- ============================================================
-- 2. 扩展 sys_permission 表字段
-- ============================================================
ALTER TABLE `sys_permission`
    ADD COLUMN `type` VARCHAR(32) COMMENT '权限类型：MENU-菜单权限，BUTTON-按钮权限，API-接口权限' AFTER `description`,
    ADD COLUMN `module` VARCHAR(64) COMMENT '所属模块，如 system、auth' AFTER `type`,
    ADD COLUMN `resource` VARCHAR(64) COMMENT '资源标识，如 user、role' AFTER `module`,
    ADD COLUMN `action` VARCHAR(32) COMMENT '操作类型，如 view、create、update、delete' AFTER `resource`
2026-05-23 19:02:55.106 [main] DEBUG o.flywaydb.core.internal.sqlscript.ParserSqlScript - Found statement at line 40: -- 为权限类型字段添加索引
ALTER TABLE `sys_permission`
    ADD KEY `idx_type` (`type`)
2026-05-23 19:02:55.107 [main] DEBUG o.flywaydb.core.internal.sqlscript.ParserSqlScript - Found statement at line 46: -- ============================================================
-- 3. 创建角色菜单关联表 sys_role_menu
-- ============================================================
CREATE TABLE IF NOT EXISTS `sys_role_menu` (
    `id` BIGINT NOT NULL COMMENT '主键ID',
    `role_id` BIGINT NOT NULL COMMENT '角色ID',
    `menu_id` BIGINT NOT NULL COMMENT '菜单ID',
    `created_at` DATETIME DEFAULT CURRENT_TIMESTAMP COMMENT '创建时间',
    `created_by` VARCHAR(50) COMMENT '创建人',
    `updated_at` DATETIME DEFAULT CURRENT_TIMESTAMP ON UPDATE CURRENT_TIMESTAMP COMMENT '更新时间',
    `updated_by` VARCHAR(50) COMMENT '更新人',
    `deleted` TINYINT DEFAULT 0 COMMENT '逻辑删除标志：0-未删除，1-已删除',
    PRIMARY KEY (`id`),
    UNIQUE KEY `uk_role_menu` (`role_id`, `menu_id`),
    KEY `idx_menu_id` (`menu_id`)
) ENGINE=InnoDB DEFAULT CHARSET=utf8mb4 COLLATE=utf8mb4_unicode_ci COMMENT='角色菜单关联表'
2026-05-23 19:02:55.109 [main] DEBUG org.flywaydb.core.internal.command.DbMigrate - Starting migration of schema `admin_scaffold_test` to version "2 - add menu and permission fields" ...
2026-05-23 19:02:55.113 [main] INFO  org.flywaydb.core.internal.command.DbMigrate - Migrating schema `admin_scaffold_test` to version "2 - add menu and permission fields"
2026-05-23 19:02:55.114 [main] DEBUG o.f.c.internal.sqlscript.DefaultSqlScriptExecutor - Executing SQL: -- V2: 添加菜单表和权限字段扩展
-- 任务: 创建 sys_menu 表，补充 sys_permission 字段，创建 sys_role_menu 关联表

-- ============================================================
-- 1. 创建菜单表 sys_menu
-- ============================================================
CREATE TABLE IF NOT EXISTS `sys_menu` (
    `id` BIGINT NOT NULL COMMENT '主键ID',
    `parent_id` BIGINT DEFAULT 0 COMMENT '父菜单ID，0表示顶级菜单',
    `name` VARCHAR(64) NOT NULL COMMENT '菜单名称',
    `path` VARCHAR(255) COMMENT '路由路径',
    `component` VARCHAR(255) COMMENT '前端组件路径',
    `icon` VARCHAR(64) COMMENT '图标',
    `sort_order` INT DEFAULT 0 COMMENT '排序号',
    `type` TINYINT NOT NULL COMMENT '类型：1-目录，2-菜单，3-按钮',
    `permission_code` VARCHAR(64) COMMENT '权限码',
    `visible` TINYINT DEFAULT 1 COMMENT '是否可见：0-隐藏，1-显示',
    `status` TINYINT DEFAULT 1 COMMENT '状态：0-禁用，1-启用',
    `created_at` DATETIME DEFAULT CURRENT_TIMESTAMP COMMENT '创建时间',
    `created_by` VARCHAR(50) COMMENT '创建人',
    `updated_at` DATETIME DEFAULT CURRENT_TIMESTAMP ON UPDATE CURRENT_TIMESTAMP COMMENT '更新时间',
    `updated_by` VARCHAR(50) COMMENT '更新人',
    `deleted` TINYINT DEFAULT 0 COMMENT '逻辑删除标志：0-未删除，1-已删除',
    `version` INT DEFAULT 1 COMMENT '版本号',
    PRIMARY KEY (`id`),
    KEY `idx_parent_id` (`parent_id`),
    KEY `idx_permission_code` (`permission_code`)
) ENGINE=InnoDB DEFAULT CHARSET=utf8mb4 COLLATE=utf8mb4_unicode_ci COMMENT='系统菜单表'
2026-05-23 19:02:55.174 [main] DEBUG o.f.c.internal.sqlscript.DefaultSqlScriptExecutor - 0 rows affected
2026-05-23 19:02:55.174 [main] DEBUG o.f.c.internal.sqlscript.DefaultSqlScriptExecutor - Executing SQL: -- ============================================================
-- 2. 扩展 sys_permission 表字段
-- ============================================================
ALTER TABLE `sys_permission`
    ADD COLUMN `type` VARCHAR(32) COMMENT '权限类型：MENU-菜单权限，BUTTON-按钮权限，API-接口权限' AFTER `description`,
    ADD COLUMN `module` VARCHAR(64) COMMENT '所属模块，如 system、auth' AFTER `type`,
    ADD COLUMN `resource` VARCHAR(64) COMMENT '资源标识，如 user、role' AFTER `module`,
    ADD COLUMN `action` VARCHAR(32) COMMENT '操作类型，如 view、create、update、delete' AFTER `resource`
2026-05-23 19:02:55.204 [main] DEBUG o.f.c.internal.sqlscript.DefaultSqlScriptExecutor - 0 rows affected
2026-05-23 19:02:55.205 [main] DEBUG o.f.c.internal.sqlscript.DefaultSqlScriptExecutor - Executing SQL: -- 为权限类型字段添加索引
ALTER TABLE `sys_permission`
    ADD KEY `idx_type` (`type`)
2026-05-23 19:02:55.237 [main] DEBUG o.f.c.internal.sqlscript.DefaultSqlScriptExecutor - 0 rows affected
2026-05-23 19:02:55.238 [main] DEBUG o.f.c.internal.sqlscript.DefaultSqlScriptExecutor - Executing SQL: -- ============================================================
-- 3. 创建角色菜单关联表 sys_role_menu
-- ============================================================
CREATE TABLE IF NOT EXISTS `sys_role_menu` (
    `id` BIGINT NOT NULL COMMENT '主键ID',
    `role_id` BIGINT NOT NULL COMMENT '角色ID',
    `menu_id` BIGINT NOT NULL COMMENT '菜单ID',
    `created_at` DATETIME DEFAULT CURRENT_TIMESTAMP COMMENT '创建时间',
    `created_by` VARCHAR(50) COMMENT '创建人',
    `updated_at` DATETIME DEFAULT CURRENT_TIMESTAMP ON UPDATE CURRENT_TIMESTAMP COMMENT '更新时间',
    `updated_by` VARCHAR(50) COMMENT '更新人',
    `deleted` TINYINT DEFAULT 0 COMMENT '逻辑删除标志：0-未删除，1-已删除',
    PRIMARY KEY (`id`),
    UNIQUE KEY `uk_role_menu` (`role_id`, `menu_id`),
    KEY `idx_menu_id` (`menu_id`)
) ENGINE=InnoDB DEFAULT CHARSET=utf8mb4 COLLATE=utf8mb4_unicode_ci COMMENT='角色菜单关联表'
2026-05-23 19:02:55.306 [main] DEBUG o.f.c.internal.sqlscript.DefaultSqlScriptExecutor - 0 rows affected
2026-05-23 19:02:55.306 [main] DEBUG org.flywaydb.core.internal.command.DbMigrate - Successfully completed migration of schema `admin_scaffold_test` to version "2 - add menu and permission fields"
2026-05-23 19:02:55.317 [main] DEBUG o.f.c.i.schemahistory.JdbcTableSchemaHistory - Schema History table `admin_scaffold_test`.`flyway_schema_history` successfully updated to reflect changes
2026-05-23 19:02:55.332 [main] DEBUG o.f.core.api.configuration.ClassicConfiguration - CherryPickConfigurationExtension not found
2026-05-23 19:02:55.339 [main] DEBUG org.flywaydb.core.internal.parser.Parser - Parsing V3__seed_data.sql ...
2026-05-23 19:02:55.341 [main] DEBUG o.flywaydb.core.internal.sqlscript.ParserSqlScript - Found statement at line 9: -- V3: 修复列名不匹配 + 种子数据
-- LOCAL-ONLY: 仅用于本地开发环境
-- 修复 V1 Schema 与 Entity 字段名之间的不一致（MyBatis-Plus 驼峰映射）

-- ============================================================
-- 1. 修复 sys_user 列名
-- ============================================================
-- status: TINYINT → VARCHAR(32)，映射 0→DISABLED, 1→ENABLED
ALTER TABLE `sys_user` MODIFY COLUMN `status` VARCHAR(32) NOT NULL DEFAULT 'ENABLED' COMMENT '状态(ENABLED/DISABLED/LOCKED)'
2026-05-23 19:02:55.341 [main] DEBUG o.flywaydb.core.internal.sqlscript.ParserSqlScript - Found statement at line 10: UPDATE `sys_user` SET `status` = CASE WHEN `status` = '0' THEN 'DISABLED' WHEN `status` = '1' THEN 'ENABLED' ELSE `status` END WHERE `status` IN ('0', '1')
2026-05-23 19:02:55.341 [main] DEBUG o.flywaydb.core.internal.sqlscript.ParserSqlScript - Found statement at line 12: -- password → password_hash
ALTER TABLE `sys_user` CHANGE COLUMN `password` `password_hash` VARCHAR(100) NOT NULL COMMENT '密码哈希'
2026-05-23 19:02:55.341 [main] DEBUG o.flywaydb.core.internal.sqlscript.ParserSqlScript - Found statement at line 14: -- avatar → avatar_file_id（类型不变仍为 VARCHAR，后续可通过新迁移改为 BIGINT）
ALTER TABLE `sys_user` CHANGE COLUMN `avatar` `avatar_file_id` VARCHAR(255) COMMENT '头像文件ID'
2026-05-23 19:02:55.341 [main] DEBUG o.flywaydb.core.internal.sqlscript.ParserSqlScript - Found statement at line 16: -- 添加缺失列
ALTER TABLE `sys_user` ADD COLUMN `token_version` INT DEFAULT 1 COMMENT 'token版本号' AFTER `status`
2026-05-23 19:02:55.341 [main] DEBUG o.flywaydb.core.internal.sqlscript.ParserSqlScript - Found statement at line 17: ALTER TABLE `sys_user` ADD COLUMN `last_login_at` DATETIME COMMENT '最后登录时间' AFTER `token_version`
2026-05-23 19:02:55.341 [main] DEBUG o.flywaydb.core.internal.sqlscript.ParserSqlScript - Found statement at line 18: ALTER TABLE `sys_user` ADD COLUMN `last_login_ip` VARCHAR(50) COMMENT '最后登录IP' AFTER `last_login_at`
2026-05-23 19:02:55.341 [main] DEBUG o.flywaydb.core.internal.sqlscript.ParserSqlScript - Found statement at line 19: ALTER TABLE `sys_user` ADD COLUMN `employee_id` BIGINT COMMENT '绑定员工ID' AFTER `avatar_file_id`
2026-05-23 19:02:55.341 [main] DEBUG o.flywaydb.core.internal.sqlscript.ParserSqlScript - Found statement at line 24: -- ============================================================
-- 1b. 修复 sys_user_role 缺失列
-- ============================================================
ALTER TABLE `sys_user_role` ADD COLUMN `version` INT DEFAULT 1 COMMENT '版本号' AFTER `deleted`
2026-05-23 19:02:55.342 [main] DEBUG o.flywaydb.core.internal.sqlscript.ParserSqlScript - Found statement at line 29: -- ============================================================
-- 1c. 修复 sys_role_permission 缺失列
-- ============================================================
ALTER TABLE `sys_role_permission` ADD COLUMN `version` INT DEFAULT 1 COMMENT '版本号' AFTER `deleted`
2026-05-23 19:02:55.342 [main] DEBUG o.flywaydb.core.internal.sqlscript.ParserSqlScript - Found statement at line 34: -- ============================================================
-- 1d. 修复 sys_role_menu 缺失列
-- ============================================================
ALTER TABLE `sys_role_menu` ADD COLUMN `version` INT DEFAULT 1 COMMENT '版本号' AFTER `deleted`
2026-05-23 19:02:55.342 [main] DEBUG o.flywaydb.core.internal.sqlscript.ParserSqlScript - Found statement at line 40: -- ============================================================
-- 2. 修复 sys_role 列名
-- ============================================================
-- status: TINYINT → VARCHAR(32)
ALTER TABLE `sys_role` MODIFY COLUMN `status` VARCHAR(32) NOT NULL DEFAULT 'ENABLED' COMMENT '状态(ENABLED/DISABLED)'
2026-05-23 19:02:55.342 [main] DEBUG o.flywaydb.core.internal.sqlscript.ParserSqlScript - Found statement at line 41: UPDATE `sys_role` SET `status` = CASE WHEN `status` = '0' THEN 'DISABLED' WHEN `status` = '1' THEN 'ENABLED' ELSE `status` END WHERE `status` IN ('0', '1')
2026-05-23 19:02:55.342 [main] DEBUG o.flywaydb.core.internal.sqlscript.ParserSqlScript - Found statement at line 43: -- role_name → name, role_code → code
ALTER TABLE `sys_role` CHANGE COLUMN `role_name` `name` VARCHAR(50) NOT NULL COMMENT '角色名称'
2026-05-23 19:02:55.342 [main] DEBUG o.flywaydb.core.internal.sqlscript.ParserSqlScript - Found statement at line 44: ALTER TABLE `sys_role` CHANGE COLUMN `role_code` `code` VARCHAR(50) NOT NULL COMMENT '角色编码'
2026-05-23 19:02:55.342 [main] DEBUG o.flywaydb.core.internal.sqlscript.ParserSqlScript - Found statement at line 46: -- 添加缺失列
ALTER TABLE `sys_role` ADD COLUMN `sort_order` INT DEFAULT 0 COMMENT '排序号' AFTER `description`
2026-05-23 19:02:55.342 [main] DEBUG o.flywaydb.core.internal.sqlscript.ParserSqlScript - Found statement at line 47: ALTER TABLE `sys_role` ADD COLUMN `data_scope_type` VARCHAR(32) DEFAULT 'SELF' COMMENT '数据权限范围' AFTER `sort_order`
2026-05-23 19:02:55.342 [main] DEBUG o.flywaydb.core.internal.sqlscript.ParserSqlScript - Found statement at line 53: -- ============================================================
-- 3. 修复 sys_permission 列名和类型
-- ============================================================
-- status: TINYINT → VARCHAR(32)
ALTER TABLE `sys_permission` MODIFY COLUMN `status` VARCHAR(32) NOT NULL DEFAULT 'ENABLED' COMMENT '状态'
2026-05-23 19:02:55.342 [main] DEBUG o.flywaydb.core.internal.sqlscript.ParserSqlScript - Found statement at line 54: UPDATE `sys_permission` SET `status` = CASE WHEN `status` = '0' THEN 'DISABLED' WHEN `status` = '1' THEN 'ENABLED' ELSE `status` END WHERE `status` IN ('0', '1')
2026-05-23 19:02:55.342 [main] DEBUG o.flywaydb.core.internal.sqlscript.ParserSqlScript - Found statement at line 56: -- permission_name → name, permission_code → code
ALTER TABLE `sys_permission` CHANGE COLUMN `permission_name` `name` VARCHAR(50) NOT NULL COMMENT '权限名称'
2026-05-23 19:02:55.342 [main] DEBUG o.flywaydb.core.internal.sqlscript.ParserSqlScript - Found statement at line 57: ALTER TABLE `sys_permission` CHANGE COLUMN `permission_code` `code` VARCHAR(100) NOT NULL COMMENT '权限编码'
2026-05-23 19:02:55.342 [main] DEBUG o.flywaydb.core.internal.sqlscript.ParserSqlScript - Found statement at line 59: -- 添加缺失列
ALTER TABLE `sys_permission` ADD COLUMN `sort_order` INT DEFAULT 0 COMMENT '排序号' AFTER `status`
2026-05-23 19:02:55.343 [main] DEBUG o.flywaydb.core.internal.sqlscript.ParserSqlScript - Found statement at line 64: -- ============================================================
-- 4. 种子数据：管理员角色
-- ============================================================
INSERT INTO sys_role (id, code, name, description, status, data_scope_type, sort_order, created_at, updated_at, created_by, updated_by, deleted, version)
VALUES (1, 'ADMIN', '超级管理员', '系统超级管理员，拥有所有权限', 'ENABLED', 'ALL', 1, NOW(), NOW(), 'system', 'system', 0, 1)
2026-05-23 19:02:55.343 [main] DEBUG o.flywaydb.core.internal.sqlscript.ParserSqlScript - Found statement at line 70: -- ============================================================
-- 5. 种子数据：普通用户角色
-- ============================================================
INSERT INTO sys_role (id, code, name, description, status, data_scope_type, sort_order, created_at, updated_at, created_by, updated_by, deleted, version)
VALUES (2, 'USER', '普通用户', '普通用户，拥有基本查看权限', 'ENABLED', 'SELF', 2, NOW(), NOW(), 'system', 'system', 0, 1)
2026-05-23 19:02:55.343 [main] DEBUG o.flywaydb.core.internal.sqlscript.ParserSqlScript - Found statement at line 76: -- ============================================================
-- 6. 种子数据：管理员用户（密码: admin123，BCrypt 加密）
-- ============================================================
INSERT INTO sys_user (id, username, password_hash, nickname, status, created_at, updated_at, created_by, updated_by, deleted, version)
VALUES (1, 'admin', '$2a$10$P6lqkvsCYZINKMUv0gjW7ON8IJB8UM71Rk4i9oAQxaHjSoXZ5TCLm', '超级管理员', 'ENABLED', NOW(), NOW(), 'system', 'system', 0, 1)
2026-05-23 19:02:55.343 [main] DEBUG o.flywaydb.core.internal.sqlscript.ParserSqlScript - Found statement at line 82: -- ============================================================
-- 7. 种子数据：测试用户（密码: test123，BCrypt 加密）
-- ============================================================
INSERT INTO sys_user (id, username, password_hash, nickname, status, created_at, updated_at, created_by, updated_by, deleted, version)
VALUES (2, 'testuser', '$2a$10$P6lqkvsCYZINKMUv0gjW7ON8IJB8UM71Rk4i9oAQxaHjSoXZ5TCLm', '测试用户', 'ENABLED', NOW(), NOW(), 'system', 'system', 0, 1)
2026-05-23 19:02:55.343 [main] DEBUG o.flywaydb.core.internal.sqlscript.ParserSqlScript - Found statement at line 88: -- ============================================================
-- 8. 关联管理员用户和角色
-- ============================================================
INSERT INTO sys_user_role (id, user_id, role_id, created_at, created_by, updated_at, updated_by, deleted)
VALUES (1, 1, 1, NOW(), 'system', NOW(), 'system', 0)
2026-05-23 19:02:55.343 [main] DEBUG o.flywaydb.core.internal.sqlscript.ParserSqlScript - Found statement at line 94: -- ============================================================
-- 9. 种子数据：基础权限
-- ============================================================
INSERT INTO sys_permission (id, code, name, description, status, type, module, resource, action, sort_order, created_at, updated_at, created_by, updated_by, deleted, version)
VALUES
(1, 'system:user:view', '查看用户', '查看用户信息', 'ENABLED', 'BUTTON', 'system', 'user', 'view', 1, NOW(), NOW(), 'system', 'system', 0, 1),
(2, 'system:user:create', '创建用户', '创建新用户', 'ENABLED', 'BUTTON', 'system', 'user', 'create', 2, NOW(), NOW(), 'system', 'system', 0, 1),
(3, 'system:user:update', '编辑用户', '编辑用户信息', 'ENABLED', 'BUTTON', 'system', 'user', 'update', 3, NOW(), NOW(), 'system', 'system', 0, 1),
(4, 'system:user:delete', '删除用户', '删除用户', 'ENABLED', 'BUTTON', 'system', 'user', 'delete', 4, NOW(), NOW(), 'system', 'system', 0, 1),
(5, 'system:role:view', '查看角色', '查看角色信息', 'ENABLED', 'BUTTON', 'system', 'role', 'view', 5, NOW(), NOW(), 'system', 'system', 0, 1),
(6, 'system:role:create', '创建角色', '创建新角色', 'ENABLED', 'BUTTON', 'system', 'role', 'create', 6, NOW(), NOW(), 'system', 'system', 0, 1),
(7, 'system:role:update', '编辑角色', '编辑角色信息', 'ENABLED', 'BUTTON', 'system', 'role', 'update', 7, NOW(), NOW(), 'system', 'system', 0, 1),
(8, 'system:role:delete', '删除角色', '删除角色', 'ENABLED', 'BUTTON', 'system', 'role', 'delete', 8, NOW(), NOW(), 'system', 'system', 0, 1)
2026-05-23 19:02:55.344 [main] DEBUG o.flywaydb.core.internal.sqlscript.ParserSqlScript - Found statement at line 108: -- ============================================================
-- 10. 种子数据：基础菜单
-- ============================================================
INSERT INTO sys_menu (id, parent_id, name, path, component, icon, sort_order, type, permission_code, visible, status, created_at, updated_at, created_by, updated_by, deleted, version)
VALUES
(1, 0, '系统管理', '/system', NULL, 'setting', 1, 1, NULL, 1, 1, NOW(), NOW(), 'system', 'system', 0, 1),
(2, 1, '用户管理', '/system/users', 'system/users/index', 'user', 1, 2, 'system:user:view', 1, 1, NOW(), NOW(), 'system', 'system', 0, 1),
(3, 1, '角色管理', '/system/roles', 'system/roles/index', 'team', 2, 2, 'system:role:view', 1, 1, NOW(), NOW(), 'system', 'system', 0, 1),
(4, 1, '权限管理', '/system/permissions', 'system/permissions/index', 'safety', 3, 2, 'system:permission:view', 1, 1, NOW(), NOW(), 'system', 'system', 0, 1),
(5, 1, '菜单管理', '/system/menus', 'system/menus/index', 'menu', 4, 2, 'system:menu:view', 1, 1, NOW(), NOW(), 'system', 'system', 0, 1)
2026-05-23 19:02:55.344 [main] DEBUG o.flywaydb.core.internal.sqlscript.ParserSqlScript - Found statement at line 119: -- ============================================================
-- 11. 关联管理员角色和所有权限
-- ============================================================
INSERT INTO sys_role_permission (id, role_id, permission_id, created_at, created_by, updated_at, updated_by, deleted)
VALUES
(1, 1, 1, NOW(), 'system', NOW(), 'system', 0),
(2, 1, 2, NOW(), 'system', NOW(), 'system', 0),
(3, 1, 3, NOW(), 'system', NOW(), 'system', 0),
(4, 1, 4, NOW(), 'system', NOW(), 'system', 0),
(5, 1, 5, NOW(), 'system', NOW(), 'system', 0),
(6, 1, 6, NOW(), 'system', NOW(), 'system', 0),
(7, 1, 7, NOW(), 'system', NOW(), 'system', 0),
(8, 1, 8, NOW(), 'system', NOW(), 'system', 0)
2026-05-23 19:02:55.345 [main] DEBUG o.flywaydb.core.internal.sqlscript.ParserSqlScript - Found statement at line 133: -- ============================================================
-- 12. 关联管理员角色和所有菜单
-- ============================================================
INSERT INTO sys_role_menu (id, role_id, menu_id, created_at, created_by, updated_at, updated_by, deleted)
VALUES
(1, 1, 1, NOW(), 'system', NOW(), 'system', 0),
(2, 1, 2, NOW(), 'system', NOW(), 'system', 0),
(3, 1, 3, NOW(), 'system', NOW(), 'system', 0),
(4, 1, 4, NOW(), 'system', NOW(), 'system', 0),
(5, 1, 5, NOW(), 'system', NOW(), 'system', 0)
2026-05-23 19:02:55.346 [main] DEBUG org.flywaydb.core.internal.command.DbMigrate - Starting migration of schema `admin_scaffold_test` to version "3 - seed data" ...
2026-05-23 19:02:55.350 [main] INFO  org.flywaydb.core.internal.command.DbMigrate - Migrating schema `admin_scaffold_test` to version "3 - seed data"
2026-05-23 19:02:55.352 [main] DEBUG o.f.c.internal.sqlscript.DefaultSqlScriptExecutor - Executing SQL: -- V3: 修复列名不匹配 + 种子数据
-- LOCAL-ONLY: 仅用于本地开发环境
-- 修复 V1 Schema 与 Entity 字段名之间的不一致（MyBatis-Plus 驼峰映射）

-- ============================================================
-- 1. 修复 sys_user 列名
-- ============================================================
-- status: TINYINT → VARCHAR(32)，映射 0→DISABLED, 1→ENABLED
ALTER TABLE `sys_user` MODIFY COLUMN `status` VARCHAR(32) NOT NULL DEFAULT 'ENABLED' COMMENT '状态(ENABLED/DISABLED/LOCKED)'
2026-05-23 19:02:55.513 [main] DEBUG o.f.c.internal.sqlscript.DefaultSqlScriptExecutor - 0 rows affected
2026-05-23 19:02:55.513 [main] DEBUG o.f.c.internal.sqlscript.DefaultSqlScriptExecutor - Executing SQL: UPDATE `sys_user` SET `status` = CASE WHEN `status` = '0' THEN 'DISABLED' WHEN `status` = '1' THEN 'ENABLED' ELSE `status` END WHERE `status` IN ('0', '1')
2026-05-23 19:02:55.515 [main] DEBUG o.f.c.internal.sqlscript.DefaultSqlScriptExecutor - 0 rows affected
2026-05-23 19:02:55.515 [main] DEBUG o.f.c.internal.sqlscript.DefaultSqlScriptExecutor - Executing SQL: -- password → password_hash
ALTER TABLE `sys_user` CHANGE COLUMN `password` `password_hash` VARCHAR(100) NOT NULL COMMENT '密码哈希'
2026-05-23 19:02:55.542 [main] DEBUG o.f.c.internal.sqlscript.DefaultSqlScriptExecutor - 0 rows affected
2026-05-23 19:02:55.542 [main] DEBUG o.f.c.internal.sqlscript.DefaultSqlScriptExecutor - Executing SQL: -- avatar → avatar_file_id（类型不变仍为 VARCHAR，后续可通过新迁移改为 BIGINT）
ALTER TABLE `sys_user` CHANGE COLUMN `avatar` `avatar_file_id` VARCHAR(255) COMMENT '头像文件ID'
2026-05-23 19:02:55.571 [main] DEBUG o.f.c.internal.sqlscript.DefaultSqlScriptExecutor - 0 rows affected
2026-05-23 19:02:55.571 [main] DEBUG o.f.c.internal.sqlscript.DefaultSqlScriptExecutor - Executing SQL: -- 添加缺失列
ALTER TABLE `sys_user` ADD COLUMN `token_version` INT DEFAULT 1 COMMENT 'token版本号' AFTER `status`
2026-05-23 19:02:55.597 [main] DEBUG o.f.c.internal.sqlscript.DefaultSqlScriptExecutor - 0 rows affected
2026-05-23 19:02:55.597 [main] DEBUG o.f.c.internal.sqlscript.DefaultSqlScriptExecutor - Executing SQL: ALTER TABLE `sys_user` ADD COLUMN `last_login_at` DATETIME COMMENT '最后登录时间' AFTER `token_version`
2026-05-23 19:02:55.627 [main] DEBUG o.f.c.internal.sqlscript.DefaultSqlScriptExecutor - 0 rows affected
2026-05-23 19:02:55.627 [main] DEBUG o.f.c.internal.sqlscript.DefaultSqlScriptExecutor - Executing SQL: ALTER TABLE `sys_user` ADD COLUMN `last_login_ip` VARCHAR(50) COMMENT '最后登录IP' AFTER `last_login_at`
2026-05-23 19:02:55.654 [main] DEBUG o.f.c.internal.sqlscript.DefaultSqlScriptExecutor - 0 rows affected
2026-05-23 19:02:55.654 [main] DEBUG o.f.c.internal.sqlscript.DefaultSqlScriptExecutor - Executing SQL: ALTER TABLE `sys_user` ADD COLUMN `employee_id` BIGINT COMMENT '绑定员工ID' AFTER `avatar_file_id`
2026-05-23 19:02:55.680 [main] DEBUG o.f.c.internal.sqlscript.DefaultSqlScriptExecutor - 0 rows affected
2026-05-23 19:02:55.680 [main] DEBUG o.f.c.internal.sqlscript.DefaultSqlScriptExecutor - Executing SQL: -- ============================================================
-- 1b. 修复 sys_user_role 缺失列
-- ============================================================
ALTER TABLE `sys_user_role` ADD COLUMN `version` INT DEFAULT 1 COMMENT '版本号' AFTER `deleted`
2026-05-23 19:02:55.706 [main] DEBUG o.f.c.internal.sqlscript.DefaultSqlScriptExecutor - 0 rows affected
2026-05-23 19:02:55.706 [main] DEBUG o.f.c.internal.sqlscript.DefaultSqlScriptExecutor - Executing SQL: -- ============================================================
-- 1c. 修复 sys_role_permission 缺失列
-- ============================================================
ALTER TABLE `sys_role_permission` ADD COLUMN `version` INT DEFAULT 1 COMMENT '版本号' AFTER `deleted`
2026-05-23 19:02:55.732 [main] DEBUG o.f.c.internal.sqlscript.DefaultSqlScriptExecutor - 0 rows affected
2026-05-23 19:02:55.732 [main] DEBUG o.f.c.internal.sqlscript.DefaultSqlScriptExecutor - Executing SQL: -- ============================================================
-- 1d. 修复 sys_role_menu 缺失列
-- ============================================================
ALTER TABLE `sys_role_menu` ADD COLUMN `version` INT DEFAULT 1 COMMENT '版本号' AFTER `deleted`
2026-05-23 19:02:55.757 [main] DEBUG o.f.c.internal.sqlscript.DefaultSqlScriptExecutor - 0 rows affected
2026-05-23 19:02:55.757 [main] DEBUG o.f.c.internal.sqlscript.DefaultSqlScriptExecutor - Executing SQL: -- ============================================================
-- 2. 修复 sys_role 列名
-- ============================================================
-- status: TINYINT → VARCHAR(32)
ALTER TABLE `sys_role` MODIFY COLUMN `status` VARCHAR(32) NOT NULL DEFAULT 'ENABLED' COMMENT '状态(ENABLED/DISABLED)'
2026-05-23 19:02:55.870 [main] DEBUG o.f.c.internal.sqlscript.DefaultSqlScriptExecutor - 0 rows affected
2026-05-23 19:02:55.870 [main] DEBUG o.f.c.internal.sqlscript.DefaultSqlScriptExecutor - Executing SQL: UPDATE `sys_role` SET `status` = CASE WHEN `status` = '0' THEN 'DISABLED' WHEN `status` = '1' THEN 'ENABLED' ELSE `status` END WHERE `status` IN ('0', '1')
2026-05-23 19:02:55.876 [main] DEBUG o.f.c.internal.sqlscript.DefaultSqlScriptExecutor - 0 rows affected
2026-05-23 19:02:55.876 [main] DEBUG o.f.c.internal.sqlscript.DefaultSqlScriptExecutor - Executing SQL: -- role_name → name, role_code → code
ALTER TABLE `sys_role` CHANGE COLUMN `role_name` `name` VARCHAR(50) NOT NULL COMMENT '角色名称'
2026-05-23 19:02:55.903 [main] DEBUG o.f.c.internal.sqlscript.DefaultSqlScriptExecutor - 0 rows affected
2026-05-23 19:02:55.903 [main] DEBUG o.f.c.internal.sqlscript.DefaultSqlScriptExecutor - Executing SQL: ALTER TABLE `sys_role` CHANGE COLUMN `role_code` `code` VARCHAR(50) NOT NULL COMMENT '角色编码'
2026-05-23 19:02:55.928 [main] DEBUG o.f.c.internal.sqlscript.DefaultSqlScriptExecutor - 0 rows affected
2026-05-23 19:02:55.928 [main] DEBUG o.f.c.internal.sqlscript.DefaultSqlScriptExecutor - Executing SQL: -- 添加缺失列
ALTER TABLE `sys_role` ADD COLUMN `sort_order` INT DEFAULT 0 COMMENT '排序号' AFTER `description`
2026-05-23 19:02:55.954 [main] DEBUG o.f.c.internal.sqlscript.DefaultSqlScriptExecutor - 0 rows affected
2026-05-23 19:02:55.954 [main] DEBUG o.f.c.internal.sqlscript.DefaultSqlScriptExecutor - Executing SQL: ALTER TABLE `sys_role` ADD COLUMN `data_scope_type` VARCHAR(32) DEFAULT 'SELF' COMMENT '数据权限范围' AFTER `sort_order`
2026-05-23 19:02:55.977 [main] DEBUG o.f.c.internal.sqlscript.DefaultSqlScriptExecutor - 0 rows affected
2026-05-23 19:02:55.977 [main] DEBUG o.f.c.internal.sqlscript.DefaultSqlScriptExecutor - Executing SQL: -- ============================================================
-- 3. 修复 sys_permission 列名和类型
-- ============================================================
-- status: TINYINT → VARCHAR(32)
ALTER TABLE `sys_permission` MODIFY COLUMN `status` VARCHAR(32) NOT NULL DEFAULT 'ENABLED' COMMENT '状态'
2026-05-23 19:02:56.103 [main] DEBUG o.f.c.internal.sqlscript.DefaultSqlScriptExecutor - 0 rows affected
2026-05-23 19:02:56.103 [main] DEBUG o.f.c.internal.sqlscript.DefaultSqlScriptExecutor - Executing SQL: UPDATE `sys_permission` SET `status` = CASE WHEN `status` = '0' THEN 'DISABLED' WHEN `status` = '1' THEN 'ENABLED' ELSE `status` END WHERE `status` IN ('0', '1')
2026-05-23 19:02:56.106 [main] DEBUG o.f.c.internal.sqlscript.DefaultSqlScriptExecutor - 0 rows affected
2026-05-23 19:02:56.106 [main] DEBUG o.f.c.internal.sqlscript.DefaultSqlScriptExecutor - Executing SQL: -- permission_name → name, permission_code → code
ALTER TABLE `sys_permission` CHANGE COLUMN `permission_name` `name` VARCHAR(50) NOT NULL COMMENT '权限名称'
2026-05-23 19:02:56.131 [main] DEBUG o.f.c.internal.sqlscript.DefaultSqlScriptExecutor - 0 rows affected
2026-05-23 19:02:56.131 [main] DEBUG o.f.c.internal.sqlscript.DefaultSqlScriptExecutor - Executing SQL: ALTER TABLE `sys_permission` CHANGE COLUMN `permission_code` `code` VARCHAR(100) NOT NULL COMMENT '权限编码'
2026-05-23 19:02:56.154 [main] DEBUG o.f.c.internal.sqlscript.DefaultSqlScriptExecutor - 0 rows affected
2026-05-23 19:02:56.154 [main] DEBUG o.f.c.internal.sqlscript.DefaultSqlScriptExecutor - Executing SQL: -- 添加缺失列
ALTER TABLE `sys_permission` ADD COLUMN `sort_order` INT DEFAULT 0 COMMENT '排序号' AFTER `status`
2026-05-23 19:02:56.180 [main] DEBUG o.f.c.internal.sqlscript.DefaultSqlScriptExecutor - 0 rows affected
2026-05-23 19:02:56.180 [main] DEBUG o.f.c.internal.sqlscript.DefaultSqlScriptExecutor - Executing SQL: -- ============================================================
-- 4. 种子数据：管理员角色
-- ============================================================
INSERT INTO sys_role (id, code, name, description, status, data_scope_type, sort_order, created_at, updated_at, created_by, updated_by, deleted, version)
VALUES (1, 'ADMIN', '超级管理员', '系统超级管理员，拥有所有权限', 'ENABLED', 'ALL', 1, NOW(), NOW(), 'system', 'system', 0, 1)
2026-05-23 19:02:56.183 [main] DEBUG o.f.c.internal.sqlscript.DefaultSqlScriptExecutor - 1 row affected
2026-05-23 19:02:56.183 [main] DEBUG o.f.c.internal.sqlscript.DefaultSqlScriptExecutor - Executing SQL: -- ============================================================
-- 5. 种子数据：普通用户角色
-- ============================================================
INSERT INTO sys_role (id, code, name, description, status, data_scope_type, sort_order, created_at, updated_at, created_by, updated_by, deleted, version)
VALUES (2, 'USER', '普通用户', '普通用户，拥有基本查看权限', 'ENABLED', 'SELF', 2, NOW(), NOW(), 'system', 'system', 0, 1)
2026-05-23 19:02:56.184 [main] DEBUG o.f.c.internal.sqlscript.DefaultSqlScriptExecutor - 1 row affected
2026-05-23 19:02:56.184 [main] DEBUG o.f.c.internal.sqlscript.DefaultSqlScriptExecutor - Executing SQL: -- ============================================================
-- 6. 种子数据：管理员用户（密码: admin123，BCrypt 加密）
-- ============================================================
INSERT INTO sys_user (id, username, password_hash, nickname, status, created_at, updated_at, created_by, updated_by, deleted, version)
VALUES (1, 'admin', '$2a$10$P6lqkvsCYZINKMUv0gjW7ON8IJB8UM71Rk4i9oAQxaHjSoXZ5TCLm', '超级管理员', 'ENABLED', NOW(), NOW(), 'system', 'system', 0, 1)
2026-05-23 19:02:56.185 [main] DEBUG o.f.c.internal.sqlscript.DefaultSqlScriptExecutor - 1 row affected
2026-05-23 19:02:56.185 [main] DEBUG o.f.c.internal.sqlscript.DefaultSqlScriptExecutor - Executing SQL: -- ============================================================
-- 7. 种子数据：测试用户（密码: test123，BCrypt 加密）
-- ============================================================
INSERT INTO sys_user (id, username, password_hash, nickname, status, created_at, updated_at, created_by, updated_by, deleted, version)
VALUES (2, 'testuser', '$2a$10$P6lqkvsCYZINKMUv0gjW7ON8IJB8UM71Rk4i9oAQxaHjSoXZ5TCLm', '测试用户', 'ENABLED', NOW(), NOW(), 'system', 'system', 0, 1)
2026-05-23 19:02:56.187 [main] DEBUG o.f.c.internal.sqlscript.DefaultSqlScriptExecutor - 1 row affected
2026-05-23 19:02:56.187 [main] DEBUG o.f.c.internal.sqlscript.DefaultSqlScriptExecutor - Executing SQL: -- ============================================================
-- 8. 关联管理员用户和角色
-- ============================================================
INSERT INTO sys_user_role (id, user_id, role_id, created_at, created_by, updated_at, updated_by, deleted)
VALUES (1, 1, 1, NOW(), 'system', NOW(), 'system', 0)
2026-05-23 19:02:56.188 [main] DEBUG o.f.c.internal.sqlscript.DefaultSqlScriptExecutor - 1 row affected
2026-05-23 19:02:56.188 [main] DEBUG o.f.c.internal.sqlscript.DefaultSqlScriptExecutor - Executing SQL: -- ============================================================
-- 9. 种子数据：基础权限
-- ============================================================
INSERT INTO sys_permission (id, code, name, description, status, type, module, resource, action, sort_order, created_at, updated_at, created_by, updated_by, deleted, version)
VALUES
(1, 'system:user:view', '查看用户', '查看用户信息', 'ENABLED', 'BUTTON', 'system', 'user', 'view', 1, NOW(), NOW(), 'system', 'system', 0, 1),
(2, 'system:user:create', '创建用户', '创建新用户', 'ENABLED', 'BUTTON', 'system', 'user', 'create', 2, NOW(), NOW(), 'system', 'system', 0, 1),
(3, 'system:user:update', '编辑用户', '编辑用户信息', 'ENABLED', 'BUTTON', 'system', 'user', 'update', 3, NOW(), NOW(), 'system', 'system', 0, 1),
(4, 'system:user:delete', '删除用户', '删除用户', 'ENABLED', 'BUTTON', 'system', 'user', 'delete', 4, NOW(), NOW(), 'system', 'system', 0, 1),
(5, 'system:role:view', '查看角色', '查看角色信息', 'ENABLED', 'BUTTON', 'system', 'role', 'view', 5, NOW(), NOW(), 'system', 'system', 0, 1),
(6, 'system:role:create', '创建角色', '创建新角色', 'ENABLED', 'BUTTON', 'system', 'role', 'create', 6, NOW(), NOW(), 'system', 'system', 0, 1),
(7, 'system:role:update', '编辑角色', '编辑角色信息', 'ENABLED', 'BUTTON', 'system', 'role', 'update', 7, NOW(), NOW(), 'system', 'system', 0, 1),
(8, 'system:role:delete', '删除角色', '删除角色', 'ENABLED', 'BUTTON', 'system', 'role', 'delete', 8, NOW(), NOW(), 'system', 'system', 0, 1)
2026-05-23 19:02:56.190 [main] DEBUG o.f.c.internal.sqlscript.DefaultSqlScriptExecutor - 8 rows affected
2026-05-23 19:02:56.190 [main] DEBUG o.f.c.internal.sqlscript.DefaultSqlScriptExecutor - Executing SQL: -- ============================================================
-- 10. 种子数据：基础菜单
-- ============================================================
INSERT INTO sys_menu (id, parent_id, name, path, component, icon, sort_order, type, permission_code, visible, status, created_at, updated_at, created_by, updated_by, deleted, version)
VALUES
(1, 0, '系统管理', '/system', NULL, 'setting', 1, 1, NULL, 1, 1, NOW(), NOW(), 'system', 'system', 0, 1),
(2, 1, '用户管理', '/system/users', 'system/users/index', 'user', 1, 2, 'system:user:view', 1, 1, NOW(), NOW(), 'system', 'system', 0, 1),
(3, 1, '角色管理', '/system/roles', 'system/roles/index', 'team', 2, 2, 'system:role:view', 1, 1, NOW(), NOW(), 'system', 'system', 0, 1),
(4, 1, '权限管理', '/system/permissions', 'system/permissions/index', 'safety', 3, 2, 'system:permission:view', 1, 1, NOW(), NOW(), 'system', 'system', 0, 1),
(5, 1, '菜单管理', '/system/menus', 'system/menus/index', 'menu', 4, 2, 'system:menu:view', 1, 1, NOW(), NOW(), 'system', 'system', 0, 1)
2026-05-23 19:02:56.194 [main] DEBUG o.f.c.internal.sqlscript.DefaultSqlScriptExecutor - 5 rows affected
2026-05-23 19:02:56.194 [main] DEBUG o.f.c.internal.sqlscript.DefaultSqlScriptExecutor - Executing SQL: -- ============================================================
-- 11. 关联管理员角色和所有权限
-- ============================================================
INSERT INTO sys_role_permission (id, role_id, permission_id, created_at, created_by, updated_at, updated_by, deleted)
VALUES
(1, 1, 1, NOW(), 'system', NOW(), 'system', 0),
(2, 1, 2, NOW(), 'system', NOW(), 'system', 0),
(3, 1, 3, NOW(), 'system', NOW(), 'system', 0),
(4, 1, 4, NOW(), 'system', NOW(), 'system', 0),
(5, 1, 5, NOW(), 'system', NOW(), 'system', 0),
(6, 1, 6, NOW(), 'system', NOW(), 'system', 0),
(7, 1, 7, NOW(), 'system', NOW(), 'system', 0),
(8, 1, 8, NOW(), 'system', NOW(), 'system', 0)
2026-05-23 19:02:56.196 [main] DEBUG o.f.c.internal.sqlscript.DefaultSqlScriptExecutor - 8 rows affected
2026-05-23 19:02:56.196 [main] DEBUG o.f.c.internal.sqlscript.DefaultSqlScriptExecutor - Executing SQL: -- ============================================================
-- 12. 关联管理员角色和所有菜单
-- ============================================================
INSERT INTO sys_role_menu (id, role_id, menu_id, created_at, created_by, updated_at, updated_by, deleted)
VALUES
(1, 1, 1, NOW(), 'system', NOW(), 'system', 0),
(2, 1, 2, NOW(), 'system', NOW(), 'system', 0),
(3, 1, 3, NOW(), 'system', NOW(), 'system', 0),
(4, 1, 4, NOW(), 'system', NOW(), 'system', 0),
(5, 1, 5, NOW(), 'system', NOW(), 'system', 0)
2026-05-23 19:02:56.198 [main] DEBUG o.f.c.internal.sqlscript.DefaultSqlScriptExecutor - 5 rows affected
2026-05-23 19:02:56.198 [main] DEBUG org.flywaydb.core.internal.command.DbMigrate - Successfully completed migration of schema `admin_scaffold_test` to version "3 - seed data"
2026-05-23 19:02:56.207 [main] DEBUG o.f.c.i.schemahistory.JdbcTableSchemaHistory - Schema History table `admin_scaffold_test`.`flyway_schema_history` successfully updated to reflect changes
2026-05-23 19:02:56.222 [main] DEBUG o.f.core.api.configuration.ClassicConfiguration - CherryPickConfigurationExtension not found
2026-05-23 19:02:56.228 [main] DEBUG org.flywaydb.core.internal.parser.Parser - Parsing V4__add_employee_org_tables.sql ...
2026-05-23 19:02:56.230 [main] DEBUG o.flywaydb.core.internal.sqlscript.ParserSqlScript - Found statement at line 8: -- M3: 员工组织模块 - 新增4张表
-- hr_employee: 员工主数据表
-- org_unit: 组织架构表
-- employee_org: 员工-组织多对多关联表
-- sys_role_org: 角色-组织自定义数据权限范围表

-- 员工主数据表
CREATE TABLE IF NOT EXISTS `hr_employee` (
    `id` BIGINT NOT NULL AUTO_INCREMENT COMMENT '主键ID',
    `employee_no` VARCHAR(64) NOT NULL COMMENT '员工工号',
    `name` VARCHAR(100) NOT NULL COMMENT '员工姓名',
    `preferred_name` VARCHAR(100) COMMENT '常用名/花名',
    `mobile` VARCHAR(32) COMMENT '手机号',
    `email` VARCHAR(100) COMMENT '邮箱',
    `primary_org_id` BIGINT COMMENT '主组织ID',
    `job_title` VARCHAR(100) COMMENT '职位',
    `employment_status` VARCHAR(32) NOT NULL DEFAULT 'ACTIVE' COMMENT '在职状态(ACTIVE/RESIGNED/SUSPENDED)',
    `entry_date` DATE COMMENT '入职日期',
    `leave_date` DATE COMMENT '离职日期',
    `source_type` VARCHAR(32) NOT NULL DEFAULT 'MANUAL' COMMENT '数据来源(MANUAL/IMPORT/API)',
    `created_at` DATETIME DEFAULT CURRENT_TIMESTAMP COMMENT '创建时间',
    `created_by` VARCHAR(50) COMMENT '创建人',
    `updated_at` DATETIME DEFAULT CURRENT_TIMESTAMP ON UPDATE CURRENT_TIMESTAMP COMMENT '更新时间',
    `updated_by` VARCHAR(50) COMMENT '更新人',
    `deleted` INT DEFAULT 0 COMMENT '逻辑删除标志：0-未删除，1-已删除',
    `version` INT DEFAULT 1 COMMENT '版本号',
    PRIMARY KEY (`id`),
    UNIQUE KEY `uk_employee_no` (`employee_no`),
    KEY `idx_name` (`name`),
    KEY `idx_mobile` (`mobile`),
    KEY `idx_primary_org_id` (`primary_org_id`),
    KEY `idx_employment_status` (`employment_status`)
) ENGINE=InnoDB DEFAULT CHARSET=utf8mb4 COLLATE=utf8mb4_0900_ai_ci COMMENT='员工主数据表'
2026-05-23 19:02:56.230 [main] DEBUG o.flywaydb.core.internal.sqlscript.ParserSqlScript - Found statement at line 36: -- 组织架构表
CREATE TABLE IF NOT EXISTS `org_unit` (
    `id` BIGINT NOT NULL AUTO_INCREMENT COMMENT '主键ID',
    `parent_id` BIGINT NOT NULL DEFAULT 0 COMMENT '父节点ID(0表示根节点)',
    `code` VARCHAR(64) NOT NULL COMMENT '组织编码',
    `name` VARCHAR(100) NOT NULL COMMENT '组织名称',
    `full_path` VARCHAR(500) COMMENT '完整路径(如/1/5/12/)',
    `level` INT DEFAULT 1 COMMENT '层级(从1开始)',
    `manager_employee_id` BIGINT COMMENT '负责人员工ID',
    `sort_order` INT DEFAULT 0 COMMENT '排序号',
    `status` VARCHAR(32) DEFAULT 'ENABLED' COMMENT '状态(ENABLED/DISABLED)',
    `source_type` VARCHAR(32) NOT NULL DEFAULT 'MANUAL' COMMENT '数据来源(MANUAL/IMPORT/API)',
    `created_at` DATETIME DEFAULT CURRENT_TIMESTAMP COMMENT '创建时间',
    `created_by` VARCHAR(50) COMMENT '创建人',
    `updated_at` DATETIME DEFAULT CURRENT_TIMESTAMP ON UPDATE CURRENT_TIMESTAMP COMMENT '更新时间',
    `updated_by` VARCHAR(50) COMMENT '更新人',
    `deleted` INT DEFAULT 0 COMMENT '逻辑删除标志：0-未删除，1-已删除',
    `version` INT DEFAULT 1 COMMENT '版本号',
    PRIMARY KEY (`id`),
    UNIQUE KEY `uk_code` (`code`),
    KEY `idx_parent_id` (`parent_id`),
    KEY `idx_manager_employee_id` (`manager_employee_id`)
) ENGINE=InnoDB DEFAULT CHARSET=utf8mb4 COLLATE=utf8mb4_0900_ai_ci COMMENT='组织架构表'
2026-05-23 19:02:56.230 [main] DEBUG o.flywaydb.core.internal.sqlscript.ParserSqlScript - Found statement at line 60: -- 员工-组织多对多关联表
CREATE TABLE IF NOT EXISTS `employee_org` (
    `id` BIGINT NOT NULL AUTO_INCREMENT COMMENT '主键ID',
    `employee_id` BIGINT NOT NULL COMMENT '员工ID',
    `org_id` BIGINT NOT NULL COMMENT '组织ID',
    `is_primary` TINYINT DEFAULT 0 COMMENT '是否主组织(0-否，1-是)',
    `position_name` VARCHAR(100) COMMENT '岗位名称',
    `start_date` DATE COMMENT '开始日期',
    `end_date` DATE COMMENT '结束日期',
    `status` VARCHAR(32) DEFAULT 'ACTIVE' COMMENT '状态(ACTIVE/INACTIVE)',
    `created_at` DATETIME DEFAULT CURRENT_TIMESTAMP COMMENT '创建时间',
    `created_by` VARCHAR(50) COMMENT '创建人',
    `updated_at` DATETIME DEFAULT CURRENT_TIMESTAMP ON UPDATE CURRENT_TIMESTAMP COMMENT '更新时间',
    `updated_by` VARCHAR(50) COMMENT '更新人',
    `deleted` INT DEFAULT 0 COMMENT '逻辑删除标志：0-未删除，1-已删除',
    `version` INT DEFAULT 1 COMMENT '版本号',
    PRIMARY KEY (`id`),
    UNIQUE KEY `uk_employee_org` (`employee_id`, `org_id`),
    KEY `idx_org_id` (`org_id`),
    KEY `idx_status` (`status`)
) ENGINE=InnoDB DEFAULT CHARSET=utf8mb4 COLLATE=utf8mb4_0900_ai_ci COMMENT='员工-组织关联表'
2026-05-23 19:02:56.231 [main] DEBUG o.flywaydb.core.internal.sqlscript.ParserSqlScript - Found statement at line 82: -- 角色-组织自定义数据权限范围表(物理删除，不做逻辑删除)
CREATE TABLE IF NOT EXISTS `sys_role_org` (
    `id` BIGINT NOT NULL AUTO_INCREMENT COMMENT '主键ID',
    `role_id` BIGINT NOT NULL COMMENT '角色ID',
    `org_id` BIGINT NOT NULL COMMENT '组织ID',
    `created_at` DATETIME DEFAULT CURRENT_TIMESTAMP COMMENT '创建时间',
    `created_by` VARCHAR(50) COMMENT '创建人',
    PRIMARY KEY (`id`),
    UNIQUE KEY `uk_role_org` (`role_id`, `org_id`),
    KEY `idx_org_id` (`org_id`)
) ENGINE=InnoDB DEFAULT CHARSET=utf8mb4 COLLATE=utf8mb4_0900_ai_ci COMMENT='角色-组织数据权限范围表'
2026-05-23 19:02:56.232 [main] DEBUG org.flywaydb.core.internal.command.DbMigrate - Starting migration of schema `admin_scaffold_test` to version "4 - add employee org tables" ...
2026-05-23 19:02:56.236 [main] INFO  org.flywaydb.core.internal.command.DbMigrate - Migrating schema `admin_scaffold_test` to version "4 - add employee org tables"
2026-05-23 19:02:56.236 [main] DEBUG o.f.c.internal.sqlscript.DefaultSqlScriptExecutor - Executing SQL: -- M3: 员工组织模块 - 新增4张表
-- hr_employee: 员工主数据表
-- org_unit: 组织架构表
-- employee_org: 员工-组织多对多关联表
-- sys_role_org: 角色-组织自定义数据权限范围表

-- 员工主数据表
CREATE TABLE IF NOT EXISTS `hr_employee` (
    `id` BIGINT NOT NULL AUTO_INCREMENT COMMENT '主键ID',
    `employee_no` VARCHAR(64) NOT NULL COMMENT '员工工号',
    `name` VARCHAR(100) NOT NULL COMMENT '员工姓名',
    `preferred_name` VARCHAR(100) COMMENT '常用名/花名',
    `mobile` VARCHAR(32) COMMENT '手机号',
    `email` VARCHAR(100) COMMENT '邮箱',
    `primary_org_id` BIGINT COMMENT '主组织ID',
    `job_title` VARCHAR(100) COMMENT '职位',
    `employment_status` VARCHAR(32) NOT NULL DEFAULT 'ACTIVE' COMMENT '在职状态(ACTIVE/RESIGNED/SUSPENDED)',
    `entry_date` DATE COMMENT '入职日期',
    `leave_date` DATE COMMENT '离职日期',
    `source_type` VARCHAR(32) NOT NULL DEFAULT 'MANUAL' COMMENT '数据来源(MANUAL/IMPORT/API)',
    `created_at` DATETIME DEFAULT CURRENT_TIMESTAMP COMMENT '创建时间',
    `created_by` VARCHAR(50) COMMENT '创建人',
    `updated_at` DATETIME DEFAULT CURRENT_TIMESTAMP ON UPDATE CURRENT_TIMESTAMP COMMENT '更新时间',
    `updated_by` VARCHAR(50) COMMENT '更新人',
    `deleted` INT DEFAULT 0 COMMENT '逻辑删除标志：0-未删除，1-已删除',
    `version` INT DEFAULT 1 COMMENT '版本号',
    PRIMARY KEY (`id`),
    UNIQUE KEY `uk_employee_no` (`employee_no`),
    KEY `idx_name` (`name`),
    KEY `idx_mobile` (`mobile`),
    KEY `idx_primary_org_id` (`primary_org_id`),
    KEY `idx_employment_status` (`employment_status`)
) ENGINE=InnoDB DEFAULT CHARSET=utf8mb4 COLLATE=utf8mb4_0900_ai_ci COMMENT='员工主数据表'
2026-05-23 19:02:56.333 [main] DEBUG o.f.c.internal.sqlscript.DefaultSqlScriptExecutor - 0 rows affected
2026-05-23 19:02:56.333 [main] DEBUG o.f.c.internal.sqlscript.DefaultSqlScriptExecutor - Executing SQL: -- 组织架构表
CREATE TABLE IF NOT EXISTS `org_unit` (
    `id` BIGINT NOT NULL AUTO_INCREMENT COMMENT '主键ID',
    `parent_id` BIGINT NOT NULL DEFAULT 0 COMMENT '父节点ID(0表示根节点)',
    `code` VARCHAR(64) NOT NULL COMMENT '组织编码',
    `name` VARCHAR(100) NOT NULL COMMENT '组织名称',
    `full_path` VARCHAR(500) COMMENT '完整路径(如/1/5/12/)',
    `level` INT DEFAULT 1 COMMENT '层级(从1开始)',
    `manager_employee_id` BIGINT COMMENT '负责人员工ID',
    `sort_order` INT DEFAULT 0 COMMENT '排序号',
    `status` VARCHAR(32) DEFAULT 'ENABLED' COMMENT '状态(ENABLED/DISABLED)',
    `source_type` VARCHAR(32) NOT NULL DEFAULT 'MANUAL' COMMENT '数据来源(MANUAL/IMPORT/API)',
    `created_at` DATETIME DEFAULT CURRENT_TIMESTAMP COMMENT '创建时间',
    `created_by` VARCHAR(50) COMMENT '创建人',
    `updated_at` DATETIME DEFAULT CURRENT_TIMESTAMP ON UPDATE CURRENT_TIMESTAMP COMMENT '更新时间',
    `updated_by` VARCHAR(50) COMMENT '更新人',
    `deleted` INT DEFAULT 0 COMMENT '逻辑删除标志：0-未删除，1-已删除',
    `version` INT DEFAULT 1 COMMENT '版本号',
    PRIMARY KEY (`id`),
    UNIQUE KEY `uk_code` (`code`),
    KEY `idx_parent_id` (`parent_id`),
    KEY `idx_manager_employee_id` (`manager_employee_id`)
) ENGINE=InnoDB DEFAULT CHARSET=utf8mb4 COLLATE=utf8mb4_0900_ai_ci COMMENT='组织架构表'
2026-05-23 19:02:56.406 [main] DEBUG o.f.c.internal.sqlscript.DefaultSqlScriptExecutor - 0 rows affected
2026-05-23 19:02:56.406 [main] DEBUG o.f.c.internal.sqlscript.DefaultSqlScriptExecutor - Executing SQL: -- 员工-组织多对多关联表
CREATE TABLE IF NOT EXISTS `employee_org` (
    `id` BIGINT NOT NULL AUTO_INCREMENT COMMENT '主键ID',
    `employee_id` BIGINT NOT NULL COMMENT '员工ID',
    `org_id` BIGINT NOT NULL COMMENT '组织ID',
    `is_primary` TINYINT DEFAULT 0 COMMENT '是否主组织(0-否，1-是)',
    `position_name` VARCHAR(100) COMMENT '岗位名称',
    `start_date` DATE COMMENT '开始日期',
    `end_date` DATE COMMENT '结束日期',
    `status` VARCHAR(32) DEFAULT 'ACTIVE' COMMENT '状态(ACTIVE/INACTIVE)',
    `created_at` DATETIME DEFAULT CURRENT_TIMESTAMP COMMENT '创建时间',
    `created_by` VARCHAR(50) COMMENT '创建人',
    `updated_at` DATETIME DEFAULT CURRENT_TIMESTAMP ON UPDATE CURRENT_TIMESTAMP COMMENT '更新时间',
    `updated_by` VARCHAR(50) COMMENT '更新人',
    `deleted` INT DEFAULT 0 COMMENT '逻辑删除标志：0-未删除，1-已删除',
    `version` INT DEFAULT 1 COMMENT '版本号',
    PRIMARY KEY (`id`),
    UNIQUE KEY `uk_employee_org` (`employee_id`, `org_id`),
    KEY `idx_org_id` (`org_id`),
    KEY `idx_status` (`status`)
) ENGINE=InnoDB DEFAULT CHARSET=utf8mb4 COLLATE=utf8mb4_0900_ai_ci COMMENT='员工-组织关联表'
2026-05-23 19:02:56.487 [main] DEBUG o.f.c.internal.sqlscript.DefaultSqlScriptExecutor - 0 rows affected
2026-05-23 19:02:56.487 [main] DEBUG o.f.c.internal.sqlscript.DefaultSqlScriptExecutor - Executing SQL: -- 角色-组织自定义数据权限范围表(物理删除，不做逻辑删除)
CREATE TABLE IF NOT EXISTS `sys_role_org` (
    `id` BIGINT NOT NULL AUTO_INCREMENT COMMENT '主键ID',
    `role_id` BIGINT NOT NULL COMMENT '角色ID',
    `org_id` BIGINT NOT NULL COMMENT '组织ID',
    `created_at` DATETIME DEFAULT CURRENT_TIMESTAMP COMMENT '创建时间',
    `created_by` VARCHAR(50) COMMENT '创建人',
    PRIMARY KEY (`id`),
    UNIQUE KEY `uk_role_org` (`role_id`, `org_id`),
    KEY `idx_org_id` (`org_id`)
) ENGINE=InnoDB DEFAULT CHARSET=utf8mb4 COLLATE=utf8mb4_0900_ai_ci COMMENT='角色-组织数据权限范围表'
2026-05-23 19:02:56.548 [main] DEBUG o.f.c.internal.sqlscript.DefaultSqlScriptExecutor - 0 rows affected
2026-05-23 19:02:56.548 [main] DEBUG org.flywaydb.core.internal.command.DbMigrate - Successfully completed migration of schema `admin_scaffold_test` to version "4 - add employee org tables"
2026-05-23 19:02:56.561 [main] DEBUG o.f.c.i.schemahistory.JdbcTableSchemaHistory - Schema History table `admin_scaffold_test`.`flyway_schema_history` successfully updated to reflect changes
2026-05-23 19:02:56.578 [main] DEBUG o.f.core.api.configuration.ClassicConfiguration - CherryPickConfigurationExtension not found
2026-05-23 19:02:56.583 [main] DEBUG org.flywaydb.core.internal.parser.Parser - Parsing V5__seed_data_org.sql ...
2026-05-23 19:02:56.584 [main] DEBUG o.flywaydb.core.internal.sqlscript.ParserSqlScript - Found statement at line 8: -- V5: 组织模块种子数据
-- LOCAL-ONLY: 仅用于本地开发环境
-- 依赖 V4 表结构

-- ============================================================
-- 1. 部门树：总公司(100) → 技术部(101)/产品部(102) → 后端组(103)/前端组(104)
-- ============================================================
INSERT INTO org_unit (id, parent_id, code, name, full_path, level, sort_order, status, source_type, created_at, updated_at, created_by, updated_by, deleted, version)
VALUES
(100, 0, 'HQ', '总公司', '/100/', 1, 1, 'ENABLED', 'MANUAL', NOW(), NOW(), 'system', 'system', 0, 1),
(101, 100, 'TECH', '技术部', '/100/101/', 2, 1, 'ENABLED', 'MANUAL', NOW(), NOW(), 'system', 'system', 0, 1),
(102, 100, 'PRODUCT', '产品部', '/100/102/', 2, 2, 'ENABLED', 'MANUAL', NOW(), NOW(), 'system', 'system', 0, 1),
(103, 101, 'BACKEND', '后端组', '/100/101/103/', 3, 1, 'ENABLED', 'MANUAL', NOW(), NOW(), 'system', 'system', 0, 1),
(104, 101, 'FRONTEND', '前端组', '/100/101/104/', 3, 2, 'ENABLED', 'MANUAL', NOW(), NOW(), 'system', 'system', 0, 1)
2026-05-23 19:02:56.584 [main] DEBUG o.flywaydb.core.internal.sqlscript.ParserSqlScript - Found statement at line 19: -- ============================================================
-- 2. 员工数据
-- ============================================================
INSERT INTO hr_employee (id, employee_no, name, mobile, email, primary_org_id, job_title, employment_status, entry_date, source_type, created_at, updated_at, created_by, updated_by, deleted, version)
VALUES
(100, 'EMP001', '张三', '13800000001', 'zhangsan@example.com', 101, '技术总监', 'ACTIVE', '2024-01-01', 'MANUAL', NOW(), NOW(), 'system', 'system', 0, 1),
(101, 'EMP002', '李四', '13800000002', 'lisi@example.com', 103, '后端开发', 'ACTIVE', '2024-03-15', 'MANUAL', NOW(), NOW(), 'system', 'system', 0, 1),
(102, 'EMP003', '王五', '13800000003', 'wangwu@example.com', 102, '产品经理', 'ACTIVE', '2024-06-01', 'MANUAL', NOW(), NOW(), 'system', 'system', 0, 1)
2026-05-23 19:02:56.585 [main] DEBUG o.flywaydb.core.internal.sqlscript.ParserSqlScript - Found statement at line 28: -- ============================================================
-- 3. 员工-组织关联
-- ============================================================
INSERT INTO employee_org (id, employee_id, org_id, is_primary, position_name, status, created_at, created_by, updated_at, updated_by, deleted, version)
VALUES
(1, 100, 101, 1, '技术总监', 'ACTIVE', NOW(), 'system', NOW(), 'system', 0, 1),
(2, 101, 103, 1, '后端开发', 'ACTIVE', NOW(), 'system', NOW(), 'system', 0, 1),
(3, 102, 102, 1, '产品经理', 'ACTIVE', NOW(), 'system', NOW(), 'system', 0, 1)
2026-05-23 19:02:56.585 [main] DEBUG o.flywaydb.core.internal.sqlscript.ParserSqlScript - Found statement at line 38: -- ============================================================
-- 4. 角色-组织关联（CUSTOM 数据权限）
-- role_id=2 为 V3 中的普通用户角色（USER），赋予技术部(101)的自定义数据权限
-- ============================================================
INSERT INTO sys_role_org (id, role_id, org_id, created_at, created_by)
VALUES
(1, 2, 101, NOW(), 'system'),
(2, 2, 102, NOW(), 'system')
2026-05-23 19:02:56.586 [main] DEBUG org.flywaydb.core.internal.command.DbMigrate - Starting migration of schema `admin_scaffold_test` to version "5 - seed data org" ...
2026-05-23 19:02:56.590 [main] INFO  org.flywaydb.core.internal.command.DbMigrate - Migrating schema `admin_scaffold_test` to version "5 - seed data org"
2026-05-23 19:02:56.591 [main] DEBUG o.f.c.internal.sqlscript.DefaultSqlScriptExecutor - Executing SQL: -- V5: 组织模块种子数据
-- LOCAL-ONLY: 仅用于本地开发环境
-- 依赖 V4 表结构

-- ============================================================
-- 1. 部门树：总公司(100) → 技术部(101)/产品部(102) → 后端组(103)/前端组(104)
-- ============================================================
INSERT INTO org_unit (id, parent_id, code, name, full_path, level, sort_order, status, source_type, created_at, updated_at, created_by, updated_by, deleted, version)
VALUES
(100, 0, 'HQ', '总公司', '/100/', 1, 1, 'ENABLED', 'MANUAL', NOW(), NOW(), 'system', 'system', 0, 1),
(101, 100, 'TECH', '技术部', '/100/101/', 2, 1, 'ENABLED', 'MANUAL', NOW(), NOW(), 'system', 'system', 0, 1),
(102, 100, 'PRODUCT', '产品部', '/100/102/', 2, 2, 'ENABLED', 'MANUAL', NOW(), NOW(), 'system', 'system', 0, 1),
(103, 101, 'BACKEND', '后端组', '/100/101/103/', 3, 1, 'ENABLED', 'MANUAL', NOW(), NOW(), 'system', 'system', 0, 1),
(104, 101, 'FRONTEND', '前端组', '/100/101/104/', 3, 2, 'ENABLED', 'MANUAL', NOW(), NOW(), 'system', 'system', 0, 1)
2026-05-23 19:02:56.595 [main] DEBUG o.f.c.internal.sqlscript.DefaultSqlScriptExecutor - 5 rows affected
2026-05-23 19:02:56.595 [main] DEBUG o.f.c.internal.sqlscript.DefaultSqlScriptExecutor - Executing SQL: -- ============================================================
-- 2. 员工数据
-- ============================================================
INSERT INTO hr_employee (id, employee_no, name, mobile, email, primary_org_id, job_title, employment_status, entry_date, source_type, created_at, updated_at, created_by, updated_by, deleted, version)
VALUES
(100, 'EMP001', '张三', '13800000001', 'zhangsan@example.com', 101, '技术总监', 'ACTIVE', '2024-01-01', 'MANUAL', NOW(), NOW(), 'system', 'system', 0, 1),
(101, 'EMP002', '李四', '13800000002', 'lisi@example.com', 103, '后端开发', 'ACTIVE', '2024-03-15', 'MANUAL', NOW(), NOW(), 'system', 'system', 0, 1),
(102, 'EMP003', '王五', '13800000003', 'wangwu@example.com', 102, '产品经理', 'ACTIVE', '2024-06-01', 'MANUAL', NOW(), NOW(), 'system', 'system', 0, 1)
2026-05-23 19:02:56.598 [main] DEBUG o.f.c.internal.sqlscript.DefaultSqlScriptExecutor - 3 rows affected
2026-05-23 19:02:56.598 [main] DEBUG o.f.c.internal.sqlscript.DefaultSqlScriptExecutor - Executing SQL: -- ============================================================
-- 3. 员工-组织关联
-- ============================================================
INSERT INTO employee_org (id, employee_id, org_id, is_primary, position_name, status, created_at, created_by, updated_at, updated_by, deleted, version)
VALUES
(1, 100, 101, 1, '技术总监', 'ACTIVE', NOW(), 'system', NOW(), 'system', 0, 1),
(2, 101, 103, 1, '后端开发', 'ACTIVE', NOW(), 'system', NOW(), 'system', 0, 1),
(3, 102, 102, 1, '产品经理', 'ACTIVE', NOW(), 'system', NOW(), 'system', 0, 1)
2026-05-23 19:02:56.600 [main] DEBUG o.f.c.internal.sqlscript.DefaultSqlScriptExecutor - 3 rows affected
2026-05-23 19:02:56.600 [main] DEBUG o.f.c.internal.sqlscript.DefaultSqlScriptExecutor - Executing SQL: -- ============================================================
-- 4. 角色-组织关联（CUSTOM 数据权限）
-- role_id=2 为 V3 中的普通用户角色（USER），赋予技术部(101)的自定义数据权限
-- ============================================================
INSERT INTO sys_role_org (id, role_id, org_id, created_at, created_by)
VALUES
(1, 2, 101, NOW(), 'system'),
(2, 2, 102, NOW(), 'system')
2026-05-23 19:02:56.602 [main] DEBUG o.f.c.internal.sqlscript.DefaultSqlScriptExecutor - 2 rows affected
2026-05-23 19:02:56.602 [main] DEBUG org.flywaydb.core.internal.command.DbMigrate - Successfully completed migration of schema `admin_scaffold_test` to version "5 - seed data org"
2026-05-23 19:02:56.615 [main] DEBUG o.f.c.i.schemahistory.JdbcTableSchemaHistory - Schema History table `admin_scaffold_test`.`flyway_schema_history` successfully updated to reflect changes
2026-05-23 19:02:56.632 [main] DEBUG o.f.core.api.configuration.ClassicConfiguration - CherryPickConfigurationExtension not found
2026-05-23 19:02:56.638 [main] INFO  org.flywaydb.core.internal.command.DbMigrate - Successfully applied 5 migrations to schema `admin_scaffold_test`, now at version v5 (execution time 00:01.687s)
2026-05-23 19:02:56.644 [main] DEBUG org.flywaydb.core.FlywayExecutor - Memory usage: 148 of 256M
2026-05-23 19:02:56.644 [main] INFO  i.g.l.admin.config.TestDatabaseInitializer - Flyway 迁移完成
2026-05-23 19:02:56.650 [main] DEBUG o.f.c.internal.scanner.classpath.ClassPathScanner - Scanning for classpath resources at 'classpath:db/callback' ...
2026-05-23 19:02:56.650 [main] DEBUG o.f.c.internal.scanner.classpath.ClassPathScanner - Determining location urls for classpath:db/callback using ClassLoader jdk.internal.loader.ClassLoaders$AppClassLoader@5c647e05 ...
2026-05-23 19:02:56.652 [main] DEBUG o.f.c.internal.scanner.classpath.ClassPathScanner - Unable to resolve location classpath:db/callback.
2026-05-23 19:02:56.654 [main] DEBUG o.f.c.internal.scanner.classpath.ClassPathScanner - Scanning for classpath resources at 'classpath:db/migration' ...
2026-05-23 19:02:56.654 [main] DEBUG o.f.c.internal.scanner.classpath.ClassPathScanner - Determining location urls for classpath:db/migration using ClassLoader jdk.internal.loader.ClassLoaders$AppClassLoader@5c647e05 ...
2026-05-23 19:02:56.654 [main] DEBUG o.f.c.internal.scanner.classpath.ClassPathScanner - Scanning URL: file:/C:/workspace/admin-management-scaffold/backend/target/classes/db/migration
2026-05-23 19:02:56.654 [main] DEBUG o.f.c.i.s.c.FileSystemClassPathLocationScanner - Scanning starting at classpath root in filesystem: C:\workspace\admin-management-scaffold\backend\target\classes\
2026-05-23 19:02:56.654 [main] DEBUG o.f.c.i.s.c.FileSystemClassPathLocationScanner - Scanning for resources in path: C:\workspace\admin-management-scaffold\backend\target\classes\db\migration (db/migration)
2026-05-23 19:02:56.654 [main] DEBUG o.f.c.internal.scanner.classpath.ClassPathScanner - Found resource: db/migration/V1__init_schema.sql
2026-05-23 19:02:56.654 [main] DEBUG o.f.c.internal.scanner.classpath.ClassPathScanner - Found resource: db/migration/V2__add_menu_and_permission_fields.sql
2026-05-23 19:02:56.654 [main] DEBUG o.f.c.internal.scanner.classpath.ClassPathScanner - Found resource: db/migration/V3__seed_data.sql
2026-05-23 19:02:56.654 [main] DEBUG o.f.c.internal.scanner.classpath.ClassPathScanner - Found resource: db/migration/V4__add_employee_org_tables.sql
2026-05-23 19:02:56.654 [main] DEBUG o.f.c.internal.scanner.classpath.ClassPathScanner - Found resource: db/migration/V5__seed_data_org.sql
2026-05-23 19:02:56.654 [main] DEBUG o.f.c.internal.scanner.classpath.ClassPathScanner - Scanning for classes at classpath:db/migration
2026-05-23 19:02:56.654 [main] DEBUG o.f.core.internal.resource.ResourceNameValidator - Validating V4__add_employee_org_tables.sql
2026-05-23 19:02:56.665 [main] DEBUG o.f.core.internal.resource.ResourceNameValidator - Validating V1__init_schema.sql
2026-05-23 19:02:56.665 [main] DEBUG o.f.core.internal.resource.ResourceNameValidator - Validating V2__add_menu_and_permission_fields.sql
2026-05-23 19:02:56.665 [main] DEBUG o.f.core.internal.resource.ResourceNameValidator - Validating V3__seed_data.sql
2026-05-23 19:02:56.665 [main] DEBUG o.f.core.internal.resource.ResourceNameValidator - Validating V5__seed_data_org.sql
2026-05-23 19:02:56.674 [main] INFO  org.flywaydb.core.FlywayExecutor - Database: jdbc:mysql://localhost:3306/admin_scaffold_test (MySQL 9.1)
2026-05-23 19:02:56.675 [main] DEBUG org.flywaydb.core.FlywayExecutor - Database Type: MySQL
2026-05-23 19:02:56.675 [main] DEBUG org.flywaydb.core.FlywayExecutor - Driver: MySQL Connector/J mysql-connector-j-8.3.0 (Revision: 805f872a57875f311cb82487efcfb070411a3fa0)
2026-05-23 19:02:56.675 [main] DEBUG org.flywaydb.core.FlywayExecutor - DDL Transactions Supported: false
2026-05-23 19:02:56.675 [main] DEBUG o.f.c.internal.schemahistory.SchemaHistoryFactory - Schemas: 
2026-05-23 19:02:56.675 [main] DEBUG o.f.c.internal.schemahistory.SchemaHistoryFactory - Default schema: null
2026-05-23 19:02:56.681 [main] WARN  org.flywaydb.core.internal.database.base.Database - Flyway upgrade recommended: MySQL 9.1 is newer than this version of Flyway and support has not been tested. The latest supported version of MySQL is 8.1.
2026-05-23 19:02:56.681 [main] DEBUG o.f.c.internal.callback.SqlScriptCallbackFactory - Scanning for SQL callbacks ...
2026-05-23 19:02:56.684 [main] DEBUG org.flywaydb.core.internal.command.DbSchemas - Skipping creation of existing schema: `admin_scaffold_test`
2026-05-23 19:02:56.690 [main] DEBUG o.f.core.api.configuration.ClassicConfiguration - CherryPickConfigurationExtension not found
2026-05-23 19:02:56.696 [main] DEBUG org.flywaydb.core.internal.scanner.Scanner - Filtering out resource: db/migration/V4__add_employee_org_tables.sql (filename: V4__add_employee_org_tables.sql)
2026-05-23 19:02:56.696 [main] DEBUG org.flywaydb.core.internal.scanner.Scanner - Filtering out resource: db/migration/V1__init_schema.sql (filename: V1__init_schema.sql)
2026-05-23 19:02:56.696 [main] DEBUG org.flywaydb.core.internal.scanner.Scanner - Filtering out resource: db/migration/V2__add_menu_and_permission_fields.sql (filename: V2__add_menu_and_permission_fields.sql)
2026-05-23 19:02:56.696 [main] DEBUG org.flywaydb.core.internal.scanner.Scanner - Filtering out resource: db/migration/V3__seed_data.sql (filename: V3__seed_data.sql)
2026-05-23 19:02:56.696 [main] DEBUG org.flywaydb.core.internal.scanner.Scanner - Filtering out resource: db/migration/V5__seed_data_org.sql (filename: V5__seed_data_org.sql)
2026-05-23 19:02:56.696 [main] DEBUG org.flywaydb.core.internal.scanner.Scanner - Filtering out resource: db/migration/V4__add_employee_org_tables.sql (filename: V4__add_employee_org_tables.sql)
2026-05-23 19:02:56.696 [main] DEBUG org.flywaydb.core.internal.scanner.Scanner - Filtering out resource: db/migration/V1__init_schema.sql (filename: V1__init_schema.sql)
2026-05-23 19:02:56.696 [main] DEBUG org.flywaydb.core.internal.scanner.Scanner - Filtering out resource: db/migration/V2__add_menu_and_permission_fields.sql (filename: V2__add_menu_and_permission_fields.sql)
2026-05-23 19:02:56.696 [main] DEBUG org.flywaydb.core.internal.scanner.Scanner - Filtering out resource: db/migration/V3__seed_data.sql (filename: V3__seed_data.sql)
2026-05-23 19:02:56.696 [main] DEBUG org.flywaydb.core.internal.scanner.Scanner - Filtering out resource: db/migration/V5__seed_data_org.sql (filename: V5__seed_data_org.sql)
2026-05-23 19:02:56.700 [main] INFO  org.flywaydb.core.internal.command.DbMigrate - Current version of schema `admin_scaffold_test`: 5
2026-05-23 19:02:56.701 [main] INFO  org.flywaydb.core.internal.command.DbMigrate - Schema `admin_scaffold_test` is up to date. No migration necessary.
2026-05-23 19:02:56.705 [main] DEBUG org.flywaydb.core.FlywayExecutor - Memory usage: 150 of 256M
 _ _   |_  _ _|_. ___ _ |    _ 
| | |\/|_)(_| | |_\  |_)||_|_\ 
     /               |         
                        3.5.16 
____ ____    ___ ____ _  _ ____ _  _ 
[__  |__| __  |  |  | |_/  |___ |\ | 
___] |  |     |  |__| | \_ |___ | \| 
https://sa-token.cc (v1.45.0)
2026-05-23 19:02:57.407 [main] INFO  i.g.l.a.o.orgunit.controller.OrgUnitControllerTest - Started OrgUnitControllerTest in 4.052 seconds (process running for 64.94)
2026-05-23 19:02:57.418 [main] INFO  i.g.lystrosaurus.admin.filter.RequestLogFilter - 请求开始: POST /app/org-units  from 127.0.0.1
2026-05-23 19:02:57.434 [main] INFO  i.g.lystrosaurus.admin.filter.RequestLogFilter - 请求结束: POST /app/org-units status=200 耗时=16ms
2026-05-23 19:02:57.440 [main] INFO  i.g.lystrosaurus.admin.filter.RequestLogFilter - 请求开始: GET /app/org-units  from 127.0.0.1
2026-05-23 19:02:57.442 [main] INFO  i.g.lystrosaurus.admin.filter.RequestLogFilter - 请求结束: GET /app/org-units status=200 耗时=2ms
2026-05-23 19:02:57.449 [main] INFO  i.g.lystrosaurus.admin.filter.RequestLogFilter - 请求开始: GET /app/org-units/tree  from 127.0.0.1
2026-05-23 19:02:57.450 [main] INFO  i.g.lystrosaurus.admin.filter.RequestLogFilter - 请求结束: GET /app/org-units/tree status=200 耗时=1ms
2026-05-23 19:02:57.457 [main] INFO  i.g.lystrosaurus.admin.filter.RequestLogFilter - 请求开始: DELETE /app/org-units/1  from 127.0.0.1
2026-05-23 19:02:57.458 [main] INFO  i.g.lystrosaurus.admin.filter.RequestLogFilter - 请求结束: DELETE /app/org-units/1 status=200 耗时=1ms
2026-05-23 19:02:57.464 [main] INFO  i.g.lystrosaurus.admin.filter.RequestLogFilter - 请求开始: POST /app/org-units  from 127.0.0.1
2026-05-23 19:02:57.464 [main] WARN  i.g.l.admin.handler.GlobalExceptionHandler - 参数校验失败: 组织编码不能为空
2026-05-23 19:02:57.467 [main] INFO  i.g.lystrosaurus.admin.filter.RequestLogFilter - 请求结束: POST /app/org-units status=400 耗时=3ms
2026-05-23 19:02:57.472 [main] INFO  i.g.lystrosaurus.admin.filter.RequestLogFilter - 请求开始: POST /app/org-units  from 127.0.0.1
2026-05-23 19:02:57.474 [main] WARN  i.g.l.admin.handler.GlobalExceptionHandler - 参数校验失败: 组织名称不能为空
2026-05-23 19:02:57.475 [main] INFO  i.g.lystrosaurus.admin.filter.RequestLogFilter - 请求结束: POST /app/org-units status=400 耗时=3ms
2026-05-23 19:02:57.479 [main] INFO  i.g.lystrosaurus.admin.filter.RequestLogFilter - 请求开始: GET /app/org-units/999  from 127.0.0.1
2026-05-23 19:02:57.480 [main] WARN  i.g.l.admin.handler.GlobalExceptionHandler - 业务异常: code=8001, message=组织单元不存在
2026-05-23 19:02:57.480 [main] INFO  i.g.lystrosaurus.admin.filter.RequestLogFilter - 请求结束: GET /app/org-units/999 status=200 耗时=1ms
2026-05-23 19:02:57.487 [main] INFO  i.g.lystrosaurus.admin.filter.RequestLogFilter - 请求开始: GET /app/org-units/1  from 127.0.0.1
2026-05-23 19:02:57.488 [main] INFO  i.g.lystrosaurus.admin.filter.RequestLogFilter - 请求结束: GET /app/org-units/1 status=200 耗时=1ms
2026-05-23 19:02:57.496 [main] INFO  i.g.lystrosaurus.admin.filter.RequestLogFilter - 请求开始: PUT /app/org-units/1  from 127.0.0.1
2026-05-23 19:02:57.500 [main] INFO  i.g.lystrosaurus.admin.filter.RequestLogFilter - 请求结束: PUT /app/org-units/1 status=200 耗时=4ms

  .   ____          _            __ _ _
 /\\ / ___'_ __ _ _(_)_ __  __ _ \ \ \ \
( ( )\___ | '_ | '_| | '_ \/ _` | \ \ \ \
 \\/  ___)| |_)| | | | | || (_| |  ) ) ) )
  '  |____| .__|_| |_|_| |_\__, | / / / /
 =========|_|==============|___/=/_/_/_/
 :: Spring Boot ::                (v3.2.5)

2026-05-23 19:02:57.787 [main] INFO  i.g.l.a.system.menu.controller.MenuControllerTest - Starting MenuControllerTest using Java 21.0.5 with PID 54236 (started by lannt in C:\workspace\admin-management-scaffold\backend)
2026-05-23 19:02:57.787 [main] DEBUG i.g.l.a.system.menu.controller.MenuControllerTest - Running with Spring Boot v3.2.5, Spring v6.1.6
2026-05-23 19:02:57.787 [main] INFO  i.g.l.a.system.menu.controller.MenuControllerTest - The following 1 profile is active: "test"
2026-05-23 19:02:58.335 [main] INFO  i.g.l.admin.config.TestDatabaseInitializer - 测试数据库 admin_scaffold_test 创建成功或已存在
2026-05-23 19:02:58.859 [main] INFO  i.g.l.admin.config.TestDatabaseInitializer - 测试数据库已清理，将手动执行 Flyway 迁移
2026-05-23 19:02:58.863 [main] DEBUG o.f.c.internal.scanner.classpath.ClassPathScanner - Scanning for classpath resources at 'classpath:db/callback' ...
2026-05-23 19:02:58.863 [main] DEBUG o.f.c.internal.scanner.classpath.ClassPathScanner - Determining location urls for classpath:db/callback using ClassLoader jdk.internal.loader.ClassLoaders$AppClassLoader@5c647e05 ...
2026-05-23 19:02:58.864 [main] DEBUG o.f.c.internal.scanner.classpath.ClassPathScanner - Unable to resolve location classpath:db/callback.
2026-05-23 19:02:58.865 [main] DEBUG o.f.c.internal.scanner.classpath.ClassPathScanner - Scanning for classpath resources at 'classpath:db/migration' ...
2026-05-23 19:02:58.865 [main] DEBUG o.f.c.internal.scanner.classpath.ClassPathScanner - Determining location urls for classpath:db/migration using ClassLoader jdk.internal.loader.ClassLoaders$AppClassLoader@5c647e05 ...
2026-05-23 19:02:58.865 [main] DEBUG o.f.c.internal.scanner.classpath.ClassPathScanner - Scanning URL: file:/C:/workspace/admin-management-scaffold/backend/target/classes/db/migration
2026-05-23 19:02:58.865 [main] DEBUG o.f.c.i.s.c.FileSystemClassPathLocationScanner - Scanning starting at classpath root in filesystem: C:\workspace\admin-management-scaffold\backend\target\classes\
2026-05-23 19:02:58.865 [main] DEBUG o.f.c.i.s.c.FileSystemClassPathLocationScanner - Scanning for resources in path: C:\workspace\admin-management-scaffold\backend\target\classes\db\migration (db/migration)
2026-05-23 19:02:58.866 [main] DEBUG o.f.c.internal.scanner.classpath.ClassPathScanner - Found resource: db/migration/V1__init_schema.sql
2026-05-23 19:02:58.866 [main] DEBUG o.f.c.internal.scanner.classpath.ClassPathScanner - Found resource: db/migration/V2__add_menu_and_permission_fields.sql
2026-05-23 19:02:58.866 [main] DEBUG o.f.c.internal.scanner.classpath.ClassPathScanner - Found resource: db/migration/V3__seed_data.sql
2026-05-23 19:02:58.866 [main] DEBUG o.f.c.internal.scanner.classpath.ClassPathScanner - Found resource: db/migration/V4__add_employee_org_tables.sql
2026-05-23 19:02:58.866 [main] DEBUG o.f.c.internal.scanner.classpath.ClassPathScanner - Found resource: db/migration/V5__seed_data_org.sql
2026-05-23 19:02:58.866 [main] DEBUG o.f.c.internal.scanner.classpath.ClassPathScanner - Scanning for classes at classpath:db/migration
2026-05-23 19:02:58.866 [main] DEBUG o.f.core.internal.resource.ResourceNameValidator - Validating V4__add_employee_org_tables.sql
2026-05-23 19:02:58.866 [main] DEBUG o.f.core.internal.resource.ResourceNameValidator - Validating V1__init_schema.sql
2026-05-23 19:02:58.866 [main] DEBUG o.f.core.internal.resource.ResourceNameValidator - Validating V2__add_menu_and_permission_fields.sql
2026-05-23 19:02:58.866 [main] DEBUG o.f.core.internal.resource.ResourceNameValidator - Validating V3__seed_data.sql
2026-05-23 19:02:58.866 [main] DEBUG o.f.core.internal.resource.ResourceNameValidator - Validating V5__seed_data_org.sql
2026-05-23 19:02:58.876 [main] INFO  org.flywaydb.core.FlywayExecutor - Database: jdbc:mysql://localhost:3306/admin_scaffold_test (MySQL 9.1)
2026-05-23 19:02:58.876 [main] DEBUG org.flywaydb.core.FlywayExecutor - Database Type: MySQL
2026-05-23 19:02:58.876 [main] DEBUG org.flywaydb.core.FlywayExecutor - Driver: MySQL Connector/J mysql-connector-j-8.3.0 (Revision: 805f872a57875f311cb82487efcfb070411a3fa0)
2026-05-23 19:02:58.876 [main] DEBUG org.flywaydb.core.FlywayExecutor - DDL Transactions Supported: false
2026-05-23 19:02:58.876 [main] DEBUG o.f.c.internal.schemahistory.SchemaHistoryFactory - Schemas: 
2026-05-23 19:02:58.876 [main] DEBUG o.f.c.internal.schemahistory.SchemaHistoryFactory - Default schema: null
2026-05-23 19:02:58.882 [main] WARN  org.flywaydb.core.internal.database.base.Database - Flyway upgrade recommended: MySQL 9.1 is newer than this version of Flyway and support has not been tested. The latest supported version of MySQL is 8.1.
2026-05-23 19:02:58.882 [main] DEBUG o.f.c.internal.callback.SqlScriptCallbackFactory - Scanning for SQL callbacks ...
2026-05-23 19:02:58.883 [main] DEBUG org.flywaydb.core.internal.command.DbValidate - Validating migrations ...
2026-05-23 19:02:58.884 [main] DEBUG o.f.core.api.configuration.ClassicConfiguration - CherryPickConfigurationExtension not found
2026-05-23 19:02:58.889 [main] DEBUG org.flywaydb.core.internal.scanner.Scanner - Filtering out resource: db/migration/V4__add_employee_org_tables.sql (filename: V4__add_employee_org_tables.sql)
2026-05-23 19:02:58.889 [main] DEBUG org.flywaydb.core.internal.scanner.Scanner - Filtering out resource: db/migration/V1__init_schema.sql (filename: V1__init_schema.sql)
2026-05-23 19:02:58.889 [main] DEBUG org.flywaydb.core.internal.scanner.Scanner - Filtering out resource: db/migration/V2__add_menu_and_permission_fields.sql (filename: V2__add_menu_and_permission_fields.sql)
2026-05-23 19:02:58.889 [main] DEBUG org.flywaydb.core.internal.scanner.Scanner - Filtering out resource: db/migration/V3__seed_data.sql (filename: V3__seed_data.sql)
2026-05-23 19:02:58.889 [main] DEBUG org.flywaydb.core.internal.scanner.Scanner - Filtering out resource: db/migration/V5__seed_data_org.sql (filename: V5__seed_data_org.sql)
2026-05-23 19:02:58.889 [main] DEBUG org.flywaydb.core.internal.scanner.Scanner - Filtering out resource: db/migration/V4__add_employee_org_tables.sql (filename: V4__add_employee_org_tables.sql)
2026-05-23 19:02:58.889 [main] DEBUG org.flywaydb.core.internal.scanner.Scanner - Filtering out resource: db/migration/V1__init_schema.sql (filename: V1__init_schema.sql)
2026-05-23 19:02:58.889 [main] DEBUG org.flywaydb.core.internal.scanner.Scanner - Filtering out resource: db/migration/V2__add_menu_and_permission_fields.sql (filename: V2__add_menu_and_permission_fields.sql)
2026-05-23 19:02:58.889 [main] DEBUG org.flywaydb.core.internal.scanner.Scanner - Filtering out resource: db/migration/V3__seed_data.sql (filename: V3__seed_data.sql)
2026-05-23 19:02:58.889 [main] DEBUG org.flywaydb.core.internal.scanner.Scanner - Filtering out resource: db/migration/V5__seed_data_org.sql (filename: V5__seed_data_org.sql)
2026-05-23 19:02:58.894 [main] INFO  o.f.c.i.schemahistory.JdbcTableSchemaHistory - Schema history table `admin_scaffold_test`.`flyway_schema_history` does not exist yet
2026-05-23 19:02:58.896 [main] INFO  org.flywaydb.core.internal.command.DbValidate - Successfully validated 5 migrations (execution time 00:00.012s)
2026-05-23 19:02:58.898 [main] DEBUG org.flywaydb.core.internal.command.DbSchemas - Skipping creation of existing schema: `admin_scaffold_test`
2026-05-23 19:02:58.913 [main] INFO  o.f.c.i.schemahistory.JdbcTableSchemaHistory - Creating Schema History table `admin_scaffold_test`.`flyway_schema_history` ...
2026-05-23 19:02:58.913 [main] DEBUG org.flywaydb.core.internal.parser.Parser - Parsing  ...
2026-05-23 19:02:58.914 [main] DEBUG o.flywaydb.core.internal.sqlscript.ParserSqlScript - Found statement at line 1: CREATE TABLE `admin_scaffold_test`.`flyway_schema_history` (
    `installed_rank` INT NOT NULL,
    `version` VARCHAR(50),
    `description` VARCHAR(200) NOT NULL,
    `type` VARCHAR(20) NOT NULL,
    `script` VARCHAR(1000) NOT NULL,
    `checksum` INT,
    `installed_by` VARCHAR(100) NOT NULL,
    `installed_on` TIMESTAMP NOT NULL DEFAULT CURRENT_TIMESTAMP,
    `execution_time` INT NOT NULL,
    `success` BOOL NOT NULL,
    CONSTRAINT `flyway_schema_history_pk` PRIMARY KEY (`installed_rank`)
) ENGINE=InnoDB
2026-05-23 19:02:58.914 [main] DEBUG o.flywaydb.core.internal.sqlscript.ParserSqlScript - Found statement at line 14: CREATE INDEX `flyway_schema_history_s_idx` ON `admin_scaffold_test`.`flyway_schema_history` (`success`)
2026-05-23 19:02:58.914 [main] DEBUG o.f.c.internal.sqlscript.DefaultSqlScriptExecutor - Executing SQL: CREATE TABLE `admin_scaffold_test`.`flyway_schema_history` (
    `installed_rank` INT NOT NULL,
    `version` VARCHAR(50),
    `description` VARCHAR(200) NOT NULL,
    `type` VARCHAR(20) NOT NULL,
    `script` VARCHAR(1000) NOT NULL,
    `checksum` INT,
    `installed_by` VARCHAR(100) NOT NULL,
    `installed_on` TIMESTAMP NOT NULL DEFAULT CURRENT_TIMESTAMP,
    `execution_time` INT NOT NULL,
    `success` BOOL NOT NULL,
    CONSTRAINT `flyway_schema_history_pk` PRIMARY KEY (`installed_rank`)
) ENGINE=InnoDB
2026-05-23 19:02:58.959 [main] DEBUG o.f.c.internal.sqlscript.DefaultSqlScriptExecutor - 0 rows affected
2026-05-23 19:02:58.960 [main] DEBUG o.f.c.internal.sqlscript.DefaultSqlScriptExecutor - Executing SQL: CREATE INDEX `flyway_schema_history_s_idx` ON `admin_scaffold_test`.`flyway_schema_history` (`success`)
2026-05-23 19:02:58.990 [main] DEBUG o.f.c.internal.sqlscript.DefaultSqlScriptExecutor - 0 rows affected
2026-05-23 19:02:58.990 [main] DEBUG o.f.c.i.schemahistory.JdbcTableSchemaHistory - Created Schema History table `admin_scaffold_test`.`flyway_schema_history`
2026-05-23 19:02:59.000 [main] DEBUG o.f.core.api.configuration.ClassicConfiguration - CherryPickConfigurationExtension not found
2026-05-23 19:02:59.004 [main] INFO  org.flywaydb.core.internal.command.DbMigrate - Current version of schema `admin_scaffold_test`: << Empty Schema >>
2026-05-23 19:02:59.004 [main] DEBUG org.flywaydb.core.internal.parser.Parser - Parsing V1__init_schema.sql ...
2026-05-23 19:02:59.006 [main] DEBUG o.flywaydb.core.internal.sqlscript.ParserSqlScript - Found statement at line 3: -- 初始化数据库架构
-- 创建用户表
CREATE TABLE IF NOT EXISTS `sys_user` (
    `id` BIGINT NOT NULL COMMENT '主键ID',
    `username` VARCHAR(50) NOT NULL COMMENT '用户名',
    `password` VARCHAR(100) NOT NULL COMMENT '密码',
    `nickname` VARCHAR(50) COMMENT '昵称',
    `email` VARCHAR(100) COMMENT '邮箱',
    `phone` VARCHAR(20) COMMENT '手机号',
    `avatar` VARCHAR(255) COMMENT '头像',
    `status` TINYINT DEFAULT 1 COMMENT '状态：0-禁用，1-启用',
    `created_at` DATETIME DEFAULT CURRENT_TIMESTAMP COMMENT '创建时间',
    `updated_at` DATETIME DEFAULT CURRENT_TIMESTAMP ON UPDATE CURRENT_TIMESTAMP COMMENT '更新时间',
    `created_by` VARCHAR(50) COMMENT '创建人',
    `updated_by` VARCHAR(50) COMMENT '更新人',
    `deleted` TINYINT DEFAULT 0 COMMENT '逻辑删除标志：0-未删除，1-已删除',
    `version` INT DEFAULT 1 COMMENT '版本号',
    PRIMARY KEY (`id`),
    UNIQUE KEY `uk_username` (`username`),
    KEY `idx_email` (`email`),
    KEY `idx_phone` (`phone`)
) ENGINE=InnoDB DEFAULT CHARSET=utf8mb4 COLLATE=utf8mb4_unicode_ci COMMENT='系统用户表'
2026-05-23 19:02:59.006 [main] DEBUG o.flywaydb.core.internal.sqlscript.ParserSqlScript - Found statement at line 25: -- 创建角色表
CREATE TABLE IF NOT EXISTS `sys_role` (
    `id` BIGINT NOT NULL COMMENT '主键ID',
    `role_name` VARCHAR(50) NOT NULL COMMENT '角色名称',
    `role_code` VARCHAR(50) NOT NULL COMMENT '角色编码',
    `description` VARCHAR(255) COMMENT '描述',
    `status` TINYINT DEFAULT 1 COMMENT '状态：0-禁用，1-启用',
    `created_at` DATETIME DEFAULT CURRENT_TIMESTAMP COMMENT '创建时间',
    `updated_at` DATETIME DEFAULT CURRENT_TIMESTAMP ON UPDATE CURRENT_TIMESTAMP COMMENT '更新时间',
    `created_by` VARCHAR(50) COMMENT '创建人',
    `updated_by` VARCHAR(50) COMMENT '更新人',
    `deleted` TINYINT DEFAULT 0 COMMENT '逻辑删除标志：0-未删除，1-已删除',
    `version` INT DEFAULT 1 COMMENT '版本号',
    PRIMARY KEY (`id`),
    UNIQUE KEY `uk_role_code` (`role_code`)
) ENGINE=InnoDB DEFAULT CHARSET=utf8mb4 COLLATE=utf8mb4_unicode_ci COMMENT='系统角色表'
2026-05-23 19:02:59.006 [main] DEBUG o.flywaydb.core.internal.sqlscript.ParserSqlScript - Found statement at line 42: -- 创建用户角色关联表
CREATE TABLE IF NOT EXISTS `sys_user_role` (
    `id` BIGINT NOT NULL COMMENT '主键ID',
    `user_id` BIGINT NOT NULL COMMENT '用户ID',
    `role_id` BIGINT NOT NULL COMMENT '角色ID',
    `created_at` DATETIME DEFAULT CURRENT_TIMESTAMP COMMENT '创建时间',
    `created_by` VARCHAR(50) COMMENT '创建人',
    `updated_at` DATETIME DEFAULT CURRENT_TIMESTAMP ON UPDATE CURRENT_TIMESTAMP COMMENT '更新时间',
    `updated_by` VARCHAR(50) COMMENT '更新人',
    `deleted` TINYINT DEFAULT 0 COMMENT '逻辑删除标志：0-未删除，1-已删除',
    PRIMARY KEY (`id`),
    UNIQUE KEY `uk_user_role` (`user_id`, `role_id`),
    KEY `idx_role_id` (`role_id`)
) ENGINE=InnoDB DEFAULT CHARSET=utf8mb4 COLLATE=utf8mb4_unicode_ci COMMENT='用户角色关联表'
2026-05-23 19:02:59.007 [main] DEBUG o.flywaydb.core.internal.sqlscript.ParserSqlScript - Found statement at line 57: -- 创建权限表
CREATE TABLE IF NOT EXISTS `sys_permission` (
    `id` BIGINT NOT NULL COMMENT '主键ID',
    `permission_name` VARCHAR(50) NOT NULL COMMENT '权限名称',
    `permission_code` VARCHAR(100) NOT NULL COMMENT '权限编码',
    `description` VARCHAR(255) COMMENT '描述',
    `status` TINYINT DEFAULT 1 COMMENT '状态：0-禁用，1-启用',
    `created_at` DATETIME DEFAULT CURRENT_TIMESTAMP COMMENT '创建时间',
    `updated_at` DATETIME DEFAULT CURRENT_TIMESTAMP ON UPDATE CURRENT_TIMESTAMP COMMENT '更新时间',
    `created_by` VARCHAR(50) COMMENT '创建人',
    `updated_by` VARCHAR(50) COMMENT '更新人',
    `deleted` TINYINT DEFAULT 0 COMMENT '逻辑删除标志：0-未删除，1-已删除',
    `version` INT DEFAULT 1 COMMENT '版本号',
    PRIMARY KEY (`id`),
    UNIQUE KEY `uk_permission_code` (`permission_code`)
) ENGINE=InnoDB DEFAULT CHARSET=utf8mb4 COLLATE=utf8mb4_unicode_ci COMMENT='系统权限表'
2026-05-23 19:02:59.008 [main] DEBUG o.flywaydb.core.internal.sqlscript.ParserSqlScript - Found statement at line 74: -- 创建角色权限关联表
CREATE TABLE IF NOT EXISTS `sys_role_permission` (
    `id` BIGINT NOT NULL COMMENT '主键ID',
    `role_id` BIGINT NOT NULL COMMENT '角色ID',
    `permission_id` BIGINT NOT NULL COMMENT '权限ID',
    `created_at` DATETIME DEFAULT CURRENT_TIMESTAMP COMMENT '创建时间',
    `created_by` VARCHAR(50) COMMENT '创建人',
    `updated_at` DATETIME DEFAULT CURRENT_TIMESTAMP ON UPDATE CURRENT_TIMESTAMP COMMENT '更新时间',
    `updated_by` VARCHAR(50) COMMENT '更新人',
    `deleted` TINYINT DEFAULT 0 COMMENT '逻辑删除标志：0-未删除，1-已删除',
    PRIMARY KEY (`id`),
    UNIQUE KEY `uk_role_permission` (`role_id`, `permission_id`),
    KEY `idx_permission_id` (`permission_id`)
) ENGINE=InnoDB DEFAULT CHARSET=utf8mb4 COLLATE=utf8mb4_unicode_ci COMMENT='角色权限关联表'
2026-05-23 19:02:59.010 [main] DEBUG org.flywaydb.core.internal.command.DbMigrate - Starting migration of schema `admin_scaffold_test` to version "1 - init schema" ...
2026-05-23 19:02:59.013 [main] INFO  org.flywaydb.core.internal.command.DbMigrate - Migrating schema `admin_scaffold_test` to version "1 - init schema"
2026-05-23 19:02:59.015 [main] DEBUG o.f.c.internal.sqlscript.DefaultSqlScriptExecutor - Executing SQL: -- 初始化数据库架构
-- 创建用户表
CREATE TABLE IF NOT EXISTS `sys_user` (
    `id` BIGINT NOT NULL COMMENT '主键ID',
    `username` VARCHAR(50) NOT NULL COMMENT '用户名',
    `password` VARCHAR(100) NOT NULL COMMENT '密码',
    `nickname` VARCHAR(50) COMMENT '昵称',
    `email` VARCHAR(100) COMMENT '邮箱',
    `phone` VARCHAR(20) COMMENT '手机号',
    `avatar` VARCHAR(255) COMMENT '头像',
    `status` TINYINT DEFAULT 1 COMMENT '状态：0-禁用，1-启用',
    `created_at` DATETIME DEFAULT CURRENT_TIMESTAMP COMMENT '创建时间',
    `updated_at` DATETIME DEFAULT CURRENT_TIMESTAMP ON UPDATE CURRENT_TIMESTAMP COMMENT '更新时间',
    `created_by` VARCHAR(50) COMMENT '创建人',
    `updated_by` VARCHAR(50) COMMENT '更新人',
    `deleted` TINYINT DEFAULT 0 COMMENT '逻辑删除标志：0-未删除，1-已删除',
    `version` INT DEFAULT 1 COMMENT '版本号',
    PRIMARY KEY (`id`),
    UNIQUE KEY `uk_username` (`username`),
    KEY `idx_email` (`email`),
    KEY `idx_phone` (`phone`)
) ENGINE=InnoDB DEFAULT CHARSET=utf8mb4 COLLATE=utf8mb4_unicode_ci COMMENT='系统用户表'
2026-05-23 19:02:59.089 [main] DEBUG o.f.c.internal.sqlscript.DefaultSqlScriptExecutor - 0 rows affected
2026-05-23 19:02:59.089 [main] DEBUG o.f.c.internal.sqlscript.DefaultSqlScriptExecutor - Executing SQL: -- 创建角色表
CREATE TABLE IF NOT EXISTS `sys_role` (
    `id` BIGINT NOT NULL COMMENT '主键ID',
    `role_name` VARCHAR(50) NOT NULL COMMENT '角色名称',
    `role_code` VARCHAR(50) NOT NULL COMMENT '角色编码',
    `description` VARCHAR(255) COMMENT '描述',
    `status` TINYINT DEFAULT 1 COMMENT '状态：0-禁用，1-启用',
    `created_at` DATETIME DEFAULT CURRENT_TIMESTAMP COMMENT '创建时间',
    `updated_at` DATETIME DEFAULT CURRENT_TIMESTAMP ON UPDATE CURRENT_TIMESTAMP COMMENT '更新时间',
    `created_by` VARCHAR(50) COMMENT '创建人',
    `updated_by` VARCHAR(50) COMMENT '更新人',
    `deleted` TINYINT DEFAULT 0 COMMENT '逻辑删除标志：0-未删除，1-已删除',
    `version` INT DEFAULT 1 COMMENT '版本号',
    PRIMARY KEY (`id`),
    UNIQUE KEY `uk_role_code` (`role_code`)
) ENGINE=InnoDB DEFAULT CHARSET=utf8mb4 COLLATE=utf8mb4_unicode_ci COMMENT='系统角色表'
2026-05-23 19:02:59.146 [main] DEBUG o.f.c.internal.sqlscript.DefaultSqlScriptExecutor - 0 rows affected
2026-05-23 19:02:59.146 [main] DEBUG o.f.c.internal.sqlscript.DefaultSqlScriptExecutor - Executing SQL: -- 创建用户角色关联表
CREATE TABLE IF NOT EXISTS `sys_user_role` (
    `id` BIGINT NOT NULL COMMENT '主键ID',
    `user_id` BIGINT NOT NULL COMMENT '用户ID',
    `role_id` BIGINT NOT NULL COMMENT '角色ID',
    `created_at` DATETIME DEFAULT CURRENT_TIMESTAMP COMMENT '创建时间',
    `created_by` VARCHAR(50) COMMENT '创建人',
    `updated_at` DATETIME DEFAULT CURRENT_TIMESTAMP ON UPDATE CURRENT_TIMESTAMP COMMENT '更新时间',
    `updated_by` VARCHAR(50) COMMENT '更新人',
    `deleted` TINYINT DEFAULT 0 COMMENT '逻辑删除标志：0-未删除，1-已删除',
    PRIMARY KEY (`id`),
    UNIQUE KEY `uk_user_role` (`user_id`, `role_id`),
    KEY `idx_role_id` (`role_id`)
) ENGINE=InnoDB DEFAULT CHARSET=utf8mb4 COLLATE=utf8mb4_unicode_ci COMMENT='用户角色关联表'
2026-05-23 19:02:59.209 [main] DEBUG o.f.c.internal.sqlscript.DefaultSqlScriptExecutor - 0 rows affected
2026-05-23 19:02:59.209 [main] DEBUG o.f.c.internal.sqlscript.DefaultSqlScriptExecutor - Executing SQL: -- 创建权限表
CREATE TABLE IF NOT EXISTS `sys_permission` (
    `id` BIGINT NOT NULL COMMENT '主键ID',
    `permission_name` VARCHAR(50) NOT NULL COMMENT '权限名称',
    `permission_code` VARCHAR(100) NOT NULL COMMENT '权限编码',
    `description` VARCHAR(255) COMMENT '描述',
    `status` TINYINT DEFAULT 1 COMMENT '状态：0-禁用，1-启用',
    `created_at` DATETIME DEFAULT CURRENT_TIMESTAMP COMMENT '创建时间',
    `updated_at` DATETIME DEFAULT CURRENT_TIMESTAMP ON UPDATE CURRENT_TIMESTAMP COMMENT '更新时间',
    `created_by` VARCHAR(50) COMMENT '创建人',
    `updated_by` VARCHAR(50) COMMENT '更新人',
    `deleted` TINYINT DEFAULT 0 COMMENT '逻辑删除标志：0-未删除，1-已删除',
    `version` INT DEFAULT 1 COMMENT '版本号',
    PRIMARY KEY (`id`),
    UNIQUE KEY `uk_permission_code` (`permission_code`)
) ENGINE=InnoDB DEFAULT CHARSET=utf8mb4 COLLATE=utf8mb4_unicode_ci COMMENT='系统权限表'
2026-05-23 19:02:59.262 [main] DEBUG o.f.c.internal.sqlscript.DefaultSqlScriptExecutor - 0 rows affected
2026-05-23 19:02:59.262 [main] DEBUG o.f.c.internal.sqlscript.DefaultSqlScriptExecutor - Executing SQL: -- 创建角色权限关联表
CREATE TABLE IF NOT EXISTS `sys_role_permission` (
    `id` BIGINT NOT NULL COMMENT '主键ID',
    `role_id` BIGINT NOT NULL COMMENT '角色ID',
    `permission_id` BIGINT NOT NULL COMMENT '权限ID',
    `created_at` DATETIME DEFAULT CURRENT_TIMESTAMP COMMENT '创建时间',
    `created_by` VARCHAR(50) COMMENT '创建人',
    `updated_at` DATETIME DEFAULT CURRENT_TIMESTAMP ON UPDATE CURRENT_TIMESTAMP COMMENT '更新时间',
    `updated_by` VARCHAR(50) COMMENT '更新人',
    `deleted` TINYINT DEFAULT 0 COMMENT '逻辑删除标志：0-未删除，1-已删除',
    PRIMARY KEY (`id`),
    UNIQUE KEY `uk_role_permission` (`role_id`, `permission_id`),
    KEY `idx_permission_id` (`permission_id`)
) ENGINE=InnoDB DEFAULT CHARSET=utf8mb4 COLLATE=utf8mb4_unicode_ci COMMENT='角色权限关联表'
2026-05-23 19:02:59.329 [main] DEBUG o.f.c.internal.sqlscript.DefaultSqlScriptExecutor - 0 rows affected
2026-05-23 19:02:59.329 [main] DEBUG org.flywaydb.core.internal.command.DbMigrate - Successfully completed migration of schema `admin_scaffold_test` to version "1 - init schema"
2026-05-23 19:02:59.338 [main] DEBUG o.f.c.i.schemahistory.JdbcTableSchemaHistory - Schema History table `admin_scaffold_test`.`flyway_schema_history` successfully updated to reflect changes
2026-05-23 19:02:59.354 [main] DEBUG o.f.core.api.configuration.ClassicConfiguration - CherryPickConfigurationExtension not found
2026-05-23 19:02:59.360 [main] DEBUG org.flywaydb.core.internal.parser.Parser - Parsing V2__add_menu_and_permission_fields.sql ...
2026-05-23 19:02:59.361 [main] DEBUG o.flywaydb.core.internal.sqlscript.ParserSqlScript - Found statement at line 7: -- V2: 添加菜单表和权限字段扩展
-- 任务: 创建 sys_menu 表，补充 sys_permission 字段，创建 sys_role_menu 关联表

-- ============================================================
-- 1. 创建菜单表 sys_menu
-- ============================================================
CREATE TABLE IF NOT EXISTS `sys_menu` (
    `id` BIGINT NOT NULL COMMENT '主键ID',
    `parent_id` BIGINT DEFAULT 0 COMMENT '父菜单ID，0表示顶级菜单',
    `name` VARCHAR(64) NOT NULL COMMENT '菜单名称',
    `path` VARCHAR(255) COMMENT '路由路径',
    `component` VARCHAR(255) COMMENT '前端组件路径',
    `icon` VARCHAR(64) COMMENT '图标',
    `sort_order` INT DEFAULT 0 COMMENT '排序号',
    `type` TINYINT NOT NULL COMMENT '类型：1-目录，2-菜单，3-按钮',
    `permission_code` VARCHAR(64) COMMENT '权限码',
    `visible` TINYINT DEFAULT 1 COMMENT '是否可见：0-隐藏，1-显示',
    `status` TINYINT DEFAULT 1 COMMENT '状态：0-禁用，1-启用',
    `created_at` DATETIME DEFAULT CURRENT_TIMESTAMP COMMENT '创建时间',
    `created_by` VARCHAR(50) COMMENT '创建人',
    `updated_at` DATETIME DEFAULT CURRENT_TIMESTAMP ON UPDATE CURRENT_TIMESTAMP COMMENT '更新时间',
    `updated_by` VARCHAR(50) COMMENT '更新人',
    `deleted` TINYINT DEFAULT 0 COMMENT '逻辑删除标志：0-未删除，1-已删除',
    `version` INT DEFAULT 1 COMMENT '版本号',
    PRIMARY KEY (`id`),
    KEY `idx_parent_id` (`parent_id`),
    KEY `idx_permission_code` (`permission_code`)
) ENGINE=InnoDB DEFAULT CHARSET=utf8mb4 COLLATE=utf8mb4_unicode_ci COMMENT='系统菜单表'
2026-05-23 19:02:59.361 [main] DEBUG o.flywaydb.core.internal.sqlscript.ParserSqlScript - Found statement at line 33: -- ============================================================
-- 2. 扩展 sys_permission 表字段
-- ============================================================
ALTER TABLE `sys_permission`
    ADD COLUMN `type` VARCHAR(32) COMMENT '权限类型：MENU-菜单权限，BUTTON-按钮权限，API-接口权限' AFTER `description`,
    ADD COLUMN `module` VARCHAR(64) COMMENT '所属模块，如 system、auth' AFTER `type`,
    ADD COLUMN `resource` VARCHAR(64) COMMENT '资源标识，如 user、role' AFTER `module`,
    ADD COLUMN `action` VARCHAR(32) COMMENT '操作类型，如 view、create、update、delete' AFTER `resource`
2026-05-23 19:02:59.361 [main] DEBUG o.flywaydb.core.internal.sqlscript.ParserSqlScript - Found statement at line 40: -- 为权限类型字段添加索引
ALTER TABLE `sys_permission`
    ADD KEY `idx_type` (`type`)
2026-05-23 19:02:59.362 [main] DEBUG o.flywaydb.core.internal.sqlscript.ParserSqlScript - Found statement at line 46: -- ============================================================
-- 3. 创建角色菜单关联表 sys_role_menu
-- ============================================================
CREATE TABLE IF NOT EXISTS `sys_role_menu` (
    `id` BIGINT NOT NULL COMMENT '主键ID',
    `role_id` BIGINT NOT NULL COMMENT '角色ID',
    `menu_id` BIGINT NOT NULL COMMENT '菜单ID',
    `created_at` DATETIME DEFAULT CURRENT_TIMESTAMP COMMENT '创建时间',
    `created_by` VARCHAR(50) COMMENT '创建人',
    `updated_at` DATETIME DEFAULT CURRENT_TIMESTAMP ON UPDATE CURRENT_TIMESTAMP COMMENT '更新时间',
    `updated_by` VARCHAR(50) COMMENT '更新人',
    `deleted` TINYINT DEFAULT 0 COMMENT '逻辑删除标志：0-未删除，1-已删除',
    PRIMARY KEY (`id`),
    UNIQUE KEY `uk_role_menu` (`role_id`, `menu_id`),
    KEY `idx_menu_id` (`menu_id`)
) ENGINE=InnoDB DEFAULT CHARSET=utf8mb4 COLLATE=utf8mb4_unicode_ci COMMENT='角色菜单关联表'
2026-05-23 19:02:59.362 [main] DEBUG org.flywaydb.core.internal.command.DbMigrate - Starting migration of schema `admin_scaffold_test` to version "2 - add menu and permission fields" ...
2026-05-23 19:02:59.365 [main] INFO  org.flywaydb.core.internal.command.DbMigrate - Migrating schema `admin_scaffold_test` to version "2 - add menu and permission fields"
2026-05-23 19:02:59.366 [main] DEBUG o.f.c.internal.sqlscript.DefaultSqlScriptExecutor - Executing SQL: -- V2: 添加菜单表和权限字段扩展
-- 任务: 创建 sys_menu 表，补充 sys_permission 字段，创建 sys_role_menu 关联表

-- ============================================================
-- 1. 创建菜单表 sys_menu
-- ============================================================
CREATE TABLE IF NOT EXISTS `sys_menu` (
    `id` BIGINT NOT NULL COMMENT '主键ID',
    `parent_id` BIGINT DEFAULT 0 COMMENT '父菜单ID，0表示顶级菜单',
    `name` VARCHAR(64) NOT NULL COMMENT '菜单名称',
    `path` VARCHAR(255) COMMENT '路由路径',
    `component` VARCHAR(255) COMMENT '前端组件路径',
    `icon` VARCHAR(64) COMMENT '图标',
    `sort_order` INT DEFAULT 0 COMMENT '排序号',
    `type` TINYINT NOT NULL COMMENT '类型：1-目录，2-菜单，3-按钮',
    `permission_code` VARCHAR(64) COMMENT '权限码',
    `visible` TINYINT DEFAULT 1 COMMENT '是否可见：0-隐藏，1-显示',
    `status` TINYINT DEFAULT 1 COMMENT '状态：0-禁用，1-启用',
    `created_at` DATETIME DEFAULT CURRENT_TIMESTAMP COMMENT '创建时间',
    `created_by` VARCHAR(50) COMMENT '创建人',
    `updated_at` DATETIME DEFAULT CURRENT_TIMESTAMP ON UPDATE CURRENT_TIMESTAMP COMMENT '更新时间',
    `updated_by` VARCHAR(50) COMMENT '更新人',
    `deleted` TINYINT DEFAULT 0 COMMENT '逻辑删除标志：0-未删除，1-已删除',
    `version` INT DEFAULT 1 COMMENT '版本号',
    PRIMARY KEY (`id`),
    KEY `idx_parent_id` (`parent_id`),
    KEY `idx_permission_code` (`permission_code`)
) ENGINE=InnoDB DEFAULT CHARSET=utf8mb4 COLLATE=utf8mb4_unicode_ci COMMENT='系统菜单表'
2026-05-23 19:02:59.433 [main] DEBUG o.f.c.internal.sqlscript.DefaultSqlScriptExecutor - 0 rows affected
2026-05-23 19:02:59.433 [main] DEBUG o.f.c.internal.sqlscript.DefaultSqlScriptExecutor - Executing SQL: -- ============================================================
-- 2. 扩展 sys_permission 表字段
-- ============================================================
ALTER TABLE `sys_permission`
    ADD COLUMN `type` VARCHAR(32) COMMENT '权限类型：MENU-菜单权限，BUTTON-按钮权限，API-接口权限' AFTER `description`,
    ADD COLUMN `module` VARCHAR(64) COMMENT '所属模块，如 system、auth' AFTER `type`,
    ADD COLUMN `resource` VARCHAR(64) COMMENT '资源标识，如 user、role' AFTER `module`,
    ADD COLUMN `action` VARCHAR(32) COMMENT '操作类型，如 view、create、update、delete' AFTER `resource`
2026-05-23 19:02:59.463 [main] DEBUG o.f.c.internal.sqlscript.DefaultSqlScriptExecutor - 0 rows affected
2026-05-23 19:02:59.463 [main] DEBUG o.f.c.internal.sqlscript.DefaultSqlScriptExecutor - Executing SQL: -- 为权限类型字段添加索引
ALTER TABLE `sys_permission`
    ADD KEY `idx_type` (`type`)
2026-05-23 19:02:59.494 [main] DEBUG o.f.c.internal.sqlscript.DefaultSqlScriptExecutor - 0 rows affected
2026-05-23 19:02:59.494 [main] DEBUG o.f.c.internal.sqlscript.DefaultSqlScriptExecutor - Executing SQL: -- ============================================================
-- 3. 创建角色菜单关联表 sys_role_menu
-- ============================================================
CREATE TABLE IF NOT EXISTS `sys_role_menu` (
    `id` BIGINT NOT NULL COMMENT '主键ID',
    `role_id` BIGINT NOT NULL COMMENT '角色ID',
    `menu_id` BIGINT NOT NULL COMMENT '菜单ID',
    `created_at` DATETIME DEFAULT CURRENT_TIMESTAMP COMMENT '创建时间',
    `created_by` VARCHAR(50) COMMENT '创建人',
    `updated_at` DATETIME DEFAULT CURRENT_TIMESTAMP ON UPDATE CURRENT_TIMESTAMP COMMENT '更新时间',
    `updated_by` VARCHAR(50) COMMENT '更新人',
    `deleted` TINYINT DEFAULT 0 COMMENT '逻辑删除标志：0-未删除，1-已删除',
    PRIMARY KEY (`id`),
    UNIQUE KEY `uk_role_menu` (`role_id`, `menu_id`),
    KEY `idx_menu_id` (`menu_id`)
) ENGINE=InnoDB DEFAULT CHARSET=utf8mb4 COLLATE=utf8mb4_unicode_ci COMMENT='角色菜单关联表'
2026-05-23 19:02:59.558 [main] DEBUG o.f.c.internal.sqlscript.DefaultSqlScriptExecutor - 0 rows affected
2026-05-23 19:02:59.558 [main] DEBUG org.flywaydb.core.internal.command.DbMigrate - Successfully completed migration of schema `admin_scaffold_test` to version "2 - add menu and permission fields"
2026-05-23 19:02:59.569 [main] DEBUG o.f.c.i.schemahistory.JdbcTableSchemaHistory - Schema History table `admin_scaffold_test`.`flyway_schema_history` successfully updated to reflect changes
2026-05-23 19:02:59.584 [main] DEBUG o.f.core.api.configuration.ClassicConfiguration - CherryPickConfigurationExtension not found
2026-05-23 19:02:59.588 [main] DEBUG org.flywaydb.core.internal.parser.Parser - Parsing V3__seed_data.sql ...
2026-05-23 19:02:59.590 [main] DEBUG o.flywaydb.core.internal.sqlscript.ParserSqlScript - Found statement at line 9: -- V3: 修复列名不匹配 + 种子数据
-- LOCAL-ONLY: 仅用于本地开发环境
-- 修复 V1 Schema 与 Entity 字段名之间的不一致（MyBatis-Plus 驼峰映射）

-- ============================================================
-- 1. 修复 sys_user 列名
-- ============================================================
-- status: TINYINT → VARCHAR(32)，映射 0→DISABLED, 1→ENABLED
ALTER TABLE `sys_user` MODIFY COLUMN `status` VARCHAR(32) NOT NULL DEFAULT 'ENABLED' COMMENT '状态(ENABLED/DISABLED/LOCKED)'
2026-05-23 19:02:59.590 [main] DEBUG o.flywaydb.core.internal.sqlscript.ParserSqlScript - Found statement at line 10: UPDATE `sys_user` SET `status` = CASE WHEN `status` = '0' THEN 'DISABLED' WHEN `status` = '1' THEN 'ENABLED' ELSE `status` END WHERE `status` IN ('0', '1')
2026-05-23 19:02:59.590 [main] DEBUG o.flywaydb.core.internal.sqlscript.ParserSqlScript - Found statement at line 12: -- password → password_hash
ALTER TABLE `sys_user` CHANGE COLUMN `password` `password_hash` VARCHAR(100) NOT NULL COMMENT '密码哈希'
2026-05-23 19:02:59.590 [main] DEBUG o.flywaydb.core.internal.sqlscript.ParserSqlScript - Found statement at line 14: -- avatar → avatar_file_id（类型不变仍为 VARCHAR，后续可通过新迁移改为 BIGINT）
ALTER TABLE `sys_user` CHANGE COLUMN `avatar` `avatar_file_id` VARCHAR(255) COMMENT '头像文件ID'
2026-05-23 19:02:59.590 [main] DEBUG o.flywaydb.core.internal.sqlscript.ParserSqlScript - Found statement at line 16: -- 添加缺失列
ALTER TABLE `sys_user` ADD COLUMN `token_version` INT DEFAULT 1 COMMENT 'token版本号' AFTER `status`
2026-05-23 19:02:59.590 [main] DEBUG o.flywaydb.core.internal.sqlscript.ParserSqlScript - Found statement at line 17: ALTER TABLE `sys_user` ADD COLUMN `last_login_at` DATETIME COMMENT '最后登录时间' AFTER `token_version`
2026-05-23 19:02:59.590 [main] DEBUG o.flywaydb.core.internal.sqlscript.ParserSqlScript - Found statement at line 18: ALTER TABLE `sys_user` ADD COLUMN `last_login_ip` VARCHAR(50) COMMENT '最后登录IP' AFTER `last_login_at`
2026-05-23 19:02:59.590 [main] DEBUG o.flywaydb.core.internal.sqlscript.ParserSqlScript - Found statement at line 19: ALTER TABLE `sys_user` ADD COLUMN `employee_id` BIGINT COMMENT '绑定员工ID' AFTER `avatar_file_id`
2026-05-23 19:02:59.590 [main] DEBUG o.flywaydb.core.internal.sqlscript.ParserSqlScript - Found statement at line 24: -- ============================================================
-- 1b. 修复 sys_user_role 缺失列
-- ============================================================
ALTER TABLE `sys_user_role` ADD COLUMN `version` INT DEFAULT 1 COMMENT '版本号' AFTER `deleted`
2026-05-23 19:02:59.590 [main] DEBUG o.flywaydb.core.internal.sqlscript.ParserSqlScript - Found statement at line 29: -- ============================================================
-- 1c. 修复 sys_role_permission 缺失列
-- ============================================================
ALTER TABLE `sys_role_permission` ADD COLUMN `version` INT DEFAULT 1 COMMENT '版本号' AFTER `deleted`
2026-05-23 19:02:59.590 [main] DEBUG o.flywaydb.core.internal.sqlscript.ParserSqlScript - Found statement at line 34: -- ============================================================
-- 1d. 修复 sys_role_menu 缺失列
-- ============================================================
ALTER TABLE `sys_role_menu` ADD COLUMN `version` INT DEFAULT 1 COMMENT '版本号' AFTER `deleted`
2026-05-23 19:02:59.590 [main] DEBUG o.flywaydb.core.internal.sqlscript.ParserSqlScript - Found statement at line 40: -- ============================================================
-- 2. 修复 sys_role 列名
-- ============================================================
-- status: TINYINT → VARCHAR(32)
ALTER TABLE `sys_role` MODIFY COLUMN `status` VARCHAR(32) NOT NULL DEFAULT 'ENABLED' COMMENT '状态(ENABLED/DISABLED)'
2026-05-23 19:02:59.590 [main] DEBUG o.flywaydb.core.internal.sqlscript.ParserSqlScript - Found statement at line 41: UPDATE `sys_role` SET `status` = CASE WHEN `status` = '0' THEN 'DISABLED' WHEN `status` = '1' THEN 'ENABLED' ELSE `status` END WHERE `status` IN ('0', '1')
2026-05-23 19:02:59.590 [main] DEBUG o.flywaydb.core.internal.sqlscript.ParserSqlScript - Found statement at line 43: -- role_name → name, role_code → code
ALTER TABLE `sys_role` CHANGE COLUMN `role_name` `name` VARCHAR(50) NOT NULL COMMENT '角色名称'
2026-05-23 19:02:59.590 [main] DEBUG o.flywaydb.core.internal.sqlscript.ParserSqlScript - Found statement at line 44: ALTER TABLE `sys_role` CHANGE COLUMN `role_code` `code` VARCHAR(50) NOT NULL COMMENT '角色编码'
2026-05-23 19:02:59.590 [main] DEBUG o.flywaydb.core.internal.sqlscript.ParserSqlScript - Found statement at line 46: -- 添加缺失列
ALTER TABLE `sys_role` ADD COLUMN `sort_order` INT DEFAULT 0 COMMENT '排序号' AFTER `description`
2026-05-23 19:02:59.590 [main] DEBUG o.flywaydb.core.internal.sqlscript.ParserSqlScript - Found statement at line 47: ALTER TABLE `sys_role` ADD COLUMN `data_scope_type` VARCHAR(32) DEFAULT 'SELF' COMMENT '数据权限范围' AFTER `sort_order`
2026-05-23 19:02:59.590 [main] DEBUG o.flywaydb.core.internal.sqlscript.ParserSqlScript - Found statement at line 53: -- ============================================================
-- 3. 修复 sys_permission 列名和类型
-- ============================================================
-- status: TINYINT → VARCHAR(32)
ALTER TABLE `sys_permission` MODIFY COLUMN `status` VARCHAR(32) NOT NULL DEFAULT 'ENABLED' COMMENT '状态'
2026-05-23 19:02:59.591 [main] DEBUG o.flywaydb.core.internal.sqlscript.ParserSqlScript - Found statement at line 54: UPDATE `sys_permission` SET `status` = CASE WHEN `status` = '0' THEN 'DISABLED' WHEN `status` = '1' THEN 'ENABLED' ELSE `status` END WHERE `status` IN ('0', '1')
2026-05-23 19:02:59.591 [main] DEBUG o.flywaydb.core.internal.sqlscript.ParserSqlScript - Found statement at line 56: -- permission_name → name, permission_code → code
ALTER TABLE `sys_permission` CHANGE COLUMN `permission_name` `name` VARCHAR(50) NOT NULL COMMENT '权限名称'
2026-05-23 19:02:59.591 [main] DEBUG o.flywaydb.core.internal.sqlscript.ParserSqlScript - Found statement at line 57: ALTER TABLE `sys_permission` CHANGE COLUMN `permission_code` `code` VARCHAR(100) NOT NULL COMMENT '权限编码'
2026-05-23 19:02:59.591 [main] DEBUG o.flywaydb.core.internal.sqlscript.ParserSqlScript - Found statement at line 59: -- 添加缺失列
ALTER TABLE `sys_permission` ADD COLUMN `sort_order` INT DEFAULT 0 COMMENT '排序号' AFTER `status`
2026-05-23 19:02:59.591 [main] DEBUG o.flywaydb.core.internal.sqlscript.ParserSqlScript - Found statement at line 64: -- ============================================================
-- 4. 种子数据：管理员角色
-- ============================================================
INSERT INTO sys_role (id, code, name, description, status, data_scope_type, sort_order, created_at, updated_at, created_by, updated_by, deleted, version)
VALUES (1, 'ADMIN', '超级管理员', '系统超级管理员，拥有所有权限', 'ENABLED', 'ALL', 1, NOW(), NOW(), 'system', 'system', 0, 1)
2026-05-23 19:02:59.591 [main] DEBUG o.flywaydb.core.internal.sqlscript.ParserSqlScript - Found statement at line 70: -- ============================================================
-- 5. 种子数据：普通用户角色
-- ============================================================
INSERT INTO sys_role (id, code, name, description, status, data_scope_type, sort_order, created_at, updated_at, created_by, updated_by, deleted, version)
VALUES (2, 'USER', '普通用户', '普通用户，拥有基本查看权限', 'ENABLED', 'SELF', 2, NOW(), NOW(), 'system', 'system', 0, 1)
2026-05-23 19:02:59.591 [main] DEBUG o.flywaydb.core.internal.sqlscript.ParserSqlScript - Found statement at line 76: -- ============================================================
-- 6. 种子数据：管理员用户（密码: admin123，BCrypt 加密）
-- ============================================================
INSERT INTO sys_user (id, username, password_hash, nickname, status, created_at, updated_at, created_by, updated_by, deleted, version)
VALUES (1, 'admin', '$2a$10$P6lqkvsCYZINKMUv0gjW7ON8IJB8UM71Rk4i9oAQxaHjSoXZ5TCLm', '超级管理员', 'ENABLED', NOW(), NOW(), 'system', 'system', 0, 1)
2026-05-23 19:02:59.592 [main] DEBUG o.flywaydb.core.internal.sqlscript.ParserSqlScript - Found statement at line 82: -- ============================================================
-- 7. 种子数据：测试用户（密码: test123，BCrypt 加密）
-- ============================================================
INSERT INTO sys_user (id, username, password_hash, nickname, status, created_at, updated_at, created_by, updated_by, deleted, version)
VALUES (2, 'testuser', '$2a$10$P6lqkvsCYZINKMUv0gjW7ON8IJB8UM71Rk4i9oAQxaHjSoXZ5TCLm', '测试用户', 'ENABLED', NOW(), NOW(), 'system', 'system', 0, 1)
2026-05-23 19:02:59.592 [main] DEBUG o.flywaydb.core.internal.sqlscript.ParserSqlScript - Found statement at line 88: -- ============================================================
-- 8. 关联管理员用户和角色
-- ============================================================
INSERT INTO sys_user_role (id, user_id, role_id, created_at, created_by, updated_at, updated_by, deleted)
VALUES (1, 1, 1, NOW(), 'system', NOW(), 'system', 0)
2026-05-23 19:02:59.592 [main] DEBUG o.flywaydb.core.internal.sqlscript.ParserSqlScript - Found statement at line 94: -- ============================================================
-- 9. 种子数据：基础权限
-- ============================================================
INSERT INTO sys_permission (id, code, name, description, status, type, module, resource, action, sort_order, created_at, updated_at, created_by, updated_by, deleted, version)
VALUES
(1, 'system:user:view', '查看用户', '查看用户信息', 'ENABLED', 'BUTTON', 'system', 'user', 'view', 1, NOW(), NOW(), 'system', 'system', 0, 1),
(2, 'system:user:create', '创建用户', '创建新用户', 'ENABLED', 'BUTTON', 'system', 'user', 'create', 2, NOW(), NOW(), 'system', 'system', 0, 1),
(3, 'system:user:update', '编辑用户', '编辑用户信息', 'ENABLED', 'BUTTON', 'system', 'user', 'update', 3, NOW(), NOW(), 'system', 'system', 0, 1),
(4, 'system:user:delete', '删除用户', '删除用户', 'ENABLED', 'BUTTON', 'system', 'user', 'delete', 4, NOW(), NOW(), 'system', 'system', 0, 1),
(5, 'system:role:view', '查看角色', '查看角色信息', 'ENABLED', 'BUTTON', 'system', 'role', 'view', 5, NOW(), NOW(), 'system', 'system', 0, 1),
(6, 'system:role:create', '创建角色', '创建新角色', 'ENABLED', 'BUTTON', 'system', 'role', 'create', 6, NOW(), NOW(), 'system', 'system', 0, 1),
(7, 'system:role:update', '编辑角色', '编辑角色信息', 'ENABLED', 'BUTTON', 'system', 'role', 'update', 7, NOW(), NOW(), 'system', 'system', 0, 1),
(8, 'system:role:delete', '删除角色', '删除角色', 'ENABLED', 'BUTTON', 'system', 'role', 'delete', 8, NOW(), NOW(), 'system', 'system', 0, 1)
2026-05-23 19:02:59.592 [main] DEBUG o.flywaydb.core.internal.sqlscript.ParserSqlScript - Found statement at line 108: -- ============================================================
-- 10. 种子数据：基础菜单
-- ============================================================
INSERT INTO sys_menu (id, parent_id, name, path, component, icon, sort_order, type, permission_code, visible, status, created_at, updated_at, created_by, updated_by, deleted, version)
VALUES
(1, 0, '系统管理', '/system', NULL, 'setting', 1, 1, NULL, 1, 1, NOW(), NOW(), 'system', 'system', 0, 1),
(2, 1, '用户管理', '/system/users', 'system/users/index', 'user', 1, 2, 'system:user:view', 1, 1, NOW(), NOW(), 'system', 'system', 0, 1),
(3, 1, '角色管理', '/system/roles', 'system/roles/index', 'team', 2, 2, 'system:role:view', 1, 1, NOW(), NOW(), 'system', 'system', 0, 1),
(4, 1, '权限管理', '/system/permissions', 'system/permissions/index', 'safety', 3, 2, 'system:permission:view', 1, 1, NOW(), NOW(), 'system', 'system', 0, 1),
(5, 1, '菜单管理', '/system/menus', 'system/menus/index', 'menu', 4, 2, 'system:menu:view', 1, 1, NOW(), NOW(), 'system', 'system', 0, 1)
2026-05-23 19:02:59.593 [main] DEBUG o.flywaydb.core.internal.sqlscript.ParserSqlScript - Found statement at line 119: -- ============================================================
-- 11. 关联管理员角色和所有权限
-- ============================================================
INSERT INTO sys_role_permission (id, role_id, permission_id, created_at, created_by, updated_at, updated_by, deleted)
VALUES
(1, 1, 1, NOW(), 'system', NOW(), 'system', 0),
(2, 1, 2, NOW(), 'system', NOW(), 'system', 0),
(3, 1, 3, NOW(), 'system', NOW(), 'system', 0),
(4, 1, 4, NOW(), 'system', NOW(), 'system', 0),
(5, 1, 5, NOW(), 'system', NOW(), 'system', 0),
(6, 1, 6, NOW(), 'system', NOW(), 'system', 0),
(7, 1, 7, NOW(), 'system', NOW(), 'system', 0),
(8, 1, 8, NOW(), 'system', NOW(), 'system', 0)
2026-05-23 19:02:59.594 [main] DEBUG o.flywaydb.core.internal.sqlscript.ParserSqlScript - Found statement at line 133: -- ============================================================
-- 12. 关联管理员角色和所有菜单
-- ============================================================
INSERT INTO sys_role_menu (id, role_id, menu_id, created_at, created_by, updated_at, updated_by, deleted)
VALUES
(1, 1, 1, NOW(), 'system', NOW(), 'system', 0),
(2, 1, 2, NOW(), 'system', NOW(), 'system', 0),
(3, 1, 3, NOW(), 'system', NOW(), 'system', 0),
(4, 1, 4, NOW(), 'system', NOW(), 'system', 0),
(5, 1, 5, NOW(), 'system', NOW(), 'system', 0)
2026-05-23 19:02:59.594 [main] DEBUG org.flywaydb.core.internal.command.DbMigrate - Starting migration of schema `admin_scaffold_test` to version "3 - seed data" ...
2026-05-23 19:02:59.598 [main] INFO  org.flywaydb.core.internal.command.DbMigrate - Migrating schema `admin_scaffold_test` to version "3 - seed data"
2026-05-23 19:02:59.598 [main] DEBUG o.f.c.internal.sqlscript.DefaultSqlScriptExecutor - Executing SQL: -- V3: 修复列名不匹配 + 种子数据
-- LOCAL-ONLY: 仅用于本地开发环境
-- 修复 V1 Schema 与 Entity 字段名之间的不一致（MyBatis-Plus 驼峰映射）

-- ============================================================
-- 1. 修复 sys_user 列名
-- ============================================================
-- status: TINYINT → VARCHAR(32)，映射 0→DISABLED, 1→ENABLED
ALTER TABLE `sys_user` MODIFY COLUMN `status` VARCHAR(32) NOT NULL DEFAULT 'ENABLED' COMMENT '状态(ENABLED/DISABLED/LOCKED)'
2026-05-23 19:02:59.738 [main] DEBUG o.f.c.internal.sqlscript.DefaultSqlScriptExecutor - 0 rows affected
2026-05-23 19:02:59.738 [main] DEBUG o.f.c.internal.sqlscript.DefaultSqlScriptExecutor - Executing SQL: UPDATE `sys_user` SET `status` = CASE WHEN `status` = '0' THEN 'DISABLED' WHEN `status` = '1' THEN 'ENABLED' ELSE `status` END WHERE `status` IN ('0', '1')
2026-05-23 19:02:59.741 [main] DEBUG o.f.c.internal.sqlscript.DefaultSqlScriptExecutor - 0 rows affected
2026-05-23 19:02:59.741 [main] DEBUG o.f.c.internal.sqlscript.DefaultSqlScriptExecutor - Executing SQL: -- password → password_hash
ALTER TABLE `sys_user` CHANGE COLUMN `password` `password_hash` VARCHAR(100) NOT NULL COMMENT '密码哈希'
2026-05-23 19:02:59.769 [main] DEBUG o.f.c.internal.sqlscript.DefaultSqlScriptExecutor - 0 rows affected
2026-05-23 19:02:59.769 [main] DEBUG o.f.c.internal.sqlscript.DefaultSqlScriptExecutor - Executing SQL: -- avatar → avatar_file_id（类型不变仍为 VARCHAR，后续可通过新迁移改为 BIGINT）
ALTER TABLE `sys_user` CHANGE COLUMN `avatar` `avatar_file_id` VARCHAR(255) COMMENT '头像文件ID'
2026-05-23 19:02:59.796 [main] DEBUG o.f.c.internal.sqlscript.DefaultSqlScriptExecutor - 0 rows affected
2026-05-23 19:02:59.796 [main] DEBUG o.f.c.internal.sqlscript.DefaultSqlScriptExecutor - Executing SQL: -- 添加缺失列
ALTER TABLE `sys_user` ADD COLUMN `token_version` INT DEFAULT 1 COMMENT 'token版本号' AFTER `status`
2026-05-23 19:02:59.823 [main] DEBUG o.f.c.internal.sqlscript.DefaultSqlScriptExecutor - 0 rows affected
2026-05-23 19:02:59.823 [main] DEBUG o.f.c.internal.sqlscript.DefaultSqlScriptExecutor - Executing SQL: ALTER TABLE `sys_user` ADD COLUMN `last_login_at` DATETIME COMMENT '最后登录时间' AFTER `token_version`
2026-05-23 19:02:59.851 [main] DEBUG o.f.c.internal.sqlscript.DefaultSqlScriptExecutor - 0 rows affected
2026-05-23 19:02:59.851 [main] DEBUG o.f.c.internal.sqlscript.DefaultSqlScriptExecutor - Executing SQL: ALTER TABLE `sys_user` ADD COLUMN `last_login_ip` VARCHAR(50) COMMENT '最后登录IP' AFTER `last_login_at`
2026-05-23 19:02:59.876 [main] DEBUG o.f.c.internal.sqlscript.DefaultSqlScriptExecutor - 0 rows affected
2026-05-23 19:02:59.877 [main] DEBUG o.f.c.internal.sqlscript.DefaultSqlScriptExecutor - Executing SQL: ALTER TABLE `sys_user` ADD COLUMN `employee_id` BIGINT COMMENT '绑定员工ID' AFTER `avatar_file_id`
2026-05-23 19:02:59.904 [main] DEBUG o.f.c.internal.sqlscript.DefaultSqlScriptExecutor - 0 rows affected
2026-05-23 19:02:59.904 [main] DEBUG o.f.c.internal.sqlscript.DefaultSqlScriptExecutor - Executing SQL: -- ============================================================
-- 1b. 修复 sys_user_role 缺失列
-- ============================================================
ALTER TABLE `sys_user_role` ADD COLUMN `version` INT DEFAULT 1 COMMENT '版本号' AFTER `deleted`
2026-05-23 19:02:59.930 [main] DEBUG o.f.c.internal.sqlscript.DefaultSqlScriptExecutor - 0 rows affected
2026-05-23 19:02:59.930 [main] DEBUG o.f.c.internal.sqlscript.DefaultSqlScriptExecutor - Executing SQL: -- ============================================================
-- 1c. 修复 sys_role_permission 缺失列
-- ============================================================
ALTER TABLE `sys_role_permission` ADD COLUMN `version` INT DEFAULT 1 COMMENT '版本号' AFTER `deleted`
2026-05-23 19:02:59.968 [main] DEBUG o.f.c.internal.sqlscript.DefaultSqlScriptExecutor - 0 rows affected
2026-05-23 19:02:59.968 [main] DEBUG o.f.c.internal.sqlscript.DefaultSqlScriptExecutor - Executing SQL: -- ============================================================
-- 1d. 修复 sys_role_menu 缺失列
-- ============================================================
ALTER TABLE `sys_role_menu` ADD COLUMN `version` INT DEFAULT 1 COMMENT '版本号' AFTER `deleted`
2026-05-23 19:02:59.994 [main] DEBUG o.f.c.internal.sqlscript.DefaultSqlScriptExecutor - 0 rows affected
2026-05-23 19:02:59.994 [main] DEBUG o.f.c.internal.sqlscript.DefaultSqlScriptExecutor - Executing SQL: -- ============================================================
-- 2. 修复 sys_role 列名
-- ============================================================
-- status: TINYINT → VARCHAR(32)
ALTER TABLE `sys_role` MODIFY COLUMN `status` VARCHAR(32) NOT NULL DEFAULT 'ENABLED' COMMENT '状态(ENABLED/DISABLED)'
2026-05-23 19:03:00.099 [main] DEBUG o.f.c.internal.sqlscript.DefaultSqlScriptExecutor - 0 rows affected
2026-05-23 19:03:00.100 [main] DEBUG o.f.c.internal.sqlscript.DefaultSqlScriptExecutor - Executing SQL: UPDATE `sys_role` SET `status` = CASE WHEN `status` = '0' THEN 'DISABLED' WHEN `status` = '1' THEN 'ENABLED' ELSE `status` END WHERE `status` IN ('0', '1')
2026-05-23 19:03:00.102 [main] DEBUG o.f.c.internal.sqlscript.DefaultSqlScriptExecutor - 0 rows affected
2026-05-23 19:03:00.102 [main] DEBUG o.f.c.internal.sqlscript.DefaultSqlScriptExecutor - Executing SQL: -- role_name → name, role_code → code
ALTER TABLE `sys_role` CHANGE COLUMN `role_name` `name` VARCHAR(50) NOT NULL COMMENT '角色名称'
2026-05-23 19:03:00.121 [main] DEBUG o.f.c.internal.sqlscript.DefaultSqlScriptExecutor - 0 rows affected
2026-05-23 19:03:00.121 [main] DEBUG o.f.c.internal.sqlscript.DefaultSqlScriptExecutor - Executing SQL: ALTER TABLE `sys_role` CHANGE COLUMN `role_code` `code` VARCHAR(50) NOT NULL COMMENT '角色编码'
2026-05-23 19:03:00.145 [main] DEBUG o.f.c.internal.sqlscript.DefaultSqlScriptExecutor - 0 rows affected
2026-05-23 19:03:00.145 [main] DEBUG o.f.c.internal.sqlscript.DefaultSqlScriptExecutor - Executing SQL: -- 添加缺失列
ALTER TABLE `sys_role` ADD COLUMN `sort_order` INT DEFAULT 0 COMMENT '排序号' AFTER `description`
2026-05-23 19:03:00.167 [main] DEBUG o.f.c.internal.sqlscript.DefaultSqlScriptExecutor - 0 rows affected
2026-05-23 19:03:00.167 [main] DEBUG o.f.c.internal.sqlscript.DefaultSqlScriptExecutor - Executing SQL: ALTER TABLE `sys_role` ADD COLUMN `data_scope_type` VARCHAR(32) DEFAULT 'SELF' COMMENT '数据权限范围' AFTER `sort_order`
2026-05-23 19:03:00.188 [main] DEBUG o.f.c.internal.sqlscript.DefaultSqlScriptExecutor - 0 rows affected
2026-05-23 19:03:00.188 [main] DEBUG o.f.c.internal.sqlscript.DefaultSqlScriptExecutor - Executing SQL: -- ============================================================
-- 3. 修复 sys_permission 列名和类型
-- ============================================================
-- status: TINYINT → VARCHAR(32)
ALTER TABLE `sys_permission` MODIFY COLUMN `status` VARCHAR(32) NOT NULL DEFAULT 'ENABLED' COMMENT '状态'
2026-05-23 19:03:00.318 [main] DEBUG o.f.c.internal.sqlscript.DefaultSqlScriptExecutor - 0 rows affected
2026-05-23 19:03:00.318 [main] DEBUG o.f.c.internal.sqlscript.DefaultSqlScriptExecutor - Executing SQL: UPDATE `sys_permission` SET `status` = CASE WHEN `status` = '0' THEN 'DISABLED' WHEN `status` = '1' THEN 'ENABLED' ELSE `status` END WHERE `status` IN ('0', '1')
2026-05-23 19:03:00.321 [main] DEBUG o.f.c.internal.sqlscript.DefaultSqlScriptExecutor - 0 rows affected
2026-05-23 19:03:00.321 [main] DEBUG o.f.c.internal.sqlscript.DefaultSqlScriptExecutor - Executing SQL: -- permission_name → name, permission_code → code
ALTER TABLE `sys_permission` CHANGE COLUMN `permission_name` `name` VARCHAR(50) NOT NULL COMMENT '权限名称'
2026-05-23 19:03:00.346 [main] DEBUG o.f.c.internal.sqlscript.DefaultSqlScriptExecutor - 0 rows affected
2026-05-23 19:03:00.346 [main] DEBUG o.f.c.internal.sqlscript.DefaultSqlScriptExecutor - Executing SQL: ALTER TABLE `sys_permission` CHANGE COLUMN `permission_code` `code` VARCHAR(100) NOT NULL COMMENT '权限编码'
2026-05-23 19:03:00.370 [main] DEBUG o.f.c.internal.sqlscript.DefaultSqlScriptExecutor - 0 rows affected
2026-05-23 19:03:00.370 [main] DEBUG o.f.c.internal.sqlscript.DefaultSqlScriptExecutor - Executing SQL: -- 添加缺失列
ALTER TABLE `sys_permission` ADD COLUMN `sort_order` INT DEFAULT 0 COMMENT '排序号' AFTER `status`
2026-05-23 19:03:00.394 [main] DEBUG o.f.c.internal.sqlscript.DefaultSqlScriptExecutor - 0 rows affected
2026-05-23 19:03:00.394 [main] DEBUG o.f.c.internal.sqlscript.DefaultSqlScriptExecutor - Executing SQL: -- ============================================================
-- 4. 种子数据：管理员角色
-- ============================================================
INSERT INTO sys_role (id, code, name, description, status, data_scope_type, sort_order, created_at, updated_at, created_by, updated_by, deleted, version)
VALUES (1, 'ADMIN', '超级管理员', '系统超级管理员，拥有所有权限', 'ENABLED', 'ALL', 1, NOW(), NOW(), 'system', 'system', 0, 1)
2026-05-23 19:03:00.397 [main] DEBUG o.f.c.internal.sqlscript.DefaultSqlScriptExecutor - 1 row affected
2026-05-23 19:03:00.397 [main] DEBUG o.f.c.internal.sqlscript.DefaultSqlScriptExecutor - Executing SQL: -- ============================================================
-- 5. 种子数据：普通用户角色
-- ============================================================
INSERT INTO sys_role (id, code, name, description, status, data_scope_type, sort_order, created_at, updated_at, created_by, updated_by, deleted, version)
VALUES (2, 'USER', '普通用户', '普通用户，拥有基本查看权限', 'ENABLED', 'SELF', 2, NOW(), NOW(), 'system', 'system', 0, 1)
2026-05-23 19:03:00.400 [main] DEBUG o.f.c.internal.sqlscript.DefaultSqlScriptExecutor - 1 row affected
2026-05-23 19:03:00.401 [main] DEBUG o.f.c.internal.sqlscript.DefaultSqlScriptExecutor - Executing SQL: -- ============================================================
-- 6. 种子数据：管理员用户（密码: admin123，BCrypt 加密）
-- ============================================================
INSERT INTO sys_user (id, username, password_hash, nickname, status, created_at, updated_at, created_by, updated_by, deleted, version)
VALUES (1, 'admin', '$2a$10$P6lqkvsCYZINKMUv0gjW7ON8IJB8UM71Rk4i9oAQxaHjSoXZ5TCLm', '超级管理员', 'ENABLED', NOW(), NOW(), 'system', 'system', 0, 1)
2026-05-23 19:03:00.404 [main] DEBUG o.f.c.internal.sqlscript.DefaultSqlScriptExecutor - 1 row affected
2026-05-23 19:03:00.404 [main] DEBUG o.f.c.internal.sqlscript.DefaultSqlScriptExecutor - Executing SQL: -- ============================================================
-- 7. 种子数据：测试用户（密码: test123，BCrypt 加密）
-- ============================================================
INSERT INTO sys_user (id, username, password_hash, nickname, status, created_at, updated_at, created_by, updated_by, deleted, version)
VALUES (2, 'testuser', '$2a$10$P6lqkvsCYZINKMUv0gjW7ON8IJB8UM71Rk4i9oAQxaHjSoXZ5TCLm', '测试用户', 'ENABLED', NOW(), NOW(), 'system', 'system', 0, 1)
2026-05-23 19:03:00.407 [main] DEBUG o.f.c.internal.sqlscript.DefaultSqlScriptExecutor - 1 row affected
2026-05-23 19:03:00.407 [main] DEBUG o.f.c.internal.sqlscript.DefaultSqlScriptExecutor - Executing SQL: -- ============================================================
-- 8. 关联管理员用户和角色
-- ============================================================
INSERT INTO sys_user_role (id, user_id, role_id, created_at, created_by, updated_at, updated_by, deleted)
VALUES (1, 1, 1, NOW(), 'system', NOW(), 'system', 0)
2026-05-23 19:03:00.410 [main] DEBUG o.f.c.internal.sqlscript.DefaultSqlScriptExecutor - 1 row affected
2026-05-23 19:03:00.410 [main] DEBUG o.f.c.internal.sqlscript.DefaultSqlScriptExecutor - Executing SQL: -- ============================================================
-- 9. 种子数据：基础权限
-- ============================================================
INSERT INTO sys_permission (id, code, name, description, status, type, module, resource, action, sort_order, created_at, updated_at, created_by, updated_by, deleted, version)
VALUES
(1, 'system:user:view', '查看用户', '查看用户信息', 'ENABLED', 'BUTTON', 'system', 'user', 'view', 1, NOW(), NOW(), 'system', 'system', 0, 1),
(2, 'system:user:create', '创建用户', '创建新用户', 'ENABLED', 'BUTTON', 'system', 'user', 'create', 2, NOW(), NOW(), 'system', 'system', 0, 1),
(3, 'system:user:update', '编辑用户', '编辑用户信息', 'ENABLED', 'BUTTON', 'system', 'user', 'update', 3, NOW(), NOW(), 'system', 'system', 0, 1),
(4, 'system:user:delete', '删除用户', '删除用户', 'ENABLED', 'BUTTON', 'system', 'user', 'delete', 4, NOW(), NOW(), 'system', 'system', 0, 1),
(5, 'system:role:view', '查看角色', '查看角色信息', 'ENABLED', 'BUTTON', 'system', 'role', 'view', 5, NOW(), NOW(), 'system', 'system', 0, 1),
(6, 'system:role:create', '创建角色', '创建新角色', 'ENABLED', 'BUTTON', 'system', 'role', 'create', 6, NOW(), NOW(), 'system', 'system', 0, 1),
(7, 'system:role:update', '编辑角色', '编辑角色信息', 'ENABLED', 'BUTTON', 'system', 'role', 'update', 7, NOW(), NOW(), 'system', 'system', 0, 1),
(8, 'system:role:delete', '删除角色', '删除角色', 'ENABLED', 'BUTTON', 'system', 'role', 'delete', 8, NOW(), NOW(), 'system', 'system', 0, 1)
2026-05-23 19:03:00.412 [main] DEBUG o.f.c.internal.sqlscript.DefaultSqlScriptExecutor - 8 rows affected
2026-05-23 19:03:00.413 [main] DEBUG o.f.c.internal.sqlscript.DefaultSqlScriptExecutor - Executing SQL: -- ============================================================
-- 10. 种子数据：基础菜单
-- ============================================================
INSERT INTO sys_menu (id, parent_id, name, path, component, icon, sort_order, type, permission_code, visible, status, created_at, updated_at, created_by, updated_by, deleted, version)
VALUES
(1, 0, '系统管理', '/system', NULL, 'setting', 1, 1, NULL, 1, 1, NOW(), NOW(), 'system', 'system', 0, 1),
(2, 1, '用户管理', '/system/users', 'system/users/index', 'user', 1, 2, 'system:user:view', 1, 1, NOW(), NOW(), 'system', 'system', 0, 1),
(3, 1, '角色管理', '/system/roles', 'system/roles/index', 'team', 2, 2, 'system:role:view', 1, 1, NOW(), NOW(), 'system', 'system', 0, 1),
(4, 1, '权限管理', '/system/permissions', 'system/permissions/index', 'safety', 3, 2, 'system:permission:view', 1, 1, NOW(), NOW(), 'system', 'system', 0, 1),
(5, 1, '菜单管理', '/system/menus', 'system/menus/index', 'menu', 4, 2, 'system:menu:view', 1, 1, NOW(), NOW(), 'system', 'system', 0, 1)
2026-05-23 19:03:00.415 [main] DEBUG o.f.c.internal.sqlscript.DefaultSqlScriptExecutor - 5 rows affected
2026-05-23 19:03:00.415 [main] DEBUG o.f.c.internal.sqlscript.DefaultSqlScriptExecutor - Executing SQL: -- ============================================================
-- 11. 关联管理员角色和所有权限
-- ============================================================
INSERT INTO sys_role_permission (id, role_id, permission_id, created_at, created_by, updated_at, updated_by, deleted)
VALUES
(1, 1, 1, NOW(), 'system', NOW(), 'system', 0),
(2, 1, 2, NOW(), 'system', NOW(), 'system', 0),
(3, 1, 3, NOW(), 'system', NOW(), 'system', 0),
(4, 1, 4, NOW(), 'system', NOW(), 'system', 0),
(5, 1, 5, NOW(), 'system', NOW(), 'system', 0),
(6, 1, 6, NOW(), 'system', NOW(), 'system', 0),
(7, 1, 7, NOW(), 'system', NOW(), 'system', 0),
(8, 1, 8, NOW(), 'system', NOW(), 'system', 0)
2026-05-23 19:03:00.417 [main] DEBUG o.f.c.internal.sqlscript.DefaultSqlScriptExecutor - 8 rows affected
2026-05-23 19:03:00.417 [main] DEBUG o.f.c.internal.sqlscript.DefaultSqlScriptExecutor - Executing SQL: -- ============================================================
-- 12. 关联管理员角色和所有菜单
-- ============================================================
INSERT INTO sys_role_menu (id, role_id, menu_id, created_at, created_by, updated_at, updated_by, deleted)
VALUES
(1, 1, 1, NOW(), 'system', NOW(), 'system', 0),
(2, 1, 2, NOW(), 'system', NOW(), 'system', 0),
(3, 1, 3, NOW(), 'system', NOW(), 'system', 0),
(4, 1, 4, NOW(), 'system', NOW(), 'system', 0),
(5, 1, 5, NOW(), 'system', NOW(), 'system', 0)
2026-05-23 19:03:00.420 [main] DEBUG o.f.c.internal.sqlscript.DefaultSqlScriptExecutor - 5 rows affected
2026-05-23 19:03:00.420 [main] DEBUG org.flywaydb.core.internal.command.DbMigrate - Successfully completed migration of schema `admin_scaffold_test` to version "3 - seed data"
2026-05-23 19:03:00.434 [main] DEBUG o.f.c.i.schemahistory.JdbcTableSchemaHistory - Schema History table `admin_scaffold_test`.`flyway_schema_history` successfully updated to reflect changes
2026-05-23 19:03:00.455 [main] DEBUG o.f.core.api.configuration.ClassicConfiguration - CherryPickConfigurationExtension not found
2026-05-23 19:03:00.461 [main] DEBUG org.flywaydb.core.internal.parser.Parser - Parsing V4__add_employee_org_tables.sql ...
2026-05-23 19:03:00.462 [main] DEBUG o.flywaydb.core.internal.sqlscript.ParserSqlScript - Found statement at line 8: -- M3: 员工组织模块 - 新增4张表
-- hr_employee: 员工主数据表
-- org_unit: 组织架构表
-- employee_org: 员工-组织多对多关联表
-- sys_role_org: 角色-组织自定义数据权限范围表

-- 员工主数据表
CREATE TABLE IF NOT EXISTS `hr_employee` (
    `id` BIGINT NOT NULL AUTO_INCREMENT COMMENT '主键ID',
    `employee_no` VARCHAR(64) NOT NULL COMMENT '员工工号',
    `name` VARCHAR(100) NOT NULL COMMENT '员工姓名',
    `preferred_name` VARCHAR(100) COMMENT '常用名/花名',
    `mobile` VARCHAR(32) COMMENT '手机号',
    `email` VARCHAR(100) COMMENT '邮箱',
    `primary_org_id` BIGINT COMMENT '主组织ID',
    `job_title` VARCHAR(100) COMMENT '职位',
    `employment_status` VARCHAR(32) NOT NULL DEFAULT 'ACTIVE' COMMENT '在职状态(ACTIVE/RESIGNED/SUSPENDED)',
    `entry_date` DATE COMMENT '入职日期',
    `leave_date` DATE COMMENT '离职日期',
    `source_type` VARCHAR(32) NOT NULL DEFAULT 'MANUAL' COMMENT '数据来源(MANUAL/IMPORT/API)',
    `created_at` DATETIME DEFAULT CURRENT_TIMESTAMP COMMENT '创建时间',
    `created_by` VARCHAR(50) COMMENT '创建人',
    `updated_at` DATETIME DEFAULT CURRENT_TIMESTAMP ON UPDATE CURRENT_TIMESTAMP COMMENT '更新时间',
    `updated_by` VARCHAR(50) COMMENT '更新人',
    `deleted` INT DEFAULT 0 COMMENT '逻辑删除标志：0-未删除，1-已删除',
    `version` INT DEFAULT 1 COMMENT '版本号',
    PRIMARY KEY (`id`),
    UNIQUE KEY `uk_employee_no` (`employee_no`),
    KEY `idx_name` (`name`),
    KEY `idx_mobile` (`mobile`),
    KEY `idx_primary_org_id` (`primary_org_id`),
    KEY `idx_employment_status` (`employment_status`)
) ENGINE=InnoDB DEFAULT CHARSET=utf8mb4 COLLATE=utf8mb4_0900_ai_ci COMMENT='员工主数据表'
2026-05-23 19:03:00.462 [main] DEBUG o.flywaydb.core.internal.sqlscript.ParserSqlScript - Found statement at line 36: -- 组织架构表
CREATE TABLE IF NOT EXISTS `org_unit` (
    `id` BIGINT NOT NULL AUTO_INCREMENT COMMENT '主键ID',
    `parent_id` BIGINT NOT NULL DEFAULT 0 COMMENT '父节点ID(0表示根节点)',
    `code` VARCHAR(64) NOT NULL COMMENT '组织编码',
    `name` VARCHAR(100) NOT NULL COMMENT '组织名称',
    `full_path` VARCHAR(500) COMMENT '完整路径(如/1/5/12/)',
    `level` INT DEFAULT 1 COMMENT '层级(从1开始)',
    `manager_employee_id` BIGINT COMMENT '负责人员工ID',
    `sort_order` INT DEFAULT 0 COMMENT '排序号',
    `status` VARCHAR(32) DEFAULT 'ENABLED' COMMENT '状态(ENABLED/DISABLED)',
    `source_type` VARCHAR(32) NOT NULL DEFAULT 'MANUAL' COMMENT '数据来源(MANUAL/IMPORT/API)',
    `created_at` DATETIME DEFAULT CURRENT_TIMESTAMP COMMENT '创建时间',
    `created_by` VARCHAR(50) COMMENT '创建人',
    `updated_at` DATETIME DEFAULT CURRENT_TIMESTAMP ON UPDATE CURRENT_TIMESTAMP COMMENT '更新时间',
    `updated_by` VARCHAR(50) COMMENT '更新人',
    `deleted` INT DEFAULT 0 COMMENT '逻辑删除标志：0-未删除，1-已删除',
    `version` INT DEFAULT 1 COMMENT '版本号',
    PRIMARY KEY (`id`),
    UNIQUE KEY `uk_code` (`code`),
    KEY `idx_parent_id` (`parent_id`),
    KEY `idx_manager_employee_id` (`manager_employee_id`)
) ENGINE=InnoDB DEFAULT CHARSET=utf8mb4 COLLATE=utf8mb4_0900_ai_ci COMMENT='组织架构表'
2026-05-23 19:03:00.463 [main] DEBUG o.flywaydb.core.internal.sqlscript.ParserSqlScript - Found statement at line 60: -- 员工-组织多对多关联表
CREATE TABLE IF NOT EXISTS `employee_org` (
    `id` BIGINT NOT NULL AUTO_INCREMENT COMMENT '主键ID',
    `employee_id` BIGINT NOT NULL COMMENT '员工ID',
    `org_id` BIGINT NOT NULL COMMENT '组织ID',
    `is_primary` TINYINT DEFAULT 0 COMMENT '是否主组织(0-否，1-是)',
    `position_name` VARCHAR(100) COMMENT '岗位名称',
    `start_date` DATE COMMENT '开始日期',
    `end_date` DATE COMMENT '结束日期',
    `status` VARCHAR(32) DEFAULT 'ACTIVE' COMMENT '状态(ACTIVE/INACTIVE)',
    `created_at` DATETIME DEFAULT CURRENT_TIMESTAMP COMMENT '创建时间',
    `created_by` VARCHAR(50) COMMENT '创建人',
    `updated_at` DATETIME DEFAULT CURRENT_TIMESTAMP ON UPDATE CURRENT_TIMESTAMP COMMENT '更新时间',
    `updated_by` VARCHAR(50) COMMENT '更新人',
    `deleted` INT DEFAULT 0 COMMENT '逻辑删除标志：0-未删除，1-已删除',
    `version` INT DEFAULT 1 COMMENT '版本号',
    PRIMARY KEY (`id`),
    UNIQUE KEY `uk_employee_org` (`employee_id`, `org_id`),
    KEY `idx_org_id` (`org_id`),
    KEY `idx_status` (`status`)
) ENGINE=InnoDB DEFAULT CHARSET=utf8mb4 COLLATE=utf8mb4_0900_ai_ci COMMENT='员工-组织关联表'
2026-05-23 19:03:00.463 [main] DEBUG o.flywaydb.core.internal.sqlscript.ParserSqlScript - Found statement at line 82: -- 角色-组织自定义数据权限范围表(物理删除，不做逻辑删除)
CREATE TABLE IF NOT EXISTS `sys_role_org` (
    `id` BIGINT NOT NULL AUTO_INCREMENT COMMENT '主键ID',
    `role_id` BIGINT NOT NULL COMMENT '角色ID',
    `org_id` BIGINT NOT NULL COMMENT '组织ID',
    `created_at` DATETIME DEFAULT CURRENT_TIMESTAMP COMMENT '创建时间',
    `created_by` VARCHAR(50) COMMENT '创建人',
    PRIMARY KEY (`id`),
    UNIQUE KEY `uk_role_org` (`role_id`, `org_id`),
    KEY `idx_org_id` (`org_id`)
) ENGINE=InnoDB DEFAULT CHARSET=utf8mb4 COLLATE=utf8mb4_0900_ai_ci COMMENT='角色-组织数据权限范围表'
2026-05-23 19:03:00.465 [main] DEBUG org.flywaydb.core.internal.command.DbMigrate - Starting migration of schema `admin_scaffold_test` to version "4 - add employee org tables" ...
2026-05-23 19:03:00.471 [main] INFO  org.flywaydb.core.internal.command.DbMigrate - Migrating schema `admin_scaffold_test` to version "4 - add employee org tables"
2026-05-23 19:03:00.472 [main] DEBUG o.f.c.internal.sqlscript.DefaultSqlScriptExecutor - Executing SQL: -- M3: 员工组织模块 - 新增4张表
-- hr_employee: 员工主数据表
-- org_unit: 组织架构表
-- employee_org: 员工-组织多对多关联表
-- sys_role_org: 角色-组织自定义数据权限范围表

-- 员工主数据表
CREATE TABLE IF NOT EXISTS `hr_employee` (
    `id` BIGINT NOT NULL AUTO_INCREMENT COMMENT '主键ID',
    `employee_no` VARCHAR(64) NOT NULL COMMENT '员工工号',
    `name` VARCHAR(100) NOT NULL COMMENT '员工姓名',
    `preferred_name` VARCHAR(100) COMMENT '常用名/花名',
    `mobile` VARCHAR(32) COMMENT '手机号',
    `email` VARCHAR(100) COMMENT '邮箱',
    `primary_org_id` BIGINT COMMENT '主组织ID',
    `job_title` VARCHAR(100) COMMENT '职位',
    `employment_status` VARCHAR(32) NOT NULL DEFAULT 'ACTIVE' COMMENT '在职状态(ACTIVE/RESIGNED/SUSPENDED)',
    `entry_date` DATE COMMENT '入职日期',
    `leave_date` DATE COMMENT '离职日期',
    `source_type` VARCHAR(32) NOT NULL DEFAULT 'MANUAL' COMMENT '数据来源(MANUAL/IMPORT/API)',
    `created_at` DATETIME DEFAULT CURRENT_TIMESTAMP COMMENT '创建时间',
    `created_by` VARCHAR(50) COMMENT '创建人',
    `updated_at` DATETIME DEFAULT CURRENT_TIMESTAMP ON UPDATE CURRENT_TIMESTAMP COMMENT '更新时间',
    `updated_by` VARCHAR(50) COMMENT '更新人',
    `deleted` INT DEFAULT 0 COMMENT '逻辑删除标志：0-未删除，1-已删除',
    `version` INT DEFAULT 1 COMMENT '版本号',
    PRIMARY KEY (`id`),
    UNIQUE KEY `uk_employee_no` (`employee_no`),
    KEY `idx_name` (`name`),
    KEY `idx_mobile` (`mobile`),
    KEY `idx_primary_org_id` (`primary_org_id`),
    KEY `idx_employment_status` (`employment_status`)
) ENGINE=InnoDB DEFAULT CHARSET=utf8mb4 COLLATE=utf8mb4_0900_ai_ci COMMENT='员工主数据表'
2026-05-23 19:03:00.566 [main] DEBUG o.f.c.internal.sqlscript.DefaultSqlScriptExecutor - 0 rows affected
2026-05-23 19:03:00.566 [main] DEBUG o.f.c.internal.sqlscript.DefaultSqlScriptExecutor - Executing SQL: -- 组织架构表
CREATE TABLE IF NOT EXISTS `org_unit` (
    `id` BIGINT NOT NULL AUTO_INCREMENT COMMENT '主键ID',
    `parent_id` BIGINT NOT NULL DEFAULT 0 COMMENT '父节点ID(0表示根节点)',
    `code` VARCHAR(64) NOT NULL COMMENT '组织编码',
    `name` VARCHAR(100) NOT NULL COMMENT '组织名称',
    `full_path` VARCHAR(500) COMMENT '完整路径(如/1/5/12/)',
    `level` INT DEFAULT 1 COMMENT '层级(从1开始)',
    `manager_employee_id` BIGINT COMMENT '负责人员工ID',
    `sort_order` INT DEFAULT 0 COMMENT '排序号',
    `status` VARCHAR(32) DEFAULT 'ENABLED' COMMENT '状态(ENABLED/DISABLED)',
    `source_type` VARCHAR(32) NOT NULL DEFAULT 'MANUAL' COMMENT '数据来源(MANUAL/IMPORT/API)',
    `created_at` DATETIME DEFAULT CURRENT_TIMESTAMP COMMENT '创建时间',
    `created_by` VARCHAR(50) COMMENT '创建人',
    `updated_at` DATETIME DEFAULT CURRENT_TIMESTAMP ON UPDATE CURRENT_TIMESTAMP COMMENT '更新时间',
    `updated_by` VARCHAR(50) COMMENT '更新人',
    `deleted` INT DEFAULT 0 COMMENT '逻辑删除标志：0-未删除，1-已删除',
    `version` INT DEFAULT 1 COMMENT '版本号',
    PRIMARY KEY (`id`),
    UNIQUE KEY `uk_code` (`code`),
    KEY `idx_parent_id` (`parent_id`),
    KEY `idx_manager_employee_id` (`manager_employee_id`)
) ENGINE=InnoDB DEFAULT CHARSET=utf8mb4 COLLATE=utf8mb4_0900_ai_ci COMMENT='组织架构表'
2026-05-23 19:03:00.635 [main] DEBUG o.f.c.internal.sqlscript.DefaultSqlScriptExecutor - 0 rows affected
2026-05-23 19:03:00.635 [main] DEBUG o.f.c.internal.sqlscript.DefaultSqlScriptExecutor - Executing SQL: -- 员工-组织多对多关联表
CREATE TABLE IF NOT EXISTS `employee_org` (
    `id` BIGINT NOT NULL AUTO_INCREMENT COMMENT '主键ID',
    `employee_id` BIGINT NOT NULL COMMENT '员工ID',
    `org_id` BIGINT NOT NULL COMMENT '组织ID',
    `is_primary` TINYINT DEFAULT 0 COMMENT '是否主组织(0-否，1-是)',
    `position_name` VARCHAR(100) COMMENT '岗位名称',
    `start_date` DATE COMMENT '开始日期',
    `end_date` DATE COMMENT '结束日期',
    `status` VARCHAR(32) DEFAULT 'ACTIVE' COMMENT '状态(ACTIVE/INACTIVE)',
    `created_at` DATETIME DEFAULT CURRENT_TIMESTAMP COMMENT '创建时间',
    `created_by` VARCHAR(50) COMMENT '创建人',
    `updated_at` DATETIME DEFAULT CURRENT_TIMESTAMP ON UPDATE CURRENT_TIMESTAMP COMMENT '更新时间',
    `updated_by` VARCHAR(50) COMMENT '更新人',
    `deleted` INT DEFAULT 0 COMMENT '逻辑删除标志：0-未删除，1-已删除',
    `version` INT DEFAULT 1 COMMENT '版本号',
    PRIMARY KEY (`id`),
    UNIQUE KEY `uk_employee_org` (`employee_id`, `org_id`),
    KEY `idx_org_id` (`org_id`),
    KEY `idx_status` (`status`)
) ENGINE=InnoDB DEFAULT CHARSET=utf8mb4 COLLATE=utf8mb4_0900_ai_ci COMMENT='员工-组织关联表'
2026-05-23 19:03:00.711 [main] DEBUG o.f.c.internal.sqlscript.DefaultSqlScriptExecutor - 0 rows affected
2026-05-23 19:03:00.711 [main] DEBUG o.f.c.internal.sqlscript.DefaultSqlScriptExecutor - Executing SQL: -- 角色-组织自定义数据权限范围表(物理删除，不做逻辑删除)
CREATE TABLE IF NOT EXISTS `sys_role_org` (
    `id` BIGINT NOT NULL AUTO_INCREMENT COMMENT '主键ID',
    `role_id` BIGINT NOT NULL COMMENT '角色ID',
    `org_id` BIGINT NOT NULL COMMENT '组织ID',
    `created_at` DATETIME DEFAULT CURRENT_TIMESTAMP COMMENT '创建时间',
    `created_by` VARCHAR(50) COMMENT '创建人',
    PRIMARY KEY (`id`),
    UNIQUE KEY `uk_role_org` (`role_id`, `org_id`),
    KEY `idx_org_id` (`org_id`)
) ENGINE=InnoDB DEFAULT CHARSET=utf8mb4 COLLATE=utf8mb4_0900_ai_ci COMMENT='角色-组织数据权限范围表'
2026-05-23 19:03:00.776 [main] DEBUG o.f.c.internal.sqlscript.DefaultSqlScriptExecutor - 0 rows affected
2026-05-23 19:03:00.776 [main] DEBUG org.flywaydb.core.internal.command.DbMigrate - Successfully completed migration of schema `admin_scaffold_test` to version "4 - add employee org tables"
2026-05-23 19:03:00.786 [main] DEBUG o.f.c.i.schemahistory.JdbcTableSchemaHistory - Schema History table `admin_scaffold_test`.`flyway_schema_history` successfully updated to reflect changes
2026-05-23 19:03:00.803 [main] DEBUG o.f.core.api.configuration.ClassicConfiguration - CherryPickConfigurationExtension not found
2026-05-23 19:03:00.809 [main] DEBUG org.flywaydb.core.internal.parser.Parser - Parsing V5__seed_data_org.sql ...
2026-05-23 19:03:00.810 [main] DEBUG o.flywaydb.core.internal.sqlscript.ParserSqlScript - Found statement at line 8: -- V5: 组织模块种子数据
-- LOCAL-ONLY: 仅用于本地开发环境
-- 依赖 V4 表结构

-- ============================================================
-- 1. 部门树：总公司(100) → 技术部(101)/产品部(102) → 后端组(103)/前端组(104)
-- ============================================================
INSERT INTO org_unit (id, parent_id, code, name, full_path, level, sort_order, status, source_type, created_at, updated_at, created_by, updated_by, deleted, version)
VALUES
(100, 0, 'HQ', '总公司', '/100/', 1, 1, 'ENABLED', 'MANUAL', NOW(), NOW(), 'system', 'system', 0, 1),
(101, 100, 'TECH', '技术部', '/100/101/', 2, 1, 'ENABLED', 'MANUAL', NOW(), NOW(), 'system', 'system', 0, 1),
(102, 100, 'PRODUCT', '产品部', '/100/102/', 2, 2, 'ENABLED', 'MANUAL', NOW(), NOW(), 'system', 'system', 0, 1),
(103, 101, 'BACKEND', '后端组', '/100/101/103/', 3, 1, 'ENABLED', 'MANUAL', NOW(), NOW(), 'system', 'system', 0, 1),
(104, 101, 'FRONTEND', '前端组', '/100/101/104/', 3, 2, 'ENABLED', 'MANUAL', NOW(), NOW(), 'system', 'system', 0, 1)
2026-05-23 19:03:00.810 [main] DEBUG o.flywaydb.core.internal.sqlscript.ParserSqlScript - Found statement at line 19: -- ============================================================
-- 2. 员工数据
-- ============================================================
INSERT INTO hr_employee (id, employee_no, name, mobile, email, primary_org_id, job_title, employment_status, entry_date, source_type, created_at, updated_at, created_by, updated_by, deleted, version)
VALUES
(100, 'EMP001', '张三', '13800000001', 'zhangsan@example.com', 101, '技术总监', 'ACTIVE', '2024-01-01', 'MANUAL', NOW(), NOW(), 'system', 'system', 0, 1),
(101, 'EMP002', '李四', '13800000002', 'lisi@example.com', 103, '后端开发', 'ACTIVE', '2024-03-15', 'MANUAL', NOW(), NOW(), 'system', 'system', 0, 1),
(102, 'EMP003', '王五', '13800000003', 'wangwu@example.com', 102, '产品经理', 'ACTIVE', '2024-06-01', 'MANUAL', NOW(), NOW(), 'system', 'system', 0, 1)
2026-05-23 19:03:00.810 [main] DEBUG o.flywaydb.core.internal.sqlscript.ParserSqlScript - Found statement at line 28: -- ============================================================
-- 3. 员工-组织关联
-- ============================================================
INSERT INTO employee_org (id, employee_id, org_id, is_primary, position_name, status, created_at, created_by, updated_at, updated_by, deleted, version)
VALUES
(1, 100, 101, 1, '技术总监', 'ACTIVE', NOW(), 'system', NOW(), 'system', 0, 1),
(2, 101, 103, 1, '后端开发', 'ACTIVE', NOW(), 'system', NOW(), 'system', 0, 1),
(3, 102, 102, 1, '产品经理', 'ACTIVE', NOW(), 'system', NOW(), 'system', 0, 1)
2026-05-23 19:03:00.811 [main] DEBUG o.flywaydb.core.internal.sqlscript.ParserSqlScript - Found statement at line 38: -- ============================================================
-- 4. 角色-组织关联（CUSTOM 数据权限）
-- role_id=2 为 V3 中的普通用户角色（USER），赋予技术部(101)的自定义数据权限
-- ============================================================
INSERT INTO sys_role_org (id, role_id, org_id, created_at, created_by)
VALUES
(1, 2, 101, NOW(), 'system'),
(2, 2, 102, NOW(), 'system')
2026-05-23 19:03:00.812 [main] DEBUG org.flywaydb.core.internal.command.DbMigrate - Starting migration of schema `admin_scaffold_test` to version "5 - seed data org" ...
2026-05-23 19:03:00.816 [main] INFO  org.flywaydb.core.internal.command.DbMigrate - Migrating schema `admin_scaffold_test` to version "5 - seed data org"
2026-05-23 19:03:00.817 [main] DEBUG o.f.c.internal.sqlscript.DefaultSqlScriptExecutor - Executing SQL: -- V5: 组织模块种子数据
-- LOCAL-ONLY: 仅用于本地开发环境
-- 依赖 V4 表结构

-- ============================================================
-- 1. 部门树：总公司(100) → 技术部(101)/产品部(102) → 后端组(103)/前端组(104)
-- ============================================================
INSERT INTO org_unit (id, parent_id, code, name, full_path, level, sort_order, status, source_type, created_at, updated_at, created_by, updated_by, deleted, version)
VALUES
(100, 0, 'HQ', '总公司', '/100/', 1, 1, 'ENABLED', 'MANUAL', NOW(), NOW(), 'system', 'system', 0, 1),
(101, 100, 'TECH', '技术部', '/100/101/', 2, 1, 'ENABLED', 'MANUAL', NOW(), NOW(), 'system', 'system', 0, 1),
(102, 100, 'PRODUCT', '产品部', '/100/102/', 2, 2, 'ENABLED', 'MANUAL', NOW(), NOW(), 'system', 'system', 0, 1),
(103, 101, 'BACKEND', '后端组', '/100/101/103/', 3, 1, 'ENABLED', 'MANUAL', NOW(), NOW(), 'system', 'system', 0, 1),
(104, 101, 'FRONTEND', '前端组', '/100/101/104/', 3, 2, 'ENABLED', 'MANUAL', NOW(), NOW(), 'system', 'system', 0, 1)
2026-05-23 19:03:00.819 [main] DEBUG o.f.c.internal.sqlscript.DefaultSqlScriptExecutor - 5 rows affected
2026-05-23 19:03:00.819 [main] DEBUG o.f.c.internal.sqlscript.DefaultSqlScriptExecutor - Executing SQL: -- ============================================================
-- 2. 员工数据
-- ============================================================
INSERT INTO hr_employee (id, employee_no, name, mobile, email, primary_org_id, job_title, employment_status, entry_date, source_type, created_at, updated_at, created_by, updated_by, deleted, version)
VALUES
(100, 'EMP001', '张三', '13800000001', 'zhangsan@example.com', 101, '技术总监', 'ACTIVE', '2024-01-01', 'MANUAL', NOW(), NOW(), 'system', 'system', 0, 1),
(101, 'EMP002', '李四', '13800000002', 'lisi@example.com', 103, '后端开发', 'ACTIVE', '2024-03-15', 'MANUAL', NOW(), NOW(), 'system', 'system', 0, 1),
(102, 'EMP003', '王五', '13800000003', 'wangwu@example.com', 102, '产品经理', 'ACTIVE', '2024-06-01', 'MANUAL', NOW(), NOW(), 'system', 'system', 0, 1)
2026-05-23 19:03:00.822 [main] DEBUG o.f.c.internal.sqlscript.DefaultSqlScriptExecutor - 3 rows affected
2026-05-23 19:03:00.822 [main] DEBUG o.f.c.internal.sqlscript.DefaultSqlScriptExecutor - Executing SQL: -- ============================================================
-- 3. 员工-组织关联
-- ============================================================
INSERT INTO employee_org (id, employee_id, org_id, is_primary, position_name, status, created_at, created_by, updated_at, updated_by, deleted, version)
VALUES
(1, 100, 101, 1, '技术总监', 'ACTIVE', NOW(), 'system', NOW(), 'system', 0, 1),
(2, 101, 103, 1, '后端开发', 'ACTIVE', NOW(), 'system', NOW(), 'system', 0, 1),
(3, 102, 102, 1, '产品经理', 'ACTIVE', NOW(), 'system', NOW(), 'system', 0, 1)
2026-05-23 19:03:00.824 [main] DEBUG o.f.c.internal.sqlscript.DefaultSqlScriptExecutor - 3 rows affected
2026-05-23 19:03:00.824 [main] DEBUG o.f.c.internal.sqlscript.DefaultSqlScriptExecutor - Executing SQL: -- ============================================================
-- 4. 角色-组织关联（CUSTOM 数据权限）
-- role_id=2 为 V3 中的普通用户角色（USER），赋予技术部(101)的自定义数据权限
-- ============================================================
INSERT INTO sys_role_org (id, role_id, org_id, created_at, created_by)
VALUES
(1, 2, 101, NOW(), 'system'),
(2, 2, 102, NOW(), 'system')
2026-05-23 19:03:00.827 [main] DEBUG o.f.c.internal.sqlscript.DefaultSqlScriptExecutor - 2 rows affected
2026-05-23 19:03:00.827 [main] DEBUG org.flywaydb.core.internal.command.DbMigrate - Successfully completed migration of schema `admin_scaffold_test` to version "5 - seed data org"
2026-05-23 19:03:00.838 [main] DEBUG o.f.c.i.schemahistory.JdbcTableSchemaHistory - Schema History table `admin_scaffold_test`.`flyway_schema_history` successfully updated to reflect changes
2026-05-23 19:03:00.855 [main] DEBUG o.f.core.api.configuration.ClassicConfiguration - CherryPickConfigurationExtension not found
2026-05-23 19:03:00.863 [main] INFO  org.flywaydb.core.internal.command.DbMigrate - Successfully applied 5 migrations to schema `admin_scaffold_test`, now at version v5 (execution time 00:01.665s)
2026-05-23 19:03:00.868 [main] DEBUG org.flywaydb.core.FlywayExecutor - Memory usage: 212 of 256M
2026-05-23 19:03:00.868 [main] INFO  i.g.l.admin.config.TestDatabaseInitializer - Flyway 迁移完成
2026-05-23 19:03:00.876 [main] DEBUG o.f.c.internal.scanner.classpath.ClassPathScanner - Scanning for classpath resources at 'classpath:db/callback' ...
2026-05-23 19:03:00.876 [main] DEBUG o.f.c.internal.scanner.classpath.ClassPathScanner - Determining location urls for classpath:db/callback using ClassLoader jdk.internal.loader.ClassLoaders$AppClassLoader@5c647e05 ...
2026-05-23 19:03:00.876 [main] DEBUG o.f.c.internal.scanner.classpath.ClassPathScanner - Unable to resolve location classpath:db/callback.
2026-05-23 19:03:00.878 [main] DEBUG o.f.c.internal.scanner.classpath.ClassPathScanner - Scanning for classpath resources at 'classpath:db/migration' ...
2026-05-23 19:03:00.878 [main] DEBUG o.f.c.internal.scanner.classpath.ClassPathScanner - Determining location urls for classpath:db/migration using ClassLoader jdk.internal.loader.ClassLoaders$AppClassLoader@5c647e05 ...
2026-05-23 19:03:00.878 [main] DEBUG o.f.c.internal.scanner.classpath.ClassPathScanner - Scanning URL: file:/C:/workspace/admin-management-scaffold/backend/target/classes/db/migration
2026-05-23 19:03:00.879 [main] DEBUG o.f.c.i.s.c.FileSystemClassPathLocationScanner - Scanning starting at classpath root in filesystem: C:\workspace\admin-management-scaffold\backend\target\classes\
2026-05-23 19:03:00.879 [main] DEBUG o.f.c.i.s.c.FileSystemClassPathLocationScanner - Scanning for resources in path: C:\workspace\admin-management-scaffold\backend\target\classes\db\migration (db/migration)
2026-05-23 19:03:00.880 [main] DEBUG o.f.c.internal.scanner.classpath.ClassPathScanner - Found resource: db/migration/V1__init_schema.sql
2026-05-23 19:03:00.880 [main] DEBUG o.f.c.internal.scanner.classpath.ClassPathScanner - Found resource: db/migration/V2__add_menu_and_permission_fields.sql
2026-05-23 19:03:00.880 [main] DEBUG o.f.c.internal.scanner.classpath.ClassPathScanner - Found resource: db/migration/V3__seed_data.sql
2026-05-23 19:03:00.880 [main] DEBUG o.f.c.internal.scanner.classpath.ClassPathScanner - Found resource: db/migration/V4__add_employee_org_tables.sql
2026-05-23 19:03:00.880 [main] DEBUG o.f.c.internal.scanner.classpath.ClassPathScanner - Found resource: db/migration/V5__seed_data_org.sql
2026-05-23 19:03:00.880 [main] DEBUG o.f.c.internal.scanner.classpath.ClassPathScanner - Scanning for classes at classpath:db/migration
2026-05-23 19:03:00.880 [main] DEBUG o.f.core.internal.resource.ResourceNameValidator - Validating V4__add_employee_org_tables.sql
2026-05-23 19:03:00.887 [main] DEBUG o.f.core.internal.resource.ResourceNameValidator - Validating V1__init_schema.sql
2026-05-23 19:03:00.887 [main] DEBUG o.f.core.internal.resource.ResourceNameValidator - Validating V2__add_menu_and_permission_fields.sql
2026-05-23 19:03:00.887 [main] DEBUG o.f.core.internal.resource.ResourceNameValidator - Validating V3__seed_data.sql
2026-05-23 19:03:00.887 [main] DEBUG o.f.core.internal.resource.ResourceNameValidator - Validating V5__seed_data_org.sql
2026-05-23 19:03:00.895 [main] INFO  org.flywaydb.core.FlywayExecutor - Database: jdbc:mysql://localhost:3306/admin_scaffold_test (MySQL 9.1)
2026-05-23 19:03:00.895 [main] DEBUG org.flywaydb.core.FlywayExecutor - Database Type: MySQL
2026-05-23 19:03:00.895 [main] DEBUG org.flywaydb.core.FlywayExecutor - Driver: MySQL Connector/J mysql-connector-j-8.3.0 (Revision: 805f872a57875f311cb82487efcfb070411a3fa0)
2026-05-23 19:03:00.895 [main] DEBUG org.flywaydb.core.FlywayExecutor - DDL Transactions Supported: false
2026-05-23 19:03:00.895 [main] DEBUG o.f.c.internal.schemahistory.SchemaHistoryFactory - Schemas: 
2026-05-23 19:03:00.895 [main] DEBUG o.f.c.internal.schemahistory.SchemaHistoryFactory - Default schema: null
2026-05-23 19:03:00.901 [main] WARN  org.flywaydb.core.internal.database.base.Database - Flyway upgrade recommended: MySQL 9.1 is newer than this version of Flyway and support has not been tested. The latest supported version of MySQL is 8.1.
2026-05-23 19:03:00.901 [main] DEBUG o.f.c.internal.callback.SqlScriptCallbackFactory - Scanning for SQL callbacks ...
2026-05-23 19:03:00.903 [main] DEBUG org.flywaydb.core.internal.command.DbSchemas - Skipping creation of existing schema: `admin_scaffold_test`
2026-05-23 19:03:00.910 [main] DEBUG o.f.core.api.configuration.ClassicConfiguration - CherryPickConfigurationExtension not found
2026-05-23 19:03:00.916 [main] DEBUG org.flywaydb.core.internal.scanner.Scanner - Filtering out resource: db/migration/V4__add_employee_org_tables.sql (filename: V4__add_employee_org_tables.sql)
2026-05-23 19:03:00.916 [main] DEBUG org.flywaydb.core.internal.scanner.Scanner - Filtering out resource: db/migration/V1__init_schema.sql (filename: V1__init_schema.sql)
2026-05-23 19:03:00.916 [main] DEBUG org.flywaydb.core.internal.scanner.Scanner - Filtering out resource: db/migration/V2__add_menu_and_permission_fields.sql (filename: V2__add_menu_and_permission_fields.sql)
2026-05-23 19:03:00.916 [main] DEBUG org.flywaydb.core.internal.scanner.Scanner - Filtering out resource: db/migration/V3__seed_data.sql (filename: V3__seed_data.sql)
2026-05-23 19:03:00.916 [main] DEBUG org.flywaydb.core.internal.scanner.Scanner - Filtering out resource: db/migration/V5__seed_data_org.sql (filename: V5__seed_data_org.sql)
2026-05-23 19:03:00.916 [main] DEBUG org.flywaydb.core.internal.scanner.Scanner - Filtering out resource: db/migration/V4__add_employee_org_tables.sql (filename: V4__add_employee_org_tables.sql)
2026-05-23 19:03:00.916 [main] DEBUG org.flywaydb.core.internal.scanner.Scanner - Filtering out resource: db/migration/V1__init_schema.sql (filename: V1__init_schema.sql)
2026-05-23 19:03:00.916 [main] DEBUG org.flywaydb.core.internal.scanner.Scanner - Filtering out resource: db/migration/V2__add_menu_and_permission_fields.sql (filename: V2__add_menu_and_permission_fields.sql)
2026-05-23 19:03:00.916 [main] DEBUG org.flywaydb.core.internal.scanner.Scanner - Filtering out resource: db/migration/V3__seed_data.sql (filename: V3__seed_data.sql)
2026-05-23 19:03:00.916 [main] DEBUG org.flywaydb.core.internal.scanner.Scanner - Filtering out resource: db/migration/V5__seed_data_org.sql (filename: V5__seed_data_org.sql)
2026-05-23 19:03:00.921 [main] INFO  org.flywaydb.core.internal.command.DbMigrate - Current version of schema `admin_scaffold_test`: 5
2026-05-23 19:03:00.922 [main] INFO  org.flywaydb.core.internal.command.DbMigrate - Schema `admin_scaffold_test` is up to date. No migration necessary.
2026-05-23 19:03:00.930 [main] DEBUG org.flywaydb.core.FlywayExecutor - Memory usage: 214 of 256M
 _ _   |_  _ _|_. ___ _ |    _ 
| | |\/|_)(_| | |_\  |_)||_|_\ 
     /               |         
                        3.5.16 
____ ____    ___ ____ _  _ ____ _  _ 
[__  |__| __  |  |  | |_/  |___ |\ | 
___] |  |     |  |__| | \_ |___ | \| 
https://sa-token.cc (v1.45.0)
2026-05-23 19:03:01.668 [main] INFO  i.g.l.a.system.menu.controller.MenuControllerTest - Started MenuControllerTest in 3.908 seconds (process running for 69.202)
2026-05-23 19:03:01.680 [main] INFO  i.g.lystrosaurus.admin.filter.RequestLogFilter - 请求开始: POST /app/menus  from 127.0.0.1
2026-05-23 19:03:01.696 [main] INFO  i.g.lystrosaurus.admin.filter.RequestLogFilter - 请求结束: POST /app/menus status=200 耗时=15ms
2026-05-23 19:03:01.702 [main] INFO  i.g.lystrosaurus.admin.filter.RequestLogFilter - 请求开始: DELETE /app/menus/1  from 127.0.0.1
2026-05-23 19:03:01.703 [main] INFO  i.g.lystrosaurus.admin.filter.RequestLogFilter - 请求结束: DELETE /app/menus/1 status=200 耗时=1ms
2026-05-23 19:03:01.707 [main] INFO  i.g.lystrosaurus.admin.filter.RequestLogFilter - 请求开始: GET /app/menus/role/1  from 127.0.0.1
2026-05-23 19:03:01.710 [main] INFO  i.g.lystrosaurus.admin.filter.RequestLogFilter - 请求结束: GET /app/menus/role/1 status=200 耗时=3ms
2026-05-23 19:03:01.714 [main] INFO  i.g.lystrosaurus.admin.filter.RequestLogFilter - 请求开始: GET /app/menus/user  from 127.0.0.1
2026-05-23 19:03:01.714 [main] INFO  i.g.lystrosaurus.admin.filter.RequestLogFilter - 请求结束: GET /app/menus/user status=200 耗时=0ms
2026-05-23 19:03:01.721 [main] INFO  i.g.lystrosaurus.admin.filter.RequestLogFilter - 请求开始: PUT /app/menus/1  from 127.0.0.1
2026-05-23 19:03:01.725 [main] INFO  i.g.lystrosaurus.admin.filter.RequestLogFilter - 请求结束: PUT /app/menus/1 status=200 耗时=4ms
2026-05-23 19:03:01.730 [main] INFO  i.g.lystrosaurus.admin.filter.RequestLogFilter - 请求开始: GET /app/menus/tree  from 127.0.0.1
2026-05-23 19:03:01.730 [main] INFO  i.g.lystrosaurus.admin.filter.RequestLogFilter - 请求结束: GET /app/menus/tree status=200 耗时=0ms

  .   ____          _            __ _ _
 /\\ / ___'_ __ _ _(_)_ __  __ _ \ \ \ \
( ( )\___ | '_ | '_| | '_ \/ _` | \ \ \ \
 \\/  ___)| |_)| | | | | || (_| |  ) ) ) )
  '  |____| .__|_| |_|_| |_\__, | / / / /
 =========|_|==============|___/=/_/_/_/
 :: Spring Boot ::                (v3.2.5)

2026-05-23 19:03:02.280 [main] INFO  i.g.l.a.s.p.controller.PermissionControllerTest - Starting PermissionControllerTest using Java 21.0.5 with PID 54236 (started by lannt in C:\workspace\admin-management-scaffold\backend)
2026-05-23 19:03:02.280 [main] DEBUG i.g.l.a.s.p.controller.PermissionControllerTest - Running with Spring Boot v3.2.5, Spring v6.1.6
2026-05-23 19:03:02.280 [main] INFO  i.g.l.a.s.p.controller.PermissionControllerTest - The following 1 profile is active: "test"
2026-05-23 19:03:02.871 [main] INFO  i.g.l.admin.config.TestDatabaseInitializer - 测试数据库 admin_scaffold_test 创建成功或已存在
2026-05-23 19:03:03.426 [main] INFO  i.g.l.admin.config.TestDatabaseInitializer - 测试数据库已清理，将手动执行 Flyway 迁移
2026-05-23 19:03:03.430 [main] DEBUG o.f.c.internal.scanner.classpath.ClassPathScanner - Scanning for classpath resources at 'classpath:db/callback' ...
2026-05-23 19:03:03.430 [main] DEBUG o.f.c.internal.scanner.classpath.ClassPathScanner - Determining location urls for classpath:db/callback using ClassLoader jdk.internal.loader.ClassLoaders$AppClassLoader@5c647e05 ...
2026-05-23 19:03:03.430 [main] DEBUG o.f.c.internal.scanner.classpath.ClassPathScanner - Unable to resolve location classpath:db/callback.
2026-05-23 19:03:03.431 [main] DEBUG o.f.c.internal.scanner.classpath.ClassPathScanner - Scanning for classpath resources at 'classpath:db/migration' ...
2026-05-23 19:03:03.431 [main] DEBUG o.f.c.internal.scanner.classpath.ClassPathScanner - Determining location urls for classpath:db/migration using ClassLoader jdk.internal.loader.ClassLoaders$AppClassLoader@5c647e05 ...
2026-05-23 19:03:03.431 [main] DEBUG o.f.c.internal.scanner.classpath.ClassPathScanner - Scanning URL: file:/C:/workspace/admin-management-scaffold/backend/target/classes/db/migration
2026-05-23 19:03:03.432 [main] DEBUG o.f.c.i.s.c.FileSystemClassPathLocationScanner - Scanning starting at classpath root in filesystem: C:\workspace\admin-management-scaffold\backend\target\classes\
2026-05-23 19:03:03.432 [main] DEBUG o.f.c.i.s.c.FileSystemClassPathLocationScanner - Scanning for resources in path: C:\workspace\admin-management-scaffold\backend\target\classes\db\migration (db/migration)
2026-05-23 19:03:03.433 [main] DEBUG o.f.c.internal.scanner.classpath.ClassPathScanner - Found resource: db/migration/V1__init_schema.sql
2026-05-23 19:03:03.433 [main] DEBUG o.f.c.internal.scanner.classpath.ClassPathScanner - Found resource: db/migration/V2__add_menu_and_permission_fields.sql
2026-05-23 19:03:03.433 [main] DEBUG o.f.c.internal.scanner.classpath.ClassPathScanner - Found resource: db/migration/V3__seed_data.sql
2026-05-23 19:03:03.433 [main] DEBUG o.f.c.internal.scanner.classpath.ClassPathScanner - Found resource: db/migration/V4__add_employee_org_tables.sql
2026-05-23 19:03:03.433 [main] DEBUG o.f.c.internal.scanner.classpath.ClassPathScanner - Found resource: db/migration/V5__seed_data_org.sql
2026-05-23 19:03:03.433 [main] DEBUG o.f.c.internal.scanner.classpath.ClassPathScanner - Scanning for classes at classpath:db/migration
2026-05-23 19:03:03.433 [main] DEBUG o.f.core.internal.resource.ResourceNameValidator - Validating V4__add_employee_org_tables.sql
2026-05-23 19:03:03.433 [main] DEBUG o.f.core.internal.resource.ResourceNameValidator - Validating V1__init_schema.sql
2026-05-23 19:03:03.433 [main] DEBUG o.f.core.internal.resource.ResourceNameValidator - Validating V2__add_menu_and_permission_fields.sql
2026-05-23 19:03:03.433 [main] DEBUG o.f.core.internal.resource.ResourceNameValidator - Validating V3__seed_data.sql
2026-05-23 19:03:03.433 [main] DEBUG o.f.core.internal.resource.ResourceNameValidator - Validating V5__seed_data_org.sql
2026-05-23 19:03:03.446 [main] INFO  org.flywaydb.core.FlywayExecutor - Database: jdbc:mysql://localhost:3306/admin_scaffold_test (MySQL 9.1)
2026-05-23 19:03:03.446 [main] DEBUG org.flywaydb.core.FlywayExecutor - Database Type: MySQL
2026-05-23 19:03:03.446 [main] DEBUG org.flywaydb.core.FlywayExecutor - Driver: MySQL Connector/J mysql-connector-j-8.3.0 (Revision: 805f872a57875f311cb82487efcfb070411a3fa0)
2026-05-23 19:03:03.446 [main] DEBUG org.flywaydb.core.FlywayExecutor - DDL Transactions Supported: false
2026-05-23 19:03:03.446 [main] DEBUG o.f.c.internal.schemahistory.SchemaHistoryFactory - Schemas: 
2026-05-23 19:03:03.446 [main] DEBUG o.f.c.internal.schemahistory.SchemaHistoryFactory - Default schema: null
2026-05-23 19:03:03.454 [main] WARN  org.flywaydb.core.internal.database.base.Database - Flyway upgrade recommended: MySQL 9.1 is newer than this version of Flyway and support has not been tested. The latest supported version of MySQL is 8.1.
2026-05-23 19:03:03.454 [main] DEBUG o.f.c.internal.callback.SqlScriptCallbackFactory - Scanning for SQL callbacks ...
2026-05-23 19:03:03.456 [main] DEBUG org.flywaydb.core.internal.command.DbValidate - Validating migrations ...
2026-05-23 19:03:03.457 [main] DEBUG o.f.core.api.configuration.ClassicConfiguration - CherryPickConfigurationExtension not found
2026-05-23 19:03:03.463 [main] DEBUG org.flywaydb.core.internal.scanner.Scanner - Filtering out resource: db/migration/V4__add_employee_org_tables.sql (filename: V4__add_employee_org_tables.sql)
2026-05-23 19:03:03.463 [main] DEBUG org.flywaydb.core.internal.scanner.Scanner - Filtering out resource: db/migration/V1__init_schema.sql (filename: V1__init_schema.sql)
2026-05-23 19:03:03.463 [main] DEBUG org.flywaydb.core.internal.scanner.Scanner - Filtering out resource: db/migration/V2__add_menu_and_permission_fields.sql (filename: V2__add_menu_and_permission_fields.sql)
2026-05-23 19:03:03.463 [main] DEBUG org.flywaydb.core.internal.scanner.Scanner - Filtering out resource: db/migration/V3__seed_data.sql (filename: V3__seed_data.sql)
2026-05-23 19:03:03.463 [main] DEBUG org.flywaydb.core.internal.scanner.Scanner - Filtering out resource: db/migration/V5__seed_data_org.sql (filename: V5__seed_data_org.sql)
2026-05-23 19:03:03.463 [main] DEBUG org.flywaydb.core.internal.scanner.Scanner - Filtering out resource: db/migration/V4__add_employee_org_tables.sql (filename: V4__add_employee_org_tables.sql)
2026-05-23 19:03:03.463 [main] DEBUG org.flywaydb.core.internal.scanner.Scanner - Filtering out resource: db/migration/V1__init_schema.sql (filename: V1__init_schema.sql)
2026-05-23 19:03:03.463 [main] DEBUG org.flywaydb.core.internal.scanner.Scanner - Filtering out resource: db/migration/V2__add_menu_and_permission_fields.sql (filename: V2__add_menu_and_permission_fields.sql)
2026-05-23 19:03:03.463 [main] DEBUG org.flywaydb.core.internal.scanner.Scanner - Filtering out resource: db/migration/V3__seed_data.sql (filename: V3__seed_data.sql)
2026-05-23 19:03:03.463 [main] DEBUG org.flywaydb.core.internal.scanner.Scanner - Filtering out resource: db/migration/V5__seed_data_org.sql (filename: V5__seed_data_org.sql)
2026-05-23 19:03:03.468 [main] INFO  o.f.c.i.schemahistory.JdbcTableSchemaHistory - Schema history table `admin_scaffold_test`.`flyway_schema_history` does not exist yet
2026-05-23 19:03:03.469 [main] INFO  org.flywaydb.core.internal.command.DbValidate - Successfully validated 5 migrations (execution time 00:00.013s)
2026-05-23 19:03:03.471 [main] DEBUG org.flywaydb.core.internal.command.DbSchemas - Skipping creation of existing schema: `admin_scaffold_test`
2026-05-23 19:03:03.486 [main] INFO  o.f.c.i.schemahistory.JdbcTableSchemaHistory - Creating Schema History table `admin_scaffold_test`.`flyway_schema_history` ...
2026-05-23 19:03:03.487 [main] DEBUG org.flywaydb.core.internal.parser.Parser - Parsing  ...
2026-05-23 19:03:03.487 [main] DEBUG o.flywaydb.core.internal.sqlscript.ParserSqlScript - Found statement at line 1: CREATE TABLE `admin_scaffold_test`.`flyway_schema_history` (
    `installed_rank` INT NOT NULL,
    `version` VARCHAR(50),
    `description` VARCHAR(200) NOT NULL,
    `type` VARCHAR(20) NOT NULL,
    `script` VARCHAR(1000) NOT NULL,
    `checksum` INT,
    `installed_by` VARCHAR(100) NOT NULL,
    `installed_on` TIMESTAMP NOT NULL DEFAULT CURRENT_TIMESTAMP,
    `execution_time` INT NOT NULL,
    `success` BOOL NOT NULL,
    CONSTRAINT `flyway_schema_history_pk` PRIMARY KEY (`installed_rank`)
) ENGINE=InnoDB
2026-05-23 19:03:03.487 [main] DEBUG o.flywaydb.core.internal.sqlscript.ParserSqlScript - Found statement at line 14: CREATE INDEX `flyway_schema_history_s_idx` ON `admin_scaffold_test`.`flyway_schema_history` (`success`)
2026-05-23 19:03:03.487 [main] DEBUG o.f.c.internal.sqlscript.DefaultSqlScriptExecutor - Executing SQL: CREATE TABLE `admin_scaffold_test`.`flyway_schema_history` (
    `installed_rank` INT NOT NULL,
    `version` VARCHAR(50),
    `description` VARCHAR(200) NOT NULL,
    `type` VARCHAR(20) NOT NULL,
    `script` VARCHAR(1000) NOT NULL,
    `checksum` INT,
    `installed_by` VARCHAR(100) NOT NULL,
    `installed_on` TIMESTAMP NOT NULL DEFAULT CURRENT_TIMESTAMP,
    `execution_time` INT NOT NULL,
    `success` BOOL NOT NULL,
    CONSTRAINT `flyway_schema_history_pk` PRIMARY KEY (`installed_rank`)
) ENGINE=InnoDB
2026-05-23 19:03:03.535 [main] DEBUG o.f.c.internal.sqlscript.DefaultSqlScriptExecutor - 0 rows affected
2026-05-23 19:03:03.535 [main] DEBUG o.f.c.internal.sqlscript.DefaultSqlScriptExecutor - Executing SQL: CREATE INDEX `flyway_schema_history_s_idx` ON `admin_scaffold_test`.`flyway_schema_history` (`success`)
2026-05-23 19:03:03.567 [main] DEBUG o.f.c.internal.sqlscript.DefaultSqlScriptExecutor - 0 rows affected
2026-05-23 19:03:03.567 [main] DEBUG o.f.c.i.schemahistory.JdbcTableSchemaHistory - Created Schema History table `admin_scaffold_test`.`flyway_schema_history`
2026-05-23 19:03:03.577 [main] DEBUG o.f.core.api.configuration.ClassicConfiguration - CherryPickConfigurationExtension not found
2026-05-23 19:03:03.581 [main] INFO  org.flywaydb.core.internal.command.DbMigrate - Current version of schema `admin_scaffold_test`: << Empty Schema >>
2026-05-23 19:03:03.581 [main] DEBUG org.flywaydb.core.internal.parser.Parser - Parsing V1__init_schema.sql ...
2026-05-23 19:03:03.582 [main] DEBUG o.flywaydb.core.internal.sqlscript.ParserSqlScript - Found statement at line 3: -- 初始化数据库架构
-- 创建用户表
CREATE TABLE IF NOT EXISTS `sys_user` (
    `id` BIGINT NOT NULL COMMENT '主键ID',
    `username` VARCHAR(50) NOT NULL COMMENT '用户名',
    `password` VARCHAR(100) NOT NULL COMMENT '密码',
    `nickname` VARCHAR(50) COMMENT '昵称',
    `email` VARCHAR(100) COMMENT '邮箱',
    `phone` VARCHAR(20) COMMENT '手机号',
    `avatar` VARCHAR(255) COMMENT '头像',
    `status` TINYINT DEFAULT 1 COMMENT '状态：0-禁用，1-启用',
    `created_at` DATETIME DEFAULT CURRENT_TIMESTAMP COMMENT '创建时间',
    `updated_at` DATETIME DEFAULT CURRENT_TIMESTAMP ON UPDATE CURRENT_TIMESTAMP COMMENT '更新时间',
    `created_by` VARCHAR(50) COMMENT '创建人',
    `updated_by` VARCHAR(50) COMMENT '更新人',
    `deleted` TINYINT DEFAULT 0 COMMENT '逻辑删除标志：0-未删除，1-已删除',
    `version` INT DEFAULT 1 COMMENT '版本号',
    PRIMARY KEY (`id`),
    UNIQUE KEY `uk_username` (`username`),
    KEY `idx_email` (`email`),
    KEY `idx_phone` (`phone`)
) ENGINE=InnoDB DEFAULT CHARSET=utf8mb4 COLLATE=utf8mb4_unicode_ci COMMENT='系统用户表'
2026-05-23 19:03:03.583 [main] DEBUG o.flywaydb.core.internal.sqlscript.ParserSqlScript - Found statement at line 25: -- 创建角色表
CREATE TABLE IF NOT EXISTS `sys_role` (
    `id` BIGINT NOT NULL COMMENT '主键ID',
    `role_name` VARCHAR(50) NOT NULL COMMENT '角色名称',
    `role_code` VARCHAR(50) NOT NULL COMMENT '角色编码',
    `description` VARCHAR(255) COMMENT '描述',
    `status` TINYINT DEFAULT 1 COMMENT '状态：0-禁用，1-启用',
    `created_at` DATETIME DEFAULT CURRENT_TIMESTAMP COMMENT '创建时间',
    `updated_at` DATETIME DEFAULT CURRENT_TIMESTAMP ON UPDATE CURRENT_TIMESTAMP COMMENT '更新时间',
    `created_by` VARCHAR(50) COMMENT '创建人',
    `updated_by` VARCHAR(50) COMMENT '更新人',
    `deleted` TINYINT DEFAULT 0 COMMENT '逻辑删除标志：0-未删除，1-已删除',
    `version` INT DEFAULT 1 COMMENT '版本号',
    PRIMARY KEY (`id`),
    UNIQUE KEY `uk_role_code` (`role_code`)
) ENGINE=InnoDB DEFAULT CHARSET=utf8mb4 COLLATE=utf8mb4_unicode_ci COMMENT='系统角色表'
2026-05-23 19:03:03.583 [main] DEBUG o.flywaydb.core.internal.sqlscript.ParserSqlScript - Found statement at line 42: -- 创建用户角色关联表
CREATE TABLE IF NOT EXISTS `sys_user_role` (
    `id` BIGINT NOT NULL COMMENT '主键ID',
    `user_id` BIGINT NOT NULL COMMENT '用户ID',
    `role_id` BIGINT NOT NULL COMMENT '角色ID',
    `created_at` DATETIME DEFAULT CURRENT_TIMESTAMP COMMENT '创建时间',
    `created_by` VARCHAR(50) COMMENT '创建人',
    `updated_at` DATETIME DEFAULT CURRENT_TIMESTAMP ON UPDATE CURRENT_TIMESTAMP COMMENT '更新时间',
    `updated_by` VARCHAR(50) COMMENT '更新人',
    `deleted` TINYINT DEFAULT 0 COMMENT '逻辑删除标志：0-未删除，1-已删除',
    PRIMARY KEY (`id`),
    UNIQUE KEY `uk_user_role` (`user_id`, `role_id`),
    KEY `idx_role_id` (`role_id`)
) ENGINE=InnoDB DEFAULT CHARSET=utf8mb4 COLLATE=utf8mb4_unicode_ci COMMENT='用户角色关联表'
2026-05-23 19:03:03.583 [main] DEBUG o.flywaydb.core.internal.sqlscript.ParserSqlScript - Found statement at line 57: -- 创建权限表
CREATE TABLE IF NOT EXISTS `sys_permission` (
    `id` BIGINT NOT NULL COMMENT '主键ID',
    `permission_name` VARCHAR(50) NOT NULL COMMENT '权限名称',
    `permission_code` VARCHAR(100) NOT NULL COMMENT '权限编码',
    `description` VARCHAR(255) COMMENT '描述',
    `status` TINYINT DEFAULT 1 COMMENT '状态：0-禁用，1-启用',
    `created_at` DATETIME DEFAULT CURRENT_TIMESTAMP COMMENT '创建时间',
    `updated_at` DATETIME DEFAULT CURRENT_TIMESTAMP ON UPDATE CURRENT_TIMESTAMP COMMENT '更新时间',
    `created_by` VARCHAR(50) COMMENT '创建人',
    `updated_by` VARCHAR(50) COMMENT '更新人',
    `deleted` TINYINT DEFAULT 0 COMMENT '逻辑删除标志：0-未删除，1-已删除',
    `version` INT DEFAULT 1 COMMENT '版本号',
    PRIMARY KEY (`id`),
    UNIQUE KEY `uk_permission_code` (`permission_code`)
) ENGINE=InnoDB DEFAULT CHARSET=utf8mb4 COLLATE=utf8mb4_unicode_ci COMMENT='系统权限表'
2026-05-23 19:03:03.584 [main] DEBUG o.flywaydb.core.internal.sqlscript.ParserSqlScript - Found statement at line 74: -- 创建角色权限关联表
CREATE TABLE IF NOT EXISTS `sys_role_permission` (
    `id` BIGINT NOT NULL COMMENT '主键ID',
    `role_id` BIGINT NOT NULL COMMENT '角色ID',
    `permission_id` BIGINT NOT NULL COMMENT '权限ID',
    `created_at` DATETIME DEFAULT CURRENT_TIMESTAMP COMMENT '创建时间',
    `created_by` VARCHAR(50) COMMENT '创建人',
    `updated_at` DATETIME DEFAULT CURRENT_TIMESTAMP ON UPDATE CURRENT_TIMESTAMP COMMENT '更新时间',
    `updated_by` VARCHAR(50) COMMENT '更新人',
    `deleted` TINYINT DEFAULT 0 COMMENT '逻辑删除标志：0-未删除，1-已删除',
    PRIMARY KEY (`id`),
    UNIQUE KEY `uk_role_permission` (`role_id`, `permission_id`),
    KEY `idx_permission_id` (`permission_id`)
) ENGINE=InnoDB DEFAULT CHARSET=utf8mb4 COLLATE=utf8mb4_unicode_ci COMMENT='角色权限关联表'
2026-05-23 19:03:03.585 [main] DEBUG org.flywaydb.core.internal.command.DbMigrate - Starting migration of schema `admin_scaffold_test` to version "1 - init schema" ...
2026-05-23 19:03:03.588 [main] INFO  org.flywaydb.core.internal.command.DbMigrate - Migrating schema `admin_scaffold_test` to version "1 - init schema"
2026-05-23 19:03:03.589 [main] DEBUG o.f.c.internal.sqlscript.DefaultSqlScriptExecutor - Executing SQL: -- 初始化数据库架构
-- 创建用户表
CREATE TABLE IF NOT EXISTS `sys_user` (
    `id` BIGINT NOT NULL COMMENT '主键ID',
    `username` VARCHAR(50) NOT NULL COMMENT '用户名',
    `password` VARCHAR(100) NOT NULL COMMENT '密码',
    `nickname` VARCHAR(50) COMMENT '昵称',
    `email` VARCHAR(100) COMMENT '邮箱',
    `phone` VARCHAR(20) COMMENT '手机号',
    `avatar` VARCHAR(255) COMMENT '头像',
    `status` TINYINT DEFAULT 1 COMMENT '状态：0-禁用，1-启用',
    `created_at` DATETIME DEFAULT CURRENT_TIMESTAMP COMMENT '创建时间',
    `updated_at` DATETIME DEFAULT CURRENT_TIMESTAMP ON UPDATE CURRENT_TIMESTAMP COMMENT '更新时间',
    `created_by` VARCHAR(50) COMMENT '创建人',
    `updated_by` VARCHAR(50) COMMENT '更新人',
    `deleted` TINYINT DEFAULT 0 COMMENT '逻辑删除标志：0-未删除，1-已删除',
    `version` INT DEFAULT 1 COMMENT '版本号',
    PRIMARY KEY (`id`),
    UNIQUE KEY `uk_username` (`username`),
    KEY `idx_email` (`email`),
    KEY `idx_phone` (`phone`)
) ENGINE=InnoDB DEFAULT CHARSET=utf8mb4 COLLATE=utf8mb4_unicode_ci COMMENT='系统用户表'
2026-05-23 19:03:03.662 [main] DEBUG o.f.c.internal.sqlscript.DefaultSqlScriptExecutor - 0 rows affected
2026-05-23 19:03:03.662 [main] DEBUG o.f.c.internal.sqlscript.DefaultSqlScriptExecutor - Executing SQL: -- 创建角色表
CREATE TABLE IF NOT EXISTS `sys_role` (
    `id` BIGINT NOT NULL COMMENT '主键ID',
    `role_name` VARCHAR(50) NOT NULL COMMENT '角色名称',
    `role_code` VARCHAR(50) NOT NULL COMMENT '角色编码',
    `description` VARCHAR(255) COMMENT '描述',
    `status` TINYINT DEFAULT 1 COMMENT '状态：0-禁用，1-启用',
    `created_at` DATETIME DEFAULT CURRENT_TIMESTAMP COMMENT '创建时间',
    `updated_at` DATETIME DEFAULT CURRENT_TIMESTAMP ON UPDATE CURRENT_TIMESTAMP COMMENT '更新时间',
    `created_by` VARCHAR(50) COMMENT '创建人',
    `updated_by` VARCHAR(50) COMMENT '更新人',
    `deleted` TINYINT DEFAULT 0 COMMENT '逻辑删除标志：0-未删除，1-已删除',
    `version` INT DEFAULT 1 COMMENT '版本号',
    PRIMARY KEY (`id`),
    UNIQUE KEY `uk_role_code` (`role_code`)
) ENGINE=InnoDB DEFAULT CHARSET=utf8mb4 COLLATE=utf8mb4_unicode_ci COMMENT='系统角色表'
2026-05-23 19:03:03.716 [main] DEBUG o.f.c.internal.sqlscript.DefaultSqlScriptExecutor - 0 rows affected
2026-05-23 19:03:03.716 [main] DEBUG o.f.c.internal.sqlscript.DefaultSqlScriptExecutor - Executing SQL: -- 创建用户角色关联表
CREATE TABLE IF NOT EXISTS `sys_user_role` (
    `id` BIGINT NOT NULL COMMENT '主键ID',
    `user_id` BIGINT NOT NULL COMMENT '用户ID',
    `role_id` BIGINT NOT NULL COMMENT '角色ID',
    `created_at` DATETIME DEFAULT CURRENT_TIMESTAMP COMMENT '创建时间',
    `created_by` VARCHAR(50) COMMENT '创建人',
    `updated_at` DATETIME DEFAULT CURRENT_TIMESTAMP ON UPDATE CURRENT_TIMESTAMP COMMENT '更新时间',
    `updated_by` VARCHAR(50) COMMENT '更新人',
    `deleted` TINYINT DEFAULT 0 COMMENT '逻辑删除标志：0-未删除，1-已删除',
    PRIMARY KEY (`id`),
    UNIQUE KEY `uk_user_role` (`user_id`, `role_id`),
    KEY `idx_role_id` (`role_id`)
) ENGINE=InnoDB DEFAULT CHARSET=utf8mb4 COLLATE=utf8mb4_unicode_ci COMMENT='用户角色关联表'
2026-05-23 19:03:03.779 [main] DEBUG o.f.c.internal.sqlscript.DefaultSqlScriptExecutor - 0 rows affected
2026-05-23 19:03:03.779 [main] DEBUG o.f.c.internal.sqlscript.DefaultSqlScriptExecutor - Executing SQL: -- 创建权限表
CREATE TABLE IF NOT EXISTS `sys_permission` (
    `id` BIGINT NOT NULL COMMENT '主键ID',
    `permission_name` VARCHAR(50) NOT NULL COMMENT '权限名称',
    `permission_code` VARCHAR(100) NOT NULL COMMENT '权限编码',
    `description` VARCHAR(255) COMMENT '描述',
    `status` TINYINT DEFAULT 1 COMMENT '状态：0-禁用，1-启用',
    `created_at` DATETIME DEFAULT CURRENT_TIMESTAMP COMMENT '创建时间',
    `updated_at` DATETIME DEFAULT CURRENT_TIMESTAMP ON UPDATE CURRENT_TIMESTAMP COMMENT '更新时间',
    `created_by` VARCHAR(50) COMMENT '创建人',
    `updated_by` VARCHAR(50) COMMENT '更新人',
    `deleted` TINYINT DEFAULT 0 COMMENT '逻辑删除标志：0-未删除，1-已删除',
    `version` INT DEFAULT 1 COMMENT '版本号',
    PRIMARY KEY (`id`),
    UNIQUE KEY `uk_permission_code` (`permission_code`)
) ENGINE=InnoDB DEFAULT CHARSET=utf8mb4 COLLATE=utf8mb4_unicode_ci COMMENT='系统权限表'
2026-05-23 19:03:03.834 [main] DEBUG o.f.c.internal.sqlscript.DefaultSqlScriptExecutor - 0 rows affected
2026-05-23 19:03:03.835 [main] DEBUG o.f.c.internal.sqlscript.DefaultSqlScriptExecutor - Executing SQL: -- 创建角色权限关联表
CREATE TABLE IF NOT EXISTS `sys_role_permission` (
    `id` BIGINT NOT NULL COMMENT '主键ID',
    `role_id` BIGINT NOT NULL COMMENT '角色ID',
    `permission_id` BIGINT NOT NULL COMMENT '权限ID',
    `created_at` DATETIME DEFAULT CURRENT_TIMESTAMP COMMENT '创建时间',
    `created_by` VARCHAR(50) COMMENT '创建人',
    `updated_at` DATETIME DEFAULT CURRENT_TIMESTAMP ON UPDATE CURRENT_TIMESTAMP COMMENT '更新时间',
    `updated_by` VARCHAR(50) COMMENT '更新人',
    `deleted` TINYINT DEFAULT 0 COMMENT '逻辑删除标志：0-未删除，1-已删除',
    PRIMARY KEY (`id`),
    UNIQUE KEY `uk_role_permission` (`role_id`, `permission_id`),
    KEY `idx_permission_id` (`permission_id`)
) ENGINE=InnoDB DEFAULT CHARSET=utf8mb4 COLLATE=utf8mb4_unicode_ci COMMENT='角色权限关联表'
2026-05-23 19:03:03.901 [main] DEBUG o.f.c.internal.sqlscript.DefaultSqlScriptExecutor - 0 rows affected
2026-05-23 19:03:03.901 [main] DEBUG org.flywaydb.core.internal.command.DbMigrate - Successfully completed migration of schema `admin_scaffold_test` to version "1 - init schema"
2026-05-23 19:03:03.912 [main] DEBUG o.f.c.i.schemahistory.JdbcTableSchemaHistory - Schema History table `admin_scaffold_test`.`flyway_schema_history` successfully updated to reflect changes
2026-05-23 19:03:03.927 [main] DEBUG o.f.core.api.configuration.ClassicConfiguration - CherryPickConfigurationExtension not found
2026-05-23 19:03:03.933 [main] DEBUG org.flywaydb.core.internal.parser.Parser - Parsing V2__add_menu_and_permission_fields.sql ...
2026-05-23 19:03:03.933 [main] DEBUG o.flywaydb.core.internal.sqlscript.ParserSqlScript - Found statement at line 7: -- V2: 添加菜单表和权限字段扩展
-- 任务: 创建 sys_menu 表，补充 sys_permission 字段，创建 sys_role_menu 关联表

-- ============================================================
-- 1. 创建菜单表 sys_menu
-- ============================================================
CREATE TABLE IF NOT EXISTS `sys_menu` (
    `id` BIGINT NOT NULL COMMENT '主键ID',
    `parent_id` BIGINT DEFAULT 0 COMMENT '父菜单ID，0表示顶级菜单',
    `name` VARCHAR(64) NOT NULL COMMENT '菜单名称',
    `path` VARCHAR(255) COMMENT '路由路径',
    `component` VARCHAR(255) COMMENT '前端组件路径',
    `icon` VARCHAR(64) COMMENT '图标',
    `sort_order` INT DEFAULT 0 COMMENT '排序号',
    `type` TINYINT NOT NULL COMMENT '类型：1-目录，2-菜单，3-按钮',
    `permission_code` VARCHAR(64) COMMENT '权限码',
    `visible` TINYINT DEFAULT 1 COMMENT '是否可见：0-隐藏，1-显示',
    `status` TINYINT DEFAULT 1 COMMENT '状态：0-禁用，1-启用',
    `created_at` DATETIME DEFAULT CURRENT_TIMESTAMP COMMENT '创建时间',
    `created_by` VARCHAR(50) COMMENT '创建人',
    `updated_at` DATETIME DEFAULT CURRENT_TIMESTAMP ON UPDATE CURRENT_TIMESTAMP COMMENT '更新时间',
    `updated_by` VARCHAR(50) COMMENT '更新人',
    `deleted` TINYINT DEFAULT 0 COMMENT '逻辑删除标志：0-未删除，1-已删除',
    `version` INT DEFAULT 1 COMMENT '版本号',
    PRIMARY KEY (`id`),
    KEY `idx_parent_id` (`parent_id`),
    KEY `idx_permission_code` (`permission_code`)
) ENGINE=InnoDB DEFAULT CHARSET=utf8mb4 COLLATE=utf8mb4_unicode_ci COMMENT='系统菜单表'
2026-05-23 19:03:03.933 [main] DEBUG o.flywaydb.core.internal.sqlscript.ParserSqlScript - Found statement at line 33: -- ============================================================
-- 2. 扩展 sys_permission 表字段
-- ============================================================
ALTER TABLE `sys_permission`
    ADD COLUMN `type` VARCHAR(32) COMMENT '权限类型：MENU-菜单权限，BUTTON-按钮权限，API-接口权限' AFTER `description`,
    ADD COLUMN `module` VARCHAR(64) COMMENT '所属模块，如 system、auth' AFTER `type`,
    ADD COLUMN `resource` VARCHAR(64) COMMENT '资源标识，如 user、role' AFTER `module`,
    ADD COLUMN `action` VARCHAR(32) COMMENT '操作类型，如 view、create、update、delete' AFTER `resource`
2026-05-23 19:03:03.933 [main] DEBUG o.flywaydb.core.internal.sqlscript.ParserSqlScript - Found statement at line 40: -- 为权限类型字段添加索引
ALTER TABLE `sys_permission`
    ADD KEY `idx_type` (`type`)
2026-05-23 19:03:03.934 [main] DEBUG o.flywaydb.core.internal.sqlscript.ParserSqlScript - Found statement at line 46: -- ============================================================
-- 3. 创建角色菜单关联表 sys_role_menu
-- ============================================================
CREATE TABLE IF NOT EXISTS `sys_role_menu` (
    `id` BIGINT NOT NULL COMMENT '主键ID',
    `role_id` BIGINT NOT NULL COMMENT '角色ID',
    `menu_id` BIGINT NOT NULL COMMENT '菜单ID',
    `created_at` DATETIME DEFAULT CURRENT_TIMESTAMP COMMENT '创建时间',
    `created_by` VARCHAR(50) COMMENT '创建人',
    `updated_at` DATETIME DEFAULT CURRENT_TIMESTAMP ON UPDATE CURRENT_TIMESTAMP COMMENT '更新时间',
    `updated_by` VARCHAR(50) COMMENT '更新人',
    `deleted` TINYINT DEFAULT 0 COMMENT '逻辑删除标志：0-未删除，1-已删除',
    PRIMARY KEY (`id`),
    UNIQUE KEY `uk_role_menu` (`role_id`, `menu_id`),
    KEY `idx_menu_id` (`menu_id`)
) ENGINE=InnoDB DEFAULT CHARSET=utf8mb4 COLLATE=utf8mb4_unicode_ci COMMENT='角色菜单关联表'
2026-05-23 19:03:03.935 [main] DEBUG org.flywaydb.core.internal.command.DbMigrate - Starting migration of schema `admin_scaffold_test` to version "2 - add menu and permission fields" ...
2026-05-23 19:03:03.939 [main] INFO  org.flywaydb.core.internal.command.DbMigrate - Migrating schema `admin_scaffold_test` to version "2 - add menu and permission fields"
2026-05-23 19:03:03.941 [main] DEBUG o.f.c.internal.sqlscript.DefaultSqlScriptExecutor - Executing SQL: -- V2: 添加菜单表和权限字段扩展
-- 任务: 创建 sys_menu 表，补充 sys_permission 字段，创建 sys_role_menu 关联表

-- ============================================================
-- 1. 创建菜单表 sys_menu
-- ============================================================
CREATE TABLE IF NOT EXISTS `sys_menu` (
    `id` BIGINT NOT NULL COMMENT '主键ID',
    `parent_id` BIGINT DEFAULT 0 COMMENT '父菜单ID，0表示顶级菜单',
    `name` VARCHAR(64) NOT NULL COMMENT '菜单名称',
    `path` VARCHAR(255) COMMENT '路由路径',
    `component` VARCHAR(255) COMMENT '前端组件路径',
    `icon` VARCHAR(64) COMMENT '图标',
    `sort_order` INT DEFAULT 0 COMMENT '排序号',
    `type` TINYINT NOT NULL COMMENT '类型：1-目录，2-菜单，3-按钮',
    `permission_code` VARCHAR(64) COMMENT '权限码',
    `visible` TINYINT DEFAULT 1 COMMENT '是否可见：0-隐藏，1-显示',
    `status` TINYINT DEFAULT 1 COMMENT '状态：0-禁用，1-启用',
    `created_at` DATETIME DEFAULT CURRENT_TIMESTAMP COMMENT '创建时间',
    `created_by` VARCHAR(50) COMMENT '创建人',
    `updated_at` DATETIME DEFAULT CURRENT_TIMESTAMP ON UPDATE CURRENT_TIMESTAMP COMMENT '更新时间',
    `updated_by` VARCHAR(50) COMMENT '更新人',
    `deleted` TINYINT DEFAULT 0 COMMENT '逻辑删除标志：0-未删除，1-已删除',
    `version` INT DEFAULT 1 COMMENT '版本号',
    PRIMARY KEY (`id`),
    KEY `idx_parent_id` (`parent_id`),
    KEY `idx_permission_code` (`permission_code`)
) ENGINE=InnoDB DEFAULT CHARSET=utf8mb4 COLLATE=utf8mb4_unicode_ci COMMENT='系统菜单表'
2026-05-23 19:03:04.009 [main] DEBUG o.f.c.internal.sqlscript.DefaultSqlScriptExecutor - 0 rows affected
2026-05-23 19:03:04.009 [main] DEBUG o.f.c.internal.sqlscript.DefaultSqlScriptExecutor - Executing SQL: -- ============================================================
-- 2. 扩展 sys_permission 表字段
-- ============================================================
ALTER TABLE `sys_permission`
    ADD COLUMN `type` VARCHAR(32) COMMENT '权限类型：MENU-菜单权限，BUTTON-按钮权限，API-接口权限' AFTER `description`,
    ADD COLUMN `module` VARCHAR(64) COMMENT '所属模块，如 system、auth' AFTER `type`,
    ADD COLUMN `resource` VARCHAR(64) COMMENT '资源标识，如 user、role' AFTER `module`,
    ADD COLUMN `action` VARCHAR(32) COMMENT '操作类型，如 view、create、update、delete' AFTER `resource`
2026-05-23 19:03:04.038 [main] DEBUG o.f.c.internal.sqlscript.DefaultSqlScriptExecutor - 0 rows affected
2026-05-23 19:03:04.038 [main] DEBUG o.f.c.internal.sqlscript.DefaultSqlScriptExecutor - Executing SQL: -- 为权限类型字段添加索引
ALTER TABLE `sys_permission`
    ADD KEY `idx_type` (`type`)
2026-05-23 19:03:04.069 [main] DEBUG o.f.c.internal.sqlscript.DefaultSqlScriptExecutor - 0 rows affected
2026-05-23 19:03:04.069 [main] DEBUG o.f.c.internal.sqlscript.DefaultSqlScriptExecutor - Executing SQL: -- ============================================================
-- 3. 创建角色菜单关联表 sys_role_menu
-- ============================================================
CREATE TABLE IF NOT EXISTS `sys_role_menu` (
    `id` BIGINT NOT NULL COMMENT '主键ID',
    `role_id` BIGINT NOT NULL COMMENT '角色ID',
    `menu_id` BIGINT NOT NULL COMMENT '菜单ID',
    `created_at` DATETIME DEFAULT CURRENT_TIMESTAMP COMMENT '创建时间',
    `created_by` VARCHAR(50) COMMENT '创建人',
    `updated_at` DATETIME DEFAULT CURRENT_TIMESTAMP ON UPDATE CURRENT_TIMESTAMP COMMENT '更新时间',
    `updated_by` VARCHAR(50) COMMENT '更新人',
    `deleted` TINYINT DEFAULT 0 COMMENT '逻辑删除标志：0-未删除，1-已删除',
    PRIMARY KEY (`id`),
    UNIQUE KEY `uk_role_menu` (`role_id`, `menu_id`),
    KEY `idx_menu_id` (`menu_id`)
) ENGINE=InnoDB DEFAULT CHARSET=utf8mb4 COLLATE=utf8mb4_unicode_ci COMMENT='角色菜单关联表'
2026-05-23 19:03:04.135 [main] DEBUG o.f.c.internal.sqlscript.DefaultSqlScriptExecutor - 0 rows affected
2026-05-23 19:03:04.135 [main] DEBUG org.flywaydb.core.internal.command.DbMigrate - Successfully completed migration of schema `admin_scaffold_test` to version "2 - add menu and permission fields"
2026-05-23 19:03:04.149 [main] DEBUG o.f.c.i.schemahistory.JdbcTableSchemaHistory - Schema History table `admin_scaffold_test`.`flyway_schema_history` successfully updated to reflect changes
2026-05-23 19:03:04.166 [main] DEBUG o.f.core.api.configuration.ClassicConfiguration - CherryPickConfigurationExtension not found
2026-05-23 19:03:04.170 [main] DEBUG org.flywaydb.core.internal.parser.Parser - Parsing V3__seed_data.sql ...
2026-05-23 19:03:04.172 [main] DEBUG o.flywaydb.core.internal.sqlscript.ParserSqlScript - Found statement at line 9: -- V3: 修复列名不匹配 + 种子数据
-- LOCAL-ONLY: 仅用于本地开发环境
-- 修复 V1 Schema 与 Entity 字段名之间的不一致（MyBatis-Plus 驼峰映射）

-- ============================================================
-- 1. 修复 sys_user 列名
-- ============================================================
-- status: TINYINT → VARCHAR(32)，映射 0→DISABLED, 1→ENABLED
ALTER TABLE `sys_user` MODIFY COLUMN `status` VARCHAR(32) NOT NULL DEFAULT 'ENABLED' COMMENT '状态(ENABLED/DISABLED/LOCKED)'
2026-05-23 19:03:04.172 [main] DEBUG o.flywaydb.core.internal.sqlscript.ParserSqlScript - Found statement at line 10: UPDATE `sys_user` SET `status` = CASE WHEN `status` = '0' THEN 'DISABLED' WHEN `status` = '1' THEN 'ENABLED' ELSE `status` END WHERE `status` IN ('0', '1')
2026-05-23 19:03:04.172 [main] DEBUG o.flywaydb.core.internal.sqlscript.ParserSqlScript - Found statement at line 12: -- password → password_hash
ALTER TABLE `sys_user` CHANGE COLUMN `password` `password_hash` VARCHAR(100) NOT NULL COMMENT '密码哈希'
2026-05-23 19:03:04.172 [main] DEBUG o.flywaydb.core.internal.sqlscript.ParserSqlScript - Found statement at line 14: -- avatar → avatar_file_id（类型不变仍为 VARCHAR，后续可通过新迁移改为 BIGINT）
ALTER TABLE `sys_user` CHANGE COLUMN `avatar` `avatar_file_id` VARCHAR(255) COMMENT '头像文件ID'
2026-05-23 19:03:04.172 [main] DEBUG o.flywaydb.core.internal.sqlscript.ParserSqlScript - Found statement at line 16: -- 添加缺失列
ALTER TABLE `sys_user` ADD COLUMN `token_version` INT DEFAULT 1 COMMENT 'token版本号' AFTER `status`
2026-05-23 19:03:04.172 [main] DEBUG o.flywaydb.core.internal.sqlscript.ParserSqlScript - Found statement at line 17: ALTER TABLE `sys_user` ADD COLUMN `last_login_at` DATETIME COMMENT '最后登录时间' AFTER `token_version`
2026-05-23 19:03:04.172 [main] DEBUG o.flywaydb.core.internal.sqlscript.ParserSqlScript - Found statement at line 18: ALTER TABLE `sys_user` ADD COLUMN `last_login_ip` VARCHAR(50) COMMENT '最后登录IP' AFTER `last_login_at`
2026-05-23 19:03:04.172 [main] DEBUG o.flywaydb.core.internal.sqlscript.ParserSqlScript - Found statement at line 19: ALTER TABLE `sys_user` ADD COLUMN `employee_id` BIGINT COMMENT '绑定员工ID' AFTER `avatar_file_id`
2026-05-23 19:03:04.172 [main] DEBUG o.flywaydb.core.internal.sqlscript.ParserSqlScript - Found statement at line 24: -- ============================================================
-- 1b. 修复 sys_user_role 缺失列
-- ============================================================
ALTER TABLE `sys_user_role` ADD COLUMN `version` INT DEFAULT 1 COMMENT '版本号' AFTER `deleted`
2026-05-23 19:03:04.172 [main] DEBUG o.flywaydb.core.internal.sqlscript.ParserSqlScript - Found statement at line 29: -- ============================================================
-- 1c. 修复 sys_role_permission 缺失列
-- ============================================================
ALTER TABLE `sys_role_permission` ADD COLUMN `version` INT DEFAULT 1 COMMENT '版本号' AFTER `deleted`
2026-05-23 19:03:04.172 [main] DEBUG o.flywaydb.core.internal.sqlscript.ParserSqlScript - Found statement at line 34: -- ============================================================
-- 1d. 修复 sys_role_menu 缺失列
-- ============================================================
ALTER TABLE `sys_role_menu` ADD COLUMN `version` INT DEFAULT 1 COMMENT '版本号' AFTER `deleted`
2026-05-23 19:03:04.172 [main] DEBUG o.flywaydb.core.internal.sqlscript.ParserSqlScript - Found statement at line 40: -- ============================================================
-- 2. 修复 sys_role 列名
-- ============================================================
-- status: TINYINT → VARCHAR(32)
ALTER TABLE `sys_role` MODIFY COLUMN `status` VARCHAR(32) NOT NULL DEFAULT 'ENABLED' COMMENT '状态(ENABLED/DISABLED)'
2026-05-23 19:03:04.172 [main] DEBUG o.flywaydb.core.internal.sqlscript.ParserSqlScript - Found statement at line 41: UPDATE `sys_role` SET `status` = CASE WHEN `status` = '0' THEN 'DISABLED' WHEN `status` = '1' THEN 'ENABLED' ELSE `status` END WHERE `status` IN ('0', '1')
2026-05-23 19:03:04.172 [main] DEBUG o.flywaydb.core.internal.sqlscript.ParserSqlScript - Found statement at line 43: -- role_name → name, role_code → code
ALTER TABLE `sys_role` CHANGE COLUMN `role_name` `name` VARCHAR(50) NOT NULL COMMENT '角色名称'
2026-05-23 19:03:04.172 [main] DEBUG o.flywaydb.core.internal.sqlscript.ParserSqlScript - Found statement at line 44: ALTER TABLE `sys_role` CHANGE COLUMN `role_code` `code` VARCHAR(50) NOT NULL COMMENT '角色编码'
2026-05-23 19:03:04.172 [main] DEBUG o.flywaydb.core.internal.sqlscript.ParserSqlScript - Found statement at line 46: -- 添加缺失列
ALTER TABLE `sys_role` ADD COLUMN `sort_order` INT DEFAULT 0 COMMENT '排序号' AFTER `description`
2026-05-23 19:03:04.172 [main] DEBUG o.flywaydb.core.internal.sqlscript.ParserSqlScript - Found statement at line 47: ALTER TABLE `sys_role` ADD COLUMN `data_scope_type` VARCHAR(32) DEFAULT 'SELF' COMMENT '数据权限范围' AFTER `sort_order`
2026-05-23 19:03:04.172 [main] DEBUG o.flywaydb.core.internal.sqlscript.ParserSqlScript - Found statement at line 53: -- ============================================================
-- 3. 修复 sys_permission 列名和类型
-- ============================================================
-- status: TINYINT → VARCHAR(32)
ALTER TABLE `sys_permission` MODIFY COLUMN `status` VARCHAR(32) NOT NULL DEFAULT 'ENABLED' COMMENT '状态'
2026-05-23 19:03:04.172 [main] DEBUG o.flywaydb.core.internal.sqlscript.ParserSqlScript - Found statement at line 54: UPDATE `sys_permission` SET `status` = CASE WHEN `status` = '0' THEN 'DISABLED' WHEN `status` = '1' THEN 'ENABLED' ELSE `status` END WHERE `status` IN ('0', '1')
2026-05-23 19:03:04.172 [main] DEBUG o.flywaydb.core.internal.sqlscript.ParserSqlScript - Found statement at line 56: -- permission_name → name, permission_code → code
ALTER TABLE `sys_permission` CHANGE COLUMN `permission_name` `name` VARCHAR(50) NOT NULL COMMENT '权限名称'
2026-05-23 19:03:04.172 [main] DEBUG o.flywaydb.core.internal.sqlscript.ParserSqlScript - Found statement at line 57: ALTER TABLE `sys_permission` CHANGE COLUMN `permission_code` `code` VARCHAR(100) NOT NULL COMMENT '权限编码'
2026-05-23 19:03:04.172 [main] DEBUG o.flywaydb.core.internal.sqlscript.ParserSqlScript - Found statement at line 59: -- 添加缺失列
ALTER TABLE `sys_permission` ADD COLUMN `sort_order` INT DEFAULT 0 COMMENT '排序号' AFTER `status`
2026-05-23 19:03:04.172 [main] DEBUG o.flywaydb.core.internal.sqlscript.ParserSqlScript - Found statement at line 64: -- ============================================================
-- 4. 种子数据：管理员角色
-- ============================================================
INSERT INTO sys_role (id, code, name, description, status, data_scope_type, sort_order, created_at, updated_at, created_by, updated_by, deleted, version)
VALUES (1, 'ADMIN', '超级管理员', '系统超级管理员，拥有所有权限', 'ENABLED', 'ALL', 1, NOW(), NOW(), 'system', 'system', 0, 1)
2026-05-23 19:03:04.173 [main] DEBUG o.flywaydb.core.internal.sqlscript.ParserSqlScript - Found statement at line 70: -- ============================================================
-- 5. 种子数据：普通用户角色
-- ============================================================
INSERT INTO sys_role (id, code, name, description, status, data_scope_type, sort_order, created_at, updated_at, created_by, updated_by, deleted, version)
VALUES (2, 'USER', '普通用户', '普通用户，拥有基本查看权限', 'ENABLED', 'SELF', 2, NOW(), NOW(), 'system', 'system', 0, 1)
2026-05-23 19:03:04.173 [main] DEBUG o.flywaydb.core.internal.sqlscript.ParserSqlScript - Found statement at line 76: -- ============================================================
-- 6. 种子数据：管理员用户（密码: admin123，BCrypt 加密）
-- ============================================================
INSERT INTO sys_user (id, username, password_hash, nickname, status, created_at, updated_at, created_by, updated_by, deleted, version)
VALUES (1, 'admin', '$2a$10$P6lqkvsCYZINKMUv0gjW7ON8IJB8UM71Rk4i9oAQxaHjSoXZ5TCLm', '超级管理员', 'ENABLED', NOW(), NOW(), 'system', 'system', 0, 1)
2026-05-23 19:03:04.173 [main] DEBUG o.flywaydb.core.internal.sqlscript.ParserSqlScript - Found statement at line 82: -- ============================================================
-- 7. 种子数据：测试用户（密码: test123，BCrypt 加密）
-- ============================================================
INSERT INTO sys_user (id, username, password_hash, nickname, status, created_at, updated_at, created_by, updated_by, deleted, version)
VALUES (2, 'testuser', '$2a$10$P6lqkvsCYZINKMUv0gjW7ON8IJB8UM71Rk4i9oAQxaHjSoXZ5TCLm', '测试用户', 'ENABLED', NOW(), NOW(), 'system', 'system', 0, 1)
2026-05-23 19:03:04.173 [main] DEBUG o.flywaydb.core.internal.sqlscript.ParserSqlScript - Found statement at line 88: -- ============================================================
-- 8. 关联管理员用户和角色
-- ============================================================
INSERT INTO sys_user_role (id, user_id, role_id, created_at, created_by, updated_at, updated_by, deleted)
VALUES (1, 1, 1, NOW(), 'system', NOW(), 'system', 0)
2026-05-23 19:03:04.173 [main] DEBUG o.flywaydb.core.internal.sqlscript.ParserSqlScript - Found statement at line 94: -- ============================================================
-- 9. 种子数据：基础权限
-- ============================================================
INSERT INTO sys_permission (id, code, name, description, status, type, module, resource, action, sort_order, created_at, updated_at, created_by, updated_by, deleted, version)
VALUES
(1, 'system:user:view', '查看用户', '查看用户信息', 'ENABLED', 'BUTTON', 'system', 'user', 'view', 1, NOW(), NOW(), 'system', 'system', 0, 1),
(2, 'system:user:create', '创建用户', '创建新用户', 'ENABLED', 'BUTTON', 'system', 'user', 'create', 2, NOW(), NOW(), 'system', 'system', 0, 1),
(3, 'system:user:update', '编辑用户', '编辑用户信息', 'ENABLED', 'BUTTON', 'system', 'user', 'update', 3, NOW(), NOW(), 'system', 'system', 0, 1),
(4, 'system:user:delete', '删除用户', '删除用户', 'ENABLED', 'BUTTON', 'system', 'user', 'delete', 4, NOW(), NOW(), 'system', 'system', 0, 1),
(5, 'system:role:view', '查看角色', '查看角色信息', 'ENABLED', 'BUTTON', 'system', 'role', 'view', 5, NOW(), NOW(), 'system', 'system', 0, 1),
(6, 'system:role:create', '创建角色', '创建新角色', 'ENABLED', 'BUTTON', 'system', 'role', 'create', 6, NOW(), NOW(), 'system', 'system', 0, 1),
(7, 'system:role:update', '编辑角色', '编辑角色信息', 'ENABLED', 'BUTTON', 'system', 'role', 'update', 7, NOW(), NOW(), 'system', 'system', 0, 1),
(8, 'system:role:delete', '删除角色', '删除角色', 'ENABLED', 'BUTTON', 'system', 'role', 'delete', 8, NOW(), NOW(), 'system', 'system', 0, 1)
2026-05-23 19:03:04.173 [main] DEBUG o.flywaydb.core.internal.sqlscript.ParserSqlScript - Found statement at line 108: -- ============================================================
-- 10. 种子数据：基础菜单
-- ============================================================
INSERT INTO sys_menu (id, parent_id, name, path, component, icon, sort_order, type, permission_code, visible, status, created_at, updated_at, created_by, updated_by, deleted, version)
VALUES
(1, 0, '系统管理', '/system', NULL, 'setting', 1, 1, NULL, 1, 1, NOW(), NOW(), 'system', 'system', 0, 1),
(2, 1, '用户管理', '/system/users', 'system/users/index', 'user', 1, 2, 'system:user:view', 1, 1, NOW(), NOW(), 'system', 'system', 0, 1),
(3, 1, '角色管理', '/system/roles', 'system/roles/index', 'team', 2, 2, 'system:role:view', 1, 1, NOW(), NOW(), 'system', 'system', 0, 1),
(4, 1, '权限管理', '/system/permissions', 'system/permissions/index', 'safety', 3, 2, 'system:permission:view', 1, 1, NOW(), NOW(), 'system', 'system', 0, 1),
(5, 1, '菜单管理', '/system/menus', 'system/menus/index', 'menu', 4, 2, 'system:menu:view', 1, 1, NOW(), NOW(), 'system', 'system', 0, 1)
2026-05-23 19:03:04.173 [main] DEBUG o.flywaydb.core.internal.sqlscript.ParserSqlScript - Found statement at line 119: -- ============================================================
-- 11. 关联管理员角色和所有权限
-- ============================================================
INSERT INTO sys_role_permission (id, role_id, permission_id, created_at, created_by, updated_at, updated_by, deleted)
VALUES
(1, 1, 1, NOW(), 'system', NOW(), 'system', 0),
(2, 1, 2, NOW(), 'system', NOW(), 'system', 0),
(3, 1, 3, NOW(), 'system', NOW(), 'system', 0),
(4, 1, 4, NOW(), 'system', NOW(), 'system', 0),
(5, 1, 5, NOW(), 'system', NOW(), 'system', 0),
(6, 1, 6, NOW(), 'system', NOW(), 'system', 0),
(7, 1, 7, NOW(), 'system', NOW(), 'system', 0),
(8, 1, 8, NOW(), 'system', NOW(), 'system', 0)
2026-05-23 19:03:04.173 [main] DEBUG o.flywaydb.core.internal.sqlscript.ParserSqlScript - Found statement at line 133: -- ============================================================
-- 12. 关联管理员角色和所有菜单
-- ============================================================
INSERT INTO sys_role_menu (id, role_id, menu_id, created_at, created_by, updated_at, updated_by, deleted)
VALUES
(1, 1, 1, NOW(), 'system', NOW(), 'system', 0),
(2, 1, 2, NOW(), 'system', NOW(), 'system', 0),
(3, 1, 3, NOW(), 'system', NOW(), 'system', 0),
(4, 1, 4, NOW(), 'system', NOW(), 'system', 0),
(5, 1, 5, NOW(), 'system', NOW(), 'system', 0)
2026-05-23 19:03:04.176 [main] DEBUG org.flywaydb.core.internal.command.DbMigrate - Starting migration of schema `admin_scaffold_test` to version "3 - seed data" ...
2026-05-23 19:03:04.180 [main] INFO  org.flywaydb.core.internal.command.DbMigrate - Migrating schema `admin_scaffold_test` to version "3 - seed data"
2026-05-23 19:03:04.181 [main] DEBUG o.f.c.internal.sqlscript.DefaultSqlScriptExecutor - Executing SQL: -- V3: 修复列名不匹配 + 种子数据
-- LOCAL-ONLY: 仅用于本地开发环境
-- 修复 V1 Schema 与 Entity 字段名之间的不一致（MyBatis-Plus 驼峰映射）

-- ============================================================
-- 1. 修复 sys_user 列名
-- ============================================================
-- status: TINYINT → VARCHAR(32)，映射 0→DISABLED, 1→ENABLED
ALTER TABLE `sys_user` MODIFY COLUMN `status` VARCHAR(32) NOT NULL DEFAULT 'ENABLED' COMMENT '状态(ENABLED/DISABLED/LOCKED)'
2026-05-23 19:03:04.314 [main] DEBUG o.f.c.internal.sqlscript.DefaultSqlScriptExecutor - 0 rows affected
2026-05-23 19:03:04.314 [main] DEBUG o.f.c.internal.sqlscript.DefaultSqlScriptExecutor - Executing SQL: UPDATE `sys_user` SET `status` = CASE WHEN `status` = '0' THEN 'DISABLED' WHEN `status` = '1' THEN 'ENABLED' ELSE `status` END WHERE `status` IN ('0', '1')
2026-05-23 19:03:04.316 [main] DEBUG o.f.c.internal.sqlscript.DefaultSqlScriptExecutor - 0 rows affected
2026-05-23 19:03:04.316 [main] DEBUG o.f.c.internal.sqlscript.DefaultSqlScriptExecutor - Executing SQL: -- password → password_hash
ALTER TABLE `sys_user` CHANGE COLUMN `password` `password_hash` VARCHAR(100) NOT NULL COMMENT '密码哈希'
2026-05-23 19:03:04.344 [main] DEBUG o.f.c.internal.sqlscript.DefaultSqlScriptExecutor - 0 rows affected
2026-05-23 19:03:04.344 [main] DEBUG o.f.c.internal.sqlscript.DefaultSqlScriptExecutor - Executing SQL: -- avatar → avatar_file_id（类型不变仍为 VARCHAR，后续可通过新迁移改为 BIGINT）
ALTER TABLE `sys_user` CHANGE COLUMN `avatar` `avatar_file_id` VARCHAR(255) COMMENT '头像文件ID'
2026-05-23 19:03:04.368 [main] DEBUG o.f.c.internal.sqlscript.DefaultSqlScriptExecutor - 0 rows affected
2026-05-23 19:03:04.368 [main] DEBUG o.f.c.internal.sqlscript.DefaultSqlScriptExecutor - Executing SQL: -- 添加缺失列
ALTER TABLE `sys_user` ADD COLUMN `token_version` INT DEFAULT 1 COMMENT 'token版本号' AFTER `status`
2026-05-23 19:03:04.399 [main] DEBUG o.f.c.internal.sqlscript.DefaultSqlScriptExecutor - 0 rows affected
2026-05-23 19:03:04.399 [main] DEBUG o.f.c.internal.sqlscript.DefaultSqlScriptExecutor - Executing SQL: ALTER TABLE `sys_user` ADD COLUMN `last_login_at` DATETIME COMMENT '最后登录时间' AFTER `token_version`
2026-05-23 19:03:04.430 [main] DEBUG o.f.c.internal.sqlscript.DefaultSqlScriptExecutor - 0 rows affected
2026-05-23 19:03:04.430 [main] DEBUG o.f.c.internal.sqlscript.DefaultSqlScriptExecutor - Executing SQL: ALTER TABLE `sys_user` ADD COLUMN `last_login_ip` VARCHAR(50) COMMENT '最后登录IP' AFTER `last_login_at`
2026-05-23 19:03:04.461 [main] DEBUG o.f.c.internal.sqlscript.DefaultSqlScriptExecutor - 0 rows affected
2026-05-23 19:03:04.461 [main] DEBUG o.f.c.internal.sqlscript.DefaultSqlScriptExecutor - Executing SQL: ALTER TABLE `sys_user` ADD COLUMN `employee_id` BIGINT COMMENT '绑定员工ID' AFTER `avatar_file_id`
2026-05-23 19:03:04.489 [main] DEBUG o.f.c.internal.sqlscript.DefaultSqlScriptExecutor - 0 rows affected
2026-05-23 19:03:04.489 [main] DEBUG o.f.c.internal.sqlscript.DefaultSqlScriptExecutor - Executing SQL: -- ============================================================
-- 1b. 修复 sys_user_role 缺失列
-- ============================================================
ALTER TABLE `sys_user_role` ADD COLUMN `version` INT DEFAULT 1 COMMENT '版本号' AFTER `deleted`
2026-05-23 19:03:04.517 [main] DEBUG o.f.c.internal.sqlscript.DefaultSqlScriptExecutor - 0 rows affected
2026-05-23 19:03:04.517 [main] DEBUG o.f.c.internal.sqlscript.DefaultSqlScriptExecutor - Executing SQL: -- ============================================================
-- 1c. 修复 sys_role_permission 缺失列
-- ============================================================
ALTER TABLE `sys_role_permission` ADD COLUMN `version` INT DEFAULT 1 COMMENT '版本号' AFTER `deleted`
2026-05-23 19:03:04.542 [main] DEBUG o.f.c.internal.sqlscript.DefaultSqlScriptExecutor - 0 rows affected
2026-05-23 19:03:04.542 [main] DEBUG o.f.c.internal.sqlscript.DefaultSqlScriptExecutor - Executing SQL: -- ============================================================
-- 1d. 修复 sys_role_menu 缺失列
-- ============================================================
ALTER TABLE `sys_role_menu` ADD COLUMN `version` INT DEFAULT 1 COMMENT '版本号' AFTER `deleted`
2026-05-23 19:03:04.567 [main] DEBUG o.f.c.internal.sqlscript.DefaultSqlScriptExecutor - 0 rows affected
2026-05-23 19:03:04.567 [main] DEBUG o.f.c.internal.sqlscript.DefaultSqlScriptExecutor - Executing SQL: -- ============================================================
-- 2. 修复 sys_role 列名
-- ============================================================
-- status: TINYINT → VARCHAR(32)
ALTER TABLE `sys_role` MODIFY COLUMN `status` VARCHAR(32) NOT NULL DEFAULT 'ENABLED' COMMENT '状态(ENABLED/DISABLED)'
2026-05-23 19:03:04.684 [main] DEBUG o.f.c.internal.sqlscript.DefaultSqlScriptExecutor - 0 rows affected
2026-05-23 19:03:04.684 [main] DEBUG o.f.c.internal.sqlscript.DefaultSqlScriptExecutor - Executing SQL: UPDATE `sys_role` SET `status` = CASE WHEN `status` = '0' THEN 'DISABLED' WHEN `status` = '1' THEN 'ENABLED' ELSE `status` END WHERE `status` IN ('0', '1')
2026-05-23 19:03:04.686 [main] DEBUG o.f.c.internal.sqlscript.DefaultSqlScriptExecutor - 0 rows affected
2026-05-23 19:03:04.686 [main] DEBUG o.f.c.internal.sqlscript.DefaultSqlScriptExecutor - Executing SQL: -- role_name → name, role_code → code
ALTER TABLE `sys_role` CHANGE COLUMN `role_name` `name` VARCHAR(50) NOT NULL COMMENT '角色名称'
2026-05-23 19:03:04.710 [main] DEBUG o.f.c.internal.sqlscript.DefaultSqlScriptExecutor - 0 rows affected
2026-05-23 19:03:04.710 [main] DEBUG o.f.c.internal.sqlscript.DefaultSqlScriptExecutor - Executing SQL: ALTER TABLE `sys_role` CHANGE COLUMN `role_code` `code` VARCHAR(50) NOT NULL COMMENT '角色编码'
2026-05-23 19:03:04.737 [main] DEBUG o.f.c.internal.sqlscript.DefaultSqlScriptExecutor - 0 rows affected
2026-05-23 19:03:04.737 [main] DEBUG o.f.c.internal.sqlscript.DefaultSqlScriptExecutor - Executing SQL: -- 添加缺失列
ALTER TABLE `sys_role` ADD COLUMN `sort_order` INT DEFAULT 0 COMMENT '排序号' AFTER `description`
2026-05-23 19:03:04.763 [main] DEBUG o.f.c.internal.sqlscript.DefaultSqlScriptExecutor - 0 rows affected
2026-05-23 19:03:04.763 [main] DEBUG o.f.c.internal.sqlscript.DefaultSqlScriptExecutor - Executing SQL: ALTER TABLE `sys_role` ADD COLUMN `data_scope_type` VARCHAR(32) DEFAULT 'SELF' COMMENT '数据权限范围' AFTER `sort_order`
2026-05-23 19:03:04.790 [main] DEBUG o.f.c.internal.sqlscript.DefaultSqlScriptExecutor - 0 rows affected
2026-05-23 19:03:04.790 [main] DEBUG o.f.c.internal.sqlscript.DefaultSqlScriptExecutor - Executing SQL: -- ============================================================
-- 3. 修复 sys_permission 列名和类型
-- ============================================================
-- status: TINYINT → VARCHAR(32)
ALTER TABLE `sys_permission` MODIFY COLUMN `status` VARCHAR(32) NOT NULL DEFAULT 'ENABLED' COMMENT '状态'
2026-05-23 19:03:04.917 [main] DEBUG o.f.c.internal.sqlscript.DefaultSqlScriptExecutor - 0 rows affected
2026-05-23 19:03:04.917 [main] DEBUG o.f.c.internal.sqlscript.DefaultSqlScriptExecutor - Executing SQL: UPDATE `sys_permission` SET `status` = CASE WHEN `status` = '0' THEN 'DISABLED' WHEN `status` = '1' THEN 'ENABLED' ELSE `status` END WHERE `status` IN ('0', '1')
2026-05-23 19:03:04.919 [main] DEBUG o.f.c.internal.sqlscript.DefaultSqlScriptExecutor - 0 rows affected
2026-05-23 19:03:04.919 [main] DEBUG o.f.c.internal.sqlscript.DefaultSqlScriptExecutor - Executing SQL: -- permission_name → name, permission_code → code
ALTER TABLE `sys_permission` CHANGE COLUMN `permission_name` `name` VARCHAR(50) NOT NULL COMMENT '权限名称'
2026-05-23 19:03:04.946 [main] DEBUG o.f.c.internal.sqlscript.DefaultSqlScriptExecutor - 0 rows affected
2026-05-23 19:03:04.946 [main] DEBUG o.f.c.internal.sqlscript.DefaultSqlScriptExecutor - Executing SQL: ALTER TABLE `sys_permission` CHANGE COLUMN `permission_code` `code` VARCHAR(100) NOT NULL COMMENT '权限编码'
2026-05-23 19:03:04.973 [main] DEBUG o.f.c.internal.sqlscript.DefaultSqlScriptExecutor - 0 rows affected
2026-05-23 19:03:04.973 [main] DEBUG o.f.c.internal.sqlscript.DefaultSqlScriptExecutor - Executing SQL: -- 添加缺失列
ALTER TABLE `sys_permission` ADD COLUMN `sort_order` INT DEFAULT 0 COMMENT '排序号' AFTER `status`
2026-05-23 19:03:05.001 [main] DEBUG o.f.c.internal.sqlscript.DefaultSqlScriptExecutor - 0 rows affected
2026-05-23 19:03:05.001 [main] DEBUG o.f.c.internal.sqlscript.DefaultSqlScriptExecutor - Executing SQL: -- ============================================================
-- 4. 种子数据：管理员角色
-- ============================================================
INSERT INTO sys_role (id, code, name, description, status, data_scope_type, sort_order, created_at, updated_at, created_by, updated_by, deleted, version)
VALUES (1, 'ADMIN', '超级管理员', '系统超级管理员，拥有所有权限', 'ENABLED', 'ALL', 1, NOW(), NOW(), 'system', 'system', 0, 1)
2026-05-23 19:03:05.004 [main] DEBUG o.f.c.internal.sqlscript.DefaultSqlScriptExecutor - 1 row affected
2026-05-23 19:03:05.004 [main] DEBUG o.f.c.internal.sqlscript.DefaultSqlScriptExecutor - Executing SQL: -- ============================================================
-- 5. 种子数据：普通用户角色
-- ============================================================
INSERT INTO sys_role (id, code, name, description, status, data_scope_type, sort_order, created_at, updated_at, created_by, updated_by, deleted, version)
VALUES (2, 'USER', '普通用户', '普通用户，拥有基本查看权限', 'ENABLED', 'SELF', 2, NOW(), NOW(), 'system', 'system', 0, 1)
2026-05-23 19:03:05.006 [main] DEBUG o.f.c.internal.sqlscript.DefaultSqlScriptExecutor - 1 row affected
2026-05-23 19:03:05.006 [main] DEBUG o.f.c.internal.sqlscript.DefaultSqlScriptExecutor - Executing SQL: -- ============================================================
-- 6. 种子数据：管理员用户（密码: admin123，BCrypt 加密）
-- ============================================================
INSERT INTO sys_user (id, username, password_hash, nickname, status, created_at, updated_at, created_by, updated_by, deleted, version)
VALUES (1, 'admin', '$2a$10$P6lqkvsCYZINKMUv0gjW7ON8IJB8UM71Rk4i9oAQxaHjSoXZ5TCLm', '超级管理员', 'ENABLED', NOW(), NOW(), 'system', 'system', 0, 1)
2026-05-23 19:03:05.007 [main] DEBUG o.f.c.internal.sqlscript.DefaultSqlScriptExecutor - 1 row affected
2026-05-23 19:03:05.007 [main] DEBUG o.f.c.internal.sqlscript.DefaultSqlScriptExecutor - Executing SQL: -- ============================================================
-- 7. 种子数据：测试用户（密码: test123，BCrypt 加密）
-- ============================================================
INSERT INTO sys_user (id, username, password_hash, nickname, status, created_at, updated_at, created_by, updated_by, deleted, version)
VALUES (2, 'testuser', '$2a$10$P6lqkvsCYZINKMUv0gjW7ON8IJB8UM71Rk4i9oAQxaHjSoXZ5TCLm', '测试用户', 'ENABLED', NOW(), NOW(), 'system', 'system', 0, 1)
2026-05-23 19:03:05.010 [main] DEBUG o.f.c.internal.sqlscript.DefaultSqlScriptExecutor - 1 row affected
2026-05-23 19:03:05.010 [main] DEBUG o.f.c.internal.sqlscript.DefaultSqlScriptExecutor - Executing SQL: -- ============================================================
-- 8. 关联管理员用户和角色
-- ============================================================
INSERT INTO sys_user_role (id, user_id, role_id, created_at, created_by, updated_at, updated_by, deleted)
VALUES (1, 1, 1, NOW(), 'system', NOW(), 'system', 0)
2026-05-23 19:03:05.013 [main] DEBUG o.f.c.internal.sqlscript.DefaultSqlScriptExecutor - 1 row affected
2026-05-23 19:03:05.013 [main] DEBUG o.f.c.internal.sqlscript.DefaultSqlScriptExecutor - Executing SQL: -- ============================================================
-- 9. 种子数据：基础权限
-- ============================================================
INSERT INTO sys_permission (id, code, name, description, status, type, module, resource, action, sort_order, created_at, updated_at, created_by, updated_by, deleted, version)
VALUES
(1, 'system:user:view', '查看用户', '查看用户信息', 'ENABLED', 'BUTTON', 'system', 'user', 'view', 1, NOW(), NOW(), 'system', 'system', 0, 1),
(2, 'system:user:create', '创建用户', '创建新用户', 'ENABLED', 'BUTTON', 'system', 'user', 'create', 2, NOW(), NOW(), 'system', 'system', 0, 1),
(3, 'system:user:update', '编辑用户', '编辑用户信息', 'ENABLED', 'BUTTON', 'system', 'user', 'update', 3, NOW(), NOW(), 'system', 'system', 0, 1),
(4, 'system:user:delete', '删除用户', '删除用户', 'ENABLED', 'BUTTON', 'system', 'user', 'delete', 4, NOW(), NOW(), 'system', 'system', 0, 1),
(5, 'system:role:view', '查看角色', '查看角色信息', 'ENABLED', 'BUTTON', 'system', 'role', 'view', 5, NOW(), NOW(), 'system', 'system', 0, 1),
(6, 'system:role:create', '创建角色', '创建新角色', 'ENABLED', 'BUTTON', 'system', 'role', 'create', 6, NOW(), NOW(), 'system', 'system', 0, 1),
(7, 'system:role:update', '编辑角色', '编辑角色信息', 'ENABLED', 'BUTTON', 'system', 'role', 'update', 7, NOW(), NOW(), 'system', 'system', 0, 1),
(8, 'system:role:delete', '删除角色', '删除角色', 'ENABLED', 'BUTTON', 'system', 'role', 'delete', 8, NOW(), NOW(), 'system', 'system', 0, 1)
2026-05-23 19:03:05.016 [main] DEBUG o.f.c.internal.sqlscript.DefaultSqlScriptExecutor - 8 rows affected
2026-05-23 19:03:05.016 [main] DEBUG o.f.c.internal.sqlscript.DefaultSqlScriptExecutor - Executing SQL: -- ============================================================
-- 10. 种子数据：基础菜单
-- ============================================================
INSERT INTO sys_menu (id, parent_id, name, path, component, icon, sort_order, type, permission_code, visible, status, created_at, updated_at, created_by, updated_by, deleted, version)
VALUES
(1, 0, '系统管理', '/system', NULL, 'setting', 1, 1, NULL, 1, 1, NOW(), NOW(), 'system', 'system', 0, 1),
(2, 1, '用户管理', '/system/users', 'system/users/index', 'user', 1, 2, 'system:user:view', 1, 1, NOW(), NOW(), 'system', 'system', 0, 1),
(3, 1, '角色管理', '/system/roles', 'system/roles/index', 'team', 2, 2, 'system:role:view', 1, 1, NOW(), NOW(), 'system', 'system', 0, 1),
(4, 1, '权限管理', '/system/permissions', 'system/permissions/index', 'safety', 3, 2, 'system:permission:view', 1, 1, NOW(), NOW(), 'system', 'system', 0, 1),
(5, 1, '菜单管理', '/system/menus', 'system/menus/index', 'menu', 4, 2, 'system:menu:view', 1, 1, NOW(), NOW(), 'system', 'system', 0, 1)
2026-05-23 19:03:05.019 [main] DEBUG o.f.c.internal.sqlscript.DefaultSqlScriptExecutor - 5 rows affected
2026-05-23 19:03:05.019 [main] DEBUG o.f.c.internal.sqlscript.DefaultSqlScriptExecutor - Executing SQL: -- ============================================================
-- 11. 关联管理员角色和所有权限
-- ============================================================
INSERT INTO sys_role_permission (id, role_id, permission_id, created_at, created_by, updated_at, updated_by, deleted)
VALUES
(1, 1, 1, NOW(), 'system', NOW(), 'system', 0),
(2, 1, 2, NOW(), 'system', NOW(), 'system', 0),
(3, 1, 3, NOW(), 'system', NOW(), 'system', 0),
(4, 1, 4, NOW(), 'system', NOW(), 'system', 0),
(5, 1, 5, NOW(), 'system', NOW(), 'system', 0),
(6, 1, 6, NOW(), 'system', NOW(), 'system', 0),
(7, 1, 7, NOW(), 'system', NOW(), 'system', 0),
(8, 1, 8, NOW(), 'system', NOW(), 'system', 0)
2026-05-23 19:03:05.021 [main] DEBUG o.f.c.internal.sqlscript.DefaultSqlScriptExecutor - 8 rows affected
2026-05-23 19:03:05.021 [main] DEBUG o.f.c.internal.sqlscript.DefaultSqlScriptExecutor - Executing SQL: -- ============================================================
-- 12. 关联管理员角色和所有菜单
-- ============================================================
INSERT INTO sys_role_menu (id, role_id, menu_id, created_at, created_by, updated_at, updated_by, deleted)
VALUES
(1, 1, 1, NOW(), 'system', NOW(), 'system', 0),
(2, 1, 2, NOW(), 'system', NOW(), 'system', 0),
(3, 1, 3, NOW(), 'system', NOW(), 'system', 0),
(4, 1, 4, NOW(), 'system', NOW(), 'system', 0),
(5, 1, 5, NOW(), 'system', NOW(), 'system', 0)
2026-05-23 19:03:05.023 [main] DEBUG o.f.c.internal.sqlscript.DefaultSqlScriptExecutor - 5 rows affected
2026-05-23 19:03:05.023 [main] DEBUG org.flywaydb.core.internal.command.DbMigrate - Successfully completed migration of schema `admin_scaffold_test` to version "3 - seed data"
2026-05-23 19:03:05.044 [main] DEBUG o.f.c.i.schemahistory.JdbcTableSchemaHistory - Schema History table `admin_scaffold_test`.`flyway_schema_history` successfully updated to reflect changes
2026-05-23 19:03:05.064 [main] DEBUG o.f.core.api.configuration.ClassicConfiguration - CherryPickConfigurationExtension not found
2026-05-23 19:03:05.068 [main] DEBUG org.flywaydb.core.internal.parser.Parser - Parsing V4__add_employee_org_tables.sql ...
2026-05-23 19:03:05.069 [main] DEBUG o.flywaydb.core.internal.sqlscript.ParserSqlScript - Found statement at line 8: -- M3: 员工组织模块 - 新增4张表
-- hr_employee: 员工主数据表
-- org_unit: 组织架构表
-- employee_org: 员工-组织多对多关联表
-- sys_role_org: 角色-组织自定义数据权限范围表

-- 员工主数据表
CREATE TABLE IF NOT EXISTS `hr_employee` (
    `id` BIGINT NOT NULL AUTO_INCREMENT COMMENT '主键ID',
    `employee_no` VARCHAR(64) NOT NULL COMMENT '员工工号',
    `name` VARCHAR(100) NOT NULL COMMENT '员工姓名',
    `preferred_name` VARCHAR(100) COMMENT '常用名/花名',
    `mobile` VARCHAR(32) COMMENT '手机号',
    `email` VARCHAR(100) COMMENT '邮箱',
    `primary_org_id` BIGINT COMMENT '主组织ID',
    `job_title` VARCHAR(100) COMMENT '职位',
    `employment_status` VARCHAR(32) NOT NULL DEFAULT 'ACTIVE' COMMENT '在职状态(ACTIVE/RESIGNED/SUSPENDED)',
    `entry_date` DATE COMMENT '入职日期',
    `leave_date` DATE COMMENT '离职日期',
    `source_type` VARCHAR(32) NOT NULL DEFAULT 'MANUAL' COMMENT '数据来源(MANUAL/IMPORT/API)',
    `created_at` DATETIME DEFAULT CURRENT_TIMESTAMP COMMENT '创建时间',
    `created_by` VARCHAR(50) COMMENT '创建人',
    `updated_at` DATETIME DEFAULT CURRENT_TIMESTAMP ON UPDATE CURRENT_TIMESTAMP COMMENT '更新时间',
    `updated_by` VARCHAR(50) COMMENT '更新人',
    `deleted` INT DEFAULT 0 COMMENT '逻辑删除标志：0-未删除，1-已删除',
    `version` INT DEFAULT 1 COMMENT '版本号',
    PRIMARY KEY (`id`),
    UNIQUE KEY `uk_employee_no` (`employee_no`),
    KEY `idx_name` (`name`),
    KEY `idx_mobile` (`mobile`),
    KEY `idx_primary_org_id` (`primary_org_id`),
    KEY `idx_employment_status` (`employment_status`)
) ENGINE=InnoDB DEFAULT CHARSET=utf8mb4 COLLATE=utf8mb4_0900_ai_ci COMMENT='员工主数据表'
2026-05-23 19:03:05.069 [main] DEBUG o.flywaydb.core.internal.sqlscript.ParserSqlScript - Found statement at line 36: -- 组织架构表
CREATE TABLE IF NOT EXISTS `org_unit` (
    `id` BIGINT NOT NULL AUTO_INCREMENT COMMENT '主键ID',
    `parent_id` BIGINT NOT NULL DEFAULT 0 COMMENT '父节点ID(0表示根节点)',
    `code` VARCHAR(64) NOT NULL COMMENT '组织编码',
    `name` VARCHAR(100) NOT NULL COMMENT '组织名称',
    `full_path` VARCHAR(500) COMMENT '完整路径(如/1/5/12/)',
    `level` INT DEFAULT 1 COMMENT '层级(从1开始)',
    `manager_employee_id` BIGINT COMMENT '负责人员工ID',
    `sort_order` INT DEFAULT 0 COMMENT '排序号',
    `status` VARCHAR(32) DEFAULT 'ENABLED' COMMENT '状态(ENABLED/DISABLED)',
    `source_type` VARCHAR(32) NOT NULL DEFAULT 'MANUAL' COMMENT '数据来源(MANUAL/IMPORT/API)',
    `created_at` DATETIME DEFAULT CURRENT_TIMESTAMP COMMENT '创建时间',
    `created_by` VARCHAR(50) COMMENT '创建人',
    `updated_at` DATETIME DEFAULT CURRENT_TIMESTAMP ON UPDATE CURRENT_TIMESTAMP COMMENT '更新时间',
    `updated_by` VARCHAR(50) COMMENT '更新人',
    `deleted` INT DEFAULT 0 COMMENT '逻辑删除标志：0-未删除，1-已删除',
    `version` INT DEFAULT 1 COMMENT '版本号',
    PRIMARY KEY (`id`),
    UNIQUE KEY `uk_code` (`code`),
    KEY `idx_parent_id` (`parent_id`),
    KEY `idx_manager_employee_id` (`manager_employee_id`)
) ENGINE=InnoDB DEFAULT CHARSET=utf8mb4 COLLATE=utf8mb4_0900_ai_ci COMMENT='组织架构表'
2026-05-23 19:03:05.069 [main] DEBUG o.flywaydb.core.internal.sqlscript.ParserSqlScript - Found statement at line 60: -- 员工-组织多对多关联表
CREATE TABLE IF NOT EXISTS `employee_org` (
    `id` BIGINT NOT NULL AUTO_INCREMENT COMMENT '主键ID',
    `employee_id` BIGINT NOT NULL COMMENT '员工ID',
    `org_id` BIGINT NOT NULL COMMENT '组织ID',
    `is_primary` TINYINT DEFAULT 0 COMMENT '是否主组织(0-否，1-是)',
    `position_name` VARCHAR(100) COMMENT '岗位名称',
    `start_date` DATE COMMENT '开始日期',
    `end_date` DATE COMMENT '结束日期',
    `status` VARCHAR(32) DEFAULT 'ACTIVE' COMMENT '状态(ACTIVE/INACTIVE)',
    `created_at` DATETIME DEFAULT CURRENT_TIMESTAMP COMMENT '创建时间',
    `created_by` VARCHAR(50) COMMENT '创建人',
    `updated_at` DATETIME DEFAULT CURRENT_TIMESTAMP ON UPDATE CURRENT_TIMESTAMP COMMENT '更新时间',
    `updated_by` VARCHAR(50) COMMENT '更新人',
    `deleted` INT DEFAULT 0 COMMENT '逻辑删除标志：0-未删除，1-已删除',
    `version` INT DEFAULT 1 COMMENT '版本号',
    PRIMARY KEY (`id`),
    UNIQUE KEY `uk_employee_org` (`employee_id`, `org_id`),
    KEY `idx_org_id` (`org_id`),
    KEY `idx_status` (`status`)
) ENGINE=InnoDB DEFAULT CHARSET=utf8mb4 COLLATE=utf8mb4_0900_ai_ci COMMENT='员工-组织关联表'
2026-05-23 19:03:05.069 [main] DEBUG o.flywaydb.core.internal.sqlscript.ParserSqlScript - Found statement at line 82: -- 角色-组织自定义数据权限范围表(物理删除，不做逻辑删除)
CREATE TABLE IF NOT EXISTS `sys_role_org` (
    `id` BIGINT NOT NULL AUTO_INCREMENT COMMENT '主键ID',
    `role_id` BIGINT NOT NULL COMMENT '角色ID',
    `org_id` BIGINT NOT NULL COMMENT '组织ID',
    `created_at` DATETIME DEFAULT CURRENT_TIMESTAMP COMMENT '创建时间',
    `created_by` VARCHAR(50) COMMENT '创建人',
    PRIMARY KEY (`id`),
    UNIQUE KEY `uk_role_org` (`role_id`, `org_id`),
    KEY `idx_org_id` (`org_id`)
) ENGINE=InnoDB DEFAULT CHARSET=utf8mb4 COLLATE=utf8mb4_0900_ai_ci COMMENT='角色-组织数据权限范围表'
2026-05-23 19:03:05.071 [main] DEBUG org.flywaydb.core.internal.command.DbMigrate - Starting migration of schema `admin_scaffold_test` to version "4 - add employee org tables" ...
2026-05-23 19:03:05.076 [main] INFO  org.flywaydb.core.internal.command.DbMigrate - Migrating schema `admin_scaffold_test` to version "4 - add employee org tables"
2026-05-23 19:03:05.077 [main] DEBUG o.f.c.internal.sqlscript.DefaultSqlScriptExecutor - Executing SQL: -- M3: 员工组织模块 - 新增4张表
-- hr_employee: 员工主数据表
-- org_unit: 组织架构表
-- employee_org: 员工-组织多对多关联表
-- sys_role_org: 角色-组织自定义数据权限范围表

-- 员工主数据表
CREATE TABLE IF NOT EXISTS `hr_employee` (
    `id` BIGINT NOT NULL AUTO_INCREMENT COMMENT '主键ID',
    `employee_no` VARCHAR(64) NOT NULL COMMENT '员工工号',
    `name` VARCHAR(100) NOT NULL COMMENT '员工姓名',
    `preferred_name` VARCHAR(100) COMMENT '常用名/花名',
    `mobile` VARCHAR(32) COMMENT '手机号',
    `email` VARCHAR(100) COMMENT '邮箱',
    `primary_org_id` BIGINT COMMENT '主组织ID',
    `job_title` VARCHAR(100) COMMENT '职位',
    `employment_status` VARCHAR(32) NOT NULL DEFAULT 'ACTIVE' COMMENT '在职状态(ACTIVE/RESIGNED/SUSPENDED)',
    `entry_date` DATE COMMENT '入职日期',
    `leave_date` DATE COMMENT '离职日期',
    `source_type` VARCHAR(32) NOT NULL DEFAULT 'MANUAL' COMMENT '数据来源(MANUAL/IMPORT/API)',
    `created_at` DATETIME DEFAULT CURRENT_TIMESTAMP COMMENT '创建时间',
    `created_by` VARCHAR(50) COMMENT '创建人',
    `updated_at` DATETIME DEFAULT CURRENT_TIMESTAMP ON UPDATE CURRENT_TIMESTAMP COMMENT '更新时间',
    `updated_by` VARCHAR(50) COMMENT '更新人',
    `deleted` INT DEFAULT 0 COMMENT '逻辑删除标志：0-未删除，1-已删除',
    `version` INT DEFAULT 1 COMMENT '版本号',
    PRIMARY KEY (`id`),
    UNIQUE KEY `uk_employee_no` (`employee_no`),
    KEY `idx_name` (`name`),
    KEY `idx_mobile` (`mobile`),
    KEY `idx_primary_org_id` (`primary_org_id`),
    KEY `idx_employment_status` (`employment_status`)
) ENGINE=InnoDB DEFAULT CHARSET=utf8mb4 COLLATE=utf8mb4_0900_ai_ci COMMENT='员工主数据表'
2026-05-23 19:03:05.168 [main] DEBUG o.f.c.internal.sqlscript.DefaultSqlScriptExecutor - 0 rows affected
2026-05-23 19:03:05.168 [main] DEBUG o.f.c.internal.sqlscript.DefaultSqlScriptExecutor - Executing SQL: -- 组织架构表
CREATE TABLE IF NOT EXISTS `org_unit` (
    `id` BIGINT NOT NULL AUTO_INCREMENT COMMENT '主键ID',
    `parent_id` BIGINT NOT NULL DEFAULT 0 COMMENT '父节点ID(0表示根节点)',
    `code` VARCHAR(64) NOT NULL COMMENT '组织编码',
    `name` VARCHAR(100) NOT NULL COMMENT '组织名称',
    `full_path` VARCHAR(500) COMMENT '完整路径(如/1/5/12/)',
    `level` INT DEFAULT 1 COMMENT '层级(从1开始)',
    `manager_employee_id` BIGINT COMMENT '负责人员工ID',
    `sort_order` INT DEFAULT 0 COMMENT '排序号',
    `status` VARCHAR(32) DEFAULT 'ENABLED' COMMENT '状态(ENABLED/DISABLED)',
    `source_type` VARCHAR(32) NOT NULL DEFAULT 'MANUAL' COMMENT '数据来源(MANUAL/IMPORT/API)',
    `created_at` DATETIME DEFAULT CURRENT_TIMESTAMP COMMENT '创建时间',
    `created_by` VARCHAR(50) COMMENT '创建人',
    `updated_at` DATETIME DEFAULT CURRENT_TIMESTAMP ON UPDATE CURRENT_TIMESTAMP COMMENT '更新时间',
    `updated_by` VARCHAR(50) COMMENT '更新人',
    `deleted` INT DEFAULT 0 COMMENT '逻辑删除标志：0-未删除，1-已删除',
    `version` INT DEFAULT 1 COMMENT '版本号',
    PRIMARY KEY (`id`),
    UNIQUE KEY `uk_code` (`code`),
    KEY `idx_parent_id` (`parent_id`),
    KEY `idx_manager_employee_id` (`manager_employee_id`)
) ENGINE=InnoDB DEFAULT CHARSET=utf8mb4 COLLATE=utf8mb4_0900_ai_ci COMMENT='组织架构表'
2026-05-23 19:03:05.238 [main] DEBUG o.f.c.internal.sqlscript.DefaultSqlScriptExecutor - 0 rows affected
2026-05-23 19:03:05.238 [main] DEBUG o.f.c.internal.sqlscript.DefaultSqlScriptExecutor - Executing SQL: -- 员工-组织多对多关联表
CREATE TABLE IF NOT EXISTS `employee_org` (
    `id` BIGINT NOT NULL AUTO_INCREMENT COMMENT '主键ID',
    `employee_id` BIGINT NOT NULL COMMENT '员工ID',
    `org_id` BIGINT NOT NULL COMMENT '组织ID',
    `is_primary` TINYINT DEFAULT 0 COMMENT '是否主组织(0-否，1-是)',
    `position_name` VARCHAR(100) COMMENT '岗位名称',
    `start_date` DATE COMMENT '开始日期',
    `end_date` DATE COMMENT '结束日期',
    `status` VARCHAR(32) DEFAULT 'ACTIVE' COMMENT '状态(ACTIVE/INACTIVE)',
    `created_at` DATETIME DEFAULT CURRENT_TIMESTAMP COMMENT '创建时间',
    `created_by` VARCHAR(50) COMMENT '创建人',
    `updated_at` DATETIME DEFAULT CURRENT_TIMESTAMP ON UPDATE CURRENT_TIMESTAMP COMMENT '更新时间',
    `updated_by` VARCHAR(50) COMMENT '更新人',
    `deleted` INT DEFAULT 0 COMMENT '逻辑删除标志：0-未删除，1-已删除',
    `version` INT DEFAULT 1 COMMENT '版本号',
    PRIMARY KEY (`id`),
    UNIQUE KEY `uk_employee_org` (`employee_id`, `org_id`),
    KEY `idx_org_id` (`org_id`),
    KEY `idx_status` (`status`)
) ENGINE=InnoDB DEFAULT CHARSET=utf8mb4 COLLATE=utf8mb4_0900_ai_ci COMMENT='员工-组织关联表'
2026-05-23 19:03:05.314 [main] DEBUG o.f.c.internal.sqlscript.DefaultSqlScriptExecutor - 0 rows affected
2026-05-23 19:03:05.314 [main] DEBUG o.f.c.internal.sqlscript.DefaultSqlScriptExecutor - Executing SQL: -- 角色-组织自定义数据权限范围表(物理删除，不做逻辑删除)
CREATE TABLE IF NOT EXISTS `sys_role_org` (
    `id` BIGINT NOT NULL AUTO_INCREMENT COMMENT '主键ID',
    `role_id` BIGINT NOT NULL COMMENT '角色ID',
    `org_id` BIGINT NOT NULL COMMENT '组织ID',
    `created_at` DATETIME DEFAULT CURRENT_TIMESTAMP COMMENT '创建时间',
    `created_by` VARCHAR(50) COMMENT '创建人',
    PRIMARY KEY (`id`),
    UNIQUE KEY `uk_role_org` (`role_id`, `org_id`),
    KEY `idx_org_id` (`org_id`)
) ENGINE=InnoDB DEFAULT CHARSET=utf8mb4 COLLATE=utf8mb4_0900_ai_ci COMMENT='角色-组织数据权限范围表'
2026-05-23 19:03:05.380 [main] DEBUG o.f.c.internal.sqlscript.DefaultSqlScriptExecutor - 0 rows affected
2026-05-23 19:03:05.380 [main] DEBUG org.flywaydb.core.internal.command.DbMigrate - Successfully completed migration of schema `admin_scaffold_test` to version "4 - add employee org tables"
2026-05-23 19:03:05.394 [main] DEBUG o.f.c.i.schemahistory.JdbcTableSchemaHistory - Schema History table `admin_scaffold_test`.`flyway_schema_history` successfully updated to reflect changes
2026-05-23 19:03:05.413 [main] DEBUG o.f.core.api.configuration.ClassicConfiguration - CherryPickConfigurationExtension not found
2026-05-23 19:03:05.418 [main] DEBUG org.flywaydb.core.internal.parser.Parser - Parsing V5__seed_data_org.sql ...
2026-05-23 19:03:05.420 [main] DEBUG o.flywaydb.core.internal.sqlscript.ParserSqlScript - Found statement at line 8: -- V5: 组织模块种子数据
-- LOCAL-ONLY: 仅用于本地开发环境
-- 依赖 V4 表结构

-- ============================================================
-- 1. 部门树：总公司(100) → 技术部(101)/产品部(102) → 后端组(103)/前端组(104)
-- ============================================================
INSERT INTO org_unit (id, parent_id, code, name, full_path, level, sort_order, status, source_type, created_at, updated_at, created_by, updated_by, deleted, version)
VALUES
(100, 0, 'HQ', '总公司', '/100/', 1, 1, 'ENABLED', 'MANUAL', NOW(), NOW(), 'system', 'system', 0, 1),
(101, 100, 'TECH', '技术部', '/100/101/', 2, 1, 'ENABLED', 'MANUAL', NOW(), NOW(), 'system', 'system', 0, 1),
(102, 100, 'PRODUCT', '产品部', '/100/102/', 2, 2, 'ENABLED', 'MANUAL', NOW(), NOW(), 'system', 'system', 0, 1),
(103, 101, 'BACKEND', '后端组', '/100/101/103/', 3, 1, 'ENABLED', 'MANUAL', NOW(), NOW(), 'system', 'system', 0, 1),
(104, 101, 'FRONTEND', '前端组', '/100/101/104/', 3, 2, 'ENABLED', 'MANUAL', NOW(), NOW(), 'system', 'system', 0, 1)
2026-05-23 19:03:05.420 [main] DEBUG o.flywaydb.core.internal.sqlscript.ParserSqlScript - Found statement at line 19: -- ============================================================
-- 2. 员工数据
-- ============================================================
INSERT INTO hr_employee (id, employee_no, name, mobile, email, primary_org_id, job_title, employment_status, entry_date, source_type, created_at, updated_at, created_by, updated_by, deleted, version)
VALUES
(100, 'EMP001', '张三', '13800000001', 'zhangsan@example.com', 101, '技术总监', 'ACTIVE', '2024-01-01', 'MANUAL', NOW(), NOW(), 'system', 'system', 0, 1),
(101, 'EMP002', '李四', '13800000002', 'lisi@example.com', 103, '后端开发', 'ACTIVE', '2024-03-15', 'MANUAL', NOW(), NOW(), 'system', 'system', 0, 1),
(102, 'EMP003', '王五', '13800000003', 'wangwu@example.com', 102, '产品经理', 'ACTIVE', '2024-06-01', 'MANUAL', NOW(), NOW(), 'system', 'system', 0, 1)
2026-05-23 19:03:05.420 [main] DEBUG o.flywaydb.core.internal.sqlscript.ParserSqlScript - Found statement at line 28: -- ============================================================
-- 3. 员工-组织关联
-- ============================================================
INSERT INTO employee_org (id, employee_id, org_id, is_primary, position_name, status, created_at, created_by, updated_at, updated_by, deleted, version)
VALUES
(1, 100, 101, 1, '技术总监', 'ACTIVE', NOW(), 'system', NOW(), 'system', 0, 1),
(2, 101, 103, 1, '后端开发', 'ACTIVE', NOW(), 'system', NOW(), 'system', 0, 1),
(3, 102, 102, 1, '产品经理', 'ACTIVE', NOW(), 'system', NOW(), 'system', 0, 1)
2026-05-23 19:03:05.421 [main] DEBUG o.flywaydb.core.internal.sqlscript.ParserSqlScript - Found statement at line 38: -- ============================================================
-- 4. 角色-组织关联（CUSTOM 数据权限）
-- role_id=2 为 V3 中的普通用户角色（USER），赋予技术部(101)的自定义数据权限
-- ============================================================
INSERT INTO sys_role_org (id, role_id, org_id, created_at, created_by)
VALUES
(1, 2, 101, NOW(), 'system'),
(2, 2, 102, NOW(), 'system')
2026-05-23 19:03:05.423 [main] DEBUG org.flywaydb.core.internal.command.DbMigrate - Starting migration of schema `admin_scaffold_test` to version "5 - seed data org" ...
2026-05-23 19:03:05.429 [main] INFO  org.flywaydb.core.internal.command.DbMigrate - Migrating schema `admin_scaffold_test` to version "5 - seed data org"
2026-05-23 19:03:05.430 [main] DEBUG o.f.c.internal.sqlscript.DefaultSqlScriptExecutor - Executing SQL: -- V5: 组织模块种子数据
-- LOCAL-ONLY: 仅用于本地开发环境
-- 依赖 V4 表结构

-- ============================================================
-- 1. 部门树：总公司(100) → 技术部(101)/产品部(102) → 后端组(103)/前端组(104)
-- ============================================================
INSERT INTO org_unit (id, parent_id, code, name, full_path, level, sort_order, status, source_type, created_at, updated_at, created_by, updated_by, deleted, version)
VALUES
(100, 0, 'HQ', '总公司', '/100/', 1, 1, 'ENABLED', 'MANUAL', NOW(), NOW(), 'system', 'system', 0, 1),
(101, 100, 'TECH', '技术部', '/100/101/', 2, 1, 'ENABLED', 'MANUAL', NOW(), NOW(), 'system', 'system', 0, 1),
(102, 100, 'PRODUCT', '产品部', '/100/102/', 2, 2, 'ENABLED', 'MANUAL', NOW(), NOW(), 'system', 'system', 0, 1),
(103, 101, 'BACKEND', '后端组', '/100/101/103/', 3, 1, 'ENABLED', 'MANUAL', NOW(), NOW(), 'system', 'system', 0, 1),
(104, 101, 'FRONTEND', '前端组', '/100/101/104/', 3, 2, 'ENABLED', 'MANUAL', NOW(), NOW(), 'system', 'system', 0, 1)
2026-05-23 19:03:05.434 [main] DEBUG o.f.c.internal.sqlscript.DefaultSqlScriptExecutor - 5 rows affected
2026-05-23 19:03:05.434 [main] DEBUG o.f.c.internal.sqlscript.DefaultSqlScriptExecutor - Executing SQL: -- ============================================================
-- 2. 员工数据
-- ============================================================
INSERT INTO hr_employee (id, employee_no, name, mobile, email, primary_org_id, job_title, employment_status, entry_date, source_type, created_at, updated_at, created_by, updated_by, deleted, version)
VALUES
(100, 'EMP001', '张三', '13800000001', 'zhangsan@example.com', 101, '技术总监', 'ACTIVE', '2024-01-01', 'MANUAL', NOW(), NOW(), 'system', 'system', 0, 1),
(101, 'EMP002', '李四', '13800000002', 'lisi@example.com', 103, '后端开发', 'ACTIVE', '2024-03-15', 'MANUAL', NOW(), NOW(), 'system', 'system', 0, 1),
(102, 'EMP003', '王五', '13800000003', 'wangwu@example.com', 102, '产品经理', 'ACTIVE', '2024-06-01', 'MANUAL', NOW(), NOW(), 'system', 'system', 0, 1)
2026-05-23 19:03:05.437 [main] DEBUG o.f.c.internal.sqlscript.DefaultSqlScriptExecutor - 3 rows affected
2026-05-23 19:03:05.437 [main] DEBUG o.f.c.internal.sqlscript.DefaultSqlScriptExecutor - Executing SQL: -- ============================================================
-- 3. 员工-组织关联
-- ============================================================
INSERT INTO employee_org (id, employee_id, org_id, is_primary, position_name, status, created_at, created_by, updated_at, updated_by, deleted, version)
VALUES
(1, 100, 101, 1, '技术总监', 'ACTIVE', NOW(), 'system', NOW(), 'system', 0, 1),
(2, 101, 103, 1, '后端开发', 'ACTIVE', NOW(), 'system', NOW(), 'system', 0, 1),
(3, 102, 102, 1, '产品经理', 'ACTIVE', NOW(), 'system', NOW(), 'system', 0, 1)
2026-05-23 19:03:05.441 [main] DEBUG o.f.c.internal.sqlscript.DefaultSqlScriptExecutor - 3 rows affected
2026-05-23 19:03:05.441 [main] DEBUG o.f.c.internal.sqlscript.DefaultSqlScriptExecutor - Executing SQL: -- ============================================================
-- 4. 角色-组织关联（CUSTOM 数据权限）
-- role_id=2 为 V3 中的普通用户角色（USER），赋予技术部(101)的自定义数据权限
-- ============================================================
INSERT INTO sys_role_org (id, role_id, org_id, created_at, created_by)
VALUES
(1, 2, 101, NOW(), 'system'),
(2, 2, 102, NOW(), 'system')
2026-05-23 19:03:05.445 [main] DEBUG o.f.c.internal.sqlscript.DefaultSqlScriptExecutor - 2 rows affected
2026-05-23 19:03:05.445 [main] DEBUG org.flywaydb.core.internal.command.DbMigrate - Successfully completed migration of schema `admin_scaffold_test` to version "5 - seed data org"
2026-05-23 19:03:05.463 [main] DEBUG o.f.c.i.schemahistory.JdbcTableSchemaHistory - Schema History table `admin_scaffold_test`.`flyway_schema_history` successfully updated to reflect changes
2026-05-23 19:03:05.480 [main] DEBUG o.f.core.api.configuration.ClassicConfiguration - CherryPickConfigurationExtension not found
2026-05-23 19:03:05.487 [main] INFO  org.flywaydb.core.internal.command.DbMigrate - Successfully applied 5 migrations to schema `admin_scaffold_test`, now at version v5 (execution time 00:01.691s)
2026-05-23 19:03:05.493 [main] DEBUG org.flywaydb.core.FlywayExecutor - Memory usage: 213 of 256M
2026-05-23 19:03:05.493 [main] INFO  i.g.l.admin.config.TestDatabaseInitializer - Flyway 迁移完成
2026-05-23 19:03:05.500 [main] DEBUG o.f.c.internal.scanner.classpath.ClassPathScanner - Scanning for classpath resources at 'classpath:db/callback' ...
2026-05-23 19:03:05.500 [main] DEBUG o.f.c.internal.scanner.classpath.ClassPathScanner - Determining location urls for classpath:db/callback using ClassLoader jdk.internal.loader.ClassLoaders$AppClassLoader@5c647e05 ...
2026-05-23 19:03:05.501 [main] DEBUG o.f.c.internal.scanner.classpath.ClassPathScanner - Unable to resolve location classpath:db/callback.
2026-05-23 19:03:05.503 [main] DEBUG o.f.c.internal.scanner.classpath.ClassPathScanner - Scanning for classpath resources at 'classpath:db/migration' ...
2026-05-23 19:03:05.503 [main] DEBUG o.f.c.internal.scanner.classpath.ClassPathScanner - Determining location urls for classpath:db/migration using ClassLoader jdk.internal.loader.ClassLoaders$AppClassLoader@5c647e05 ...
2026-05-23 19:03:05.504 [main] DEBUG o.f.c.internal.scanner.classpath.ClassPathScanner - Scanning URL: file:/C:/workspace/admin-management-scaffold/backend/target/classes/db/migration
2026-05-23 19:03:05.504 [main] DEBUG o.f.c.i.s.c.FileSystemClassPathLocationScanner - Scanning starting at classpath root in filesystem: C:\workspace\admin-management-scaffold\backend\target\classes\
2026-05-23 19:03:05.504 [main] DEBUG o.f.c.i.s.c.FileSystemClassPathLocationScanner - Scanning for resources in path: C:\workspace\admin-management-scaffold\backend\target\classes\db\migration (db/migration)
2026-05-23 19:03:05.506 [main] DEBUG o.f.c.internal.scanner.classpath.ClassPathScanner - Found resource: db/migration/V1__init_schema.sql
2026-05-23 19:03:05.506 [main] DEBUG o.f.c.internal.scanner.classpath.ClassPathScanner - Found resource: db/migration/V2__add_menu_and_permission_fields.sql
2026-05-23 19:03:05.506 [main] DEBUG o.f.c.internal.scanner.classpath.ClassPathScanner - Found resource: db/migration/V3__seed_data.sql
2026-05-23 19:03:05.506 [main] DEBUG o.f.c.internal.scanner.classpath.ClassPathScanner - Found resource: db/migration/V4__add_employee_org_tables.sql
2026-05-23 19:03:05.506 [main] DEBUG o.f.c.internal.scanner.classpath.ClassPathScanner - Found resource: db/migration/V5__seed_data_org.sql
2026-05-23 19:03:05.506 [main] DEBUG o.f.c.internal.scanner.classpath.ClassPathScanner - Scanning for classes at classpath:db/migration
2026-05-23 19:03:05.506 [main] DEBUG o.f.core.internal.resource.ResourceNameValidator - Validating V4__add_employee_org_tables.sql
2026-05-23 19:03:05.513 [main] DEBUG o.f.core.internal.resource.ResourceNameValidator - Validating V1__init_schema.sql
2026-05-23 19:03:05.513 [main] DEBUG o.f.core.internal.resource.ResourceNameValidator - Validating V2__add_menu_and_permission_fields.sql
2026-05-23 19:03:05.513 [main] DEBUG o.f.core.internal.resource.ResourceNameValidator - Validating V3__seed_data.sql
2026-05-23 19:03:05.513 [main] DEBUG o.f.core.internal.resource.ResourceNameValidator - Validating V5__seed_data_org.sql
2026-05-23 19:03:05.524 [main] INFO  org.flywaydb.core.FlywayExecutor - Database: jdbc:mysql://localhost:3306/admin_scaffold_test (MySQL 9.1)
2026-05-23 19:03:05.524 [main] DEBUG org.flywaydb.core.FlywayExecutor - Database Type: MySQL
2026-05-23 19:03:05.524 [main] DEBUG org.flywaydb.core.FlywayExecutor - Driver: MySQL Connector/J mysql-connector-j-8.3.0 (Revision: 805f872a57875f311cb82487efcfb070411a3fa0)
2026-05-23 19:03:05.524 [main] DEBUG org.flywaydb.core.FlywayExecutor - DDL Transactions Supported: false
2026-05-23 19:03:05.524 [main] DEBUG o.f.c.internal.schemahistory.SchemaHistoryFactory - Schemas: 
2026-05-23 19:03:05.524 [main] DEBUG o.f.c.internal.schemahistory.SchemaHistoryFactory - Default schema: null
2026-05-23 19:03:05.531 [main] WARN  org.flywaydb.core.internal.database.base.Database - Flyway upgrade recommended: MySQL 9.1 is newer than this version of Flyway and support has not been tested. The latest supported version of MySQL is 8.1.
2026-05-23 19:03:05.531 [main] DEBUG o.f.c.internal.callback.SqlScriptCallbackFactory - Scanning for SQL callbacks ...
2026-05-23 19:03:05.534 [main] DEBUG org.flywaydb.core.internal.command.DbSchemas - Skipping creation of existing schema: `admin_scaffold_test`
2026-05-23 19:03:05.541 [main] DEBUG o.f.core.api.configuration.ClassicConfiguration - CherryPickConfigurationExtension not found
2026-05-23 19:03:05.547 [main] DEBUG org.flywaydb.core.internal.scanner.Scanner - Filtering out resource: db/migration/V4__add_employee_org_tables.sql (filename: V4__add_employee_org_tables.sql)
2026-05-23 19:03:05.547 [main] DEBUG org.flywaydb.core.internal.scanner.Scanner - Filtering out resource: db/migration/V1__init_schema.sql (filename: V1__init_schema.sql)
2026-05-23 19:03:05.547 [main] DEBUG org.flywaydb.core.internal.scanner.Scanner - Filtering out resource: db/migration/V2__add_menu_and_permission_fields.sql (filename: V2__add_menu_and_permission_fields.sql)
2026-05-23 19:03:05.547 [main] DEBUG org.flywaydb.core.internal.scanner.Scanner - Filtering out resource: db/migration/V3__seed_data.sql (filename: V3__seed_data.sql)
2026-05-23 19:03:05.547 [main] DEBUG org.flywaydb.core.internal.scanner.Scanner - Filtering out resource: db/migration/V5__seed_data_org.sql (filename: V5__seed_data_org.sql)
2026-05-23 19:03:05.547 [main] DEBUG org.flywaydb.core.internal.scanner.Scanner - Filtering out resource: db/migration/V4__add_employee_org_tables.sql (filename: V4__add_employee_org_tables.sql)
2026-05-23 19:03:05.547 [main] DEBUG org.flywaydb.core.internal.scanner.Scanner - Filtering out resource: db/migration/V1__init_schema.sql (filename: V1__init_schema.sql)
2026-05-23 19:03:05.547 [main] DEBUG org.flywaydb.core.internal.scanner.Scanner - Filtering out resource: db/migration/V2__add_menu_and_permission_fields.sql (filename: V2__add_menu_and_permission_fields.sql)
2026-05-23 19:03:05.547 [main] DEBUG org.flywaydb.core.internal.scanner.Scanner - Filtering out resource: db/migration/V3__seed_data.sql (filename: V3__seed_data.sql)
2026-05-23 19:03:05.547 [main] DEBUG org.flywaydb.core.internal.scanner.Scanner - Filtering out resource: db/migration/V5__seed_data_org.sql (filename: V5__seed_data_org.sql)
2026-05-23 19:03:05.553 [main] INFO  org.flywaydb.core.internal.command.DbMigrate - Current version of schema `admin_scaffold_test`: 5
2026-05-23 19:03:05.554 [main] INFO  org.flywaydb.core.internal.command.DbMigrate - Schema `admin_scaffold_test` is up to date. No migration necessary.
2026-05-23 19:03:05.560 [main] DEBUG org.flywaydb.core.FlywayExecutor - Memory usage: 215 of 256M
 _ _   |_  _ _|_. ___ _ |    _ 
| | |\/|_)(_| | |_\  |_)||_|_\ 
     /               |         
                        3.5.16 
____ ____    ___ ____ _  _ ____ _  _ 
[__  |__| __  |  |  | |_/  |___ |\ | 
___] |  |     |  |__| | \_ |___ | \| 
https://sa-token.cc (v1.45.0)
2026-05-23 19:03:06.264 [main] INFO  i.g.l.a.s.p.controller.PermissionControllerTest - Started PermissionControllerTest in 4.014 seconds (process running for 73.797)
2026-05-23 19:03:06.272 [main] INFO  i.g.lystrosaurus.admin.filter.RequestLogFilter - 请求开始: GET /app/permissions/role/1  from 127.0.0.1
2026-05-23 19:03:06.275 [main] INFO  i.g.lystrosaurus.admin.filter.RequestLogFilter - 请求结束: GET /app/permissions/role/1 status=200 耗时=3ms
2026-05-23 19:03:06.287 [main] INFO  i.g.lystrosaurus.admin.filter.RequestLogFilter - 请求开始: PUT /app/permissions/1  from 127.0.0.1
2026-05-23 19:03:06.287 [main] INFO  i.g.lystrosaurus.admin.filter.RequestLogFilter - 请求结束: PUT /app/permissions/1 status=200 耗时=0ms
2026-05-23 19:03:06.295 [main] INFO  i.g.lystrosaurus.admin.filter.RequestLogFilter - 请求开始: POST /app/permissions  from 127.0.0.1
2026-05-23 19:03:06.304 [main] INFO  i.g.lystrosaurus.admin.filter.RequestLogFilter - 请求结束: POST /app/permissions status=200 耗时=9ms
2026-05-23 19:03:06.309 [main] INFO  i.g.lystrosaurus.admin.filter.RequestLogFilter - 请求开始: DELETE /app/permissions/1  from 127.0.0.1
2026-05-23 19:03:06.310 [main] INFO  i.g.lystrosaurus.admin.filter.RequestLogFilter - 请求结束: DELETE /app/permissions/1 status=200 耗时=1ms

  .   ____          _            __ _ _
 /\\ / ___'_ __ _ _(_)_ __  __ _ \ \ \ \
( ( )\___ | '_ | '_| | '_ \/ _` | \ \ \ \
 \\/  ___)| |_)| | | | | || (_| |  ) ) ) )
  '  |____| .__|_| |_|_| |_\__, | / / / /
 =========|_|==============|___/=/_/_/_/
 :: Spring Boot ::                (v3.2.5)

2026-05-23 19:03:06.812 [main] INFO  i.g.l.a.system.role.controller.RoleControllerTest - Starting RoleControllerTest using Java 21.0.5 with PID 54236 (started by lannt in C:\workspace\admin-management-scaffold\backend)
2026-05-23 19:03:06.812 [main] DEBUG i.g.l.a.system.role.controller.RoleControllerTest - Running with Spring Boot v3.2.5, Spring v6.1.6
2026-05-23 19:03:06.812 [main] INFO  i.g.l.a.system.role.controller.RoleControllerTest - The following 1 profile is active: "test"
2026-05-23 19:03:07.370 [main] INFO  i.g.l.admin.config.TestDatabaseInitializer - 测试数据库 admin_scaffold_test 创建成功或已存在
2026-05-23 19:03:07.918 [main] INFO  i.g.l.admin.config.TestDatabaseInitializer - 测试数据库已清理，将手动执行 Flyway 迁移
2026-05-23 19:03:07.922 [main] DEBUG o.f.c.internal.scanner.classpath.ClassPathScanner - Scanning for classpath resources at 'classpath:db/callback' ...
2026-05-23 19:03:07.922 [main] DEBUG o.f.c.internal.scanner.classpath.ClassPathScanner - Determining location urls for classpath:db/callback using ClassLoader jdk.internal.loader.ClassLoaders$AppClassLoader@5c647e05 ...
2026-05-23 19:03:07.923 [main] DEBUG o.f.c.internal.scanner.classpath.ClassPathScanner - Unable to resolve location classpath:db/callback.
2026-05-23 19:03:07.924 [main] DEBUG o.f.c.internal.scanner.classpath.ClassPathScanner - Scanning for classpath resources at 'classpath:db/migration' ...
2026-05-23 19:03:07.924 [main] DEBUG o.f.c.internal.scanner.classpath.ClassPathScanner - Determining location urls for classpath:db/migration using ClassLoader jdk.internal.loader.ClassLoaders$AppClassLoader@5c647e05 ...
2026-05-23 19:03:07.924 [main] DEBUG o.f.c.internal.scanner.classpath.ClassPathScanner - Scanning URL: file:/C:/workspace/admin-management-scaffold/backend/target/classes/db/migration
2026-05-23 19:03:07.924 [main] DEBUG o.f.c.i.s.c.FileSystemClassPathLocationScanner - Scanning starting at classpath root in filesystem: C:\workspace\admin-management-scaffold\backend\target\classes\
2026-05-23 19:03:07.924 [main] DEBUG o.f.c.i.s.c.FileSystemClassPathLocationScanner - Scanning for resources in path: C:\workspace\admin-management-scaffold\backend\target\classes\db\migration (db/migration)
2026-05-23 19:03:07.927 [main] DEBUG o.f.c.internal.scanner.classpath.ClassPathScanner - Found resource: db/migration/V1__init_schema.sql
2026-05-23 19:03:07.927 [main] DEBUG o.f.c.internal.scanner.classpath.ClassPathScanner - Found resource: db/migration/V2__add_menu_and_permission_fields.sql
2026-05-23 19:03:07.927 [main] DEBUG o.f.c.internal.scanner.classpath.ClassPathScanner - Found resource: db/migration/V3__seed_data.sql
2026-05-23 19:03:07.927 [main] DEBUG o.f.c.internal.scanner.classpath.ClassPathScanner - Found resource: db/migration/V4__add_employee_org_tables.sql
2026-05-23 19:03:07.927 [main] DEBUG o.f.c.internal.scanner.classpath.ClassPathScanner - Found resource: db/migration/V5__seed_data_org.sql
2026-05-23 19:03:07.927 [main] DEBUG o.f.c.internal.scanner.classpath.ClassPathScanner - Scanning for classes at classpath:db/migration
2026-05-23 19:03:07.927 [main] DEBUG o.f.core.internal.resource.ResourceNameValidator - Validating V4__add_employee_org_tables.sql
2026-05-23 19:03:07.927 [main] DEBUG o.f.core.internal.resource.ResourceNameValidator - Validating V1__init_schema.sql
2026-05-23 19:03:07.927 [main] DEBUG o.f.core.internal.resource.ResourceNameValidator - Validating V2__add_menu_and_permission_fields.sql
2026-05-23 19:03:07.927 [main] DEBUG o.f.core.internal.resource.ResourceNameValidator - Validating V3__seed_data.sql
2026-05-23 19:03:07.927 [main] DEBUG o.f.core.internal.resource.ResourceNameValidator - Validating V5__seed_data_org.sql
2026-05-23 19:03:07.938 [main] INFO  org.flywaydb.core.FlywayExecutor - Database: jdbc:mysql://localhost:3306/admin_scaffold_test (MySQL 9.1)
2026-05-23 19:03:07.938 [main] DEBUG org.flywaydb.core.FlywayExecutor - Database Type: MySQL
2026-05-23 19:03:07.938 [main] DEBUG org.flywaydb.core.FlywayExecutor - Driver: MySQL Connector/J mysql-connector-j-8.3.0 (Revision: 805f872a57875f311cb82487efcfb070411a3fa0)
2026-05-23 19:03:07.938 [main] DEBUG org.flywaydb.core.FlywayExecutor - DDL Transactions Supported: false
2026-05-23 19:03:07.938 [main] DEBUG o.f.c.internal.schemahistory.SchemaHistoryFactory - Schemas: 
2026-05-23 19:03:07.938 [main] DEBUG o.f.c.internal.schemahistory.SchemaHistoryFactory - Default schema: null
2026-05-23 19:03:07.944 [main] WARN  org.flywaydb.core.internal.database.base.Database - Flyway upgrade recommended: MySQL 9.1 is newer than this version of Flyway and support has not been tested. The latest supported version of MySQL is 8.1.
2026-05-23 19:03:07.944 [main] DEBUG o.f.c.internal.callback.SqlScriptCallbackFactory - Scanning for SQL callbacks ...
2026-05-23 19:03:07.946 [main] DEBUG org.flywaydb.core.internal.command.DbValidate - Validating migrations ...
2026-05-23 19:03:07.947 [main] DEBUG o.f.core.api.configuration.ClassicConfiguration - CherryPickConfigurationExtension not found
2026-05-23 19:03:07.952 [main] DEBUG org.flywaydb.core.internal.scanner.Scanner - Filtering out resource: db/migration/V4__add_employee_org_tables.sql (filename: V4__add_employee_org_tables.sql)
2026-05-23 19:03:07.952 [main] DEBUG org.flywaydb.core.internal.scanner.Scanner - Filtering out resource: db/migration/V1__init_schema.sql (filename: V1__init_schema.sql)
2026-05-23 19:03:07.952 [main] DEBUG org.flywaydb.core.internal.scanner.Scanner - Filtering out resource: db/migration/V2__add_menu_and_permission_fields.sql (filename: V2__add_menu_and_permission_fields.sql)
2026-05-23 19:03:07.952 [main] DEBUG org.flywaydb.core.internal.scanner.Scanner - Filtering out resource: db/migration/V3__seed_data.sql (filename: V3__seed_data.sql)
2026-05-23 19:03:07.952 [main] DEBUG org.flywaydb.core.internal.scanner.Scanner - Filtering out resource: db/migration/V5__seed_data_org.sql (filename: V5__seed_data_org.sql)
2026-05-23 19:03:07.952 [main] DEBUG org.flywaydb.core.internal.scanner.Scanner - Filtering out resource: db/migration/V4__add_employee_org_tables.sql (filename: V4__add_employee_org_tables.sql)
2026-05-23 19:03:07.952 [main] DEBUG org.flywaydb.core.internal.scanner.Scanner - Filtering out resource: db/migration/V1__init_schema.sql (filename: V1__init_schema.sql)
2026-05-23 19:03:07.952 [main] DEBUG org.flywaydb.core.internal.scanner.Scanner - Filtering out resource: db/migration/V2__add_menu_and_permission_fields.sql (filename: V2__add_menu_and_permission_fields.sql)
2026-05-23 19:03:07.952 [main] DEBUG org.flywaydb.core.internal.scanner.Scanner - Filtering out resource: db/migration/V3__seed_data.sql (filename: V3__seed_data.sql)
2026-05-23 19:03:07.952 [main] DEBUG org.flywaydb.core.internal.scanner.Scanner - Filtering out resource: db/migration/V5__seed_data_org.sql (filename: V5__seed_data_org.sql)
2026-05-23 19:03:07.957 [main] INFO  o.f.c.i.schemahistory.JdbcTableSchemaHistory - Schema history table `admin_scaffold_test`.`flyway_schema_history` does not exist yet
2026-05-23 19:03:07.959 [main] INFO  org.flywaydb.core.internal.command.DbValidate - Successfully validated 5 migrations (execution time 00:00.013s)
2026-05-23 19:03:07.961 [main] DEBUG org.flywaydb.core.internal.command.DbSchemas - Skipping creation of existing schema: `admin_scaffold_test`
2026-05-23 19:03:07.975 [main] INFO  o.f.c.i.schemahistory.JdbcTableSchemaHistory - Creating Schema History table `admin_scaffold_test`.`flyway_schema_history` ...
2026-05-23 19:03:07.975 [main] DEBUG org.flywaydb.core.internal.parser.Parser - Parsing  ...
2026-05-23 19:03:07.976 [main] DEBUG o.flywaydb.core.internal.sqlscript.ParserSqlScript - Found statement at line 1: CREATE TABLE `admin_scaffold_test`.`flyway_schema_history` (
    `installed_rank` INT NOT NULL,
    `version` VARCHAR(50),
    `description` VARCHAR(200) NOT NULL,
    `type` VARCHAR(20) NOT NULL,
    `script` VARCHAR(1000) NOT NULL,
    `checksum` INT,
    `installed_by` VARCHAR(100) NOT NULL,
    `installed_on` TIMESTAMP NOT NULL DEFAULT CURRENT_TIMESTAMP,
    `execution_time` INT NOT NULL,
    `success` BOOL NOT NULL,
    CONSTRAINT `flyway_schema_history_pk` PRIMARY KEY (`installed_rank`)
) ENGINE=InnoDB
2026-05-23 19:03:07.976 [main] DEBUG o.flywaydb.core.internal.sqlscript.ParserSqlScript - Found statement at line 14: CREATE INDEX `flyway_schema_history_s_idx` ON `admin_scaffold_test`.`flyway_schema_history` (`success`)
2026-05-23 19:03:07.976 [main] DEBUG o.f.c.internal.sqlscript.DefaultSqlScriptExecutor - Executing SQL: CREATE TABLE `admin_scaffold_test`.`flyway_schema_history` (
    `installed_rank` INT NOT NULL,
    `version` VARCHAR(50),
    `description` VARCHAR(200) NOT NULL,
    `type` VARCHAR(20) NOT NULL,
    `script` VARCHAR(1000) NOT NULL,
    `checksum` INT,
    `installed_by` VARCHAR(100) NOT NULL,
    `installed_on` TIMESTAMP NOT NULL DEFAULT CURRENT_TIMESTAMP,
    `execution_time` INT NOT NULL,
    `success` BOOL NOT NULL,
    CONSTRAINT `flyway_schema_history_pk` PRIMARY KEY (`installed_rank`)
) ENGINE=InnoDB
2026-05-23 19:03:08.022 [main] DEBUG o.f.c.internal.sqlscript.DefaultSqlScriptExecutor - 0 rows affected
2026-05-23 19:03:08.022 [main] DEBUG o.f.c.internal.sqlscript.DefaultSqlScriptExecutor - Executing SQL: CREATE INDEX `flyway_schema_history_s_idx` ON `admin_scaffold_test`.`flyway_schema_history` (`success`)
2026-05-23 19:03:08.054 [main] DEBUG o.f.c.internal.sqlscript.DefaultSqlScriptExecutor - 0 rows affected
2026-05-23 19:03:08.054 [main] DEBUG o.f.c.i.schemahistory.JdbcTableSchemaHistory - Created Schema History table `admin_scaffold_test`.`flyway_schema_history`
2026-05-23 19:03:08.064 [main] DEBUG o.f.core.api.configuration.ClassicConfiguration - CherryPickConfigurationExtension not found
2026-05-23 19:03:08.069 [main] INFO  org.flywaydb.core.internal.command.DbMigrate - Current version of schema `admin_scaffold_test`: << Empty Schema >>
2026-05-23 19:03:08.069 [main] DEBUG org.flywaydb.core.internal.parser.Parser - Parsing V1__init_schema.sql ...
2026-05-23 19:03:08.071 [main] DEBUG o.flywaydb.core.internal.sqlscript.ParserSqlScript - Found statement at line 3: -- 初始化数据库架构
-- 创建用户表
CREATE TABLE IF NOT EXISTS `sys_user` (
    `id` BIGINT NOT NULL COMMENT '主键ID',
    `username` VARCHAR(50) NOT NULL COMMENT '用户名',
    `password` VARCHAR(100) NOT NULL COMMENT '密码',
    `nickname` VARCHAR(50) COMMENT '昵称',
    `email` VARCHAR(100) COMMENT '邮箱',
    `phone` VARCHAR(20) COMMENT '手机号',
    `avatar` VARCHAR(255) COMMENT '头像',
    `status` TINYINT DEFAULT 1 COMMENT '状态：0-禁用，1-启用',
    `created_at` DATETIME DEFAULT CURRENT_TIMESTAMP COMMENT '创建时间',
    `updated_at` DATETIME DEFAULT CURRENT_TIMESTAMP ON UPDATE CURRENT_TIMESTAMP COMMENT '更新时间',
    `created_by` VARCHAR(50) COMMENT '创建人',
    `updated_by` VARCHAR(50) COMMENT '更新人',
    `deleted` TINYINT DEFAULT 0 COMMENT '逻辑删除标志：0-未删除，1-已删除',
    `version` INT DEFAULT 1 COMMENT '版本号',
    PRIMARY KEY (`id`),
    UNIQUE KEY `uk_username` (`username`),
    KEY `idx_email` (`email`),
    KEY `idx_phone` (`phone`)
) ENGINE=InnoDB DEFAULT CHARSET=utf8mb4 COLLATE=utf8mb4_unicode_ci COMMENT='系统用户表'
2026-05-23 19:03:08.071 [main] DEBUG o.flywaydb.core.internal.sqlscript.ParserSqlScript - Found statement at line 25: -- 创建角色表
CREATE TABLE IF NOT EXISTS `sys_role` (
    `id` BIGINT NOT NULL COMMENT '主键ID',
    `role_name` VARCHAR(50) NOT NULL COMMENT '角色名称',
    `role_code` VARCHAR(50) NOT NULL COMMENT '角色编码',
    `description` VARCHAR(255) COMMENT '描述',
    `status` TINYINT DEFAULT 1 COMMENT '状态：0-禁用，1-启用',
    `created_at` DATETIME DEFAULT CURRENT_TIMESTAMP COMMENT '创建时间',
    `updated_at` DATETIME DEFAULT CURRENT_TIMESTAMP ON UPDATE CURRENT_TIMESTAMP COMMENT '更新时间',
    `created_by` VARCHAR(50) COMMENT '创建人',
    `updated_by` VARCHAR(50) COMMENT '更新人',
    `deleted` TINYINT DEFAULT 0 COMMENT '逻辑删除标志：0-未删除，1-已删除',
    `version` INT DEFAULT 1 COMMENT '版本号',
    PRIMARY KEY (`id`),
    UNIQUE KEY `uk_role_code` (`role_code`)
) ENGINE=InnoDB DEFAULT CHARSET=utf8mb4 COLLATE=utf8mb4_unicode_ci COMMENT='系统角色表'
2026-05-23 19:03:08.071 [main] DEBUG o.flywaydb.core.internal.sqlscript.ParserSqlScript - Found statement at line 42: -- 创建用户角色关联表
CREATE TABLE IF NOT EXISTS `sys_user_role` (
    `id` BIGINT NOT NULL COMMENT '主键ID',
    `user_id` BIGINT NOT NULL COMMENT '用户ID',
    `role_id` BIGINT NOT NULL COMMENT '角色ID',
    `created_at` DATETIME DEFAULT CURRENT_TIMESTAMP COMMENT '创建时间',
    `created_by` VARCHAR(50) COMMENT '创建人',
    `updated_at` DATETIME DEFAULT CURRENT_TIMESTAMP ON UPDATE CURRENT_TIMESTAMP COMMENT '更新时间',
    `updated_by` VARCHAR(50) COMMENT '更新人',
    `deleted` TINYINT DEFAULT 0 COMMENT '逻辑删除标志：0-未删除，1-已删除',
    PRIMARY KEY (`id`),
    UNIQUE KEY `uk_user_role` (`user_id`, `role_id`),
    KEY `idx_role_id` (`role_id`)
) ENGINE=InnoDB DEFAULT CHARSET=utf8mb4 COLLATE=utf8mb4_unicode_ci COMMENT='用户角色关联表'
2026-05-23 19:03:08.072 [main] DEBUG o.flywaydb.core.internal.sqlscript.ParserSqlScript - Found statement at line 57: -- 创建权限表
CREATE TABLE IF NOT EXISTS `sys_permission` (
    `id` BIGINT NOT NULL COMMENT '主键ID',
    `permission_name` VARCHAR(50) NOT NULL COMMENT '权限名称',
    `permission_code` VARCHAR(100) NOT NULL COMMENT '权限编码',
    `description` VARCHAR(255) COMMENT '描述',
    `status` TINYINT DEFAULT 1 COMMENT '状态：0-禁用，1-启用',
    `created_at` DATETIME DEFAULT CURRENT_TIMESTAMP COMMENT '创建时间',
    `updated_at` DATETIME DEFAULT CURRENT_TIMESTAMP ON UPDATE CURRENT_TIMESTAMP COMMENT '更新时间',
    `created_by` VARCHAR(50) COMMENT '创建人',
    `updated_by` VARCHAR(50) COMMENT '更新人',
    `deleted` TINYINT DEFAULT 0 COMMENT '逻辑删除标志：0-未删除，1-已删除',
    `version` INT DEFAULT 1 COMMENT '版本号',
    PRIMARY KEY (`id`),
    UNIQUE KEY `uk_permission_code` (`permission_code`)
) ENGINE=InnoDB DEFAULT CHARSET=utf8mb4 COLLATE=utf8mb4_unicode_ci COMMENT='系统权限表'
2026-05-23 19:03:08.072 [main] DEBUG o.flywaydb.core.internal.sqlscript.ParserSqlScript - Found statement at line 74: -- 创建角色权限关联表
CREATE TABLE IF NOT EXISTS `sys_role_permission` (
    `id` BIGINT NOT NULL COMMENT '主键ID',
    `role_id` BIGINT NOT NULL COMMENT '角色ID',
    `permission_id` BIGINT NOT NULL COMMENT '权限ID',
    `created_at` DATETIME DEFAULT CURRENT_TIMESTAMP COMMENT '创建时间',
    `created_by` VARCHAR(50) COMMENT '创建人',
    `updated_at` DATETIME DEFAULT CURRENT_TIMESTAMP ON UPDATE CURRENT_TIMESTAMP COMMENT '更新时间',
    `updated_by` VARCHAR(50) COMMENT '更新人',
    `deleted` TINYINT DEFAULT 0 COMMENT '逻辑删除标志：0-未删除，1-已删除',
    PRIMARY KEY (`id`),
    UNIQUE KEY `uk_role_permission` (`role_id`, `permission_id`),
    KEY `idx_permission_id` (`permission_id`)
) ENGINE=InnoDB DEFAULT CHARSET=utf8mb4 COLLATE=utf8mb4_unicode_ci COMMENT='角色权限关联表'
2026-05-23 19:03:08.073 [main] DEBUG org.flywaydb.core.internal.command.DbMigrate - Starting migration of schema `admin_scaffold_test` to version "1 - init schema" ...
2026-05-23 19:03:08.079 [main] INFO  org.flywaydb.core.internal.command.DbMigrate - Migrating schema `admin_scaffold_test` to version "1 - init schema"
2026-05-23 19:03:08.080 [main] DEBUG o.f.c.internal.sqlscript.DefaultSqlScriptExecutor - Executing SQL: -- 初始化数据库架构
-- 创建用户表
CREATE TABLE IF NOT EXISTS `sys_user` (
    `id` BIGINT NOT NULL COMMENT '主键ID',
    `username` VARCHAR(50) NOT NULL COMMENT '用户名',
    `password` VARCHAR(100) NOT NULL COMMENT '密码',
    `nickname` VARCHAR(50) COMMENT '昵称',
    `email` VARCHAR(100) COMMENT '邮箱',
    `phone` VARCHAR(20) COMMENT '手机号',
    `avatar` VARCHAR(255) COMMENT '头像',
    `status` TINYINT DEFAULT 1 COMMENT '状态：0-禁用，1-启用',
    `created_at` DATETIME DEFAULT CURRENT_TIMESTAMP COMMENT '创建时间',
    `updated_at` DATETIME DEFAULT CURRENT_TIMESTAMP ON UPDATE CURRENT_TIMESTAMP COMMENT '更新时间',
    `created_by` VARCHAR(50) COMMENT '创建人',
    `updated_by` VARCHAR(50) COMMENT '更新人',
    `deleted` TINYINT DEFAULT 0 COMMENT '逻辑删除标志：0-未删除，1-已删除',
    `version` INT DEFAULT 1 COMMENT '版本号',
    PRIMARY KEY (`id`),
    UNIQUE KEY `uk_username` (`username`),
    KEY `idx_email` (`email`),
    KEY `idx_phone` (`phone`)
) ENGINE=InnoDB DEFAULT CHARSET=utf8mb4 COLLATE=utf8mb4_unicode_ci COMMENT='系统用户表'
2026-05-23 19:03:08.165 [main] DEBUG o.f.c.internal.sqlscript.DefaultSqlScriptExecutor - 0 rows affected
2026-05-23 19:03:08.165 [main] DEBUG o.f.c.internal.sqlscript.DefaultSqlScriptExecutor - Executing SQL: -- 创建角色表
CREATE TABLE IF NOT EXISTS `sys_role` (
    `id` BIGINT NOT NULL COMMENT '主键ID',
    `role_name` VARCHAR(50) NOT NULL COMMENT '角色名称',
    `role_code` VARCHAR(50) NOT NULL COMMENT '角色编码',
    `description` VARCHAR(255) COMMENT '描述',
    `status` TINYINT DEFAULT 1 COMMENT '状态：0-禁用，1-启用',
    `created_at` DATETIME DEFAULT CURRENT_TIMESTAMP COMMENT '创建时间',
    `updated_at` DATETIME DEFAULT CURRENT_TIMESTAMP ON UPDATE CURRENT_TIMESTAMP COMMENT '更新时间',
    `created_by` VARCHAR(50) COMMENT '创建人',
    `updated_by` VARCHAR(50) COMMENT '更新人',
    `deleted` TINYINT DEFAULT 0 COMMENT '逻辑删除标志：0-未删除，1-已删除',
    `version` INT DEFAULT 1 COMMENT '版本号',
    PRIMARY KEY (`id`),
    UNIQUE KEY `uk_role_code` (`role_code`)
) ENGINE=InnoDB DEFAULT CHARSET=utf8mb4 COLLATE=utf8mb4_unicode_ci COMMENT='系统角色表'
2026-05-23 19:03:08.220 [main] DEBUG o.f.c.internal.sqlscript.DefaultSqlScriptExecutor - 0 rows affected
2026-05-23 19:03:08.220 [main] DEBUG o.f.c.internal.sqlscript.DefaultSqlScriptExecutor - Executing SQL: -- 创建用户角色关联表
CREATE TABLE IF NOT EXISTS `sys_user_role` (
    `id` BIGINT NOT NULL COMMENT '主键ID',
    `user_id` BIGINT NOT NULL COMMENT '用户ID',
    `role_id` BIGINT NOT NULL COMMENT '角色ID',
    `created_at` DATETIME DEFAULT CURRENT_TIMESTAMP COMMENT '创建时间',
    `created_by` VARCHAR(50) COMMENT '创建人',
    `updated_at` DATETIME DEFAULT CURRENT_TIMESTAMP ON UPDATE CURRENT_TIMESTAMP COMMENT '更新时间',
    `updated_by` VARCHAR(50) COMMENT '更新人',
    `deleted` TINYINT DEFAULT 0 COMMENT '逻辑删除标志：0-未删除，1-已删除',
    PRIMARY KEY (`id`),
    UNIQUE KEY `uk_user_role` (`user_id`, `role_id`),
    KEY `idx_role_id` (`role_id`)
) ENGINE=InnoDB DEFAULT CHARSET=utf8mb4 COLLATE=utf8mb4_unicode_ci COMMENT='用户角色关联表'
2026-05-23 19:03:08.286 [main] DEBUG o.f.c.internal.sqlscript.DefaultSqlScriptExecutor - 0 rows affected
2026-05-23 19:03:08.286 [main] DEBUG o.f.c.internal.sqlscript.DefaultSqlScriptExecutor - Executing SQL: -- 创建权限表
CREATE TABLE IF NOT EXISTS `sys_permission` (
    `id` BIGINT NOT NULL COMMENT '主键ID',
    `permission_name` VARCHAR(50) NOT NULL COMMENT '权限名称',
    `permission_code` VARCHAR(100) NOT NULL COMMENT '权限编码',
    `description` VARCHAR(255) COMMENT '描述',
    `status` TINYINT DEFAULT 1 COMMENT '状态：0-禁用，1-启用',
    `created_at` DATETIME DEFAULT CURRENT_TIMESTAMP COMMENT '创建时间',
    `updated_at` DATETIME DEFAULT CURRENT_TIMESTAMP ON UPDATE CURRENT_TIMESTAMP COMMENT '更新时间',
    `created_by` VARCHAR(50) COMMENT '创建人',
    `updated_by` VARCHAR(50) COMMENT '更新人',
    `deleted` TINYINT DEFAULT 0 COMMENT '逻辑删除标志：0-未删除，1-已删除',
    `version` INT DEFAULT 1 COMMENT '版本号',
    PRIMARY KEY (`id`),
    UNIQUE KEY `uk_permission_code` (`permission_code`)
) ENGINE=InnoDB DEFAULT CHARSET=utf8mb4 COLLATE=utf8mb4_unicode_ci COMMENT='系统权限表'
2026-05-23 19:03:08.340 [main] DEBUG o.f.c.internal.sqlscript.DefaultSqlScriptExecutor - 0 rows affected
2026-05-23 19:03:08.341 [main] DEBUG o.f.c.internal.sqlscript.DefaultSqlScriptExecutor - Executing SQL: -- 创建角色权限关联表
CREATE TABLE IF NOT EXISTS `sys_role_permission` (
    `id` BIGINT NOT NULL COMMENT '主键ID',
    `role_id` BIGINT NOT NULL COMMENT '角色ID',
    `permission_id` BIGINT NOT NULL COMMENT '权限ID',
    `created_at` DATETIME DEFAULT CURRENT_TIMESTAMP COMMENT '创建时间',
    `created_by` VARCHAR(50) COMMENT '创建人',
    `updated_at` DATETIME DEFAULT CURRENT_TIMESTAMP ON UPDATE CURRENT_TIMESTAMP COMMENT '更新时间',
    `updated_by` VARCHAR(50) COMMENT '更新人',
    `deleted` TINYINT DEFAULT 0 COMMENT '逻辑删除标志：0-未删除，1-已删除',
    PRIMARY KEY (`id`),
    UNIQUE KEY `uk_role_permission` (`role_id`, `permission_id`),
    KEY `idx_permission_id` (`permission_id`)
) ENGINE=InnoDB DEFAULT CHARSET=utf8mb4 COLLATE=utf8mb4_unicode_ci COMMENT='角色权限关联表'
2026-05-23 19:03:08.406 [main] DEBUG o.f.c.internal.sqlscript.DefaultSqlScriptExecutor - 0 rows affected
2026-05-23 19:03:08.406 [main] DEBUG org.flywaydb.core.internal.command.DbMigrate - Successfully completed migration of schema `admin_scaffold_test` to version "1 - init schema"
2026-05-23 19:03:08.419 [main] DEBUG o.f.c.i.schemahistory.JdbcTableSchemaHistory - Schema History table `admin_scaffold_test`.`flyway_schema_history` successfully updated to reflect changes
2026-05-23 19:03:08.435 [main] DEBUG o.f.core.api.configuration.ClassicConfiguration - CherryPickConfigurationExtension not found
2026-05-23 19:03:08.441 [main] DEBUG org.flywaydb.core.internal.parser.Parser - Parsing V2__add_menu_and_permission_fields.sql ...
2026-05-23 19:03:08.443 [main] DEBUG o.flywaydb.core.internal.sqlscript.ParserSqlScript - Found statement at line 7: -- V2: 添加菜单表和权限字段扩展
-- 任务: 创建 sys_menu 表，补充 sys_permission 字段，创建 sys_role_menu 关联表

-- ============================================================
-- 1. 创建菜单表 sys_menu
-- ============================================================
CREATE TABLE IF NOT EXISTS `sys_menu` (
    `id` BIGINT NOT NULL COMMENT '主键ID',
    `parent_id` BIGINT DEFAULT 0 COMMENT '父菜单ID，0表示顶级菜单',
    `name` VARCHAR(64) NOT NULL COMMENT '菜单名称',
    `path` VARCHAR(255) COMMENT '路由路径',
    `component` VARCHAR(255) COMMENT '前端组件路径',
    `icon` VARCHAR(64) COMMENT '图标',
    `sort_order` INT DEFAULT 0 COMMENT '排序号',
    `type` TINYINT NOT NULL COMMENT '类型：1-目录，2-菜单，3-按钮',
    `permission_code` VARCHAR(64) COMMENT '权限码',
    `visible` TINYINT DEFAULT 1 COMMENT '是否可见：0-隐藏，1-显示',
    `status` TINYINT DEFAULT 1 COMMENT '状态：0-禁用，1-启用',
    `created_at` DATETIME DEFAULT CURRENT_TIMESTAMP COMMENT '创建时间',
    `created_by` VARCHAR(50) COMMENT '创建人',
    `updated_at` DATETIME DEFAULT CURRENT_TIMESTAMP ON UPDATE CURRENT_TIMESTAMP COMMENT '更新时间',
    `updated_by` VARCHAR(50) COMMENT '更新人',
    `deleted` TINYINT DEFAULT 0 COMMENT '逻辑删除标志：0-未删除，1-已删除',
    `version` INT DEFAULT 1 COMMENT '版本号',
    PRIMARY KEY (`id`),
    KEY `idx_parent_id` (`parent_id`),
    KEY `idx_permission_code` (`permission_code`)
) ENGINE=InnoDB DEFAULT CHARSET=utf8mb4 COLLATE=utf8mb4_unicode_ci COMMENT='系统菜单表'
2026-05-23 19:03:08.444 [main] DEBUG o.flywaydb.core.internal.sqlscript.ParserSqlScript - Found statement at line 33: -- ============================================================
-- 2. 扩展 sys_permission 表字段
-- ============================================================
ALTER TABLE `sys_permission`
    ADD COLUMN `type` VARCHAR(32) COMMENT '权限类型：MENU-菜单权限，BUTTON-按钮权限，API-接口权限' AFTER `description`,
    ADD COLUMN `module` VARCHAR(64) COMMENT '所属模块，如 system、auth' AFTER `type`,
    ADD COLUMN `resource` VARCHAR(64) COMMENT '资源标识，如 user、role' AFTER `module`,
    ADD COLUMN `action` VARCHAR(32) COMMENT '操作类型，如 view、create、update、delete' AFTER `resource`
2026-05-23 19:03:08.444 [main] DEBUG o.flywaydb.core.internal.sqlscript.ParserSqlScript - Found statement at line 40: -- 为权限类型字段添加索引
ALTER TABLE `sys_permission`
    ADD KEY `idx_type` (`type`)
2026-05-23 19:03:08.445 [main] DEBUG o.flywaydb.core.internal.sqlscript.ParserSqlScript - Found statement at line 46: -- ============================================================
-- 3. 创建角色菜单关联表 sys_role_menu
-- ============================================================
CREATE TABLE IF NOT EXISTS `sys_role_menu` (
    `id` BIGINT NOT NULL COMMENT '主键ID',
    `role_id` BIGINT NOT NULL COMMENT '角色ID',
    `menu_id` BIGINT NOT NULL COMMENT '菜单ID',
    `created_at` DATETIME DEFAULT CURRENT_TIMESTAMP COMMENT '创建时间',
    `created_by` VARCHAR(50) COMMENT '创建人',
    `updated_at` DATETIME DEFAULT CURRENT_TIMESTAMP ON UPDATE CURRENT_TIMESTAMP COMMENT '更新时间',
    `updated_by` VARCHAR(50) COMMENT '更新人',
    `deleted` TINYINT DEFAULT 0 COMMENT '逻辑删除标志：0-未删除，1-已删除',
    PRIMARY KEY (`id`),
    UNIQUE KEY `uk_role_menu` (`role_id`, `menu_id`),
    KEY `idx_menu_id` (`menu_id`)
) ENGINE=InnoDB DEFAULT CHARSET=utf8mb4 COLLATE=utf8mb4_unicode_ci COMMENT='角色菜单关联表'
2026-05-23 19:03:08.446 [main] DEBUG org.flywaydb.core.internal.command.DbMigrate - Starting migration of schema `admin_scaffold_test` to version "2 - add menu and permission fields" ...
2026-05-23 19:03:08.449 [main] INFO  org.flywaydb.core.internal.command.DbMigrate - Migrating schema `admin_scaffold_test` to version "2 - add menu and permission fields"
2026-05-23 19:03:08.450 [main] DEBUG o.f.c.internal.sqlscript.DefaultSqlScriptExecutor - Executing SQL: -- V2: 添加菜单表和权限字段扩展
-- 任务: 创建 sys_menu 表，补充 sys_permission 字段，创建 sys_role_menu 关联表

-- ============================================================
-- 1. 创建菜单表 sys_menu
-- ============================================================
CREATE TABLE IF NOT EXISTS `sys_menu` (
    `id` BIGINT NOT NULL COMMENT '主键ID',
    `parent_id` BIGINT DEFAULT 0 COMMENT '父菜单ID，0表示顶级菜单',
    `name` VARCHAR(64) NOT NULL COMMENT '菜单名称',
    `path` VARCHAR(255) COMMENT '路由路径',
    `component` VARCHAR(255) COMMENT '前端组件路径',
    `icon` VARCHAR(64) COMMENT '图标',
    `sort_order` INT DEFAULT 0 COMMENT '排序号',
    `type` TINYINT NOT NULL COMMENT '类型：1-目录，2-菜单，3-按钮',
    `permission_code` VARCHAR(64) COMMENT '权限码',
    `visible` TINYINT DEFAULT 1 COMMENT '是否可见：0-隐藏，1-显示',
    `status` TINYINT DEFAULT 1 COMMENT '状态：0-禁用，1-启用',
    `created_at` DATETIME DEFAULT CURRENT_TIMESTAMP COMMENT '创建时间',
    `created_by` VARCHAR(50) COMMENT '创建人',
    `updated_at` DATETIME DEFAULT CURRENT_TIMESTAMP ON UPDATE CURRENT_TIMESTAMP COMMENT '更新时间',
    `updated_by` VARCHAR(50) COMMENT '更新人',
    `deleted` TINYINT DEFAULT 0 COMMENT '逻辑删除标志：0-未删除，1-已删除',
    `version` INT DEFAULT 1 COMMENT '版本号',
    PRIMARY KEY (`id`),
    KEY `idx_parent_id` (`parent_id`),
    KEY `idx_permission_code` (`permission_code`)
) ENGINE=InnoDB DEFAULT CHARSET=utf8mb4 COLLATE=utf8mb4_unicode_ci COMMENT='系统菜单表'
2026-05-23 19:03:08.520 [main] DEBUG o.f.c.internal.sqlscript.DefaultSqlScriptExecutor - 0 rows affected
2026-05-23 19:03:08.520 [main] DEBUG o.f.c.internal.sqlscript.DefaultSqlScriptExecutor - Executing SQL: -- ============================================================
-- 2. 扩展 sys_permission 表字段
-- ============================================================
ALTER TABLE `sys_permission`
    ADD COLUMN `type` VARCHAR(32) COMMENT '权限类型：MENU-菜单权限，BUTTON-按钮权限，API-接口权限' AFTER `description`,
    ADD COLUMN `module` VARCHAR(64) COMMENT '所属模块，如 system、auth' AFTER `type`,
    ADD COLUMN `resource` VARCHAR(64) COMMENT '资源标识，如 user、role' AFTER `module`,
    ADD COLUMN `action` VARCHAR(32) COMMENT '操作类型，如 view、create、update、delete' AFTER `resource`
2026-05-23 19:03:08.547 [main] DEBUG o.f.c.internal.sqlscript.DefaultSqlScriptExecutor - 0 rows affected
2026-05-23 19:03:08.547 [main] DEBUG o.f.c.internal.sqlscript.DefaultSqlScriptExecutor - Executing SQL: -- 为权限类型字段添加索引
ALTER TABLE `sys_permission`
    ADD KEY `idx_type` (`type`)
2026-05-23 19:03:08.578 [main] DEBUG o.f.c.internal.sqlscript.DefaultSqlScriptExecutor - 0 rows affected
2026-05-23 19:03:08.578 [main] DEBUG o.f.c.internal.sqlscript.DefaultSqlScriptExecutor - Executing SQL: -- ============================================================
-- 3. 创建角色菜单关联表 sys_role_menu
-- ============================================================
CREATE TABLE IF NOT EXISTS `sys_role_menu` (
    `id` BIGINT NOT NULL COMMENT '主键ID',
    `role_id` BIGINT NOT NULL COMMENT '角色ID',
    `menu_id` BIGINT NOT NULL COMMENT '菜单ID',
    `created_at` DATETIME DEFAULT CURRENT_TIMESTAMP COMMENT '创建时间',
    `created_by` VARCHAR(50) COMMENT '创建人',
    `updated_at` DATETIME DEFAULT CURRENT_TIMESTAMP ON UPDATE CURRENT_TIMESTAMP COMMENT '更新时间',
    `updated_by` VARCHAR(50) COMMENT '更新人',
    `deleted` TINYINT DEFAULT 0 COMMENT '逻辑删除标志：0-未删除，1-已删除',
    PRIMARY KEY (`id`),
    UNIQUE KEY `uk_role_menu` (`role_id`, `menu_id`),
    KEY `idx_menu_id` (`menu_id`)
) ENGINE=InnoDB DEFAULT CHARSET=utf8mb4 COLLATE=utf8mb4_unicode_ci COMMENT='角色菜单关联表'
2026-05-23 19:03:08.646 [main] DEBUG o.f.c.internal.sqlscript.DefaultSqlScriptExecutor - 0 rows affected
2026-05-23 19:03:08.646 [main] DEBUG org.flywaydb.core.internal.command.DbMigrate - Successfully completed migration of schema `admin_scaffold_test` to version "2 - add menu and permission fields"
2026-05-23 19:03:08.656 [main] DEBUG o.f.c.i.schemahistory.JdbcTableSchemaHistory - Schema History table `admin_scaffold_test`.`flyway_schema_history` successfully updated to reflect changes
2026-05-23 19:03:08.672 [main] DEBUG o.f.core.api.configuration.ClassicConfiguration - CherryPickConfigurationExtension not found
2026-05-23 19:03:08.678 [main] DEBUG org.flywaydb.core.internal.parser.Parser - Parsing V3__seed_data.sql ...
2026-05-23 19:03:08.679 [main] DEBUG o.flywaydb.core.internal.sqlscript.ParserSqlScript - Found statement at line 9: -- V3: 修复列名不匹配 + 种子数据
-- LOCAL-ONLY: 仅用于本地开发环境
-- 修复 V1 Schema 与 Entity 字段名之间的不一致（MyBatis-Plus 驼峰映射）

-- ============================================================
-- 1. 修复 sys_user 列名
-- ============================================================
-- status: TINYINT → VARCHAR(32)，映射 0→DISABLED, 1→ENABLED
ALTER TABLE `sys_user` MODIFY COLUMN `status` VARCHAR(32) NOT NULL DEFAULT 'ENABLED' COMMENT '状态(ENABLED/DISABLED/LOCKED)'
2026-05-23 19:03:08.679 [main] DEBUG o.flywaydb.core.internal.sqlscript.ParserSqlScript - Found statement at line 10: UPDATE `sys_user` SET `status` = CASE WHEN `status` = '0' THEN 'DISABLED' WHEN `status` = '1' THEN 'ENABLED' ELSE `status` END WHERE `status` IN ('0', '1')
2026-05-23 19:03:08.679 [main] DEBUG o.flywaydb.core.internal.sqlscript.ParserSqlScript - Found statement at line 12: -- password → password_hash
ALTER TABLE `sys_user` CHANGE COLUMN `password` `password_hash` VARCHAR(100) NOT NULL COMMENT '密码哈希'
2026-05-23 19:03:08.679 [main] DEBUG o.flywaydb.core.internal.sqlscript.ParserSqlScript - Found statement at line 14: -- avatar → avatar_file_id（类型不变仍为 VARCHAR，后续可通过新迁移改为 BIGINT）
ALTER TABLE `sys_user` CHANGE COLUMN `avatar` `avatar_file_id` VARCHAR(255) COMMENT '头像文件ID'
2026-05-23 19:03:08.679 [main] DEBUG o.flywaydb.core.internal.sqlscript.ParserSqlScript - Found statement at line 16: -- 添加缺失列
ALTER TABLE `sys_user` ADD COLUMN `token_version` INT DEFAULT 1 COMMENT 'token版本号' AFTER `status`
2026-05-23 19:03:08.679 [main] DEBUG o.flywaydb.core.internal.sqlscript.ParserSqlScript - Found statement at line 17: ALTER TABLE `sys_user` ADD COLUMN `last_login_at` DATETIME COMMENT '最后登录时间' AFTER `token_version`
2026-05-23 19:03:08.679 [main] DEBUG o.flywaydb.core.internal.sqlscript.ParserSqlScript - Found statement at line 18: ALTER TABLE `sys_user` ADD COLUMN `last_login_ip` VARCHAR(50) COMMENT '最后登录IP' AFTER `last_login_at`
2026-05-23 19:03:08.679 [main] DEBUG o.flywaydb.core.internal.sqlscript.ParserSqlScript - Found statement at line 19: ALTER TABLE `sys_user` ADD COLUMN `employee_id` BIGINT COMMENT '绑定员工ID' AFTER `avatar_file_id`
2026-05-23 19:03:08.679 [main] DEBUG o.flywaydb.core.internal.sqlscript.ParserSqlScript - Found statement at line 24: -- ============================================================
-- 1b. 修复 sys_user_role 缺失列
-- ============================================================
ALTER TABLE `sys_user_role` ADD COLUMN `version` INT DEFAULT 1 COMMENT '版本号' AFTER `deleted`
2026-05-23 19:03:08.679 [main] DEBUG o.flywaydb.core.internal.sqlscript.ParserSqlScript - Found statement at line 29: -- ============================================================
-- 1c. 修复 sys_role_permission 缺失列
-- ============================================================
ALTER TABLE `sys_role_permission` ADD COLUMN `version` INT DEFAULT 1 COMMENT '版本号' AFTER `deleted`
2026-05-23 19:03:08.679 [main] DEBUG o.flywaydb.core.internal.sqlscript.ParserSqlScript - Found statement at line 34: -- ============================================================
-- 1d. 修复 sys_role_menu 缺失列
-- ============================================================
ALTER TABLE `sys_role_menu` ADD COLUMN `version` INT DEFAULT 1 COMMENT '版本号' AFTER `deleted`
2026-05-23 19:03:08.679 [main] DEBUG o.flywaydb.core.internal.sqlscript.ParserSqlScript - Found statement at line 40: -- ============================================================
-- 2. 修复 sys_role 列名
-- ============================================================
-- status: TINYINT → VARCHAR(32)
ALTER TABLE `sys_role` MODIFY COLUMN `status` VARCHAR(32) NOT NULL DEFAULT 'ENABLED' COMMENT '状态(ENABLED/DISABLED)'
2026-05-23 19:03:08.679 [main] DEBUG o.flywaydb.core.internal.sqlscript.ParserSqlScript - Found statement at line 41: UPDATE `sys_role` SET `status` = CASE WHEN `status` = '0' THEN 'DISABLED' WHEN `status` = '1' THEN 'ENABLED' ELSE `status` END WHERE `status` IN ('0', '1')
2026-05-23 19:03:08.679 [main] DEBUG o.flywaydb.core.internal.sqlscript.ParserSqlScript - Found statement at line 43: -- role_name → name, role_code → code
ALTER TABLE `sys_role` CHANGE COLUMN `role_name` `name` VARCHAR(50) NOT NULL COMMENT '角色名称'
2026-05-23 19:03:08.679 [main] DEBUG o.flywaydb.core.internal.sqlscript.ParserSqlScript - Found statement at line 44: ALTER TABLE `sys_role` CHANGE COLUMN `role_code` `code` VARCHAR(50) NOT NULL COMMENT '角色编码'
2026-05-23 19:03:08.679 [main] DEBUG o.flywaydb.core.internal.sqlscript.ParserSqlScript - Found statement at line 46: -- 添加缺失列
ALTER TABLE `sys_role` ADD COLUMN `sort_order` INT DEFAULT 0 COMMENT '排序号' AFTER `description`
2026-05-23 19:03:08.679 [main] DEBUG o.flywaydb.core.internal.sqlscript.ParserSqlScript - Found statement at line 47: ALTER TABLE `sys_role` ADD COLUMN `data_scope_type` VARCHAR(32) DEFAULT 'SELF' COMMENT '数据权限范围' AFTER `sort_order`
2026-05-23 19:03:08.679 [main] DEBUG o.flywaydb.core.internal.sqlscript.ParserSqlScript - Found statement at line 53: -- ============================================================
-- 3. 修复 sys_permission 列名和类型
-- ============================================================
-- status: TINYINT → VARCHAR(32)
ALTER TABLE `sys_permission` MODIFY COLUMN `status` VARCHAR(32) NOT NULL DEFAULT 'ENABLED' COMMENT '状态'
2026-05-23 19:03:08.679 [main] DEBUG o.flywaydb.core.internal.sqlscript.ParserSqlScript - Found statement at line 54: UPDATE `sys_permission` SET `status` = CASE WHEN `status` = '0' THEN 'DISABLED' WHEN `status` = '1' THEN 'ENABLED' ELSE `status` END WHERE `status` IN ('0', '1')
2026-05-23 19:03:08.679 [main] DEBUG o.flywaydb.core.internal.sqlscript.ParserSqlScript - Found statement at line 56: -- permission_name → name, permission_code → code
ALTER TABLE `sys_permission` CHANGE COLUMN `permission_name` `name` VARCHAR(50) NOT NULL COMMENT '权限名称'
2026-05-23 19:03:08.679 [main] DEBUG o.flywaydb.core.internal.sqlscript.ParserSqlScript - Found statement at line 57: ALTER TABLE `sys_permission` CHANGE COLUMN `permission_code` `code` VARCHAR(100) NOT NULL COMMENT '权限编码'
2026-05-23 19:03:08.680 [main] DEBUG o.flywaydb.core.internal.sqlscript.ParserSqlScript - Found statement at line 59: -- 添加缺失列
ALTER TABLE `sys_permission` ADD COLUMN `sort_order` INT DEFAULT 0 COMMENT '排序号' AFTER `status`
2026-05-23 19:03:08.680 [main] DEBUG o.flywaydb.core.internal.sqlscript.ParserSqlScript - Found statement at line 64: -- ============================================================
-- 4. 种子数据：管理员角色
-- ============================================================
INSERT INTO sys_role (id, code, name, description, status, data_scope_type, sort_order, created_at, updated_at, created_by, updated_by, deleted, version)
VALUES (1, 'ADMIN', '超级管理员', '系统超级管理员，拥有所有权限', 'ENABLED', 'ALL', 1, NOW(), NOW(), 'system', 'system', 0, 1)
2026-05-23 19:03:08.680 [main] DEBUG o.flywaydb.core.internal.sqlscript.ParserSqlScript - Found statement at line 70: -- ============================================================
-- 5. 种子数据：普通用户角色
-- ============================================================
INSERT INTO sys_role (id, code, name, description, status, data_scope_type, sort_order, created_at, updated_at, created_by, updated_by, deleted, version)
VALUES (2, 'USER', '普通用户', '普通用户，拥有基本查看权限', 'ENABLED', 'SELF', 2, NOW(), NOW(), 'system', 'system', 0, 1)
2026-05-23 19:03:08.680 [main] DEBUG o.flywaydb.core.internal.sqlscript.ParserSqlScript - Found statement at line 76: -- ============================================================
-- 6. 种子数据：管理员用户（密码: admin123，BCrypt 加密）
-- ============================================================
INSERT INTO sys_user (id, username, password_hash, nickname, status, created_at, updated_at, created_by, updated_by, deleted, version)
VALUES (1, 'admin', '$2a$10$P6lqkvsCYZINKMUv0gjW7ON8IJB8UM71Rk4i9oAQxaHjSoXZ5TCLm', '超级管理员', 'ENABLED', NOW(), NOW(), 'system', 'system', 0, 1)
2026-05-23 19:03:08.680 [main] DEBUG o.flywaydb.core.internal.sqlscript.ParserSqlScript - Found statement at line 82: -- ============================================================
-- 7. 种子数据：测试用户（密码: test123，BCrypt 加密）
-- ============================================================
INSERT INTO sys_user (id, username, password_hash, nickname, status, created_at, updated_at, created_by, updated_by, deleted, version)
VALUES (2, 'testuser', '$2a$10$P6lqkvsCYZINKMUv0gjW7ON8IJB8UM71Rk4i9oAQxaHjSoXZ5TCLm', '测试用户', 'ENABLED', NOW(), NOW(), 'system', 'system', 0, 1)
2026-05-23 19:03:08.680 [main] DEBUG o.flywaydb.core.internal.sqlscript.ParserSqlScript - Found statement at line 88: -- ============================================================
-- 8. 关联管理员用户和角色
-- ============================================================
INSERT INTO sys_user_role (id, user_id, role_id, created_at, created_by, updated_at, updated_by, deleted)
VALUES (1, 1, 1, NOW(), 'system', NOW(), 'system', 0)
2026-05-23 19:03:08.680 [main] DEBUG o.flywaydb.core.internal.sqlscript.ParserSqlScript - Found statement at line 94: -- ============================================================
-- 9. 种子数据：基础权限
-- ============================================================
INSERT INTO sys_permission (id, code, name, description, status, type, module, resource, action, sort_order, created_at, updated_at, created_by, updated_by, deleted, version)
VALUES
(1, 'system:user:view', '查看用户', '查看用户信息', 'ENABLED', 'BUTTON', 'system', 'user', 'view', 1, NOW(), NOW(), 'system', 'system', 0, 1),
(2, 'system:user:create', '创建用户', '创建新用户', 'ENABLED', 'BUTTON', 'system', 'user', 'create', 2, NOW(), NOW(), 'system', 'system', 0, 1),
(3, 'system:user:update', '编辑用户', '编辑用户信息', 'ENABLED', 'BUTTON', 'system', 'user', 'update', 3, NOW(), NOW(), 'system', 'system', 0, 1),
(4, 'system:user:delete', '删除用户', '删除用户', 'ENABLED', 'BUTTON', 'system', 'user', 'delete', 4, NOW(), NOW(), 'system', 'system', 0, 1),
(5, 'system:role:view', '查看角色', '查看角色信息', 'ENABLED', 'BUTTON', 'system', 'role', 'view', 5, NOW(), NOW(), 'system', 'system', 0, 1),
(6, 'system:role:create', '创建角色', '创建新角色', 'ENABLED', 'BUTTON', 'system', 'role', 'create', 6, NOW(), NOW(), 'system', 'system', 0, 1),
(7, 'system:role:update', '编辑角色', '编辑角色信息', 'ENABLED', 'BUTTON', 'system', 'role', 'update', 7, NOW(), NOW(), 'system', 'system', 0, 1),
(8, 'system:role:delete', '删除角色', '删除角色', 'ENABLED', 'BUTTON', 'system', 'role', 'delete', 8, NOW(), NOW(), 'system', 'system', 0, 1)
2026-05-23 19:03:08.681 [main] DEBUG o.flywaydb.core.internal.sqlscript.ParserSqlScript - Found statement at line 108: -- ============================================================
-- 10. 种子数据：基础菜单
-- ============================================================
INSERT INTO sys_menu (id, parent_id, name, path, component, icon, sort_order, type, permission_code, visible, status, created_at, updated_at, created_by, updated_by, deleted, version)
VALUES
(1, 0, '系统管理', '/system', NULL, 'setting', 1, 1, NULL, 1, 1, NOW(), NOW(), 'system', 'system', 0, 1),
(2, 1, '用户管理', '/system/users', 'system/users/index', 'user', 1, 2, 'system:user:view', 1, 1, NOW(), NOW(), 'system', 'system', 0, 1),
(3, 1, '角色管理', '/system/roles', 'system/roles/index', 'team', 2, 2, 'system:role:view', 1, 1, NOW(), NOW(), 'system', 'system', 0, 1),
(4, 1, '权限管理', '/system/permissions', 'system/permissions/index', 'safety', 3, 2, 'system:permission:view', 1, 1, NOW(), NOW(), 'system', 'system', 0, 1),
(5, 1, '菜单管理', '/system/menus', 'system/menus/index', 'menu', 4, 2, 'system:menu:view', 1, 1, NOW(), NOW(), 'system', 'system', 0, 1)
2026-05-23 19:03:08.681 [main] DEBUG o.flywaydb.core.internal.sqlscript.ParserSqlScript - Found statement at line 119: -- ============================================================
-- 11. 关联管理员角色和所有权限
-- ============================================================
INSERT INTO sys_role_permission (id, role_id, permission_id, created_at, created_by, updated_at, updated_by, deleted)
VALUES
(1, 1, 1, NOW(), 'system', NOW(), 'system', 0),
(2, 1, 2, NOW(), 'system', NOW(), 'system', 0),
(3, 1, 3, NOW(), 'system', NOW(), 'system', 0),
(4, 1, 4, NOW(), 'system', NOW(), 'system', 0),
(5, 1, 5, NOW(), 'system', NOW(), 'system', 0),
(6, 1, 6, NOW(), 'system', NOW(), 'system', 0),
(7, 1, 7, NOW(), 'system', NOW(), 'system', 0),
(8, 1, 8, NOW(), 'system', NOW(), 'system', 0)
2026-05-23 19:03:08.682 [main] DEBUG o.flywaydb.core.internal.sqlscript.ParserSqlScript - Found statement at line 133: -- ============================================================
-- 12. 关联管理员角色和所有菜单
-- ============================================================
INSERT INTO sys_role_menu (id, role_id, menu_id, created_at, created_by, updated_at, updated_by, deleted)
VALUES
(1, 1, 1, NOW(), 'system', NOW(), 'system', 0),
(2, 1, 2, NOW(), 'system', NOW(), 'system', 0),
(3, 1, 3, NOW(), 'system', NOW(), 'system', 0),
(4, 1, 4, NOW(), 'system', NOW(), 'system', 0),
(5, 1, 5, NOW(), 'system', NOW(), 'system', 0)
2026-05-23 19:03:08.683 [main] DEBUG org.flywaydb.core.internal.command.DbMigrate - Starting migration of schema `admin_scaffold_test` to version "3 - seed data" ...
2026-05-23 19:03:08.686 [main] INFO  org.flywaydb.core.internal.command.DbMigrate - Migrating schema `admin_scaffold_test` to version "3 - seed data"
2026-05-23 19:03:08.687 [main] DEBUG o.f.c.internal.sqlscript.DefaultSqlScriptExecutor - Executing SQL: -- V3: 修复列名不匹配 + 种子数据
-- LOCAL-ONLY: 仅用于本地开发环境
-- 修复 V1 Schema 与 Entity 字段名之间的不一致（MyBatis-Plus 驼峰映射）

-- ============================================================
-- 1. 修复 sys_user 列名
-- ============================================================
-- status: TINYINT → VARCHAR(32)，映射 0→DISABLED, 1→ENABLED
ALTER TABLE `sys_user` MODIFY COLUMN `status` VARCHAR(32) NOT NULL DEFAULT 'ENABLED' COMMENT '状态(ENABLED/DISABLED/LOCKED)'
2026-05-23 19:03:08.830 [main] DEBUG o.f.c.internal.sqlscript.DefaultSqlScriptExecutor - 0 rows affected
2026-05-23 19:03:08.830 [main] DEBUG o.f.c.internal.sqlscript.DefaultSqlScriptExecutor - Executing SQL: UPDATE `sys_user` SET `status` = CASE WHEN `status` = '0' THEN 'DISABLED' WHEN `status` = '1' THEN 'ENABLED' ELSE `status` END WHERE `status` IN ('0', '1')
2026-05-23 19:03:08.832 [main] DEBUG o.f.c.internal.sqlscript.DefaultSqlScriptExecutor - 0 rows affected
2026-05-23 19:03:08.832 [main] DEBUG o.f.c.internal.sqlscript.DefaultSqlScriptExecutor - Executing SQL: -- password → password_hash
ALTER TABLE `sys_user` CHANGE COLUMN `password` `password_hash` VARCHAR(100) NOT NULL COMMENT '密码哈希'
2026-05-23 19:03:08.859 [main] DEBUG o.f.c.internal.sqlscript.DefaultSqlScriptExecutor - 0 rows affected
2026-05-23 19:03:08.859 [main] DEBUG o.f.c.internal.sqlscript.DefaultSqlScriptExecutor - Executing SQL: -- avatar → avatar_file_id（类型不变仍为 VARCHAR，后续可通过新迁移改为 BIGINT）
ALTER TABLE `sys_user` CHANGE COLUMN `avatar` `avatar_file_id` VARCHAR(255) COMMENT '头像文件ID'
2026-05-23 19:03:08.885 [main] DEBUG o.f.c.internal.sqlscript.DefaultSqlScriptExecutor - 0 rows affected
2026-05-23 19:03:08.885 [main] DEBUG o.f.c.internal.sqlscript.DefaultSqlScriptExecutor - Executing SQL: -- 添加缺失列
ALTER TABLE `sys_user` ADD COLUMN `token_version` INT DEFAULT 1 COMMENT 'token版本号' AFTER `status`
2026-05-23 19:03:08.911 [main] DEBUG o.f.c.internal.sqlscript.DefaultSqlScriptExecutor - 0 rows affected
2026-05-23 19:03:08.911 [main] DEBUG o.f.c.internal.sqlscript.DefaultSqlScriptExecutor - Executing SQL: ALTER TABLE `sys_user` ADD COLUMN `last_login_at` DATETIME COMMENT '最后登录时间' AFTER `token_version`
2026-05-23 19:03:08.941 [main] DEBUG o.f.c.internal.sqlscript.DefaultSqlScriptExecutor - 0 rows affected
2026-05-23 19:03:08.941 [main] DEBUG o.f.c.internal.sqlscript.DefaultSqlScriptExecutor - Executing SQL: ALTER TABLE `sys_user` ADD COLUMN `last_login_ip` VARCHAR(50) COMMENT '最后登录IP' AFTER `last_login_at`
2026-05-23 19:03:08.983 [main] DEBUG o.f.c.internal.sqlscript.DefaultSqlScriptExecutor - 0 rows affected
2026-05-23 19:03:08.983 [main] DEBUG o.f.c.internal.sqlscript.DefaultSqlScriptExecutor - Executing SQL: ALTER TABLE `sys_user` ADD COLUMN `employee_id` BIGINT COMMENT '绑定员工ID' AFTER `avatar_file_id`
2026-05-23 19:03:09.012 [main] DEBUG o.f.c.internal.sqlscript.DefaultSqlScriptExecutor - 0 rows affected
2026-05-23 19:03:09.012 [main] DEBUG o.f.c.internal.sqlscript.DefaultSqlScriptExecutor - Executing SQL: -- ============================================================
-- 1b. 修复 sys_user_role 缺失列
-- ============================================================
ALTER TABLE `sys_user_role` ADD COLUMN `version` INT DEFAULT 1 COMMENT '版本号' AFTER `deleted`
2026-05-23 19:03:09.033 [main] DEBUG o.f.c.internal.sqlscript.DefaultSqlScriptExecutor - 0 rows affected
2026-05-23 19:03:09.033 [main] DEBUG o.f.c.internal.sqlscript.DefaultSqlScriptExecutor - Executing SQL: -- ============================================================
-- 1c. 修复 sys_role_permission 缺失列
-- ============================================================
ALTER TABLE `sys_role_permission` ADD COLUMN `version` INT DEFAULT 1 COMMENT '版本号' AFTER `deleted`
2026-05-23 19:03:09.060 [main] DEBUG o.f.c.internal.sqlscript.DefaultSqlScriptExecutor - 0 rows affected
2026-05-23 19:03:09.060 [main] DEBUG o.f.c.internal.sqlscript.DefaultSqlScriptExecutor - Executing SQL: -- ============================================================
-- 1d. 修复 sys_role_menu 缺失列
-- ============================================================
ALTER TABLE `sys_role_menu` ADD COLUMN `version` INT DEFAULT 1 COMMENT '版本号' AFTER `deleted`
2026-05-23 19:03:09.089 [main] DEBUG o.f.c.internal.sqlscript.DefaultSqlScriptExecutor - 0 rows affected
2026-05-23 19:03:09.089 [main] DEBUG o.f.c.internal.sqlscript.DefaultSqlScriptExecutor - Executing SQL: -- ============================================================
-- 2. 修复 sys_role 列名
-- ============================================================
-- status: TINYINT → VARCHAR(32)
ALTER TABLE `sys_role` MODIFY COLUMN `status` VARCHAR(32) NOT NULL DEFAULT 'ENABLED' COMMENT '状态(ENABLED/DISABLED)'
2026-05-23 19:03:09.204 [main] DEBUG o.f.c.internal.sqlscript.DefaultSqlScriptExecutor - 0 rows affected
2026-05-23 19:03:09.205 [main] DEBUG o.f.c.internal.sqlscript.DefaultSqlScriptExecutor - Executing SQL: UPDATE `sys_role` SET `status` = CASE WHEN `status` = '0' THEN 'DISABLED' WHEN `status` = '1' THEN 'ENABLED' ELSE `status` END WHERE `status` IN ('0', '1')
2026-05-23 19:03:09.207 [main] DEBUG o.f.c.internal.sqlscript.DefaultSqlScriptExecutor - 0 rows affected
2026-05-23 19:03:09.207 [main] DEBUG o.f.c.internal.sqlscript.DefaultSqlScriptExecutor - Executing SQL: -- role_name → name, role_code → code
ALTER TABLE `sys_role` CHANGE COLUMN `role_name` `name` VARCHAR(50) NOT NULL COMMENT '角色名称'
2026-05-23 19:03:09.231 [main] DEBUG o.f.c.internal.sqlscript.DefaultSqlScriptExecutor - 0 rows affected
2026-05-23 19:03:09.231 [main] DEBUG o.f.c.internal.sqlscript.DefaultSqlScriptExecutor - Executing SQL: ALTER TABLE `sys_role` CHANGE COLUMN `role_code` `code` VARCHAR(50) NOT NULL COMMENT '角色编码'
2026-05-23 19:03:09.259 [main] DEBUG o.f.c.internal.sqlscript.DefaultSqlScriptExecutor - 0 rows affected
2026-05-23 19:03:09.259 [main] DEBUG o.f.c.internal.sqlscript.DefaultSqlScriptExecutor - Executing SQL: -- 添加缺失列
ALTER TABLE `sys_role` ADD COLUMN `sort_order` INT DEFAULT 0 COMMENT '排序号' AFTER `description`
2026-05-23 19:03:09.284 [main] DEBUG o.f.c.internal.sqlscript.DefaultSqlScriptExecutor - 0 rows affected
2026-05-23 19:03:09.284 [main] DEBUG o.f.c.internal.sqlscript.DefaultSqlScriptExecutor - Executing SQL: ALTER TABLE `sys_role` ADD COLUMN `data_scope_type` VARCHAR(32) DEFAULT 'SELF' COMMENT '数据权限范围' AFTER `sort_order`
2026-05-23 19:03:09.312 [main] DEBUG o.f.c.internal.sqlscript.DefaultSqlScriptExecutor - 0 rows affected
2026-05-23 19:03:09.312 [main] DEBUG o.f.c.internal.sqlscript.DefaultSqlScriptExecutor - Executing SQL: -- ============================================================
-- 3. 修复 sys_permission 列名和类型
-- ============================================================
-- status: TINYINT → VARCHAR(32)
ALTER TABLE `sys_permission` MODIFY COLUMN `status` VARCHAR(32) NOT NULL DEFAULT 'ENABLED' COMMENT '状态'
2026-05-23 19:03:09.449 [main] DEBUG o.f.c.internal.sqlscript.DefaultSqlScriptExecutor - 0 rows affected
2026-05-23 19:03:09.449 [main] DEBUG o.f.c.internal.sqlscript.DefaultSqlScriptExecutor - Executing SQL: UPDATE `sys_permission` SET `status` = CASE WHEN `status` = '0' THEN 'DISABLED' WHEN `status` = '1' THEN 'ENABLED' ELSE `status` END WHERE `status` IN ('0', '1')
2026-05-23 19:03:09.449 [main] DEBUG o.f.c.internal.sqlscript.DefaultSqlScriptExecutor - 0 rows affected
2026-05-23 19:03:09.449 [main] DEBUG o.f.c.internal.sqlscript.DefaultSqlScriptExecutor - Executing SQL: -- permission_name → name, permission_code → code
ALTER TABLE `sys_permission` CHANGE COLUMN `permission_name` `name` VARCHAR(50) NOT NULL COMMENT '权限名称'
2026-05-23 19:03:09.485 [main] DEBUG o.f.c.internal.sqlscript.DefaultSqlScriptExecutor - 0 rows affected
2026-05-23 19:03:09.485 [main] DEBUG o.f.c.internal.sqlscript.DefaultSqlScriptExecutor - Executing SQL: ALTER TABLE `sys_permission` CHANGE COLUMN `permission_code` `code` VARCHAR(100) NOT NULL COMMENT '权限编码'
2026-05-23 19:03:09.513 [main] DEBUG o.f.c.internal.sqlscript.DefaultSqlScriptExecutor - 0 rows affected
2026-05-23 19:03:09.513 [main] DEBUG o.f.c.internal.sqlscript.DefaultSqlScriptExecutor - Executing SQL: -- 添加缺失列
ALTER TABLE `sys_permission` ADD COLUMN `sort_order` INT DEFAULT 0 COMMENT '排序号' AFTER `status`
2026-05-23 19:03:09.540 [main] DEBUG o.f.c.internal.sqlscript.DefaultSqlScriptExecutor - 0 rows affected
2026-05-23 19:03:09.540 [main] DEBUG o.f.c.internal.sqlscript.DefaultSqlScriptExecutor - Executing SQL: -- ============================================================
-- 4. 种子数据：管理员角色
-- ============================================================
INSERT INTO sys_role (id, code, name, description, status, data_scope_type, sort_order, created_at, updated_at, created_by, updated_by, deleted, version)
VALUES (1, 'ADMIN', '超级管理员', '系统超级管理员，拥有所有权限', 'ENABLED', 'ALL', 1, NOW(), NOW(), 'system', 'system', 0, 1)
2026-05-23 19:03:09.544 [main] DEBUG o.f.c.internal.sqlscript.DefaultSqlScriptExecutor - 1 row affected
2026-05-23 19:03:09.544 [main] DEBUG o.f.c.internal.sqlscript.DefaultSqlScriptExecutor - Executing SQL: -- ============================================================
-- 5. 种子数据：普通用户角色
-- ============================================================
INSERT INTO sys_role (id, code, name, description, status, data_scope_type, sort_order, created_at, updated_at, created_by, updated_by, deleted, version)
VALUES (2, 'USER', '普通用户', '普通用户，拥有基本查看权限', 'ENABLED', 'SELF', 2, NOW(), NOW(), 'system', 'system', 0, 1)
2026-05-23 19:03:09.546 [main] DEBUG o.f.c.internal.sqlscript.DefaultSqlScriptExecutor - 1 row affected
2026-05-23 19:03:09.546 [main] DEBUG o.f.c.internal.sqlscript.DefaultSqlScriptExecutor - Executing SQL: -- ============================================================
-- 6. 种子数据：管理员用户（密码: admin123，BCrypt 加密）
-- ============================================================
INSERT INTO sys_user (id, username, password_hash, nickname, status, created_at, updated_at, created_by, updated_by, deleted, version)
VALUES (1, 'admin', '$2a$10$P6lqkvsCYZINKMUv0gjW7ON8IJB8UM71Rk4i9oAQxaHjSoXZ5TCLm', '超级管理员', 'ENABLED', NOW(), NOW(), 'system', 'system', 0, 1)
2026-05-23 19:03:09.547 [main] DEBUG o.f.c.internal.sqlscript.DefaultSqlScriptExecutor - 1 row affected
2026-05-23 19:03:09.547 [main] DEBUG o.f.c.internal.sqlscript.DefaultSqlScriptExecutor - Executing SQL: -- ============================================================
-- 7. 种子数据：测试用户（密码: test123，BCrypt 加密）
-- ============================================================
INSERT INTO sys_user (id, username, password_hash, nickname, status, created_at, updated_at, created_by, updated_by, deleted, version)
VALUES (2, 'testuser', '$2a$10$P6lqkvsCYZINKMUv0gjW7ON8IJB8UM71Rk4i9oAQxaHjSoXZ5TCLm', '测试用户', 'ENABLED', NOW(), NOW(), 'system', 'system', 0, 1)
2026-05-23 19:03:09.549 [main] DEBUG o.f.c.internal.sqlscript.DefaultSqlScriptExecutor - 1 row affected
2026-05-23 19:03:09.549 [main] DEBUG o.f.c.internal.sqlscript.DefaultSqlScriptExecutor - Executing SQL: -- ============================================================
-- 8. 关联管理员用户和角色
-- ============================================================
INSERT INTO sys_user_role (id, user_id, role_id, created_at, created_by, updated_at, updated_by, deleted)
VALUES (1, 1, 1, NOW(), 'system', NOW(), 'system', 0)
2026-05-23 19:03:09.551 [main] DEBUG o.f.c.internal.sqlscript.DefaultSqlScriptExecutor - 1 row affected
2026-05-23 19:03:09.551 [main] DEBUG o.f.c.internal.sqlscript.DefaultSqlScriptExecutor - Executing SQL: -- ============================================================
-- 9. 种子数据：基础权限
-- ============================================================
INSERT INTO sys_permission (id, code, name, description, status, type, module, resource, action, sort_order, created_at, updated_at, created_by, updated_by, deleted, version)
VALUES
(1, 'system:user:view', '查看用户', '查看用户信息', 'ENABLED', 'BUTTON', 'system', 'user', 'view', 1, NOW(), NOW(), 'system', 'system', 0, 1),
(2, 'system:user:create', '创建用户', '创建新用户', 'ENABLED', 'BUTTON', 'system', 'user', 'create', 2, NOW(), NOW(), 'system', 'system', 0, 1),
(3, 'system:user:update', '编辑用户', '编辑用户信息', 'ENABLED', 'BUTTON', 'system', 'user', 'update', 3, NOW(), NOW(), 'system', 'system', 0, 1),
(4, 'system:user:delete', '删除用户', '删除用户', 'ENABLED', 'BUTTON', 'system', 'user', 'delete', 4, NOW(), NOW(), 'system', 'system', 0, 1),
(5, 'system:role:view', '查看角色', '查看角色信息', 'ENABLED', 'BUTTON', 'system', 'role', 'view', 5, NOW(), NOW(), 'system', 'system', 0, 1),
(6, 'system:role:create', '创建角色', '创建新角色', 'ENABLED', 'BUTTON', 'system', 'role', 'create', 6, NOW(), NOW(), 'system', 'system', 0, 1),
(7, 'system:role:update', '编辑角色', '编辑角色信息', 'ENABLED', 'BUTTON', 'system', 'role', 'update', 7, NOW(), NOW(), 'system', 'system', 0, 1),
(8, 'system:role:delete', '删除角色', '删除角色', 'ENABLED', 'BUTTON', 'system', 'role', 'delete', 8, NOW(), NOW(), 'system', 'system', 0, 1)
2026-05-23 19:03:09.553 [main] DEBUG o.f.c.internal.sqlscript.DefaultSqlScriptExecutor - 8 rows affected
2026-05-23 19:03:09.553 [main] DEBUG o.f.c.internal.sqlscript.DefaultSqlScriptExecutor - Executing SQL: -- ============================================================
-- 10. 种子数据：基础菜单
-- ============================================================
INSERT INTO sys_menu (id, parent_id, name, path, component, icon, sort_order, type, permission_code, visible, status, created_at, updated_at, created_by, updated_by, deleted, version)
VALUES
(1, 0, '系统管理', '/system', NULL, 'setting', 1, 1, NULL, 1, 1, NOW(), NOW(), 'system', 'system', 0, 1),
(2, 1, '用户管理', '/system/users', 'system/users/index', 'user', 1, 2, 'system:user:view', 1, 1, NOW(), NOW(), 'system', 'system', 0, 1),
(3, 1, '角色管理', '/system/roles', 'system/roles/index', 'team', 2, 2, 'system:role:view', 1, 1, NOW(), NOW(), 'system', 'system', 0, 1),
(4, 1, '权限管理', '/system/permissions', 'system/permissions/index', 'safety', 3, 2, 'system:permission:view', 1, 1, NOW(), NOW(), 'system', 'system', 0, 1),
(5, 1, '菜单管理', '/system/menus', 'system/menus/index', 'menu', 4, 2, 'system:menu:view', 1, 1, NOW(), NOW(), 'system', 'system', 0, 1)
2026-05-23 19:03:09.555 [main] DEBUG o.f.c.internal.sqlscript.DefaultSqlScriptExecutor - 5 rows affected
2026-05-23 19:03:09.555 [main] DEBUG o.f.c.internal.sqlscript.DefaultSqlScriptExecutor - Executing SQL: -- ============================================================
-- 11. 关联管理员角色和所有权限
-- ============================================================
INSERT INTO sys_role_permission (id, role_id, permission_id, created_at, created_by, updated_at, updated_by, deleted)
VALUES
(1, 1, 1, NOW(), 'system', NOW(), 'system', 0),
(2, 1, 2, NOW(), 'system', NOW(), 'system', 0),
(3, 1, 3, NOW(), 'system', NOW(), 'system', 0),
(4, 1, 4, NOW(), 'system', NOW(), 'system', 0),
(5, 1, 5, NOW(), 'system', NOW(), 'system', 0),
(6, 1, 6, NOW(), 'system', NOW(), 'system', 0),
(7, 1, 7, NOW(), 'system', NOW(), 'system', 0),
(8, 1, 8, NOW(), 'system', NOW(), 'system', 0)
2026-05-23 19:03:09.558 [main] DEBUG o.f.c.internal.sqlscript.DefaultSqlScriptExecutor - 8 rows affected
2026-05-23 19:03:09.558 [main] DEBUG o.f.c.internal.sqlscript.DefaultSqlScriptExecutor - Executing SQL: -- ============================================================
-- 12. 关联管理员角色和所有菜单
-- ============================================================
INSERT INTO sys_role_menu (id, role_id, menu_id, created_at, created_by, updated_at, updated_by, deleted)
VALUES
(1, 1, 1, NOW(), 'system', NOW(), 'system', 0),
(2, 1, 2, NOW(), 'system', NOW(), 'system', 0),
(3, 1, 3, NOW(), 'system', NOW(), 'system', 0),
(4, 1, 4, NOW(), 'system', NOW(), 'system', 0),
(5, 1, 5, NOW(), 'system', NOW(), 'system', 0)
2026-05-23 19:03:09.561 [main] DEBUG o.f.c.internal.sqlscript.DefaultSqlScriptExecutor - 5 rows affected
2026-05-23 19:03:09.561 [main] DEBUG org.flywaydb.core.internal.command.DbMigrate - Successfully completed migration of schema `admin_scaffold_test` to version "3 - seed data"
2026-05-23 19:03:09.573 [main] DEBUG o.f.c.i.schemahistory.JdbcTableSchemaHistory - Schema History table `admin_scaffold_test`.`flyway_schema_history` successfully updated to reflect changes
2026-05-23 19:03:09.589 [main] DEBUG o.f.core.api.configuration.ClassicConfiguration - CherryPickConfigurationExtension not found
2026-05-23 19:03:09.596 [main] DEBUG org.flywaydb.core.internal.parser.Parser - Parsing V4__add_employee_org_tables.sql ...
2026-05-23 19:03:09.597 [main] DEBUG o.flywaydb.core.internal.sqlscript.ParserSqlScript - Found statement at line 8: -- M3: 员工组织模块 - 新增4张表
-- hr_employee: 员工主数据表
-- org_unit: 组织架构表
-- employee_org: 员工-组织多对多关联表
-- sys_role_org: 角色-组织自定义数据权限范围表

-- 员工主数据表
CREATE TABLE IF NOT EXISTS `hr_employee` (
    `id` BIGINT NOT NULL AUTO_INCREMENT COMMENT '主键ID',
    `employee_no` VARCHAR(64) NOT NULL COMMENT '员工工号',
    `name` VARCHAR(100) NOT NULL COMMENT '员工姓名',
    `preferred_name` VARCHAR(100) COMMENT '常用名/花名',
    `mobile` VARCHAR(32) COMMENT '手机号',
    `email` VARCHAR(100) COMMENT '邮箱',
    `primary_org_id` BIGINT COMMENT '主组织ID',
    `job_title` VARCHAR(100) COMMENT '职位',
    `employment_status` VARCHAR(32) NOT NULL DEFAULT 'ACTIVE' COMMENT '在职状态(ACTIVE/RESIGNED/SUSPENDED)',
    `entry_date` DATE COMMENT '入职日期',
    `leave_date` DATE COMMENT '离职日期',
    `source_type` VARCHAR(32) NOT NULL DEFAULT 'MANUAL' COMMENT '数据来源(MANUAL/IMPORT/API)',
    `created_at` DATETIME DEFAULT CURRENT_TIMESTAMP COMMENT '创建时间',
    `created_by` VARCHAR(50) COMMENT '创建人',
    `updated_at` DATETIME DEFAULT CURRENT_TIMESTAMP ON UPDATE CURRENT_TIMESTAMP COMMENT '更新时间',
    `updated_by` VARCHAR(50) COMMENT '更新人',
    `deleted` INT DEFAULT 0 COMMENT '逻辑删除标志：0-未删除，1-已删除',
    `version` INT DEFAULT 1 COMMENT '版本号',
    PRIMARY KEY (`id`),
    UNIQUE KEY `uk_employee_no` (`employee_no`),
    KEY `idx_name` (`name`),
    KEY `idx_mobile` (`mobile`),
    KEY `idx_primary_org_id` (`primary_org_id`),
    KEY `idx_employment_status` (`employment_status`)
) ENGINE=InnoDB DEFAULT CHARSET=utf8mb4 COLLATE=utf8mb4_0900_ai_ci COMMENT='员工主数据表'
2026-05-23 19:03:09.598 [main] DEBUG o.flywaydb.core.internal.sqlscript.ParserSqlScript - Found statement at line 36: -- 组织架构表
CREATE TABLE IF NOT EXISTS `org_unit` (
    `id` BIGINT NOT NULL AUTO_INCREMENT COMMENT '主键ID',
    `parent_id` BIGINT NOT NULL DEFAULT 0 COMMENT '父节点ID(0表示根节点)',
    `code` VARCHAR(64) NOT NULL COMMENT '组织编码',
    `name` VARCHAR(100) NOT NULL COMMENT '组织名称',
    `full_path` VARCHAR(500) COMMENT '完整路径(如/1/5/12/)',
    `level` INT DEFAULT 1 COMMENT '层级(从1开始)',
    `manager_employee_id` BIGINT COMMENT '负责人员工ID',
    `sort_order` INT DEFAULT 0 COMMENT '排序号',
    `status` VARCHAR(32) DEFAULT 'ENABLED' COMMENT '状态(ENABLED/DISABLED)',
    `source_type` VARCHAR(32) NOT NULL DEFAULT 'MANUAL' COMMENT '数据来源(MANUAL/IMPORT/API)',
    `created_at` DATETIME DEFAULT CURRENT_TIMESTAMP COMMENT '创建时间',
    `created_by` VARCHAR(50) COMMENT '创建人',
    `updated_at` DATETIME DEFAULT CURRENT_TIMESTAMP ON UPDATE CURRENT_TIMESTAMP COMMENT '更新时间',
    `updated_by` VARCHAR(50) COMMENT '更新人',
    `deleted` INT DEFAULT 0 COMMENT '逻辑删除标志：0-未删除，1-已删除',
    `version` INT DEFAULT 1 COMMENT '版本号',
    PRIMARY KEY (`id`),
    UNIQUE KEY `uk_code` (`code`),
    KEY `idx_parent_id` (`parent_id`),
    KEY `idx_manager_employee_id` (`manager_employee_id`)
) ENGINE=InnoDB DEFAULT CHARSET=utf8mb4 COLLATE=utf8mb4_0900_ai_ci COMMENT='组织架构表'
2026-05-23 19:03:09.598 [main] DEBUG o.flywaydb.core.internal.sqlscript.ParserSqlScript - Found statement at line 60: -- 员工-组织多对多关联表
CREATE TABLE IF NOT EXISTS `employee_org` (
    `id` BIGINT NOT NULL AUTO_INCREMENT COMMENT '主键ID',
    `employee_id` BIGINT NOT NULL COMMENT '员工ID',
    `org_id` BIGINT NOT NULL COMMENT '组织ID',
    `is_primary` TINYINT DEFAULT 0 COMMENT '是否主组织(0-否，1-是)',
    `position_name` VARCHAR(100) COMMENT '岗位名称',
    `start_date` DATE COMMENT '开始日期',
    `end_date` DATE COMMENT '结束日期',
    `status` VARCHAR(32) DEFAULT 'ACTIVE' COMMENT '状态(ACTIVE/INACTIVE)',
    `created_at` DATETIME DEFAULT CURRENT_TIMESTAMP COMMENT '创建时间',
    `created_by` VARCHAR(50) COMMENT '创建人',
    `updated_at` DATETIME DEFAULT CURRENT_TIMESTAMP ON UPDATE CURRENT_TIMESTAMP COMMENT '更新时间',
    `updated_by` VARCHAR(50) COMMENT '更新人',
    `deleted` INT DEFAULT 0 COMMENT '逻辑删除标志：0-未删除，1-已删除',
    `version` INT DEFAULT 1 COMMENT '版本号',
    PRIMARY KEY (`id`),
    UNIQUE KEY `uk_employee_org` (`employee_id`, `org_id`),
    KEY `idx_org_id` (`org_id`),
    KEY `idx_status` (`status`)
) ENGINE=InnoDB DEFAULT CHARSET=utf8mb4 COLLATE=utf8mb4_0900_ai_ci COMMENT='员工-组织关联表'
2026-05-23 19:03:09.599 [main] DEBUG o.flywaydb.core.internal.sqlscript.ParserSqlScript - Found statement at line 82: -- 角色-组织自定义数据权限范围表(物理删除，不做逻辑删除)
CREATE TABLE IF NOT EXISTS `sys_role_org` (
    `id` BIGINT NOT NULL AUTO_INCREMENT COMMENT '主键ID',
    `role_id` BIGINT NOT NULL COMMENT '角色ID',
    `org_id` BIGINT NOT NULL COMMENT '组织ID',
    `created_at` DATETIME DEFAULT CURRENT_TIMESTAMP COMMENT '创建时间',
    `created_by` VARCHAR(50) COMMENT '创建人',
    PRIMARY KEY (`id`),
    UNIQUE KEY `uk_role_org` (`role_id`, `org_id`),
    KEY `idx_org_id` (`org_id`)
) ENGINE=InnoDB DEFAULT CHARSET=utf8mb4 COLLATE=utf8mb4_0900_ai_ci COMMENT='角色-组织数据权限范围表'
2026-05-23 19:03:09.600 [main] DEBUG org.flywaydb.core.internal.command.DbMigrate - Starting migration of schema `admin_scaffold_test` to version "4 - add employee org tables" ...
2026-05-23 19:03:09.604 [main] INFO  org.flywaydb.core.internal.command.DbMigrate - Migrating schema `admin_scaffold_test` to version "4 - add employee org tables"
2026-05-23 19:03:09.605 [main] DEBUG o.f.c.internal.sqlscript.DefaultSqlScriptExecutor - Executing SQL: -- M3: 员工组织模块 - 新增4张表
-- hr_employee: 员工主数据表
-- org_unit: 组织架构表
-- employee_org: 员工-组织多对多关联表
-- sys_role_org: 角色-组织自定义数据权限范围表

-- 员工主数据表
CREATE TABLE IF NOT EXISTS `hr_employee` (
    `id` BIGINT NOT NULL AUTO_INCREMENT COMMENT '主键ID',
    `employee_no` VARCHAR(64) NOT NULL COMMENT '员工工号',
    `name` VARCHAR(100) NOT NULL COMMENT '员工姓名',
    `preferred_name` VARCHAR(100) COMMENT '常用名/花名',
    `mobile` VARCHAR(32) COMMENT '手机号',
    `email` VARCHAR(100) COMMENT '邮箱',
    `primary_org_id` BIGINT COMMENT '主组织ID',
    `job_title` VARCHAR(100) COMMENT '职位',
    `employment_status` VARCHAR(32) NOT NULL DEFAULT 'ACTIVE' COMMENT '在职状态(ACTIVE/RESIGNED/SUSPENDED)',
    `entry_date` DATE COMMENT '入职日期',
    `leave_date` DATE COMMENT '离职日期',
    `source_type` VARCHAR(32) NOT NULL DEFAULT 'MANUAL' COMMENT '数据来源(MANUAL/IMPORT/API)',
    `created_at` DATETIME DEFAULT CURRENT_TIMESTAMP COMMENT '创建时间',
    `created_by` VARCHAR(50) COMMENT '创建人',
    `updated_at` DATETIME DEFAULT CURRENT_TIMESTAMP ON UPDATE CURRENT_TIMESTAMP COMMENT '更新时间',
    `updated_by` VARCHAR(50) COMMENT '更新人',
    `deleted` INT DEFAULT 0 COMMENT '逻辑删除标志：0-未删除，1-已删除',
    `version` INT DEFAULT 1 COMMENT '版本号',
    PRIMARY KEY (`id`),
    UNIQUE KEY `uk_employee_no` (`employee_no`),
    KEY `idx_name` (`name`),
    KEY `idx_mobile` (`mobile`),
    KEY `idx_primary_org_id` (`primary_org_id`),
    KEY `idx_employment_status` (`employment_status`)
) ENGINE=InnoDB DEFAULT CHARSET=utf8mb4 COLLATE=utf8mb4_0900_ai_ci COMMENT='员工主数据表'
2026-05-23 19:03:09.700 [main] DEBUG o.f.c.internal.sqlscript.DefaultSqlScriptExecutor - 0 rows affected
2026-05-23 19:03:09.700 [main] DEBUG o.f.c.internal.sqlscript.DefaultSqlScriptExecutor - Executing SQL: -- 组织架构表
CREATE TABLE IF NOT EXISTS `org_unit` (
    `id` BIGINT NOT NULL AUTO_INCREMENT COMMENT '主键ID',
    `parent_id` BIGINT NOT NULL DEFAULT 0 COMMENT '父节点ID(0表示根节点)',
    `code` VARCHAR(64) NOT NULL COMMENT '组织编码',
    `name` VARCHAR(100) NOT NULL COMMENT '组织名称',
    `full_path` VARCHAR(500) COMMENT '完整路径(如/1/5/12/)',
    `level` INT DEFAULT 1 COMMENT '层级(从1开始)',
    `manager_employee_id` BIGINT COMMENT '负责人员工ID',
    `sort_order` INT DEFAULT 0 COMMENT '排序号',
    `status` VARCHAR(32) DEFAULT 'ENABLED' COMMENT '状态(ENABLED/DISABLED)',
    `source_type` VARCHAR(32) NOT NULL DEFAULT 'MANUAL' COMMENT '数据来源(MANUAL/IMPORT/API)',
    `created_at` DATETIME DEFAULT CURRENT_TIMESTAMP COMMENT '创建时间',
    `created_by` VARCHAR(50) COMMENT '创建人',
    `updated_at` DATETIME DEFAULT CURRENT_TIMESTAMP ON UPDATE CURRENT_TIMESTAMP COMMENT '更新时间',
    `updated_by` VARCHAR(50) COMMENT '更新人',
    `deleted` INT DEFAULT 0 COMMENT '逻辑删除标志：0-未删除，1-已删除',
    `version` INT DEFAULT 1 COMMENT '版本号',
    PRIMARY KEY (`id`),
    UNIQUE KEY `uk_code` (`code`),
    KEY `idx_parent_id` (`parent_id`),
    KEY `idx_manager_employee_id` (`manager_employee_id`)
) ENGINE=InnoDB DEFAULT CHARSET=utf8mb4 COLLATE=utf8mb4_0900_ai_ci COMMENT='组织架构表'
2026-05-23 19:03:09.778 [main] DEBUG o.f.c.internal.sqlscript.DefaultSqlScriptExecutor - 0 rows affected
2026-05-23 19:03:09.778 [main] DEBUG o.f.c.internal.sqlscript.DefaultSqlScriptExecutor - Executing SQL: -- 员工-组织多对多关联表
CREATE TABLE IF NOT EXISTS `employee_org` (
    `id` BIGINT NOT NULL AUTO_INCREMENT COMMENT '主键ID',
    `employee_id` BIGINT NOT NULL COMMENT '员工ID',
    `org_id` BIGINT NOT NULL COMMENT '组织ID',
    `is_primary` TINYINT DEFAULT 0 COMMENT '是否主组织(0-否，1-是)',
    `position_name` VARCHAR(100) COMMENT '岗位名称',
    `start_date` DATE COMMENT '开始日期',
    `end_date` DATE COMMENT '结束日期',
    `status` VARCHAR(32) DEFAULT 'ACTIVE' COMMENT '状态(ACTIVE/INACTIVE)',
    `created_at` DATETIME DEFAULT CURRENT_TIMESTAMP COMMENT '创建时间',
    `created_by` VARCHAR(50) COMMENT '创建人',
    `updated_at` DATETIME DEFAULT CURRENT_TIMESTAMP ON UPDATE CURRENT_TIMESTAMP COMMENT '更新时间',
    `updated_by` VARCHAR(50) COMMENT '更新人',
    `deleted` INT DEFAULT 0 COMMENT '逻辑删除标志：0-未删除，1-已删除',
    `version` INT DEFAULT 1 COMMENT '版本号',
    PRIMARY KEY (`id`),
    UNIQUE KEY `uk_employee_org` (`employee_id`, `org_id`),
    KEY `idx_org_id` (`org_id`),
    KEY `idx_status` (`status`)
) ENGINE=InnoDB DEFAULT CHARSET=utf8mb4 COLLATE=utf8mb4_0900_ai_ci COMMENT='员工-组织关联表'
2026-05-23 19:03:09.853 [main] DEBUG o.f.c.internal.sqlscript.DefaultSqlScriptExecutor - 0 rows affected
2026-05-23 19:03:09.853 [main] DEBUG o.f.c.internal.sqlscript.DefaultSqlScriptExecutor - Executing SQL: -- 角色-组织自定义数据权限范围表(物理删除，不做逻辑删除)
CREATE TABLE IF NOT EXISTS `sys_role_org` (
    `id` BIGINT NOT NULL AUTO_INCREMENT COMMENT '主键ID',
    `role_id` BIGINT NOT NULL COMMENT '角色ID',
    `org_id` BIGINT NOT NULL COMMENT '组织ID',
    `created_at` DATETIME DEFAULT CURRENT_TIMESTAMP COMMENT '创建时间',
    `created_by` VARCHAR(50) COMMENT '创建人',
    PRIMARY KEY (`id`),
    UNIQUE KEY `uk_role_org` (`role_id`, `org_id`),
    KEY `idx_org_id` (`org_id`)
) ENGINE=InnoDB DEFAULT CHARSET=utf8mb4 COLLATE=utf8mb4_0900_ai_ci COMMENT='角色-组织数据权限范围表'
2026-05-23 19:03:09.916 [main] DEBUG o.f.c.internal.sqlscript.DefaultSqlScriptExecutor - 0 rows affected
2026-05-23 19:03:09.917 [main] DEBUG org.flywaydb.core.internal.command.DbMigrate - Successfully completed migration of schema `admin_scaffold_test` to version "4 - add employee org tables"
2026-05-23 19:03:09.929 [main] DEBUG o.f.c.i.schemahistory.JdbcTableSchemaHistory - Schema History table `admin_scaffold_test`.`flyway_schema_history` successfully updated to reflect changes
2026-05-23 19:03:09.946 [main] DEBUG o.f.core.api.configuration.ClassicConfiguration - CherryPickConfigurationExtension not found
2026-05-23 19:03:09.950 [main] DEBUG org.flywaydb.core.internal.parser.Parser - Parsing V5__seed_data_org.sql ...
2026-05-23 19:03:09.951 [main] DEBUG o.flywaydb.core.internal.sqlscript.ParserSqlScript - Found statement at line 8: -- V5: 组织模块种子数据
-- LOCAL-ONLY: 仅用于本地开发环境
-- 依赖 V4 表结构

-- ============================================================
-- 1. 部门树：总公司(100) → 技术部(101)/产品部(102) → 后端组(103)/前端组(104)
-- ============================================================
INSERT INTO org_unit (id, parent_id, code, name, full_path, level, sort_order, status, source_type, created_at, updated_at, created_by, updated_by, deleted, version)
VALUES
(100, 0, 'HQ', '总公司', '/100/', 1, 1, 'ENABLED', 'MANUAL', NOW(), NOW(), 'system', 'system', 0, 1),
(101, 100, 'TECH', '技术部', '/100/101/', 2, 1, 'ENABLED', 'MANUAL', NOW(), NOW(), 'system', 'system', 0, 1),
(102, 100, 'PRODUCT', '产品部', '/100/102/', 2, 2, 'ENABLED', 'MANUAL', NOW(), NOW(), 'system', 'system', 0, 1),
(103, 101, 'BACKEND', '后端组', '/100/101/103/', 3, 1, 'ENABLED', 'MANUAL', NOW(), NOW(), 'system', 'system', 0, 1),
(104, 101, 'FRONTEND', '前端组', '/100/101/104/', 3, 2, 'ENABLED', 'MANUAL', NOW(), NOW(), 'system', 'system', 0, 1)
2026-05-23 19:03:09.952 [main] DEBUG o.flywaydb.core.internal.sqlscript.ParserSqlScript - Found statement at line 19: -- ============================================================
-- 2. 员工数据
-- ============================================================
INSERT INTO hr_employee (id, employee_no, name, mobile, email, primary_org_id, job_title, employment_status, entry_date, source_type, created_at, updated_at, created_by, updated_by, deleted, version)
VALUES
(100, 'EMP001', '张三', '13800000001', 'zhangsan@example.com', 101, '技术总监', 'ACTIVE', '2024-01-01', 'MANUAL', NOW(), NOW(), 'system', 'system', 0, 1),
(101, 'EMP002', '李四', '13800000002', 'lisi@example.com', 103, '后端开发', 'ACTIVE', '2024-03-15', 'MANUAL', NOW(), NOW(), 'system', 'system', 0, 1),
(102, 'EMP003', '王五', '13800000003', 'wangwu@example.com', 102, '产品经理', 'ACTIVE', '2024-06-01', 'MANUAL', NOW(), NOW(), 'system', 'system', 0, 1)
2026-05-23 19:03:09.952 [main] DEBUG o.flywaydb.core.internal.sqlscript.ParserSqlScript - Found statement at line 28: -- ============================================================
-- 3. 员工-组织关联
-- ============================================================
INSERT INTO employee_org (id, employee_id, org_id, is_primary, position_name, status, created_at, created_by, updated_at, updated_by, deleted, version)
VALUES
(1, 100, 101, 1, '技术总监', 'ACTIVE', NOW(), 'system', NOW(), 'system', 0, 1),
(2, 101, 103, 1, '后端开发', 'ACTIVE', NOW(), 'system', NOW(), 'system', 0, 1),
(3, 102, 102, 1, '产品经理', 'ACTIVE', NOW(), 'system', NOW(), 'system', 0, 1)
2026-05-23 19:03:09.952 [main] DEBUG o.flywaydb.core.internal.sqlscript.ParserSqlScript - Found statement at line 38: -- ============================================================
-- 4. 角色-组织关联（CUSTOM 数据权限）
-- role_id=2 为 V3 中的普通用户角色（USER），赋予技术部(101)的自定义数据权限
-- ============================================================
INSERT INTO sys_role_org (id, role_id, org_id, created_at, created_by)
VALUES
(1, 2, 101, NOW(), 'system'),
(2, 2, 102, NOW(), 'system')
2026-05-23 19:03:09.953 [main] DEBUG org.flywaydb.core.internal.command.DbMigrate - Starting migration of schema `admin_scaffold_test` to version "5 - seed data org" ...
2026-05-23 19:03:09.957 [main] INFO  org.flywaydb.core.internal.command.DbMigrate - Migrating schema `admin_scaffold_test` to version "5 - seed data org"
2026-05-23 19:03:09.958 [main] DEBUG o.f.c.internal.sqlscript.DefaultSqlScriptExecutor - Executing SQL: -- V5: 组织模块种子数据
-- LOCAL-ONLY: 仅用于本地开发环境
-- 依赖 V4 表结构

-- ============================================================
-- 1. 部门树：总公司(100) → 技术部(101)/产品部(102) → 后端组(103)/前端组(104)
-- ============================================================
INSERT INTO org_unit (id, parent_id, code, name, full_path, level, sort_order, status, source_type, created_at, updated_at, created_by, updated_by, deleted, version)
VALUES
(100, 0, 'HQ', '总公司', '/100/', 1, 1, 'ENABLED', 'MANUAL', NOW(), NOW(), 'system', 'system', 0, 1),
(101, 100, 'TECH', '技术部', '/100/101/', 2, 1, 'ENABLED', 'MANUAL', NOW(), NOW(), 'system', 'system', 0, 1),
(102, 100, 'PRODUCT', '产品部', '/100/102/', 2, 2, 'ENABLED', 'MANUAL', NOW(), NOW(), 'system', 'system', 0, 1),
(103, 101, 'BACKEND', '后端组', '/100/101/103/', 3, 1, 'ENABLED', 'MANUAL', NOW(), NOW(), 'system', 'system', 0, 1),
(104, 101, 'FRONTEND', '前端组', '/100/101/104/', 3, 2, 'ENABLED', 'MANUAL', NOW(), NOW(), 'system', 'system', 0, 1)
2026-05-23 19:03:09.962 [main] DEBUG o.f.c.internal.sqlscript.DefaultSqlScriptExecutor - 5 rows affected
2026-05-23 19:03:09.962 [main] DEBUG o.f.c.internal.sqlscript.DefaultSqlScriptExecutor - Executing SQL: -- ============================================================
-- 2. 员工数据
-- ============================================================
INSERT INTO hr_employee (id, employee_no, name, mobile, email, primary_org_id, job_title, employment_status, entry_date, source_type, created_at, updated_at, created_by, updated_by, deleted, version)
VALUES
(100, 'EMP001', '张三', '13800000001', 'zhangsan@example.com', 101, '技术总监', 'ACTIVE', '2024-01-01', 'MANUAL', NOW(), NOW(), 'system', 'system', 0, 1),
(101, 'EMP002', '李四', '13800000002', 'lisi@example.com', 103, '后端开发', 'ACTIVE', '2024-03-15', 'MANUAL', NOW(), NOW(), 'system', 'system', 0, 1),
(102, 'EMP003', '王五', '13800000003', 'wangwu@example.com', 102, '产品经理', 'ACTIVE', '2024-06-01', 'MANUAL', NOW(), NOW(), 'system', 'system', 0, 1)
2026-05-23 19:03:09.964 [main] DEBUG o.f.c.internal.sqlscript.DefaultSqlScriptExecutor - 3 rows affected
2026-05-23 19:03:09.964 [main] DEBUG o.f.c.internal.sqlscript.DefaultSqlScriptExecutor - Executing SQL: -- ============================================================
-- 3. 员工-组织关联
-- ============================================================
INSERT INTO employee_org (id, employee_id, org_id, is_primary, position_name, status, created_at, created_by, updated_at, updated_by, deleted, version)
VALUES
(1, 100, 101, 1, '技术总监', 'ACTIVE', NOW(), 'system', NOW(), 'system', 0, 1),
(2, 101, 103, 1, '后端开发', 'ACTIVE', NOW(), 'system', NOW(), 'system', 0, 1),
(3, 102, 102, 1, '产品经理', 'ACTIVE', NOW(), 'system', NOW(), 'system', 0, 1)
2026-05-23 19:03:09.966 [main] DEBUG o.f.c.internal.sqlscript.DefaultSqlScriptExecutor - 3 rows affected
2026-05-23 19:03:09.966 [main] DEBUG o.f.c.internal.sqlscript.DefaultSqlScriptExecutor - Executing SQL: -- ============================================================
-- 4. 角色-组织关联（CUSTOM 数据权限）
-- role_id=2 为 V3 中的普通用户角色（USER），赋予技术部(101)的自定义数据权限
-- ============================================================
INSERT INTO sys_role_org (id, role_id, org_id, created_at, created_by)
VALUES
(1, 2, 101, NOW(), 'system'),
(2, 2, 102, NOW(), 'system')
2026-05-23 19:03:09.968 [main] DEBUG o.f.c.internal.sqlscript.DefaultSqlScriptExecutor - 2 rows affected
2026-05-23 19:03:09.968 [main] DEBUG org.flywaydb.core.internal.command.DbMigrate - Successfully completed migration of schema `admin_scaffold_test` to version "5 - seed data org"
2026-05-23 19:03:09.978 [main] DEBUG o.f.c.i.schemahistory.JdbcTableSchemaHistory - Schema History table `admin_scaffold_test`.`flyway_schema_history` successfully updated to reflect changes
2026-05-23 19:03:09.993 [main] DEBUG o.f.core.api.configuration.ClassicConfiguration - CherryPickConfigurationExtension not found
2026-05-23 19:03:09.998 [main] INFO  org.flywaydb.core.internal.command.DbMigrate - Successfully applied 5 migrations to schema `admin_scaffold_test`, now at version v5 (execution time 00:01.742s)
2026-05-23 19:03:10.003 [main] DEBUG org.flywaydb.core.FlywayExecutor - Memory usage: 147 of 308M
2026-05-23 19:03:10.003 [main] INFO  i.g.l.admin.config.TestDatabaseInitializer - Flyway 迁移完成
2026-05-23 19:03:10.013 [main] DEBUG o.f.c.internal.scanner.classpath.ClassPathScanner - Scanning for classpath resources at 'classpath:db/callback' ...
2026-05-23 19:03:10.013 [main] DEBUG o.f.c.internal.scanner.classpath.ClassPathScanner - Determining location urls for classpath:db/callback using ClassLoader jdk.internal.loader.ClassLoaders$AppClassLoader@5c647e05 ...
2026-05-23 19:03:10.013 [main] DEBUG o.f.c.internal.scanner.classpath.ClassPathScanner - Unable to resolve location classpath:db/callback.
2026-05-23 19:03:10.014 [main] DEBUG o.f.c.internal.scanner.classpath.ClassPathScanner - Scanning for classpath resources at 'classpath:db/migration' ...
2026-05-23 19:03:10.014 [main] DEBUG o.f.c.internal.scanner.classpath.ClassPathScanner - Determining location urls for classpath:db/migration using ClassLoader jdk.internal.loader.ClassLoaders$AppClassLoader@5c647e05 ...
2026-05-23 19:03:10.014 [main] DEBUG o.f.c.internal.scanner.classpath.ClassPathScanner - Scanning URL: file:/C:/workspace/admin-management-scaffold/backend/target/classes/db/migration
2026-05-23 19:03:10.014 [main] DEBUG o.f.c.i.s.c.FileSystemClassPathLocationScanner - Scanning starting at classpath root in filesystem: C:\workspace\admin-management-scaffold\backend\target\classes\
2026-05-23 19:03:10.014 [main] DEBUG o.f.c.i.s.c.FileSystemClassPathLocationScanner - Scanning for resources in path: C:\workspace\admin-management-scaffold\backend\target\classes\db\migration (db/migration)
2026-05-23 19:03:10.016 [main] DEBUG o.f.c.internal.scanner.classpath.ClassPathScanner - Found resource: db/migration/V1__init_schema.sql
2026-05-23 19:03:10.016 [main] DEBUG o.f.c.internal.scanner.classpath.ClassPathScanner - Found resource: db/migration/V2__add_menu_and_permission_fields.sql
2026-05-23 19:03:10.016 [main] DEBUG o.f.c.internal.scanner.classpath.ClassPathScanner - Found resource: db/migration/V3__seed_data.sql
2026-05-23 19:03:10.016 [main] DEBUG o.f.c.internal.scanner.classpath.ClassPathScanner - Found resource: db/migration/V4__add_employee_org_tables.sql
2026-05-23 19:03:10.016 [main] DEBUG o.f.c.internal.scanner.classpath.ClassPathScanner - Found resource: db/migration/V5__seed_data_org.sql
2026-05-23 19:03:10.016 [main] DEBUG o.f.c.internal.scanner.classpath.ClassPathScanner - Scanning for classes at classpath:db/migration
2026-05-23 19:03:10.016 [main] DEBUG o.f.core.internal.resource.ResourceNameValidator - Validating V4__add_employee_org_tables.sql
2026-05-23 19:03:10.026 [main] DEBUG o.f.core.internal.resource.ResourceNameValidator - Validating V1__init_schema.sql
2026-05-23 19:03:10.027 [main] DEBUG o.f.core.internal.resource.ResourceNameValidator - Validating V2__add_menu_and_permission_fields.sql
2026-05-23 19:03:10.027 [main] DEBUG o.f.core.internal.resource.ResourceNameValidator - Validating V3__seed_data.sql
2026-05-23 19:03:10.027 [main] DEBUG o.f.core.internal.resource.ResourceNameValidator - Validating V5__seed_data_org.sql
2026-05-23 19:03:10.036 [main] INFO  org.flywaydb.core.FlywayExecutor - Database: jdbc:mysql://localhost:3306/admin_scaffold_test (MySQL 9.1)
2026-05-23 19:03:10.036 [main] DEBUG org.flywaydb.core.FlywayExecutor - Database Type: MySQL
2026-05-23 19:03:10.036 [main] DEBUG org.flywaydb.core.FlywayExecutor - Driver: MySQL Connector/J mysql-connector-j-8.3.0 (Revision: 805f872a57875f311cb82487efcfb070411a3fa0)
2026-05-23 19:03:10.036 [main] DEBUG org.flywaydb.core.FlywayExecutor - DDL Transactions Supported: false
2026-05-23 19:03:10.036 [main] DEBUG o.f.c.internal.schemahistory.SchemaHistoryFactory - Schemas: 
2026-05-23 19:03:10.036 [main] DEBUG o.f.c.internal.schemahistory.SchemaHistoryFactory - Default schema: null
2026-05-23 19:03:10.044 [main] WARN  org.flywaydb.core.internal.database.base.Database - Flyway upgrade recommended: MySQL 9.1 is newer than this version of Flyway and support has not been tested. The latest supported version of MySQL is 8.1.
2026-05-23 19:03:10.044 [main] DEBUG o.f.c.internal.callback.SqlScriptCallbackFactory - Scanning for SQL callbacks ...
2026-05-23 19:03:10.047 [main] DEBUG org.flywaydb.core.internal.command.DbSchemas - Skipping creation of existing schema: `admin_scaffold_test`
2026-05-23 19:03:10.054 [main] DEBUG o.f.core.api.configuration.ClassicConfiguration - CherryPickConfigurationExtension not found
2026-05-23 19:03:10.058 [main] DEBUG org.flywaydb.core.internal.scanner.Scanner - Filtering out resource: db/migration/V4__add_employee_org_tables.sql (filename: V4__add_employee_org_tables.sql)
2026-05-23 19:03:10.058 [main] DEBUG org.flywaydb.core.internal.scanner.Scanner - Filtering out resource: db/migration/V1__init_schema.sql (filename: V1__init_schema.sql)
2026-05-23 19:03:10.058 [main] DEBUG org.flywaydb.core.internal.scanner.Scanner - Filtering out resource: db/migration/V2__add_menu_and_permission_fields.sql (filename: V2__add_menu_and_permission_fields.sql)
2026-05-23 19:03:10.058 [main] DEBUG org.flywaydb.core.internal.scanner.Scanner - Filtering out resource: db/migration/V3__seed_data.sql (filename: V3__seed_data.sql)
2026-05-23 19:03:10.058 [main] DEBUG org.flywaydb.core.internal.scanner.Scanner - Filtering out resource: db/migration/V5__seed_data_org.sql (filename: V5__seed_data_org.sql)
2026-05-23 19:03:10.058 [main] DEBUG org.flywaydb.core.internal.scanner.Scanner - Filtering out resource: db/migration/V4__add_employee_org_tables.sql (filename: V4__add_employee_org_tables.sql)
2026-05-23 19:03:10.058 [main] DEBUG org.flywaydb.core.internal.scanner.Scanner - Filtering out resource: db/migration/V1__init_schema.sql (filename: V1__init_schema.sql)
2026-05-23 19:03:10.058 [main] DEBUG org.flywaydb.core.internal.scanner.Scanner - Filtering out resource: db/migration/V2__add_menu_and_permission_fields.sql (filename: V2__add_menu_and_permission_fields.sql)
2026-05-23 19:03:10.058 [main] DEBUG org.flywaydb.core.internal.scanner.Scanner - Filtering out resource: db/migration/V3__seed_data.sql (filename: V3__seed_data.sql)
2026-05-23 19:03:10.058 [main] DEBUG org.flywaydb.core.internal.scanner.Scanner - Filtering out resource: db/migration/V5__seed_data_org.sql (filename: V5__seed_data_org.sql)
2026-05-23 19:03:10.064 [main] INFO  org.flywaydb.core.internal.command.DbMigrate - Current version of schema `admin_scaffold_test`: 5
2026-05-23 19:03:10.064 [main] INFO  org.flywaydb.core.internal.command.DbMigrate - Schema `admin_scaffold_test` is up to date. No migration necessary.
2026-05-23 19:03:10.069 [main] DEBUG org.flywaydb.core.FlywayExecutor - Memory usage: 149 of 308M
 _ _   |_  _ _|_. ___ _ |    _ 
| | |\/|_)(_| | |_\  |_)||_|_\ 
     /               |         
                        3.5.16 
____ ____    ___ ____ _  _ ____ _  _ 
[__  |__| __  |  |  | |_/  |___ |\ | 
___] |  |     |  |__| | \_ |___ | \| 
https://sa-token.cc (v1.45.0)
2026-05-23 19:03:10.784 [main] INFO  i.g.l.a.system.role.controller.RoleControllerTest - Started RoleControllerTest in 4.004 seconds (process running for 78.317)
2026-05-23 19:03:10.798 [main] INFO  i.g.lystrosaurus.admin.filter.RequestLogFilter - 请求开始: POST /app/roles/1/menus  from 127.0.0.1
2026-05-23 19:03:10.801 [main] INFO  i.g.lystrosaurus.admin.filter.RequestLogFilter - 请求结束: POST /app/roles/1/menus status=200 耗时=3ms
2026-05-23 19:03:10.808 [main] INFO  i.g.lystrosaurus.admin.filter.RequestLogFilter - 请求开始: GET /app/roles  from 127.0.0.1
2026-05-23 19:03:10.810 [main] INFO  i.g.lystrosaurus.admin.filter.RequestLogFilter - 请求结束: GET /app/roles status=200 耗时=2ms
2026-05-23 19:03:10.818 [main] INFO  i.g.lystrosaurus.admin.filter.RequestLogFilter - 请求开始: PUT /app/roles/1  from 127.0.0.1
2026-05-23 19:03:10.820 [main] INFO  i.g.lystrosaurus.admin.filter.RequestLogFilter - 请求结束: PUT /app/roles/1 status=200 耗时=2ms
2026-05-23 19:03:10.827 [main] INFO  i.g.lystrosaurus.admin.filter.RequestLogFilter - 请求开始: POST /app/roles/1/permissions  from 127.0.0.1
2026-05-23 19:03:10.830 [main] INFO  i.g.lystrosaurus.admin.filter.RequestLogFilter - 请求结束: POST /app/roles/1/permissions status=200 耗时=3ms
2026-05-23 19:03:10.836 [main] INFO  i.g.lystrosaurus.admin.filter.RequestLogFilter - 请求开始: GET /app/roles/999  from 127.0.0.1
2026-05-23 19:03:10.836 [main] WARN  i.g.l.admin.handler.GlobalExceptionHandler - 业务异常: code=3001, message=角色不存在
2026-05-23 19:03:10.836 [main] INFO  i.g.lystrosaurus.admin.filter.RequestLogFilter - 请求结束: GET /app/roles/999 status=200 耗时=0ms
2026-05-23 19:03:10.844 [main] INFO  i.g.lystrosaurus.admin.filter.RequestLogFilter - 请求开始: POST /app/roles  from 127.0.0.1
2026-05-23 19:03:10.852 [main] INFO  i.g.lystrosaurus.admin.filter.RequestLogFilter - 请求结束: POST /app/roles status=200 耗时=8ms
2026-05-23 19:03:10.854 [main] INFO  i.g.lystrosaurus.admin.filter.RequestLogFilter - 请求开始: GET /app/roles/1  from 127.0.0.1
2026-05-23 19:03:10.861 [main] INFO  i.g.lystrosaurus.admin.filter.RequestLogFilter - 请求结束: GET /app/roles/1 status=200 耗时=7ms
2026-05-23 19:03:10.864 [main] INFO  i.g.lystrosaurus.admin.filter.RequestLogFilter - 请求开始: DELETE /app/roles/1  from 127.0.0.1
2026-05-23 19:03:10.864 [main] INFO  i.g.lystrosaurus.admin.filter.RequestLogFilter - 请求结束: DELETE /app/roles/1 status=200 耗时=0ms

  .   ____          _            __ _ _
 /\\ / ___'_ __ _ _(_)_ __  __ _ \ \ \ \
( ( )\___ | '_ | '_| | '_ \/ _` | \ \ \ \
 \\/  ___)| |_)| | | | | || (_| |  ) ) ) )
  '  |____| .__|_| |_|_| |_\__, | / / / /
 =========|_|==============|___/=/_/_/_/
 :: Spring Boot ::                (v3.2.5)

2026-05-23 19:03:11.288 [main] INFO  i.g.l.a.system.user.controller.UserControllerTest - Starting UserControllerTest using Java 21.0.5 with PID 54236 (started by lannt in C:\workspace\admin-management-scaffold\backend)
2026-05-23 19:03:11.288 [main] DEBUG i.g.l.a.system.user.controller.UserControllerTest - Running with Spring Boot v3.2.5, Spring v6.1.6
2026-05-23 19:03:11.288 [main] INFO  i.g.l.a.system.user.controller.UserControllerTest - The following 1 profile is active: "test"
2026-05-23 19:03:11.807 [main] INFO  i.g.l.admin.config.TestDatabaseInitializer - 测试数据库 admin_scaffold_test 创建成功或已存在
2026-05-23 19:03:12.315 [main] INFO  i.g.l.admin.config.TestDatabaseInitializer - 测试数据库已清理，将手动执行 Flyway 迁移
2026-05-23 19:03:12.320 [main] DEBUG o.f.c.internal.scanner.classpath.ClassPathScanner - Scanning for classpath resources at 'classpath:db/callback' ...
2026-05-23 19:03:12.320 [main] DEBUG o.f.c.internal.scanner.classpath.ClassPathScanner - Determining location urls for classpath:db/callback using ClassLoader jdk.internal.loader.ClassLoaders$AppClassLoader@5c647e05 ...
2026-05-23 19:03:12.320 [main] DEBUG o.f.c.internal.scanner.classpath.ClassPathScanner - Unable to resolve location classpath:db/callback.
2026-05-23 19:03:12.321 [main] DEBUG o.f.c.internal.scanner.classpath.ClassPathScanner - Scanning for classpath resources at 'classpath:db/migration' ...
2026-05-23 19:03:12.321 [main] DEBUG o.f.c.internal.scanner.classpath.ClassPathScanner - Determining location urls for classpath:db/migration using ClassLoader jdk.internal.loader.ClassLoaders$AppClassLoader@5c647e05 ...
2026-05-23 19:03:12.321 [main] DEBUG o.f.c.internal.scanner.classpath.ClassPathScanner - Scanning URL: file:/C:/workspace/admin-management-scaffold/backend/target/classes/db/migration
2026-05-23 19:03:12.321 [main] DEBUG o.f.c.i.s.c.FileSystemClassPathLocationScanner - Scanning starting at classpath root in filesystem: C:\workspace\admin-management-scaffold\backend\target\classes\
2026-05-23 19:03:12.321 [main] DEBUG o.f.c.i.s.c.FileSystemClassPathLocationScanner - Scanning for resources in path: C:\workspace\admin-management-scaffold\backend\target\classes\db\migration (db/migration)
2026-05-23 19:03:12.322 [main] DEBUG o.f.c.internal.scanner.classpath.ClassPathScanner - Found resource: db/migration/V1__init_schema.sql
2026-05-23 19:03:12.322 [main] DEBUG o.f.c.internal.scanner.classpath.ClassPathScanner - Found resource: db/migration/V2__add_menu_and_permission_fields.sql
2026-05-23 19:03:12.322 [main] DEBUG o.f.c.internal.scanner.classpath.ClassPathScanner - Found resource: db/migration/V3__seed_data.sql
2026-05-23 19:03:12.322 [main] DEBUG o.f.c.internal.scanner.classpath.ClassPathScanner - Found resource: db/migration/V4__add_employee_org_tables.sql
2026-05-23 19:03:12.322 [main] DEBUG o.f.c.internal.scanner.classpath.ClassPathScanner - Found resource: db/migration/V5__seed_data_org.sql
2026-05-23 19:03:12.322 [main] DEBUG o.f.c.internal.scanner.classpath.ClassPathScanner - Scanning for classes at classpath:db/migration
2026-05-23 19:03:12.322 [main] DEBUG o.f.core.internal.resource.ResourceNameValidator - Validating V4__add_employee_org_tables.sql
2026-05-23 19:03:12.323 [main] DEBUG o.f.core.internal.resource.ResourceNameValidator - Validating V1__init_schema.sql
2026-05-23 19:03:12.323 [main] DEBUG o.f.core.internal.resource.ResourceNameValidator - Validating V2__add_menu_and_permission_fields.sql
2026-05-23 19:03:12.323 [main] DEBUG o.f.core.internal.resource.ResourceNameValidator - Validating V3__seed_data.sql
2026-05-23 19:03:12.323 [main] DEBUG o.f.core.internal.resource.ResourceNameValidator - Validating V5__seed_data_org.sql
2026-05-23 19:03:12.333 [main] INFO  org.flywaydb.core.FlywayExecutor - Database: jdbc:mysql://localhost:3306/admin_scaffold_test (MySQL 9.1)
2026-05-23 19:03:12.333 [main] DEBUG org.flywaydb.core.FlywayExecutor - Database Type: MySQL
2026-05-23 19:03:12.333 [main] DEBUG org.flywaydb.core.FlywayExecutor - Driver: MySQL Connector/J mysql-connector-j-8.3.0 (Revision: 805f872a57875f311cb82487efcfb070411a3fa0)
2026-05-23 19:03:12.333 [main] DEBUG org.flywaydb.core.FlywayExecutor - DDL Transactions Supported: false
2026-05-23 19:03:12.333 [main] DEBUG o.f.c.internal.schemahistory.SchemaHistoryFactory - Schemas: 
2026-05-23 19:03:12.333 [main] DEBUG o.f.c.internal.schemahistory.SchemaHistoryFactory - Default schema: null
2026-05-23 19:03:12.339 [main] WARN  org.flywaydb.core.internal.database.base.Database - Flyway upgrade recommended: MySQL 9.1 is newer than this version of Flyway and support has not been tested. The latest supported version of MySQL is 8.1.
2026-05-23 19:03:12.339 [main] DEBUG o.f.c.internal.callback.SqlScriptCallbackFactory - Scanning for SQL callbacks ...
2026-05-23 19:03:12.341 [main] DEBUG org.flywaydb.core.internal.command.DbValidate - Validating migrations ...
2026-05-23 19:03:12.342 [main] DEBUG o.f.core.api.configuration.ClassicConfiguration - CherryPickConfigurationExtension not found
2026-05-23 19:03:12.347 [main] DEBUG org.flywaydb.core.internal.scanner.Scanner - Filtering out resource: db/migration/V4__add_employee_org_tables.sql (filename: V4__add_employee_org_tables.sql)
2026-05-23 19:03:12.347 [main] DEBUG org.flywaydb.core.internal.scanner.Scanner - Filtering out resource: db/migration/V1__init_schema.sql (filename: V1__init_schema.sql)
2026-05-23 19:03:12.347 [main] DEBUG org.flywaydb.core.internal.scanner.Scanner - Filtering out resource: db/migration/V2__add_menu_and_permission_fields.sql (filename: V2__add_menu_and_permission_fields.sql)
2026-05-23 19:03:12.347 [main] DEBUG org.flywaydb.core.internal.scanner.Scanner - Filtering out resource: db/migration/V3__seed_data.sql (filename: V3__seed_data.sql)
2026-05-23 19:03:12.347 [main] DEBUG org.flywaydb.core.internal.scanner.Scanner - Filtering out resource: db/migration/V5__seed_data_org.sql (filename: V5__seed_data_org.sql)
2026-05-23 19:03:12.347 [main] DEBUG org.flywaydb.core.internal.scanner.Scanner - Filtering out resource: db/migration/V4__add_employee_org_tables.sql (filename: V4__add_employee_org_tables.sql)
2026-05-23 19:03:12.347 [main] DEBUG org.flywaydb.core.internal.scanner.Scanner - Filtering out resource: db/migration/V1__init_schema.sql (filename: V1__init_schema.sql)
2026-05-23 19:03:12.347 [main] DEBUG org.flywaydb.core.internal.scanner.Scanner - Filtering out resource: db/migration/V2__add_menu_and_permission_fields.sql (filename: V2__add_menu_and_permission_fields.sql)
2026-05-23 19:03:12.347 [main] DEBUG org.flywaydb.core.internal.scanner.Scanner - Filtering out resource: db/migration/V3__seed_data.sql (filename: V3__seed_data.sql)
2026-05-23 19:03:12.347 [main] DEBUG org.flywaydb.core.internal.scanner.Scanner - Filtering out resource: db/migration/V5__seed_data_org.sql (filename: V5__seed_data_org.sql)
2026-05-23 19:03:12.351 [main] INFO  o.f.c.i.schemahistory.JdbcTableSchemaHistory - Schema history table `admin_scaffold_test`.`flyway_schema_history` does not exist yet
2026-05-23 19:03:12.353 [main] INFO  org.flywaydb.core.internal.command.DbValidate - Successfully validated 5 migrations (execution time 00:00.012s)
2026-05-23 19:03:12.355 [main] DEBUG org.flywaydb.core.internal.command.DbSchemas - Skipping creation of existing schema: `admin_scaffold_test`
2026-05-23 19:03:12.368 [main] INFO  o.f.c.i.schemahistory.JdbcTableSchemaHistory - Creating Schema History table `admin_scaffold_test`.`flyway_schema_history` ...
2026-05-23 19:03:12.369 [main] DEBUG org.flywaydb.core.internal.parser.Parser - Parsing  ...
2026-05-23 19:03:12.370 [main] DEBUG o.flywaydb.core.internal.sqlscript.ParserSqlScript - Found statement at line 1: CREATE TABLE `admin_scaffold_test`.`flyway_schema_history` (
    `installed_rank` INT NOT NULL,
    `version` VARCHAR(50),
    `description` VARCHAR(200) NOT NULL,
    `type` VARCHAR(20) NOT NULL,
    `script` VARCHAR(1000) NOT NULL,
    `checksum` INT,
    `installed_by` VARCHAR(100) NOT NULL,
    `installed_on` TIMESTAMP NOT NULL DEFAULT CURRENT_TIMESTAMP,
    `execution_time` INT NOT NULL,
    `success` BOOL NOT NULL,
    CONSTRAINT `flyway_schema_history_pk` PRIMARY KEY (`installed_rank`)
) ENGINE=InnoDB
2026-05-23 19:03:12.370 [main] DEBUG o.flywaydb.core.internal.sqlscript.ParserSqlScript - Found statement at line 14: CREATE INDEX `flyway_schema_history_s_idx` ON `admin_scaffold_test`.`flyway_schema_history` (`success`)
2026-05-23 19:03:12.370 [main] DEBUG o.f.c.internal.sqlscript.DefaultSqlScriptExecutor - Executing SQL: CREATE TABLE `admin_scaffold_test`.`flyway_schema_history` (
    `installed_rank` INT NOT NULL,
    `version` VARCHAR(50),
    `description` VARCHAR(200) NOT NULL,
    `type` VARCHAR(20) NOT NULL,
    `script` VARCHAR(1000) NOT NULL,
    `checksum` INT,
    `installed_by` VARCHAR(100) NOT NULL,
    `installed_on` TIMESTAMP NOT NULL DEFAULT CURRENT_TIMESTAMP,
    `execution_time` INT NOT NULL,
    `success` BOOL NOT NULL,
    CONSTRAINT `flyway_schema_history_pk` PRIMARY KEY (`installed_rank`)
) ENGINE=InnoDB
2026-05-23 19:03:12.416 [main] DEBUG o.f.c.internal.sqlscript.DefaultSqlScriptExecutor - 0 rows affected
2026-05-23 19:03:12.416 [main] DEBUG o.f.c.internal.sqlscript.DefaultSqlScriptExecutor - Executing SQL: CREATE INDEX `flyway_schema_history_s_idx` ON `admin_scaffold_test`.`flyway_schema_history` (`success`)
2026-05-23 19:03:12.479 [main] DEBUG o.f.c.internal.sqlscript.DefaultSqlScriptExecutor - 0 rows affected
2026-05-23 19:03:12.479 [main] DEBUG o.f.c.i.schemahistory.JdbcTableSchemaHistory - Created Schema History table `admin_scaffold_test`.`flyway_schema_history`
2026-05-23 19:03:12.488 [main] DEBUG o.f.core.api.configuration.ClassicConfiguration - CherryPickConfigurationExtension not found
2026-05-23 19:03:12.494 [main] INFO  org.flywaydb.core.internal.command.DbMigrate - Current version of schema `admin_scaffold_test`: << Empty Schema >>
2026-05-23 19:03:12.495 [main] DEBUG org.flywaydb.core.internal.parser.Parser - Parsing V1__init_schema.sql ...
2026-05-23 19:03:12.496 [main] DEBUG o.flywaydb.core.internal.sqlscript.ParserSqlScript - Found statement at line 3: -- 初始化数据库架构
-- 创建用户表
CREATE TABLE IF NOT EXISTS `sys_user` (
    `id` BIGINT NOT NULL COMMENT '主键ID',
    `username` VARCHAR(50) NOT NULL COMMENT '用户名',
    `password` VARCHAR(100) NOT NULL COMMENT '密码',
    `nickname` VARCHAR(50) COMMENT '昵称',
    `email` VARCHAR(100) COMMENT '邮箱',
    `phone` VARCHAR(20) COMMENT '手机号',
    `avatar` VARCHAR(255) COMMENT '头像',
    `status` TINYINT DEFAULT 1 COMMENT '状态：0-禁用，1-启用',
    `created_at` DATETIME DEFAULT CURRENT_TIMESTAMP COMMENT '创建时间',
    `updated_at` DATETIME DEFAULT CURRENT_TIMESTAMP ON UPDATE CURRENT_TIMESTAMP COMMENT '更新时间',
    `created_by` VARCHAR(50) COMMENT '创建人',
    `updated_by` VARCHAR(50) COMMENT '更新人',
    `deleted` TINYINT DEFAULT 0 COMMENT '逻辑删除标志：0-未删除，1-已删除',
    `version` INT DEFAULT 1 COMMENT '版本号',
    PRIMARY KEY (`id`),
    UNIQUE KEY `uk_username` (`username`),
    KEY `idx_email` (`email`),
    KEY `idx_phone` (`phone`)
) ENGINE=InnoDB DEFAULT CHARSET=utf8mb4 COLLATE=utf8mb4_unicode_ci COMMENT='系统用户表'
2026-05-23 19:03:12.496 [main] DEBUG o.flywaydb.core.internal.sqlscript.ParserSqlScript - Found statement at line 25: -- 创建角色表
CREATE TABLE IF NOT EXISTS `sys_role` (
    `id` BIGINT NOT NULL COMMENT '主键ID',
    `role_name` VARCHAR(50) NOT NULL COMMENT '角色名称',
    `role_code` VARCHAR(50) NOT NULL COMMENT '角色编码',
    `description` VARCHAR(255) COMMENT '描述',
    `status` TINYINT DEFAULT 1 COMMENT '状态：0-禁用，1-启用',
    `created_at` DATETIME DEFAULT CURRENT_TIMESTAMP COMMENT '创建时间',
    `updated_at` DATETIME DEFAULT CURRENT_TIMESTAMP ON UPDATE CURRENT_TIMESTAMP COMMENT '更新时间',
    `created_by` VARCHAR(50) COMMENT '创建人',
    `updated_by` VARCHAR(50) COMMENT '更新人',
    `deleted` TINYINT DEFAULT 0 COMMENT '逻辑删除标志：0-未删除，1-已删除',
    `version` INT DEFAULT 1 COMMENT '版本号',
    PRIMARY KEY (`id`),
    UNIQUE KEY `uk_role_code` (`role_code`)
) ENGINE=InnoDB DEFAULT CHARSET=utf8mb4 COLLATE=utf8mb4_unicode_ci COMMENT='系统角色表'
2026-05-23 19:03:12.496 [main] DEBUG o.flywaydb.core.internal.sqlscript.ParserSqlScript - Found statement at line 42: -- 创建用户角色关联表
CREATE TABLE IF NOT EXISTS `sys_user_role` (
    `id` BIGINT NOT NULL COMMENT '主键ID',
    `user_id` BIGINT NOT NULL COMMENT '用户ID',
    `role_id` BIGINT NOT NULL COMMENT '角色ID',
    `created_at` DATETIME DEFAULT CURRENT_TIMESTAMP COMMENT '创建时间',
    `created_by` VARCHAR(50) COMMENT '创建人',
    `updated_at` DATETIME DEFAULT CURRENT_TIMESTAMP ON UPDATE CURRENT_TIMESTAMP COMMENT '更新时间',
    `updated_by` VARCHAR(50) COMMENT '更新人',
    `deleted` TINYINT DEFAULT 0 COMMENT '逻辑删除标志：0-未删除，1-已删除',
    PRIMARY KEY (`id`),
    UNIQUE KEY `uk_user_role` (`user_id`, `role_id`),
    KEY `idx_role_id` (`role_id`)
) ENGINE=InnoDB DEFAULT CHARSET=utf8mb4 COLLATE=utf8mb4_unicode_ci COMMENT='用户角色关联表'
2026-05-23 19:03:12.497 [main] DEBUG o.flywaydb.core.internal.sqlscript.ParserSqlScript - Found statement at line 57: -- 创建权限表
CREATE TABLE IF NOT EXISTS `sys_permission` (
    `id` BIGINT NOT NULL COMMENT '主键ID',
    `permission_name` VARCHAR(50) NOT NULL COMMENT '权限名称',
    `permission_code` VARCHAR(100) NOT NULL COMMENT '权限编码',
    `description` VARCHAR(255) COMMENT '描述',
    `status` TINYINT DEFAULT 1 COMMENT '状态：0-禁用，1-启用',
    `created_at` DATETIME DEFAULT CURRENT_TIMESTAMP COMMENT '创建时间',
    `updated_at` DATETIME DEFAULT CURRENT_TIMESTAMP ON UPDATE CURRENT_TIMESTAMP COMMENT '更新时间',
    `created_by` VARCHAR(50) COMMENT '创建人',
    `updated_by` VARCHAR(50) COMMENT '更新人',
    `deleted` TINYINT DEFAULT 0 COMMENT '逻辑删除标志：0-未删除，1-已删除',
    `version` INT DEFAULT 1 COMMENT '版本号',
    PRIMARY KEY (`id`),
    UNIQUE KEY `uk_permission_code` (`permission_code`)
) ENGINE=InnoDB DEFAULT CHARSET=utf8mb4 COLLATE=utf8mb4_unicode_ci COMMENT='系统权限表'
2026-05-23 19:03:12.498 [main] DEBUG o.flywaydb.core.internal.sqlscript.ParserSqlScript - Found statement at line 74: -- 创建角色权限关联表
CREATE TABLE IF NOT EXISTS `sys_role_permission` (
    `id` BIGINT NOT NULL COMMENT '主键ID',
    `role_id` BIGINT NOT NULL COMMENT '角色ID',
    `permission_id` BIGINT NOT NULL COMMENT '权限ID',
    `created_at` DATETIME DEFAULT CURRENT_TIMESTAMP COMMENT '创建时间',
    `created_by` VARCHAR(50) COMMENT '创建人',
    `updated_at` DATETIME DEFAULT CURRENT_TIMESTAMP ON UPDATE CURRENT_TIMESTAMP COMMENT '更新时间',
    `updated_by` VARCHAR(50) COMMENT '更新人',
    `deleted` TINYINT DEFAULT 0 COMMENT '逻辑删除标志：0-未删除，1-已删除',
    PRIMARY KEY (`id`),
    UNIQUE KEY `uk_role_permission` (`role_id`, `permission_id`),
    KEY `idx_permission_id` (`permission_id`)
) ENGINE=InnoDB DEFAULT CHARSET=utf8mb4 COLLATE=utf8mb4_unicode_ci COMMENT='角色权限关联表'
2026-05-23 19:03:12.498 [main] DEBUG org.flywaydb.core.internal.command.DbMigrate - Starting migration of schema `admin_scaffold_test` to version "1 - init schema" ...
2026-05-23 19:03:12.502 [main] INFO  org.flywaydb.core.internal.command.DbMigrate - Migrating schema `admin_scaffold_test` to version "1 - init schema"
2026-05-23 19:03:12.503 [main] DEBUG o.f.c.internal.sqlscript.DefaultSqlScriptExecutor - Executing SQL: -- 初始化数据库架构
-- 创建用户表
CREATE TABLE IF NOT EXISTS `sys_user` (
    `id` BIGINT NOT NULL COMMENT '主键ID',
    `username` VARCHAR(50) NOT NULL COMMENT '用户名',
    `password` VARCHAR(100) NOT NULL COMMENT '密码',
    `nickname` VARCHAR(50) COMMENT '昵称',
    `email` VARCHAR(100) COMMENT '邮箱',
    `phone` VARCHAR(20) COMMENT '手机号',
    `avatar` VARCHAR(255) COMMENT '头像',
    `status` TINYINT DEFAULT 1 COMMENT '状态：0-禁用，1-启用',
    `created_at` DATETIME DEFAULT CURRENT_TIMESTAMP COMMENT '创建时间',
    `updated_at` DATETIME DEFAULT CURRENT_TIMESTAMP ON UPDATE CURRENT_TIMESTAMP COMMENT '更新时间',
    `created_by` VARCHAR(50) COMMENT '创建人',
    `updated_by` VARCHAR(50) COMMENT '更新人',
    `deleted` TINYINT DEFAULT 0 COMMENT '逻辑删除标志：0-未删除，1-已删除',
    `version` INT DEFAULT 1 COMMENT '版本号',
    PRIMARY KEY (`id`),
    UNIQUE KEY `uk_username` (`username`),
    KEY `idx_email` (`email`),
    KEY `idx_phone` (`phone`)
) ENGINE=InnoDB DEFAULT CHARSET=utf8mb4 COLLATE=utf8mb4_unicode_ci COMMENT='系统用户表'
2026-05-23 19:03:12.589 [main] DEBUG o.f.c.internal.sqlscript.DefaultSqlScriptExecutor - 0 rows affected
2026-05-23 19:03:12.589 [main] DEBUG o.f.c.internal.sqlscript.DefaultSqlScriptExecutor - Executing SQL: -- 创建角色表
CREATE TABLE IF NOT EXISTS `sys_role` (
    `id` BIGINT NOT NULL COMMENT '主键ID',
    `role_name` VARCHAR(50) NOT NULL COMMENT '角色名称',
    `role_code` VARCHAR(50) NOT NULL COMMENT '角色编码',
    `description` VARCHAR(255) COMMENT '描述',
    `status` TINYINT DEFAULT 1 COMMENT '状态：0-禁用，1-启用',
    `created_at` DATETIME DEFAULT CURRENT_TIMESTAMP COMMENT '创建时间',
    `updated_at` DATETIME DEFAULT CURRENT_TIMESTAMP ON UPDATE CURRENT_TIMESTAMP COMMENT '更新时间',
    `created_by` VARCHAR(50) COMMENT '创建人',
    `updated_by` VARCHAR(50) COMMENT '更新人',
    `deleted` TINYINT DEFAULT 0 COMMENT '逻辑删除标志：0-未删除，1-已删除',
    `version` INT DEFAULT 1 COMMENT '版本号',
    PRIMARY KEY (`id`),
    UNIQUE KEY `uk_role_code` (`role_code`)
) ENGINE=InnoDB DEFAULT CHARSET=utf8mb4 COLLATE=utf8mb4_unicode_ci COMMENT='系统角色表'
2026-05-23 19:03:12.642 [main] DEBUG o.f.c.internal.sqlscript.DefaultSqlScriptExecutor - 0 rows affected
2026-05-23 19:03:12.642 [main] DEBUG o.f.c.internal.sqlscript.DefaultSqlScriptExecutor - Executing SQL: -- 创建用户角色关联表
CREATE TABLE IF NOT EXISTS `sys_user_role` (
    `id` BIGINT NOT NULL COMMENT '主键ID',
    `user_id` BIGINT NOT NULL COMMENT '用户ID',
    `role_id` BIGINT NOT NULL COMMENT '角色ID',
    `created_at` DATETIME DEFAULT CURRENT_TIMESTAMP COMMENT '创建时间',
    `created_by` VARCHAR(50) COMMENT '创建人',
    `updated_at` DATETIME DEFAULT CURRENT_TIMESTAMP ON UPDATE CURRENT_TIMESTAMP COMMENT '更新时间',
    `updated_by` VARCHAR(50) COMMENT '更新人',
    `deleted` TINYINT DEFAULT 0 COMMENT '逻辑删除标志：0-未删除，1-已删除',
    PRIMARY KEY (`id`),
    UNIQUE KEY `uk_user_role` (`user_id`, `role_id`),
    KEY `idx_role_id` (`role_id`)
) ENGINE=InnoDB DEFAULT CHARSET=utf8mb4 COLLATE=utf8mb4_unicode_ci COMMENT='用户角色关联表'
2026-05-23 19:03:12.706 [main] DEBUG o.f.c.internal.sqlscript.DefaultSqlScriptExecutor - 0 rows affected
2026-05-23 19:03:12.706 [main] DEBUG o.f.c.internal.sqlscript.DefaultSqlScriptExecutor - Executing SQL: -- 创建权限表
CREATE TABLE IF NOT EXISTS `sys_permission` (
    `id` BIGINT NOT NULL COMMENT '主键ID',
    `permission_name` VARCHAR(50) NOT NULL COMMENT '权限名称',
    `permission_code` VARCHAR(100) NOT NULL COMMENT '权限编码',
    `description` VARCHAR(255) COMMENT '描述',
    `status` TINYINT DEFAULT 1 COMMENT '状态：0-禁用，1-启用',
    `created_at` DATETIME DEFAULT CURRENT_TIMESTAMP COMMENT '创建时间',
    `updated_at` DATETIME DEFAULT CURRENT_TIMESTAMP ON UPDATE CURRENT_TIMESTAMP COMMENT '更新时间',
    `created_by` VARCHAR(50) COMMENT '创建人',
    `updated_by` VARCHAR(50) COMMENT '更新人',
    `deleted` TINYINT DEFAULT 0 COMMENT '逻辑删除标志：0-未删除，1-已删除',
    `version` INT DEFAULT 1 COMMENT '版本号',
    PRIMARY KEY (`id`),
    UNIQUE KEY `uk_permission_code` (`permission_code`)
) ENGINE=InnoDB DEFAULT CHARSET=utf8mb4 COLLATE=utf8mb4_unicode_ci COMMENT='系统权限表'
2026-05-23 19:03:12.765 [main] DEBUG o.f.c.internal.sqlscript.DefaultSqlScriptExecutor - 0 rows affected
2026-05-23 19:03:12.765 [main] DEBUG o.f.c.internal.sqlscript.DefaultSqlScriptExecutor - Executing SQL: -- 创建角色权限关联表
CREATE TABLE IF NOT EXISTS `sys_role_permission` (
    `id` BIGINT NOT NULL COMMENT '主键ID',
    `role_id` BIGINT NOT NULL COMMENT '角色ID',
    `permission_id` BIGINT NOT NULL COMMENT '权限ID',
    `created_at` DATETIME DEFAULT CURRENT_TIMESTAMP COMMENT '创建时间',
    `created_by` VARCHAR(50) COMMENT '创建人',
    `updated_at` DATETIME DEFAULT CURRENT_TIMESTAMP ON UPDATE CURRENT_TIMESTAMP COMMENT '更新时间',
    `updated_by` VARCHAR(50) COMMENT '更新人',
    `deleted` TINYINT DEFAULT 0 COMMENT '逻辑删除标志：0-未删除，1-已删除',
    PRIMARY KEY (`id`),
    UNIQUE KEY `uk_role_permission` (`role_id`, `permission_id`),
    KEY `idx_permission_id` (`permission_id`)
) ENGINE=InnoDB DEFAULT CHARSET=utf8mb4 COLLATE=utf8mb4_unicode_ci COMMENT='角色权限关联表'
2026-05-23 19:03:12.829 [main] DEBUG o.f.c.internal.sqlscript.DefaultSqlScriptExecutor - 0 rows affected
2026-05-23 19:03:12.829 [main] DEBUG org.flywaydb.core.internal.command.DbMigrate - Successfully completed migration of schema `admin_scaffold_test` to version "1 - init schema"
2026-05-23 19:03:12.837 [main] DEBUG o.f.c.i.schemahistory.JdbcTableSchemaHistory - Schema History table `admin_scaffold_test`.`flyway_schema_history` successfully updated to reflect changes
2026-05-23 19:03:12.856 [main] DEBUG o.f.core.api.configuration.ClassicConfiguration - CherryPickConfigurationExtension not found
2026-05-23 19:03:12.862 [main] DEBUG org.flywaydb.core.internal.parser.Parser - Parsing V2__add_menu_and_permission_fields.sql ...
2026-05-23 19:03:12.863 [main] DEBUG o.flywaydb.core.internal.sqlscript.ParserSqlScript - Found statement at line 7: -- V2: 添加菜单表和权限字段扩展
-- 任务: 创建 sys_menu 表，补充 sys_permission 字段，创建 sys_role_menu 关联表

-- ============================================================
-- 1. 创建菜单表 sys_menu
-- ============================================================
CREATE TABLE IF NOT EXISTS `sys_menu` (
    `id` BIGINT NOT NULL COMMENT '主键ID',
    `parent_id` BIGINT DEFAULT 0 COMMENT '父菜单ID，0表示顶级菜单',
    `name` VARCHAR(64) NOT NULL COMMENT '菜单名称',
    `path` VARCHAR(255) COMMENT '路由路径',
    `component` VARCHAR(255) COMMENT '前端组件路径',
    `icon` VARCHAR(64) COMMENT '图标',
    `sort_order` INT DEFAULT 0 COMMENT '排序号',
    `type` TINYINT NOT NULL COMMENT '类型：1-目录，2-菜单，3-按钮',
    `permission_code` VARCHAR(64) COMMENT '权限码',
    `visible` TINYINT DEFAULT 1 COMMENT '是否可见：0-隐藏，1-显示',
    `status` TINYINT DEFAULT 1 COMMENT '状态：0-禁用，1-启用',
    `created_at` DATETIME DEFAULT CURRENT_TIMESTAMP COMMENT '创建时间',
    `created_by` VARCHAR(50) COMMENT '创建人',
    `updated_at` DATETIME DEFAULT CURRENT_TIMESTAMP ON UPDATE CURRENT_TIMESTAMP COMMENT '更新时间',
    `updated_by` VARCHAR(50) COMMENT '更新人',
    `deleted` TINYINT DEFAULT 0 COMMENT '逻辑删除标志：0-未删除，1-已删除',
    `version` INT DEFAULT 1 COMMENT '版本号',
    PRIMARY KEY (`id`),
    KEY `idx_parent_id` (`parent_id`),
    KEY `idx_permission_code` (`permission_code`)
) ENGINE=InnoDB DEFAULT CHARSET=utf8mb4 COLLATE=utf8mb4_unicode_ci COMMENT='系统菜单表'
2026-05-23 19:03:12.863 [main] DEBUG o.flywaydb.core.internal.sqlscript.ParserSqlScript - Found statement at line 33: -- ============================================================
-- 2. 扩展 sys_permission 表字段
-- ============================================================
ALTER TABLE `sys_permission`
    ADD COLUMN `type` VARCHAR(32) COMMENT '权限类型：MENU-菜单权限，BUTTON-按钮权限，API-接口权限' AFTER `description`,
    ADD COLUMN `module` VARCHAR(64) COMMENT '所属模块，如 system、auth' AFTER `type`,
    ADD COLUMN `resource` VARCHAR(64) COMMENT '资源标识，如 user、role' AFTER `module`,
    ADD COLUMN `action` VARCHAR(32) COMMENT '操作类型，如 view、create、update、delete' AFTER `resource`
2026-05-23 19:03:12.863 [main] DEBUG o.flywaydb.core.internal.sqlscript.ParserSqlScript - Found statement at line 40: -- 为权限类型字段添加索引
ALTER TABLE `sys_permission`
    ADD KEY `idx_type` (`type`)
2026-05-23 19:03:12.864 [main] DEBUG o.flywaydb.core.internal.sqlscript.ParserSqlScript - Found statement at line 46: -- ============================================================
-- 3. 创建角色菜单关联表 sys_role_menu
-- ============================================================
CREATE TABLE IF NOT EXISTS `sys_role_menu` (
    `id` BIGINT NOT NULL COMMENT '主键ID',
    `role_id` BIGINT NOT NULL COMMENT '角色ID',
    `menu_id` BIGINT NOT NULL COMMENT '菜单ID',
    `created_at` DATETIME DEFAULT CURRENT_TIMESTAMP COMMENT '创建时间',
    `created_by` VARCHAR(50) COMMENT '创建人',
    `updated_at` DATETIME DEFAULT CURRENT_TIMESTAMP ON UPDATE CURRENT_TIMESTAMP COMMENT '更新时间',
    `updated_by` VARCHAR(50) COMMENT '更新人',
    `deleted` TINYINT DEFAULT 0 COMMENT '逻辑删除标志：0-未删除，1-已删除',
    PRIMARY KEY (`id`),
    UNIQUE KEY `uk_role_menu` (`role_id`, `menu_id`),
    KEY `idx_menu_id` (`menu_id`)
) ENGINE=InnoDB DEFAULT CHARSET=utf8mb4 COLLATE=utf8mb4_unicode_ci COMMENT='角色菜单关联表'
2026-05-23 19:03:12.865 [main] DEBUG org.flywaydb.core.internal.command.DbMigrate - Starting migration of schema `admin_scaffold_test` to version "2 - add menu and permission fields" ...
2026-05-23 19:03:12.868 [main] INFO  org.flywaydb.core.internal.command.DbMigrate - Migrating schema `admin_scaffold_test` to version "2 - add menu and permission fields"
2026-05-23 19:03:12.869 [main] DEBUG o.f.c.internal.sqlscript.DefaultSqlScriptExecutor - Executing SQL: -- V2: 添加菜单表和权限字段扩展
-- 任务: 创建 sys_menu 表，补充 sys_permission 字段，创建 sys_role_menu 关联表

-- ============================================================
-- 1. 创建菜单表 sys_menu
-- ============================================================
CREATE TABLE IF NOT EXISTS `sys_menu` (
    `id` BIGINT NOT NULL COMMENT '主键ID',
    `parent_id` BIGINT DEFAULT 0 COMMENT '父菜单ID，0表示顶级菜单',
    `name` VARCHAR(64) NOT NULL COMMENT '菜单名称',
    `path` VARCHAR(255) COMMENT '路由路径',
    `component` VARCHAR(255) COMMENT '前端组件路径',
    `icon` VARCHAR(64) COMMENT '图标',
    `sort_order` INT DEFAULT 0 COMMENT '排序号',
    `type` TINYINT NOT NULL COMMENT '类型：1-目录，2-菜单，3-按钮',
    `permission_code` VARCHAR(64) COMMENT '权限码',
    `visible` TINYINT DEFAULT 1 COMMENT '是否可见：0-隐藏，1-显示',
    `status` TINYINT DEFAULT 1 COMMENT '状态：0-禁用，1-启用',
    `created_at` DATETIME DEFAULT CURRENT_TIMESTAMP COMMENT '创建时间',
    `created_by` VARCHAR(50) COMMENT '创建人',
    `updated_at` DATETIME DEFAULT CURRENT_TIMESTAMP ON UPDATE CURRENT_TIMESTAMP COMMENT '更新时间',
    `updated_by` VARCHAR(50) COMMENT '更新人',
    `deleted` TINYINT DEFAULT 0 COMMENT '逻辑删除标志：0-未删除，1-已删除',
    `version` INT DEFAULT 1 COMMENT '版本号',
    PRIMARY KEY (`id`),
    KEY `idx_parent_id` (`parent_id`),
    KEY `idx_permission_code` (`permission_code`)
) ENGINE=InnoDB DEFAULT CHARSET=utf8mb4 COLLATE=utf8mb4_unicode_ci COMMENT='系统菜单表'
2026-05-23 19:03:12.933 [main] DEBUG o.f.c.internal.sqlscript.DefaultSqlScriptExecutor - 0 rows affected
2026-05-23 19:03:12.933 [main] DEBUG o.f.c.internal.sqlscript.DefaultSqlScriptExecutor - Executing SQL: -- ============================================================
-- 2. 扩展 sys_permission 表字段
-- ============================================================
ALTER TABLE `sys_permission`
    ADD COLUMN `type` VARCHAR(32) COMMENT '权限类型：MENU-菜单权限，BUTTON-按钮权限，API-接口权限' AFTER `description`,
    ADD COLUMN `module` VARCHAR(64) COMMENT '所属模块，如 system、auth' AFTER `type`,
    ADD COLUMN `resource` VARCHAR(64) COMMENT '资源标识，如 user、role' AFTER `module`,
    ADD COLUMN `action` VARCHAR(32) COMMENT '操作类型，如 view、create、update、delete' AFTER `resource`
2026-05-23 19:03:12.962 [main] DEBUG o.f.c.internal.sqlscript.DefaultSqlScriptExecutor - 0 rows affected
2026-05-23 19:03:12.962 [main] DEBUG o.f.c.internal.sqlscript.DefaultSqlScriptExecutor - Executing SQL: -- 为权限类型字段添加索引
ALTER TABLE `sys_permission`
    ADD KEY `idx_type` (`type`)
2026-05-23 19:03:12.992 [main] DEBUG o.f.c.internal.sqlscript.DefaultSqlScriptExecutor - 0 rows affected
2026-05-23 19:03:12.992 [main] DEBUG o.f.c.internal.sqlscript.DefaultSqlScriptExecutor - Executing SQL: -- ============================================================
-- 3. 创建角色菜单关联表 sys_role_menu
-- ============================================================
CREATE TABLE IF NOT EXISTS `sys_role_menu` (
    `id` BIGINT NOT NULL COMMENT '主键ID',
    `role_id` BIGINT NOT NULL COMMENT '角色ID',
    `menu_id` BIGINT NOT NULL COMMENT '菜单ID',
    `created_at` DATETIME DEFAULT CURRENT_TIMESTAMP COMMENT '创建时间',
    `created_by` VARCHAR(50) COMMENT '创建人',
    `updated_at` DATETIME DEFAULT CURRENT_TIMESTAMP ON UPDATE CURRENT_TIMESTAMP COMMENT '更新时间',
    `updated_by` VARCHAR(50) COMMENT '更新人',
    `deleted` TINYINT DEFAULT 0 COMMENT '逻辑删除标志：0-未删除，1-已删除',
    PRIMARY KEY (`id`),
    UNIQUE KEY `uk_role_menu` (`role_id`, `menu_id`),
    KEY `idx_menu_id` (`menu_id`)
) ENGINE=InnoDB DEFAULT CHARSET=utf8mb4 COLLATE=utf8mb4_unicode_ci COMMENT='角色菜单关联表'
2026-05-23 19:03:13.056 [main] DEBUG o.f.c.internal.sqlscript.DefaultSqlScriptExecutor - 0 rows affected
2026-05-23 19:03:13.056 [main] DEBUG org.flywaydb.core.internal.command.DbMigrate - Successfully completed migration of schema `admin_scaffold_test` to version "2 - add menu and permission fields"
2026-05-23 19:03:13.067 [main] DEBUG o.f.c.i.schemahistory.JdbcTableSchemaHistory - Schema History table `admin_scaffold_test`.`flyway_schema_history` successfully updated to reflect changes
2026-05-23 19:03:13.084 [main] DEBUG o.f.core.api.configuration.ClassicConfiguration - CherryPickConfigurationExtension not found
2026-05-23 19:03:13.088 [main] DEBUG org.flywaydb.core.internal.parser.Parser - Parsing V3__seed_data.sql ...
2026-05-23 19:03:13.090 [main] DEBUG o.flywaydb.core.internal.sqlscript.ParserSqlScript - Found statement at line 9: -- V3: 修复列名不匹配 + 种子数据
-- LOCAL-ONLY: 仅用于本地开发环境
-- 修复 V1 Schema 与 Entity 字段名之间的不一致（MyBatis-Plus 驼峰映射）

-- ============================================================
-- 1. 修复 sys_user 列名
-- ============================================================
-- status: TINYINT → VARCHAR(32)，映射 0→DISABLED, 1→ENABLED
ALTER TABLE `sys_user` MODIFY COLUMN `status` VARCHAR(32) NOT NULL DEFAULT 'ENABLED' COMMENT '状态(ENABLED/DISABLED/LOCKED)'
2026-05-23 19:03:13.091 [main] DEBUG o.flywaydb.core.internal.sqlscript.ParserSqlScript - Found statement at line 10: UPDATE `sys_user` SET `status` = CASE WHEN `status` = '0' THEN 'DISABLED' WHEN `status` = '1' THEN 'ENABLED' ELSE `status` END WHERE `status` IN ('0', '1')
2026-05-23 19:03:13.091 [main] DEBUG o.flywaydb.core.internal.sqlscript.ParserSqlScript - Found statement at line 12: -- password → password_hash
ALTER TABLE `sys_user` CHANGE COLUMN `password` `password_hash` VARCHAR(100) NOT NULL COMMENT '密码哈希'
2026-05-23 19:03:13.091 [main] DEBUG o.flywaydb.core.internal.sqlscript.ParserSqlScript - Found statement at line 14: -- avatar → avatar_file_id（类型不变仍为 VARCHAR，后续可通过新迁移改为 BIGINT）
ALTER TABLE `sys_user` CHANGE COLUMN `avatar` `avatar_file_id` VARCHAR(255) COMMENT '头像文件ID'
2026-05-23 19:03:13.091 [main] DEBUG o.flywaydb.core.internal.sqlscript.ParserSqlScript - Found statement at line 16: -- 添加缺失列
ALTER TABLE `sys_user` ADD COLUMN `token_version` INT DEFAULT 1 COMMENT 'token版本号' AFTER `status`
2026-05-23 19:03:13.091 [main] DEBUG o.flywaydb.core.internal.sqlscript.ParserSqlScript - Found statement at line 17: ALTER TABLE `sys_user` ADD COLUMN `last_login_at` DATETIME COMMENT '最后登录时间' AFTER `token_version`
2026-05-23 19:03:13.091 [main] DEBUG o.flywaydb.core.internal.sqlscript.ParserSqlScript - Found statement at line 18: ALTER TABLE `sys_user` ADD COLUMN `last_login_ip` VARCHAR(50) COMMENT '最后登录IP' AFTER `last_login_at`
2026-05-23 19:03:13.091 [main] DEBUG o.flywaydb.core.internal.sqlscript.ParserSqlScript - Found statement at line 19: ALTER TABLE `sys_user` ADD COLUMN `employee_id` BIGINT COMMENT '绑定员工ID' AFTER `avatar_file_id`
2026-05-23 19:03:13.091 [main] DEBUG o.flywaydb.core.internal.sqlscript.ParserSqlScript - Found statement at line 24: -- ============================================================
-- 1b. 修复 sys_user_role 缺失列
-- ============================================================
ALTER TABLE `sys_user_role` ADD COLUMN `version` INT DEFAULT 1 COMMENT '版本号' AFTER `deleted`
2026-05-23 19:03:13.091 [main] DEBUG o.flywaydb.core.internal.sqlscript.ParserSqlScript - Found statement at line 29: -- ============================================================
-- 1c. 修复 sys_role_permission 缺失列
-- ============================================================
ALTER TABLE `sys_role_permission` ADD COLUMN `version` INT DEFAULT 1 COMMENT '版本号' AFTER `deleted`
2026-05-23 19:03:13.091 [main] DEBUG o.flywaydb.core.internal.sqlscript.ParserSqlScript - Found statement at line 34: -- ============================================================
-- 1d. 修复 sys_role_menu 缺失列
-- ============================================================
ALTER TABLE `sys_role_menu` ADD COLUMN `version` INT DEFAULT 1 COMMENT '版本号' AFTER `deleted`
2026-05-23 19:03:13.091 [main] DEBUG o.flywaydb.core.internal.sqlscript.ParserSqlScript - Found statement at line 40: -- ============================================================
-- 2. 修复 sys_role 列名
-- ============================================================
-- status: TINYINT → VARCHAR(32)
ALTER TABLE `sys_role` MODIFY COLUMN `status` VARCHAR(32) NOT NULL DEFAULT 'ENABLED' COMMENT '状态(ENABLED/DISABLED)'
2026-05-23 19:03:13.091 [main] DEBUG o.flywaydb.core.internal.sqlscript.ParserSqlScript - Found statement at line 41: UPDATE `sys_role` SET `status` = CASE WHEN `status` = '0' THEN 'DISABLED' WHEN `status` = '1' THEN 'ENABLED' ELSE `status` END WHERE `status` IN ('0', '1')
2026-05-23 19:03:13.091 [main] DEBUG o.flywaydb.core.internal.sqlscript.ParserSqlScript - Found statement at line 43: -- role_name → name, role_code → code
ALTER TABLE `sys_role` CHANGE COLUMN `role_name` `name` VARCHAR(50) NOT NULL COMMENT '角色名称'
2026-05-23 19:03:13.091 [main] DEBUG o.flywaydb.core.internal.sqlscript.ParserSqlScript - Found statement at line 44: ALTER TABLE `sys_role` CHANGE COLUMN `role_code` `code` VARCHAR(50) NOT NULL COMMENT '角色编码'
2026-05-23 19:03:13.091 [main] DEBUG o.flywaydb.core.internal.sqlscript.ParserSqlScript - Found statement at line 46: -- 添加缺失列
ALTER TABLE `sys_role` ADD COLUMN `sort_order` INT DEFAULT 0 COMMENT '排序号' AFTER `description`
2026-05-23 19:03:13.091 [main] DEBUG o.flywaydb.core.internal.sqlscript.ParserSqlScript - Found statement at line 47: ALTER TABLE `sys_role` ADD COLUMN `data_scope_type` VARCHAR(32) DEFAULT 'SELF' COMMENT '数据权限范围' AFTER `sort_order`
2026-05-23 19:03:13.091 [main] DEBUG o.flywaydb.core.internal.sqlscript.ParserSqlScript - Found statement at line 53: -- ============================================================
-- 3. 修复 sys_permission 列名和类型
-- ============================================================
-- status: TINYINT → VARCHAR(32)
ALTER TABLE `sys_permission` MODIFY COLUMN `status` VARCHAR(32) NOT NULL DEFAULT 'ENABLED' COMMENT '状态'
2026-05-23 19:03:13.092 [main] DEBUG o.flywaydb.core.internal.sqlscript.ParserSqlScript - Found statement at line 54: UPDATE `sys_permission` SET `status` = CASE WHEN `status` = '0' THEN 'DISABLED' WHEN `status` = '1' THEN 'ENABLED' ELSE `status` END WHERE `status` IN ('0', '1')
2026-05-23 19:03:13.092 [main] DEBUG o.flywaydb.core.internal.sqlscript.ParserSqlScript - Found statement at line 56: -- permission_name → name, permission_code → code
ALTER TABLE `sys_permission` CHANGE COLUMN `permission_name` `name` VARCHAR(50) NOT NULL COMMENT '权限名称'
2026-05-23 19:03:13.092 [main] DEBUG o.flywaydb.core.internal.sqlscript.ParserSqlScript - Found statement at line 57: ALTER TABLE `sys_permission` CHANGE COLUMN `permission_code` `code` VARCHAR(100) NOT NULL COMMENT '权限编码'
2026-05-23 19:03:13.092 [main] DEBUG o.flywaydb.core.internal.sqlscript.ParserSqlScript - Found statement at line 59: -- 添加缺失列
ALTER TABLE `sys_permission` ADD COLUMN `sort_order` INT DEFAULT 0 COMMENT '排序号' AFTER `status`
2026-05-23 19:03:13.092 [main] DEBUG o.flywaydb.core.internal.sqlscript.ParserSqlScript - Found statement at line 64: -- ============================================================
-- 4. 种子数据：管理员角色
-- ============================================================
INSERT INTO sys_role (id, code, name, description, status, data_scope_type, sort_order, created_at, updated_at, created_by, updated_by, deleted, version)
VALUES (1, 'ADMIN', '超级管理员', '系统超级管理员，拥有所有权限', 'ENABLED', 'ALL', 1, NOW(), NOW(), 'system', 'system', 0, 1)
2026-05-23 19:03:13.092 [main] DEBUG o.flywaydb.core.internal.sqlscript.ParserSqlScript - Found statement at line 70: -- ============================================================
-- 5. 种子数据：普通用户角色
-- ============================================================
INSERT INTO sys_role (id, code, name, description, status, data_scope_type, sort_order, created_at, updated_at, created_by, updated_by, deleted, version)
VALUES (2, 'USER', '普通用户', '普通用户，拥有基本查看权限', 'ENABLED', 'SELF', 2, NOW(), NOW(), 'system', 'system', 0, 1)
2026-05-23 19:03:13.092 [main] DEBUG o.flywaydb.core.internal.sqlscript.ParserSqlScript - Found statement at line 76: -- ============================================================
-- 6. 种子数据：管理员用户（密码: admin123，BCrypt 加密）
-- ============================================================
INSERT INTO sys_user (id, username, password_hash, nickname, status, created_at, updated_at, created_by, updated_by, deleted, version)
VALUES (1, 'admin', '$2a$10$P6lqkvsCYZINKMUv0gjW7ON8IJB8UM71Rk4i9oAQxaHjSoXZ5TCLm', '超级管理员', 'ENABLED', NOW(), NOW(), 'system', 'system', 0, 1)
2026-05-23 19:03:13.092 [main] DEBUG o.flywaydb.core.internal.sqlscript.ParserSqlScript - Found statement at line 82: -- ============================================================
-- 7. 种子数据：测试用户（密码: test123，BCrypt 加密）
-- ============================================================
INSERT INTO sys_user (id, username, password_hash, nickname, status, created_at, updated_at, created_by, updated_by, deleted, version)
VALUES (2, 'testuser', '$2a$10$P6lqkvsCYZINKMUv0gjW7ON8IJB8UM71Rk4i9oAQxaHjSoXZ5TCLm', '测试用户', 'ENABLED', NOW(), NOW(), 'system', 'system', 0, 1)
2026-05-23 19:03:13.092 [main] DEBUG o.flywaydb.core.internal.sqlscript.ParserSqlScript - Found statement at line 88: -- ============================================================
-- 8. 关联管理员用户和角色
-- ============================================================
INSERT INTO sys_user_role (id, user_id, role_id, created_at, created_by, updated_at, updated_by, deleted)
VALUES (1, 1, 1, NOW(), 'system', NOW(), 'system', 0)
2026-05-23 19:03:13.092 [main] DEBUG o.flywaydb.core.internal.sqlscript.ParserSqlScript - Found statement at line 94: -- ============================================================
-- 9. 种子数据：基础权限
-- ============================================================
INSERT INTO sys_permission (id, code, name, description, status, type, module, resource, action, sort_order, created_at, updated_at, created_by, updated_by, deleted, version)
VALUES
(1, 'system:user:view', '查看用户', '查看用户信息', 'ENABLED', 'BUTTON', 'system', 'user', 'view', 1, NOW(), NOW(), 'system', 'system', 0, 1),
(2, 'system:user:create', '创建用户', '创建新用户', 'ENABLED', 'BUTTON', 'system', 'user', 'create', 2, NOW(), NOW(), 'system', 'system', 0, 1),
(3, 'system:user:update', '编辑用户', '编辑用户信息', 'ENABLED', 'BUTTON', 'system', 'user', 'update', 3, NOW(), NOW(), 'system', 'system', 0, 1),
(4, 'system:user:delete', '删除用户', '删除用户', 'ENABLED', 'BUTTON', 'system', 'user', 'delete', 4, NOW(), NOW(), 'system', 'system', 0, 1),
(5, 'system:role:view', '查看角色', '查看角色信息', 'ENABLED', 'BUTTON', 'system', 'role', 'view', 5, NOW(), NOW(), 'system', 'system', 0, 1),
(6, 'system:role:create', '创建角色', '创建新角色', 'ENABLED', 'BUTTON', 'system', 'role', 'create', 6, NOW(), NOW(), 'system', 'system', 0, 1),
(7, 'system:role:update', '编辑角色', '编辑角色信息', 'ENABLED', 'BUTTON', 'system', 'role', 'update', 7, NOW(), NOW(), 'system', 'system', 0, 1),
(8, 'system:role:delete', '删除角色', '删除角色', 'ENABLED', 'BUTTON', 'system', 'role', 'delete', 8, NOW(), NOW(), 'system', 'system', 0, 1)
2026-05-23 19:03:13.093 [main] DEBUG o.flywaydb.core.internal.sqlscript.ParserSqlScript - Found statement at line 108: -- ============================================================
-- 10. 种子数据：基础菜单
-- ============================================================
INSERT INTO sys_menu (id, parent_id, name, path, component, icon, sort_order, type, permission_code, visible, status, created_at, updated_at, created_by, updated_by, deleted, version)
VALUES
(1, 0, '系统管理', '/system', NULL, 'setting', 1, 1, NULL, 1, 1, NOW(), NOW(), 'system', 'system', 0, 1),
(2, 1, '用户管理', '/system/users', 'system/users/index', 'user', 1, 2, 'system:user:view', 1, 1, NOW(), NOW(), 'system', 'system', 0, 1),
(3, 1, '角色管理', '/system/roles', 'system/roles/index', 'team', 2, 2, 'system:role:view', 1, 1, NOW(), NOW(), 'system', 'system', 0, 1),
(4, 1, '权限管理', '/system/permissions', 'system/permissions/index', 'safety', 3, 2, 'system:permission:view', 1, 1, NOW(), NOW(), 'system', 'system', 0, 1),
(5, 1, '菜单管理', '/system/menus', 'system/menus/index', 'menu', 4, 2, 'system:menu:view', 1, 1, NOW(), NOW(), 'system', 'system', 0, 1)
2026-05-23 19:03:13.093 [main] DEBUG o.flywaydb.core.internal.sqlscript.ParserSqlScript - Found statement at line 119: -- ============================================================
-- 11. 关联管理员角色和所有权限
-- ============================================================
INSERT INTO sys_role_permission (id, role_id, permission_id, created_at, created_by, updated_at, updated_by, deleted)
VALUES
(1, 1, 1, NOW(), 'system', NOW(), 'system', 0),
(2, 1, 2, NOW(), 'system', NOW(), 'system', 0),
(3, 1, 3, NOW(), 'system', NOW(), 'system', 0),
(4, 1, 4, NOW(), 'system', NOW(), 'system', 0),
(5, 1, 5, NOW(), 'system', NOW(), 'system', 0),
(6, 1, 6, NOW(), 'system', NOW(), 'system', 0),
(7, 1, 7, NOW(), 'system', NOW(), 'system', 0),
(8, 1, 8, NOW(), 'system', NOW(), 'system', 0)
2026-05-23 19:03:13.093 [main] DEBUG o.flywaydb.core.internal.sqlscript.ParserSqlScript - Found statement at line 133: -- ============================================================
-- 12. 关联管理员角色和所有菜单
-- ============================================================
INSERT INTO sys_role_menu (id, role_id, menu_id, created_at, created_by, updated_at, updated_by, deleted)
VALUES
(1, 1, 1, NOW(), 'system', NOW(), 'system', 0),
(2, 1, 2, NOW(), 'system', NOW(), 'system', 0),
(3, 1, 3, NOW(), 'system', NOW(), 'system', 0),
(4, 1, 4, NOW(), 'system', NOW(), 'system', 0),
(5, 1, 5, NOW(), 'system', NOW(), 'system', 0)
2026-05-23 19:03:13.094 [main] DEBUG org.flywaydb.core.internal.command.DbMigrate - Starting migration of schema `admin_scaffold_test` to version "3 - seed data" ...
2026-05-23 19:03:13.098 [main] INFO  org.flywaydb.core.internal.command.DbMigrate - Migrating schema `admin_scaffold_test` to version "3 - seed data"
2026-05-23 19:03:13.099 [main] DEBUG o.f.c.internal.sqlscript.DefaultSqlScriptExecutor - Executing SQL: -- V3: 修复列名不匹配 + 种子数据
-- LOCAL-ONLY: 仅用于本地开发环境
-- 修复 V1 Schema 与 Entity 字段名之间的不一致（MyBatis-Plus 驼峰映射）

-- ============================================================
-- 1. 修复 sys_user 列名
-- ============================================================
-- status: TINYINT → VARCHAR(32)，映射 0→DISABLED, 1→ENABLED
ALTER TABLE `sys_user` MODIFY COLUMN `status` VARCHAR(32) NOT NULL DEFAULT 'ENABLED' COMMENT '状态(ENABLED/DISABLED/LOCKED)'
2026-05-23 19:03:13.250 [main] DEBUG o.f.c.internal.sqlscript.DefaultSqlScriptExecutor - 0 rows affected
2026-05-23 19:03:13.251 [main] DEBUG o.f.c.internal.sqlscript.DefaultSqlScriptExecutor - Executing SQL: UPDATE `sys_user` SET `status` = CASE WHEN `status` = '0' THEN 'DISABLED' WHEN `status` = '1' THEN 'ENABLED' ELSE `status` END WHERE `status` IN ('0', '1')
2026-05-23 19:03:13.253 [main] DEBUG o.f.c.internal.sqlscript.DefaultSqlScriptExecutor - 0 rows affected
2026-05-23 19:03:13.253 [main] DEBUG o.f.c.internal.sqlscript.DefaultSqlScriptExecutor - Executing SQL: -- password → password_hash
ALTER TABLE `sys_user` CHANGE COLUMN `password` `password_hash` VARCHAR(100) NOT NULL COMMENT '密码哈希'
2026-05-23 19:03:13.281 [main] DEBUG o.f.c.internal.sqlscript.DefaultSqlScriptExecutor - 0 rows affected
2026-05-23 19:03:13.281 [main] DEBUG o.f.c.internal.sqlscript.DefaultSqlScriptExecutor - Executing SQL: -- avatar → avatar_file_id（类型不变仍为 VARCHAR，后续可通过新迁移改为 BIGINT）
ALTER TABLE `sys_user` CHANGE COLUMN `avatar` `avatar_file_id` VARCHAR(255) COMMENT '头像文件ID'
2026-05-23 19:03:13.309 [main] DEBUG o.f.c.internal.sqlscript.DefaultSqlScriptExecutor - 0 rows affected
2026-05-23 19:03:13.309 [main] DEBUG o.f.c.internal.sqlscript.DefaultSqlScriptExecutor - Executing SQL: -- 添加缺失列
ALTER TABLE `sys_user` ADD COLUMN `token_version` INT DEFAULT 1 COMMENT 'token版本号' AFTER `status`
2026-05-23 19:03:13.336 [main] DEBUG o.f.c.internal.sqlscript.DefaultSqlScriptExecutor - 0 rows affected
2026-05-23 19:03:13.336 [main] DEBUG o.f.c.internal.sqlscript.DefaultSqlScriptExecutor - Executing SQL: ALTER TABLE `sys_user` ADD COLUMN `last_login_at` DATETIME COMMENT '最后登录时间' AFTER `token_version`
2026-05-23 19:03:13.363 [main] DEBUG o.f.c.internal.sqlscript.DefaultSqlScriptExecutor - 0 rows affected
2026-05-23 19:03:13.363 [main] DEBUG o.f.c.internal.sqlscript.DefaultSqlScriptExecutor - Executing SQL: ALTER TABLE `sys_user` ADD COLUMN `last_login_ip` VARCHAR(50) COMMENT '最后登录IP' AFTER `last_login_at`
2026-05-23 19:03:13.391 [main] DEBUG o.f.c.internal.sqlscript.DefaultSqlScriptExecutor - 0 rows affected
2026-05-23 19:03:13.391 [main] DEBUG o.f.c.internal.sqlscript.DefaultSqlScriptExecutor - Executing SQL: ALTER TABLE `sys_user` ADD COLUMN `employee_id` BIGINT COMMENT '绑定员工ID' AFTER `avatar_file_id`
2026-05-23 19:03:13.414 [main] DEBUG o.f.c.internal.sqlscript.DefaultSqlScriptExecutor - 0 rows affected
2026-05-23 19:03:13.414 [main] DEBUG o.f.c.internal.sqlscript.DefaultSqlScriptExecutor - Executing SQL: -- ============================================================
-- 1b. 修复 sys_user_role 缺失列
-- ============================================================
ALTER TABLE `sys_user_role` ADD COLUMN `version` INT DEFAULT 1 COMMENT '版本号' AFTER `deleted`
2026-05-23 19:03:13.450 [main] DEBUG o.f.c.internal.sqlscript.DefaultSqlScriptExecutor - 0 rows affected
2026-05-23 19:03:13.452 [main] DEBUG o.f.c.internal.sqlscript.DefaultSqlScriptExecutor - Executing SQL: -- ============================================================
-- 1c. 修复 sys_role_permission 缺失列
-- ============================================================
ALTER TABLE `sys_role_permission` ADD COLUMN `version` INT DEFAULT 1 COMMENT '版本号' AFTER `deleted`
2026-05-23 19:03:13.478 [main] DEBUG o.f.c.internal.sqlscript.DefaultSqlScriptExecutor - 0 rows affected
2026-05-23 19:03:13.478 [main] DEBUG o.f.c.internal.sqlscript.DefaultSqlScriptExecutor - Executing SQL: -- ============================================================
-- 1d. 修复 sys_role_menu 缺失列
-- ============================================================
ALTER TABLE `sys_role_menu` ADD COLUMN `version` INT DEFAULT 1 COMMENT '版本号' AFTER `deleted`
2026-05-23 19:03:13.507 [main] DEBUG o.f.c.internal.sqlscript.DefaultSqlScriptExecutor - 0 rows affected
2026-05-23 19:03:13.507 [main] DEBUG o.f.c.internal.sqlscript.DefaultSqlScriptExecutor - Executing SQL: -- ============================================================
-- 2. 修复 sys_role 列名
-- ============================================================
-- status: TINYINT → VARCHAR(32)
ALTER TABLE `sys_role` MODIFY COLUMN `status` VARCHAR(32) NOT NULL DEFAULT 'ENABLED' COMMENT '状态(ENABLED/DISABLED)'
2026-05-23 19:03:13.623 [main] DEBUG o.f.c.internal.sqlscript.DefaultSqlScriptExecutor - 0 rows affected
2026-05-23 19:03:13.624 [main] DEBUG o.f.c.internal.sqlscript.DefaultSqlScriptExecutor - Executing SQL: UPDATE `sys_role` SET `status` = CASE WHEN `status` = '0' THEN 'DISABLED' WHEN `status` = '1' THEN 'ENABLED' ELSE `status` END WHERE `status` IN ('0', '1')
2026-05-23 19:03:13.626 [main] DEBUG o.f.c.internal.sqlscript.DefaultSqlScriptExecutor - 0 rows affected
2026-05-23 19:03:13.626 [main] DEBUG o.f.c.internal.sqlscript.DefaultSqlScriptExecutor - Executing SQL: -- role_name → name, role_code → code
ALTER TABLE `sys_role` CHANGE COLUMN `role_name` `name` VARCHAR(50) NOT NULL COMMENT '角色名称'
2026-05-23 19:03:13.653 [main] DEBUG o.f.c.internal.sqlscript.DefaultSqlScriptExecutor - 0 rows affected
2026-05-23 19:03:13.653 [main] DEBUG o.f.c.internal.sqlscript.DefaultSqlScriptExecutor - Executing SQL: ALTER TABLE `sys_role` CHANGE COLUMN `role_code` `code` VARCHAR(50) NOT NULL COMMENT '角色编码'
2026-05-23 19:03:13.678 [main] DEBUG o.f.c.internal.sqlscript.DefaultSqlScriptExecutor - 0 rows affected
2026-05-23 19:03:13.678 [main] DEBUG o.f.c.internal.sqlscript.DefaultSqlScriptExecutor - Executing SQL: -- 添加缺失列
ALTER TABLE `sys_role` ADD COLUMN `sort_order` INT DEFAULT 0 COMMENT '排序号' AFTER `description`
2026-05-23 19:03:13.705 [main] DEBUG o.f.c.internal.sqlscript.DefaultSqlScriptExecutor - 0 rows affected
2026-05-23 19:03:13.705 [main] DEBUG o.f.c.internal.sqlscript.DefaultSqlScriptExecutor - Executing SQL: ALTER TABLE `sys_role` ADD COLUMN `data_scope_type` VARCHAR(32) DEFAULT 'SELF' COMMENT '数据权限范围' AFTER `sort_order`
2026-05-23 19:03:13.735 [main] DEBUG o.f.c.internal.sqlscript.DefaultSqlScriptExecutor - 0 rows affected
2026-05-23 19:03:13.735 [main] DEBUG o.f.c.internal.sqlscript.DefaultSqlScriptExecutor - Executing SQL: -- ============================================================
-- 3. 修复 sys_permission 列名和类型
-- ============================================================
-- status: TINYINT → VARCHAR(32)
ALTER TABLE `sys_permission` MODIFY COLUMN `status` VARCHAR(32) NOT NULL DEFAULT 'ENABLED' COMMENT '状态'
2026-05-23 19:03:13.865 [main] DEBUG o.f.c.internal.sqlscript.DefaultSqlScriptExecutor - 0 rows affected
2026-05-23 19:03:13.865 [main] DEBUG o.f.c.internal.sqlscript.DefaultSqlScriptExecutor - Executing SQL: UPDATE `sys_permission` SET `status` = CASE WHEN `status` = '0' THEN 'DISABLED' WHEN `status` = '1' THEN 'ENABLED' ELSE `status` END WHERE `status` IN ('0', '1')
2026-05-23 19:03:13.867 [main] DEBUG o.f.c.internal.sqlscript.DefaultSqlScriptExecutor - 0 rows affected
2026-05-23 19:03:13.867 [main] DEBUG o.f.c.internal.sqlscript.DefaultSqlScriptExecutor - Executing SQL: -- permission_name → name, permission_code → code
ALTER TABLE `sys_permission` CHANGE COLUMN `permission_name` `name` VARCHAR(50) NOT NULL COMMENT '权限名称'
2026-05-23 19:03:13.893 [main] DEBUG o.f.c.internal.sqlscript.DefaultSqlScriptExecutor - 0 rows affected
2026-05-23 19:03:13.894 [main] DEBUG o.f.c.internal.sqlscript.DefaultSqlScriptExecutor - Executing SQL: ALTER TABLE `sys_permission` CHANGE COLUMN `permission_code` `code` VARCHAR(100) NOT NULL COMMENT '权限编码'
2026-05-23 19:03:13.919 [main] DEBUG o.f.c.internal.sqlscript.DefaultSqlScriptExecutor - 0 rows affected
2026-05-23 19:03:13.919 [main] DEBUG o.f.c.internal.sqlscript.DefaultSqlScriptExecutor - Executing SQL: -- 添加缺失列
ALTER TABLE `sys_permission` ADD COLUMN `sort_order` INT DEFAULT 0 COMMENT '排序号' AFTER `status`
2026-05-23 19:03:13.947 [main] DEBUG o.f.c.internal.sqlscript.DefaultSqlScriptExecutor - 0 rows affected
2026-05-23 19:03:13.947 [main] DEBUG o.f.c.internal.sqlscript.DefaultSqlScriptExecutor - Executing SQL: -- ============================================================
-- 4. 种子数据：管理员角色
-- ============================================================
INSERT INTO sys_role (id, code, name, description, status, data_scope_type, sort_order, created_at, updated_at, created_by, updated_by, deleted, version)
VALUES (1, 'ADMIN', '超级管理员', '系统超级管理员，拥有所有权限', 'ENABLED', 'ALL', 1, NOW(), NOW(), 'system', 'system', 0, 1)
2026-05-23 19:03:13.949 [main] DEBUG o.f.c.internal.sqlscript.DefaultSqlScriptExecutor - 1 row affected
2026-05-23 19:03:13.949 [main] DEBUG o.f.c.internal.sqlscript.DefaultSqlScriptExecutor - Executing SQL: -- ============================================================
-- 5. 种子数据：普通用户角色
-- ============================================================
INSERT INTO sys_role (id, code, name, description, status, data_scope_type, sort_order, created_at, updated_at, created_by, updated_by, deleted, version)
VALUES (2, 'USER', '普通用户', '普通用户，拥有基本查看权限', 'ENABLED', 'SELF', 2, NOW(), NOW(), 'system', 'system', 0, 1)
2026-05-23 19:03:13.950 [main] DEBUG o.f.c.internal.sqlscript.DefaultSqlScriptExecutor - 1 row affected
2026-05-23 19:03:13.950 [main] DEBUG o.f.c.internal.sqlscript.DefaultSqlScriptExecutor - Executing SQL: -- ============================================================
-- 6. 种子数据：管理员用户（密码: admin123，BCrypt 加密）
-- ============================================================
INSERT INTO sys_user (id, username, password_hash, nickname, status, created_at, updated_at, created_by, updated_by, deleted, version)
VALUES (1, 'admin', '$2a$10$P6lqkvsCYZINKMUv0gjW7ON8IJB8UM71Rk4i9oAQxaHjSoXZ5TCLm', '超级管理员', 'ENABLED', NOW(), NOW(), 'system', 'system', 0, 1)
2026-05-23 19:03:13.952 [main] DEBUG o.f.c.internal.sqlscript.DefaultSqlScriptExecutor - 1 row affected
2026-05-23 19:03:13.952 [main] DEBUG o.f.c.internal.sqlscript.DefaultSqlScriptExecutor - Executing SQL: -- ============================================================
-- 7. 种子数据：测试用户（密码: test123，BCrypt 加密）
-- ============================================================
INSERT INTO sys_user (id, username, password_hash, nickname, status, created_at, updated_at, created_by, updated_by, deleted, version)
VALUES (2, 'testuser', '$2a$10$P6lqkvsCYZINKMUv0gjW7ON8IJB8UM71Rk4i9oAQxaHjSoXZ5TCLm', '测试用户', 'ENABLED', NOW(), NOW(), 'system', 'system', 0, 1)
2026-05-23 19:03:13.953 [main] DEBUG o.f.c.internal.sqlscript.DefaultSqlScriptExecutor - 1 row affected
2026-05-23 19:03:13.953 [main] DEBUG o.f.c.internal.sqlscript.DefaultSqlScriptExecutor - Executing SQL: -- ============================================================
-- 8. 关联管理员用户和角色
-- ============================================================
INSERT INTO sys_user_role (id, user_id, role_id, created_at, created_by, updated_at, updated_by, deleted)
VALUES (1, 1, 1, NOW(), 'system', NOW(), 'system', 0)
2026-05-23 19:03:13.955 [main] DEBUG o.f.c.internal.sqlscript.DefaultSqlScriptExecutor - 1 row affected
2026-05-23 19:03:13.955 [main] DEBUG o.f.c.internal.sqlscript.DefaultSqlScriptExecutor - Executing SQL: -- ============================================================
-- 9. 种子数据：基础权限
-- ============================================================
INSERT INTO sys_permission (id, code, name, description, status, type, module, resource, action, sort_order, created_at, updated_at, created_by, updated_by, deleted, version)
VALUES
(1, 'system:user:view', '查看用户', '查看用户信息', 'ENABLED', 'BUTTON', 'system', 'user', 'view', 1, NOW(), NOW(), 'system', 'system', 0, 1),
(2, 'system:user:create', '创建用户', '创建新用户', 'ENABLED', 'BUTTON', 'system', 'user', 'create', 2, NOW(), NOW(), 'system', 'system', 0, 1),
(3, 'system:user:update', '编辑用户', '编辑用户信息', 'ENABLED', 'BUTTON', 'system', 'user', 'update', 3, NOW(), NOW(), 'system', 'system', 0, 1),
(4, 'system:user:delete', '删除用户', '删除用户', 'ENABLED', 'BUTTON', 'system', 'user', 'delete', 4, NOW(), NOW(), 'system', 'system', 0, 1),
(5, 'system:role:view', '查看角色', '查看角色信息', 'ENABLED', 'BUTTON', 'system', 'role', 'view', 5, NOW(), NOW(), 'system', 'system', 0, 1),
(6, 'system:role:create', '创建角色', '创建新角色', 'ENABLED', 'BUTTON', 'system', 'role', 'create', 6, NOW(), NOW(), 'system', 'system', 0, 1),
(7, 'system:role:update', '编辑角色', '编辑角色信息', 'ENABLED', 'BUTTON', 'system', 'role', 'update', 7, NOW(), NOW(), 'system', 'system', 0, 1),
(8, 'system:role:delete', '删除角色', '删除角色', 'ENABLED', 'BUTTON', 'system', 'role', 'delete', 8, NOW(), NOW(), 'system', 'system', 0, 1)
2026-05-23 19:03:13.956 [main] DEBUG o.f.c.internal.sqlscript.DefaultSqlScriptExecutor - 8 rows affected
2026-05-23 19:03:13.956 [main] DEBUG o.f.c.internal.sqlscript.DefaultSqlScriptExecutor - Executing SQL: -- ============================================================
-- 10. 种子数据：基础菜单
-- ============================================================
INSERT INTO sys_menu (id, parent_id, name, path, component, icon, sort_order, type, permission_code, visible, status, created_at, updated_at, created_by, updated_by, deleted, version)
VALUES
(1, 0, '系统管理', '/system', NULL, 'setting', 1, 1, NULL, 1, 1, NOW(), NOW(), 'system', 'system', 0, 1),
(2, 1, '用户管理', '/system/users', 'system/users/index', 'user', 1, 2, 'system:user:view', 1, 1, NOW(), NOW(), 'system', 'system', 0, 1),
(3, 1, '角色管理', '/system/roles', 'system/roles/index', 'team', 2, 2, 'system:role:view', 1, 1, NOW(), NOW(), 'system', 'system', 0, 1),
(4, 1, '权限管理', '/system/permissions', 'system/permissions/index', 'safety', 3, 2, 'system:permission:view', 1, 1, NOW(), NOW(), 'system', 'system', 0, 1),
(5, 1, '菜单管理', '/system/menus', 'system/menus/index', 'menu', 4, 2, 'system:menu:view', 1, 1, NOW(), NOW(), 'system', 'system', 0, 1)
2026-05-23 19:03:13.959 [main] DEBUG o.f.c.internal.sqlscript.DefaultSqlScriptExecutor - 5 rows affected
2026-05-23 19:03:13.960 [main] DEBUG o.f.c.internal.sqlscript.DefaultSqlScriptExecutor - Executing SQL: -- ============================================================
-- 11. 关联管理员角色和所有权限
-- ============================================================
INSERT INTO sys_role_permission (id, role_id, permission_id, created_at, created_by, updated_at, updated_by, deleted)
VALUES
(1, 1, 1, NOW(), 'system', NOW(), 'system', 0),
(2, 1, 2, NOW(), 'system', NOW(), 'system', 0),
(3, 1, 3, NOW(), 'system', NOW(), 'system', 0),
(4, 1, 4, NOW(), 'system', NOW(), 'system', 0),
(5, 1, 5, NOW(), 'system', NOW(), 'system', 0),
(6, 1, 6, NOW(), 'system', NOW(), 'system', 0),
(7, 1, 7, NOW(), 'system', NOW(), 'system', 0),
(8, 1, 8, NOW(), 'system', NOW(), 'system', 0)
2026-05-23 19:03:13.961 [main] DEBUG o.f.c.internal.sqlscript.DefaultSqlScriptExecutor - 8 rows affected
2026-05-23 19:03:13.961 [main] DEBUG o.f.c.internal.sqlscript.DefaultSqlScriptExecutor - Executing SQL: -- ============================================================
-- 12. 关联管理员角色和所有菜单
-- ============================================================
INSERT INTO sys_role_menu (id, role_id, menu_id, created_at, created_by, updated_at, updated_by, deleted)
VALUES
(1, 1, 1, NOW(), 'system', NOW(), 'system', 0),
(2, 1, 2, NOW(), 'system', NOW(), 'system', 0),
(3, 1, 3, NOW(), 'system', NOW(), 'system', 0),
(4, 1, 4, NOW(), 'system', NOW(), 'system', 0),
(5, 1, 5, NOW(), 'system', NOW(), 'system', 0)
2026-05-23 19:03:13.963 [main] DEBUG o.f.c.internal.sqlscript.DefaultSqlScriptExecutor - 5 rows affected
2026-05-23 19:03:13.963 [main] DEBUG org.flywaydb.core.internal.command.DbMigrate - Successfully completed migration of schema `admin_scaffold_test` to version "3 - seed data"
2026-05-23 19:03:13.972 [main] DEBUG o.f.c.i.schemahistory.JdbcTableSchemaHistory - Schema History table `admin_scaffold_test`.`flyway_schema_history` successfully updated to reflect changes
2026-05-23 19:03:13.987 [main] DEBUG o.f.core.api.configuration.ClassicConfiguration - CherryPickConfigurationExtension not found
2026-05-23 19:03:13.991 [main] DEBUG org.flywaydb.core.internal.parser.Parser - Parsing V4__add_employee_org_tables.sql ...
2026-05-23 19:03:13.993 [main] DEBUG o.flywaydb.core.internal.sqlscript.ParserSqlScript - Found statement at line 8: -- M3: 员工组织模块 - 新增4张表
-- hr_employee: 员工主数据表
-- org_unit: 组织架构表
-- employee_org: 员工-组织多对多关联表
-- sys_role_org: 角色-组织自定义数据权限范围表

-- 员工主数据表
CREATE TABLE IF NOT EXISTS `hr_employee` (
    `id` BIGINT NOT NULL AUTO_INCREMENT COMMENT '主键ID',
    `employee_no` VARCHAR(64) NOT NULL COMMENT '员工工号',
    `name` VARCHAR(100) NOT NULL COMMENT '员工姓名',
    `preferred_name` VARCHAR(100) COMMENT '常用名/花名',
    `mobile` VARCHAR(32) COMMENT '手机号',
    `email` VARCHAR(100) COMMENT '邮箱',
    `primary_org_id` BIGINT COMMENT '主组织ID',
    `job_title` VARCHAR(100) COMMENT '职位',
    `employment_status` VARCHAR(32) NOT NULL DEFAULT 'ACTIVE' COMMENT '在职状态(ACTIVE/RESIGNED/SUSPENDED)',
    `entry_date` DATE COMMENT '入职日期',
    `leave_date` DATE COMMENT '离职日期',
    `source_type` VARCHAR(32) NOT NULL DEFAULT 'MANUAL' COMMENT '数据来源(MANUAL/IMPORT/API)',
    `created_at` DATETIME DEFAULT CURRENT_TIMESTAMP COMMENT '创建时间',
    `created_by` VARCHAR(50) COMMENT '创建人',
    `updated_at` DATETIME DEFAULT CURRENT_TIMESTAMP ON UPDATE CURRENT_TIMESTAMP COMMENT '更新时间',
    `updated_by` VARCHAR(50) COMMENT '更新人',
    `deleted` INT DEFAULT 0 COMMENT '逻辑删除标志：0-未删除，1-已删除',
    `version` INT DEFAULT 1 COMMENT '版本号',
    PRIMARY KEY (`id`),
    UNIQUE KEY `uk_employee_no` (`employee_no`),
    KEY `idx_name` (`name`),
    KEY `idx_mobile` (`mobile`),
    KEY `idx_primary_org_id` (`primary_org_id`),
    KEY `idx_employment_status` (`employment_status`)
) ENGINE=InnoDB DEFAULT CHARSET=utf8mb4 COLLATE=utf8mb4_0900_ai_ci COMMENT='员工主数据表'
2026-05-23 19:03:13.993 [main] DEBUG o.flywaydb.core.internal.sqlscript.ParserSqlScript - Found statement at line 36: -- 组织架构表
CREATE TABLE IF NOT EXISTS `org_unit` (
    `id` BIGINT NOT NULL AUTO_INCREMENT COMMENT '主键ID',
    `parent_id` BIGINT NOT NULL DEFAULT 0 COMMENT '父节点ID(0表示根节点)',
    `code` VARCHAR(64) NOT NULL COMMENT '组织编码',
    `name` VARCHAR(100) NOT NULL COMMENT '组织名称',
    `full_path` VARCHAR(500) COMMENT '完整路径(如/1/5/12/)',
    `level` INT DEFAULT 1 COMMENT '层级(从1开始)',
    `manager_employee_id` BIGINT COMMENT '负责人员工ID',
    `sort_order` INT DEFAULT 0 COMMENT '排序号',
    `status` VARCHAR(32) DEFAULT 'ENABLED' COMMENT '状态(ENABLED/DISABLED)',
    `source_type` VARCHAR(32) NOT NULL DEFAULT 'MANUAL' COMMENT '数据来源(MANUAL/IMPORT/API)',
    `created_at` DATETIME DEFAULT CURRENT_TIMESTAMP COMMENT '创建时间',
    `created_by` VARCHAR(50) COMMENT '创建人',
    `updated_at` DATETIME DEFAULT CURRENT_TIMESTAMP ON UPDATE CURRENT_TIMESTAMP COMMENT '更新时间',
    `updated_by` VARCHAR(50) COMMENT '更新人',
    `deleted` INT DEFAULT 0 COMMENT '逻辑删除标志：0-未删除，1-已删除',
    `version` INT DEFAULT 1 COMMENT '版本号',
    PRIMARY KEY (`id`),
    UNIQUE KEY `uk_code` (`code`),
    KEY `idx_parent_id` (`parent_id`),
    KEY `idx_manager_employee_id` (`manager_employee_id`)
) ENGINE=InnoDB DEFAULT CHARSET=utf8mb4 COLLATE=utf8mb4_0900_ai_ci COMMENT='组织架构表'
2026-05-23 19:03:13.993 [main] DEBUG o.flywaydb.core.internal.sqlscript.ParserSqlScript - Found statement at line 60: -- 员工-组织多对多关联表
CREATE TABLE IF NOT EXISTS `employee_org` (
    `id` BIGINT NOT NULL AUTO_INCREMENT COMMENT '主键ID',
    `employee_id` BIGINT NOT NULL COMMENT '员工ID',
    `org_id` BIGINT NOT NULL COMMENT '组织ID',
    `is_primary` TINYINT DEFAULT 0 COMMENT '是否主组织(0-否，1-是)',
    `position_name` VARCHAR(100) COMMENT '岗位名称',
    `start_date` DATE COMMENT '开始日期',
    `end_date` DATE COMMENT '结束日期',
    `status` VARCHAR(32) DEFAULT 'ACTIVE' COMMENT '状态(ACTIVE/INACTIVE)',
    `created_at` DATETIME DEFAULT CURRENT_TIMESTAMP COMMENT '创建时间',
    `created_by` VARCHAR(50) COMMENT '创建人',
    `updated_at` DATETIME DEFAULT CURRENT_TIMESTAMP ON UPDATE CURRENT_TIMESTAMP COMMENT '更新时间',
    `updated_by` VARCHAR(50) COMMENT '更新人',
    `deleted` INT DEFAULT 0 COMMENT '逻辑删除标志：0-未删除，1-已删除',
    `version` INT DEFAULT 1 COMMENT '版本号',
    PRIMARY KEY (`id`),
    UNIQUE KEY `uk_employee_org` (`employee_id`, `org_id`),
    KEY `idx_org_id` (`org_id`),
    KEY `idx_status` (`status`)
) ENGINE=InnoDB DEFAULT CHARSET=utf8mb4 COLLATE=utf8mb4_0900_ai_ci COMMENT='员工-组织关联表'
2026-05-23 19:03:13.994 [main] DEBUG o.flywaydb.core.internal.sqlscript.ParserSqlScript - Found statement at line 82: -- 角色-组织自定义数据权限范围表(物理删除，不做逻辑删除)
CREATE TABLE IF NOT EXISTS `sys_role_org` (
    `id` BIGINT NOT NULL AUTO_INCREMENT COMMENT '主键ID',
    `role_id` BIGINT NOT NULL COMMENT '角色ID',
    `org_id` BIGINT NOT NULL COMMENT '组织ID',
    `created_at` DATETIME DEFAULT CURRENT_TIMESTAMP COMMENT '创建时间',
    `created_by` VARCHAR(50) COMMENT '创建人',
    PRIMARY KEY (`id`),
    UNIQUE KEY `uk_role_org` (`role_id`, `org_id`),
    KEY `idx_org_id` (`org_id`)
) ENGINE=InnoDB DEFAULT CHARSET=utf8mb4 COLLATE=utf8mb4_0900_ai_ci COMMENT='角色-组织数据权限范围表'
2026-05-23 19:03:13.996 [main] DEBUG org.flywaydb.core.internal.command.DbMigrate - Starting migration of schema `admin_scaffold_test` to version "4 - add employee org tables" ...
2026-05-23 19:03:14.001 [main] INFO  org.flywaydb.core.internal.command.DbMigrate - Migrating schema `admin_scaffold_test` to version "4 - add employee org tables"
2026-05-23 19:03:14.003 [main] DEBUG o.f.c.internal.sqlscript.DefaultSqlScriptExecutor - Executing SQL: -- M3: 员工组织模块 - 新增4张表
-- hr_employee: 员工主数据表
-- org_unit: 组织架构表
-- employee_org: 员工-组织多对多关联表
-- sys_role_org: 角色-组织自定义数据权限范围表

-- 员工主数据表
CREATE TABLE IF NOT EXISTS `hr_employee` (
    `id` BIGINT NOT NULL AUTO_INCREMENT COMMENT '主键ID',
    `employee_no` VARCHAR(64) NOT NULL COMMENT '员工工号',
    `name` VARCHAR(100) NOT NULL COMMENT '员工姓名',
    `preferred_name` VARCHAR(100) COMMENT '常用名/花名',
    `mobile` VARCHAR(32) COMMENT '手机号',
    `email` VARCHAR(100) COMMENT '邮箱',
    `primary_org_id` BIGINT COMMENT '主组织ID',
    `job_title` VARCHAR(100) COMMENT '职位',
    `employment_status` VARCHAR(32) NOT NULL DEFAULT 'ACTIVE' COMMENT '在职状态(ACTIVE/RESIGNED/SUSPENDED)',
    `entry_date` DATE COMMENT '入职日期',
    `leave_date` DATE COMMENT '离职日期',
    `source_type` VARCHAR(32) NOT NULL DEFAULT 'MANUAL' COMMENT '数据来源(MANUAL/IMPORT/API)',
    `created_at` DATETIME DEFAULT CURRENT_TIMESTAMP COMMENT '创建时间',
    `created_by` VARCHAR(50) COMMENT '创建人',
    `updated_at` DATETIME DEFAULT CURRENT_TIMESTAMP ON UPDATE CURRENT_TIMESTAMP COMMENT '更新时间',
    `updated_by` VARCHAR(50) COMMENT '更新人',
    `deleted` INT DEFAULT 0 COMMENT '逻辑删除标志：0-未删除，1-已删除',
    `version` INT DEFAULT 1 COMMENT '版本号',
    PRIMARY KEY (`id`),
    UNIQUE KEY `uk_employee_no` (`employee_no`),
    KEY `idx_name` (`name`),
    KEY `idx_mobile` (`mobile`),
    KEY `idx_primary_org_id` (`primary_org_id`),
    KEY `idx_employment_status` (`employment_status`)
) ENGINE=InnoDB DEFAULT CHARSET=utf8mb4 COLLATE=utf8mb4_0900_ai_ci COMMENT='员工主数据表'
2026-05-23 19:03:14.096 [main] DEBUG o.f.c.internal.sqlscript.DefaultSqlScriptExecutor - 0 rows affected
2026-05-23 19:03:14.097 [main] DEBUG o.f.c.internal.sqlscript.DefaultSqlScriptExecutor - Executing SQL: -- 组织架构表
CREATE TABLE IF NOT EXISTS `org_unit` (
    `id` BIGINT NOT NULL AUTO_INCREMENT COMMENT '主键ID',
    `parent_id` BIGINT NOT NULL DEFAULT 0 COMMENT '父节点ID(0表示根节点)',
    `code` VARCHAR(64) NOT NULL COMMENT '组织编码',
    `name` VARCHAR(100) NOT NULL COMMENT '组织名称',
    `full_path` VARCHAR(500) COMMENT '完整路径(如/1/5/12/)',
    `level` INT DEFAULT 1 COMMENT '层级(从1开始)',
    `manager_employee_id` BIGINT COMMENT '负责人员工ID',
    `sort_order` INT DEFAULT 0 COMMENT '排序号',
    `status` VARCHAR(32) DEFAULT 'ENABLED' COMMENT '状态(ENABLED/DISABLED)',
    `source_type` VARCHAR(32) NOT NULL DEFAULT 'MANUAL' COMMENT '数据来源(MANUAL/IMPORT/API)',
    `created_at` DATETIME DEFAULT CURRENT_TIMESTAMP COMMENT '创建时间',
    `created_by` VARCHAR(50) COMMENT '创建人',
    `updated_at` DATETIME DEFAULT CURRENT_TIMESTAMP ON UPDATE CURRENT_TIMESTAMP COMMENT '更新时间',
    `updated_by` VARCHAR(50) COMMENT '更新人',
    `deleted` INT DEFAULT 0 COMMENT '逻辑删除标志：0-未删除，1-已删除',
    `version` INT DEFAULT 1 COMMENT '版本号',
    PRIMARY KEY (`id`),
    UNIQUE KEY `uk_code` (`code`),
    KEY `idx_parent_id` (`parent_id`),
    KEY `idx_manager_employee_id` (`manager_employee_id`)
) ENGINE=InnoDB DEFAULT CHARSET=utf8mb4 COLLATE=utf8mb4_0900_ai_ci COMMENT='组织架构表'
2026-05-23 19:03:14.170 [main] DEBUG o.f.c.internal.sqlscript.DefaultSqlScriptExecutor - 0 rows affected
2026-05-23 19:03:14.170 [main] DEBUG o.f.c.internal.sqlscript.DefaultSqlScriptExecutor - Executing SQL: -- 员工-组织多对多关联表
CREATE TABLE IF NOT EXISTS `employee_org` (
    `id` BIGINT NOT NULL AUTO_INCREMENT COMMENT '主键ID',
    `employee_id` BIGINT NOT NULL COMMENT '员工ID',
    `org_id` BIGINT NOT NULL COMMENT '组织ID',
    `is_primary` TINYINT DEFAULT 0 COMMENT '是否主组织(0-否，1-是)',
    `position_name` VARCHAR(100) COMMENT '岗位名称',
    `start_date` DATE COMMENT '开始日期',
    `end_date` DATE COMMENT '结束日期',
    `status` VARCHAR(32) DEFAULT 'ACTIVE' COMMENT '状态(ACTIVE/INACTIVE)',
    `created_at` DATETIME DEFAULT CURRENT_TIMESTAMP COMMENT '创建时间',
    `created_by` VARCHAR(50) COMMENT '创建人',
    `updated_at` DATETIME DEFAULT CURRENT_TIMESTAMP ON UPDATE CURRENT_TIMESTAMP COMMENT '更新时间',
    `updated_by` VARCHAR(50) COMMENT '更新人',
    `deleted` INT DEFAULT 0 COMMENT '逻辑删除标志：0-未删除，1-已删除',
    `version` INT DEFAULT 1 COMMENT '版本号',
    PRIMARY KEY (`id`),
    UNIQUE KEY `uk_employee_org` (`employee_id`, `org_id`),
    KEY `idx_org_id` (`org_id`),
    KEY `idx_status` (`status`)
) ENGINE=InnoDB DEFAULT CHARSET=utf8mb4 COLLATE=utf8mb4_0900_ai_ci COMMENT='员工-组织关联表'
2026-05-23 19:03:14.239 [main] DEBUG o.f.c.internal.sqlscript.DefaultSqlScriptExecutor - 0 rows affected
2026-05-23 19:03:14.239 [main] DEBUG o.f.c.internal.sqlscript.DefaultSqlScriptExecutor - Executing SQL: -- 角色-组织自定义数据权限范围表(物理删除，不做逻辑删除)
CREATE TABLE IF NOT EXISTS `sys_role_org` (
    `id` BIGINT NOT NULL AUTO_INCREMENT COMMENT '主键ID',
    `role_id` BIGINT NOT NULL COMMENT '角色ID',
    `org_id` BIGINT NOT NULL COMMENT '组织ID',
    `created_at` DATETIME DEFAULT CURRENT_TIMESTAMP COMMENT '创建时间',
    `created_by` VARCHAR(50) COMMENT '创建人',
    PRIMARY KEY (`id`),
    UNIQUE KEY `uk_role_org` (`role_id`, `org_id`),
    KEY `idx_org_id` (`org_id`)
) ENGINE=InnoDB DEFAULT CHARSET=utf8mb4 COLLATE=utf8mb4_0900_ai_ci COMMENT='角色-组织数据权限范围表'
2026-05-23 19:03:14.304 [main] DEBUG o.f.c.internal.sqlscript.DefaultSqlScriptExecutor - 0 rows affected
2026-05-23 19:03:14.304 [main] DEBUG org.flywaydb.core.internal.command.DbMigrate - Successfully completed migration of schema `admin_scaffold_test` to version "4 - add employee org tables"
2026-05-23 19:03:14.315 [main] DEBUG o.f.c.i.schemahistory.JdbcTableSchemaHistory - Schema History table `admin_scaffold_test`.`flyway_schema_history` successfully updated to reflect changes
2026-05-23 19:03:14.331 [main] DEBUG o.f.core.api.configuration.ClassicConfiguration - CherryPickConfigurationExtension not found
2026-05-23 19:03:14.335 [main] DEBUG org.flywaydb.core.internal.parser.Parser - Parsing V5__seed_data_org.sql ...
2026-05-23 19:03:14.337 [main] DEBUG o.flywaydb.core.internal.sqlscript.ParserSqlScript - Found statement at line 8: -- V5: 组织模块种子数据
-- LOCAL-ONLY: 仅用于本地开发环境
-- 依赖 V4 表结构

-- ============================================================
-- 1. 部门树：总公司(100) → 技术部(101)/产品部(102) → 后端组(103)/前端组(104)
-- ============================================================
INSERT INTO org_unit (id, parent_id, code, name, full_path, level, sort_order, status, source_type, created_at, updated_at, created_by, updated_by, deleted, version)
VALUES
(100, 0, 'HQ', '总公司', '/100/', 1, 1, 'ENABLED', 'MANUAL', NOW(), NOW(), 'system', 'system', 0, 1),
(101, 100, 'TECH', '技术部', '/100/101/', 2, 1, 'ENABLED', 'MANUAL', NOW(), NOW(), 'system', 'system', 0, 1),
(102, 100, 'PRODUCT', '产品部', '/100/102/', 2, 2, 'ENABLED', 'MANUAL', NOW(), NOW(), 'system', 'system', 0, 1),
(103, 101, 'BACKEND', '后端组', '/100/101/103/', 3, 1, 'ENABLED', 'MANUAL', NOW(), NOW(), 'system', 'system', 0, 1),
(104, 101, 'FRONTEND', '前端组', '/100/101/104/', 3, 2, 'ENABLED', 'MANUAL', NOW(), NOW(), 'system', 'system', 0, 1)
2026-05-23 19:03:14.338 [main] DEBUG o.flywaydb.core.internal.sqlscript.ParserSqlScript - Found statement at line 19: -- ============================================================
-- 2. 员工数据
-- ============================================================
INSERT INTO hr_employee (id, employee_no, name, mobile, email, primary_org_id, job_title, employment_status, entry_date, source_type, created_at, updated_at, created_by, updated_by, deleted, version)
VALUES
(100, 'EMP001', '张三', '13800000001', 'zhangsan@example.com', 101, '技术总监', 'ACTIVE', '2024-01-01', 'MANUAL', NOW(), NOW(), 'system', 'system', 0, 1),
(101, 'EMP002', '李四', '13800000002', 'lisi@example.com', 103, '后端开发', 'ACTIVE', '2024-03-15', 'MANUAL', NOW(), NOW(), 'system', 'system', 0, 1),
(102, 'EMP003', '王五', '13800000003', 'wangwu@example.com', 102, '产品经理', 'ACTIVE', '2024-06-01', 'MANUAL', NOW(), NOW(), 'system', 'system', 0, 1)
2026-05-23 19:03:14.338 [main] DEBUG o.flywaydb.core.internal.sqlscript.ParserSqlScript - Found statement at line 28: -- ============================================================
-- 3. 员工-组织关联
-- ============================================================
INSERT INTO employee_org (id, employee_id, org_id, is_primary, position_name, status, created_at, created_by, updated_at, updated_by, deleted, version)
VALUES
(1, 100, 101, 1, '技术总监', 'ACTIVE', NOW(), 'system', NOW(), 'system', 0, 1),
(2, 101, 103, 1, '后端开发', 'ACTIVE', NOW(), 'system', NOW(), 'system', 0, 1),
(3, 102, 102, 1, '产品经理', 'ACTIVE', NOW(), 'system', NOW(), 'system', 0, 1)
2026-05-23 19:03:14.339 [main] DEBUG o.flywaydb.core.internal.sqlscript.ParserSqlScript - Found statement at line 38: -- ============================================================
-- 4. 角色-组织关联（CUSTOM 数据权限）
-- role_id=2 为 V3 中的普通用户角色（USER），赋予技术部(101)的自定义数据权限
-- ============================================================
INSERT INTO sys_role_org (id, role_id, org_id, created_at, created_by)
VALUES
(1, 2, 101, NOW(), 'system'),
(2, 2, 102, NOW(), 'system')
2026-05-23 19:03:14.339 [main] DEBUG org.flywaydb.core.internal.command.DbMigrate - Starting migration of schema `admin_scaffold_test` to version "5 - seed data org" ...
2026-05-23 19:03:14.346 [main] INFO  org.flywaydb.core.internal.command.DbMigrate - Migrating schema `admin_scaffold_test` to version "5 - seed data org"
2026-05-23 19:03:14.346 [main] DEBUG o.f.c.internal.sqlscript.DefaultSqlScriptExecutor - Executing SQL: -- V5: 组织模块种子数据
-- LOCAL-ONLY: 仅用于本地开发环境
-- 依赖 V4 表结构

-- ============================================================
-- 1. 部门树：总公司(100) → 技术部(101)/产品部(102) → 后端组(103)/前端组(104)
-- ============================================================
INSERT INTO org_unit (id, parent_id, code, name, full_path, level, sort_order, status, source_type, created_at, updated_at, created_by, updated_by, deleted, version)
VALUES
(100, 0, 'HQ', '总公司', '/100/', 1, 1, 'ENABLED', 'MANUAL', NOW(), NOW(), 'system', 'system', 0, 1),
(101, 100, 'TECH', '技术部', '/100/101/', 2, 1, 'ENABLED', 'MANUAL', NOW(), NOW(), 'system', 'system', 0, 1),
(102, 100, 'PRODUCT', '产品部', '/100/102/', 2, 2, 'ENABLED', 'MANUAL', NOW(), NOW(), 'system', 'system', 0, 1),
(103, 101, 'BACKEND', '后端组', '/100/101/103/', 3, 1, 'ENABLED', 'MANUAL', NOW(), NOW(), 'system', 'system', 0, 1),
(104, 101, 'FRONTEND', '前端组', '/100/101/104/', 3, 2, 'ENABLED', 'MANUAL', NOW(), NOW(), 'system', 'system', 0, 1)
2026-05-23 19:03:14.349 [main] DEBUG o.f.c.internal.sqlscript.DefaultSqlScriptExecutor - 5 rows affected
2026-05-23 19:03:14.349 [main] DEBUG o.f.c.internal.sqlscript.DefaultSqlScriptExecutor - Executing SQL: -- ============================================================
-- 2. 员工数据
-- ============================================================
INSERT INTO hr_employee (id, employee_no, name, mobile, email, primary_org_id, job_title, employment_status, entry_date, source_type, created_at, updated_at, created_by, updated_by, deleted, version)
VALUES
(100, 'EMP001', '张三', '13800000001', 'zhangsan@example.com', 101, '技术总监', 'ACTIVE', '2024-01-01', 'MANUAL', NOW(), NOW(), 'system', 'system', 0, 1),
(101, 'EMP002', '李四', '13800000002', 'lisi@example.com', 103, '后端开发', 'ACTIVE', '2024-03-15', 'MANUAL', NOW(), NOW(), 'system', 'system', 0, 1),
(102, 'EMP003', '王五', '13800000003', 'wangwu@example.com', 102, '产品经理', 'ACTIVE', '2024-06-01', 'MANUAL', NOW(), NOW(), 'system', 'system', 0, 1)
2026-05-23 19:03:14.351 [main] DEBUG o.f.c.internal.sqlscript.DefaultSqlScriptExecutor - 3 rows affected
2026-05-23 19:03:14.351 [main] DEBUG o.f.c.internal.sqlscript.DefaultSqlScriptExecutor - Executing SQL: -- ============================================================
-- 3. 员工-组织关联
-- ============================================================
INSERT INTO employee_org (id, employee_id, org_id, is_primary, position_name, status, created_at, created_by, updated_at, updated_by, deleted, version)
VALUES
(1, 100, 101, 1, '技术总监', 'ACTIVE', NOW(), 'system', NOW(), 'system', 0, 1),
(2, 101, 103, 1, '后端开发', 'ACTIVE', NOW(), 'system', NOW(), 'system', 0, 1),
(3, 102, 102, 1, '产品经理', 'ACTIVE', NOW(), 'system', NOW(), 'system', 0, 1)
2026-05-23 19:03:14.353 [main] DEBUG o.f.c.internal.sqlscript.DefaultSqlScriptExecutor - 3 rows affected
2026-05-23 19:03:14.353 [main] DEBUG o.f.c.internal.sqlscript.DefaultSqlScriptExecutor - Executing SQL: -- ============================================================
-- 4. 角色-组织关联（CUSTOM 数据权限）
-- role_id=2 为 V3 中的普通用户角色（USER），赋予技术部(101)的自定义数据权限
-- ============================================================
INSERT INTO sys_role_org (id, role_id, org_id, created_at, created_by)
VALUES
(1, 2, 101, NOW(), 'system'),
(2, 2, 102, NOW(), 'system')
2026-05-23 19:03:14.355 [main] DEBUG o.f.c.internal.sqlscript.DefaultSqlScriptExecutor - 2 rows affected
2026-05-23 19:03:14.355 [main] DEBUG org.flywaydb.core.internal.command.DbMigrate - Successfully completed migration of schema `admin_scaffold_test` to version "5 - seed data org"
2026-05-23 19:03:14.366 [main] DEBUG o.f.c.i.schemahistory.JdbcTableSchemaHistory - Schema History table `admin_scaffold_test`.`flyway_schema_history` successfully updated to reflect changes
2026-05-23 19:03:14.383 [main] DEBUG o.f.core.api.configuration.ClassicConfiguration - CherryPickConfigurationExtension not found
2026-05-23 19:03:14.389 [main] INFO  org.flywaydb.core.internal.command.DbMigrate - Successfully applied 5 migrations to schema `admin_scaffold_test`, now at version v5 (execution time 00:01.712s)
2026-05-23 19:03:14.395 [main] DEBUG org.flywaydb.core.FlywayExecutor - Memory usage: 183 of 308M
2026-05-23 19:03:14.395 [main] INFO  i.g.l.admin.config.TestDatabaseInitializer - Flyway 迁移完成
2026-05-23 19:03:14.401 [main] DEBUG o.f.c.internal.scanner.classpath.ClassPathScanner - Scanning for classpath resources at 'classpath:db/callback' ...
2026-05-23 19:03:14.401 [main] DEBUG o.f.c.internal.scanner.classpath.ClassPathScanner - Determining location urls for classpath:db/callback using ClassLoader jdk.internal.loader.ClassLoaders$AppClassLoader@5c647e05 ...
2026-05-23 19:03:14.402 [main] DEBUG o.f.c.internal.scanner.classpath.ClassPathScanner - Unable to resolve location classpath:db/callback.
2026-05-23 19:03:14.404 [main] DEBUG o.f.c.internal.scanner.classpath.ClassPathScanner - Scanning for classpath resources at 'classpath:db/migration' ...
2026-05-23 19:03:14.404 [main] DEBUG o.f.c.internal.scanner.classpath.ClassPathScanner - Determining location urls for classpath:db/migration using ClassLoader jdk.internal.loader.ClassLoaders$AppClassLoader@5c647e05 ...
2026-05-23 19:03:14.404 [main] DEBUG o.f.c.internal.scanner.classpath.ClassPathScanner - Scanning URL: file:/C:/workspace/admin-management-scaffold/backend/target/classes/db/migration
2026-05-23 19:03:14.404 [main] DEBUG o.f.c.i.s.c.FileSystemClassPathLocationScanner - Scanning starting at classpath root in filesystem: C:\workspace\admin-management-scaffold\backend\target\classes\
2026-05-23 19:03:14.404 [main] DEBUG o.f.c.i.s.c.FileSystemClassPathLocationScanner - Scanning for resources in path: C:\workspace\admin-management-scaffold\backend\target\classes\db\migration (db/migration)
2026-05-23 19:03:14.407 [main] DEBUG o.f.c.internal.scanner.classpath.ClassPathScanner - Found resource: db/migration/V1__init_schema.sql
2026-05-23 19:03:14.407 [main] DEBUG o.f.c.internal.scanner.classpath.ClassPathScanner - Found resource: db/migration/V2__add_menu_and_permission_fields.sql
2026-05-23 19:03:14.407 [main] DEBUG o.f.c.internal.scanner.classpath.ClassPathScanner - Found resource: db/migration/V3__seed_data.sql
2026-05-23 19:03:14.407 [main] DEBUG o.f.c.internal.scanner.classpath.ClassPathScanner - Found resource: db/migration/V4__add_employee_org_tables.sql
2026-05-23 19:03:14.407 [main] DEBUG o.f.c.internal.scanner.classpath.ClassPathScanner - Found resource: db/migration/V5__seed_data_org.sql
2026-05-23 19:03:14.407 [main] DEBUG o.f.c.internal.scanner.classpath.ClassPathScanner - Scanning for classes at classpath:db/migration
2026-05-23 19:03:14.407 [main] DEBUG o.f.core.internal.resource.ResourceNameValidator - Validating V4__add_employee_org_tables.sql
2026-05-23 19:03:14.416 [main] DEBUG o.f.core.internal.resource.ResourceNameValidator - Validating V1__init_schema.sql
2026-05-23 19:03:14.416 [main] DEBUG o.f.core.internal.resource.ResourceNameValidator - Validating V2__add_menu_and_permission_fields.sql
2026-05-23 19:03:14.416 [main] DEBUG o.f.core.internal.resource.ResourceNameValidator - Validating V3__seed_data.sql
2026-05-23 19:03:14.416 [main] DEBUG o.f.core.internal.resource.ResourceNameValidator - Validating V5__seed_data_org.sql
2026-05-23 19:03:14.428 [main] INFO  org.flywaydb.core.FlywayExecutor - Database: jdbc:mysql://localhost:3306/admin_scaffold_test (MySQL 9.1)
2026-05-23 19:03:14.428 [main] DEBUG org.flywaydb.core.FlywayExecutor - Database Type: MySQL
2026-05-23 19:03:14.428 [main] DEBUG org.flywaydb.core.FlywayExecutor - Driver: MySQL Connector/J mysql-connector-j-8.3.0 (Revision: 805f872a57875f311cb82487efcfb070411a3fa0)
2026-05-23 19:03:14.428 [main] DEBUG org.flywaydb.core.FlywayExecutor - DDL Transactions Supported: false
2026-05-23 19:03:14.428 [main] DEBUG o.f.c.internal.schemahistory.SchemaHistoryFactory - Schemas: 
2026-05-23 19:03:14.428 [main] DEBUG o.f.c.internal.schemahistory.SchemaHistoryFactory - Default schema: null
2026-05-23 19:03:14.435 [main] WARN  org.flywaydb.core.internal.database.base.Database - Flyway upgrade recommended: MySQL 9.1 is newer than this version of Flyway and support has not been tested. The latest supported version of MySQL is 8.1.
2026-05-23 19:03:14.435 [main] DEBUG o.f.c.internal.callback.SqlScriptCallbackFactory - Scanning for SQL callbacks ...
2026-05-23 19:03:14.437 [main] DEBUG org.flywaydb.core.internal.command.DbSchemas - Skipping creation of existing schema: `admin_scaffold_test`
2026-05-23 19:03:14.447 [main] DEBUG o.f.core.api.configuration.ClassicConfiguration - CherryPickConfigurationExtension not found
2026-05-23 19:03:14.453 [main] DEBUG org.flywaydb.core.internal.scanner.Scanner - Filtering out resource: db/migration/V4__add_employee_org_tables.sql (filename: V4__add_employee_org_tables.sql)
2026-05-23 19:03:14.453 [main] DEBUG org.flywaydb.core.internal.scanner.Scanner - Filtering out resource: db/migration/V1__init_schema.sql (filename: V1__init_schema.sql)
2026-05-23 19:03:14.453 [main] DEBUG org.flywaydb.core.internal.scanner.Scanner - Filtering out resource: db/migration/V2__add_menu_and_permission_fields.sql (filename: V2__add_menu_and_permission_fields.sql)
2026-05-23 19:03:14.453 [main] DEBUG org.flywaydb.core.internal.scanner.Scanner - Filtering out resource: db/migration/V3__seed_data.sql (filename: V3__seed_data.sql)
2026-05-23 19:03:14.453 [main] DEBUG org.flywaydb.core.internal.scanner.Scanner - Filtering out resource: db/migration/V5__seed_data_org.sql (filename: V5__seed_data_org.sql)
2026-05-23 19:03:14.453 [main] DEBUG org.flywaydb.core.internal.scanner.Scanner - Filtering out resource: db/migration/V4__add_employee_org_tables.sql (filename: V4__add_employee_org_tables.sql)
2026-05-23 19:03:14.453 [main] DEBUG org.flywaydb.core.internal.scanner.Scanner - Filtering out resource: db/migration/V1__init_schema.sql (filename: V1__init_schema.sql)
2026-05-23 19:03:14.453 [main] DEBUG org.flywaydb.core.internal.scanner.Scanner - Filtering out resource: db/migration/V2__add_menu_and_permission_fields.sql (filename: V2__add_menu_and_permission_fields.sql)
2026-05-23 19:03:14.453 [main] DEBUG org.flywaydb.core.internal.scanner.Scanner - Filtering out resource: db/migration/V3__seed_data.sql (filename: V3__seed_data.sql)
2026-05-23 19:03:14.453 [main] DEBUG org.flywaydb.core.internal.scanner.Scanner - Filtering out resource: db/migration/V5__seed_data_org.sql (filename: V5__seed_data_org.sql)
2026-05-23 19:03:14.460 [main] INFO  org.flywaydb.core.internal.command.DbMigrate - Current version of schema `admin_scaffold_test`: 5
2026-05-23 19:03:14.462 [main] INFO  org.flywaydb.core.internal.command.DbMigrate - Schema `admin_scaffold_test` is up to date. No migration necessary.
2026-05-23 19:03:14.468 [main] DEBUG org.flywaydb.core.FlywayExecutor - Memory usage: 185 of 308M
 _ _   |_  _ _|_. ___ _ |    _ 
| | |\/|_)(_| | |_\  |_)||_|_\ 
     /               |         
                        3.5.16 
____ ____    ___ ____ _  _ ____ _  _ 
[__  |__| __  |  |  | |_/  |___ |\ | 
___] |  |     |  |__| | \_ |___ | \| 
https://sa-token.cc (v1.45.0)
2026-05-23 19:03:15.094 [main] INFO  i.g.l.a.system.user.controller.UserControllerTest - Started UserControllerTest in 3.84 seconds (process running for 82.629)
2026-05-23 19:03:15.101 [main] INFO  i.g.lystrosaurus.admin.filter.RequestLogFilter - 请求开始: DELETE /app/users/999/employee  from 127.0.0.1
2026-05-23 19:03:15.102 [main] WARN  i.g.l.admin.handler.GlobalExceptionHandler - 业务异常: code=2001, message=用户不存在
2026-05-23 19:03:15.104 [main] INFO  i.g.lystrosaurus.admin.filter.RequestLogFilter - 请求结束: DELETE /app/users/999/employee status=200 耗时=3ms
2026-05-23 19:03:15.111 [main] INFO  i.g.lystrosaurus.admin.filter.RequestLogFilter - 请求开始: POST /app/users  from 127.0.0.1
2026-05-23 19:03:15.118 [main] INFO  i.g.lystrosaurus.admin.filter.RequestLogFilter - 请求结束: POST /app/users status=200 耗时=7ms
2026-05-23 19:03:15.124 [main] INFO  i.g.lystrosaurus.admin.filter.RequestLogFilter - 请求开始: PUT /app/users/1/password  from 127.0.0.1
2026-05-23 19:03:15.128 [main] INFO  i.g.lystrosaurus.admin.filter.RequestLogFilter - 请求结束: PUT /app/users/1/password status=200 耗时=4ms
2026-05-23 19:03:15.130 [main] INFO  i.g.lystrosaurus.admin.filter.RequestLogFilter - 请求开始: DELETE /app/users/1  from 127.0.0.1
2026-05-23 19:03:15.134 [main] INFO  i.g.lystrosaurus.admin.filter.RequestLogFilter - 请求结束: DELETE /app/users/1 status=200 耗时=4ms
2026-05-23 19:03:15.138 [main] INFO  i.g.lystrosaurus.admin.filter.RequestLogFilter - 请求开始: POST /app/users/2/employee  from 127.0.0.1
2026-05-23 19:03:15.142 [main] WARN  i.g.l.admin.handler.GlobalExceptionHandler - 业务异常: code=2008, message=该员工已绑定其他用户
2026-05-23 19:03:15.144 [main] INFO  i.g.lystrosaurus.admin.filter.RequestLogFilter - 请求结束: POST /app/users/2/employee status=200 耗时=6ms
2026-05-23 19:03:15.148 [main] INFO  i.g.lystrosaurus.admin.filter.RequestLogFilter - 请求开始: GET /app/users  from 127.0.0.1
2026-05-23 19:03:15.148 [main] INFO  i.g.lystrosaurus.admin.filter.RequestLogFilter - 请求结束: GET /app/users status=200 耗时=0ms
2026-05-23 19:03:15.155 [main] INFO  i.g.lystrosaurus.admin.filter.RequestLogFilter - 请求开始: GET /app/users/999  from 127.0.0.1
2026-05-23 19:03:15.155 [main] WARN  i.g.l.admin.handler.GlobalExceptionHandler - 业务异常: code=2001, message=用户不存在
2026-05-23 19:03:15.155 [main] INFO  i.g.lystrosaurus.admin.filter.RequestLogFilter - 请求结束: GET /app/users/999 status=200 耗时=0ms
2026-05-23 19:03:15.161 [main] INFO  i.g.lystrosaurus.admin.filter.RequestLogFilter - 请求开始: PUT /app/users/1/password  from 127.0.0.1
2026-05-23 19:03:15.161 [main] WARN  i.g.l.admin.handler.GlobalExceptionHandler - 参数校验失败: 新密码不能为空
2026-05-23 19:03:15.161 [main] INFO  i.g.lystrosaurus.admin.filter.RequestLogFilter - 请求结束: PUT /app/users/1/password status=400 耗时=0ms
2026-05-23 19:03:15.168 [main] INFO  i.g.lystrosaurus.admin.filter.RequestLogFilter - 请求开始: DELETE /app/users/1/employee  from 127.0.0.1
2026-05-23 19:03:15.168 [main] INFO  i.g.lystrosaurus.admin.filter.RequestLogFilter - 请求结束: DELETE /app/users/1/employee status=200 耗时=0ms
2026-05-23 19:03:15.168 [main] INFO  i.g.lystrosaurus.admin.filter.RequestLogFilter - 请求开始: POST /app/users/1/employee  from 127.0.0.1
2026-05-23 19:03:15.174 [main] INFO  i.g.lystrosaurus.admin.filter.RequestLogFilter - 请求结束: POST /app/users/1/employee status=200 耗时=6ms
2026-05-23 19:03:15.178 [main] INFO  i.g.lystrosaurus.admin.filter.RequestLogFilter - 请求开始: PUT /app/users/1/password  from 127.0.0.1
2026-05-23 19:03:15.178 [main] WARN  i.g.l.admin.handler.GlobalExceptionHandler - 参数校验失败: 旧密码不能为空
2026-05-23 19:03:15.178 [main] INFO  i.g.lystrosaurus.admin.filter.RequestLogFilter - 请求结束: PUT /app/users/1/password status=400 耗时=0ms
2026-05-23 19:03:15.184 [main] INFO  i.g.lystrosaurus.admin.filter.RequestLogFilter - 请求开始: PUT /app/users/1  from 127.0.0.1
2026-05-23 19:03:15.185 [main] INFO  i.g.lystrosaurus.admin.filter.RequestLogFilter - 请求结束: PUT /app/users/1 status=200 耗时=1ms
2026-05-23 19:03:15.190 [main] INFO  i.g.lystrosaurus.admin.filter.RequestLogFilter - 请求开始: GET /app/users/1  from 127.0.0.1
2026-05-23 19:03:15.192 [main] INFO  i.g.lystrosaurus.admin.filter.RequestLogFilter - 请求结束: GET /app/users/1 status=200 耗时=2ms
2026-05-23 19:03:15.198 [main] INFO  i.g.lystrosaurus.admin.filter.RequestLogFilter - 请求开始: POST /app/users  from 127.0.0.1
2026-05-23 19:03:15.198 [main] WARN  i.g.l.admin.handler.GlobalExceptionHandler - 参数校验失败: 用户名不能为空
2026-05-23 19:03:15.198 [main] INFO  i.g.lystrosaurus.admin.filter.RequestLogFilter - 请求结束: POST /app/users status=400 耗时=0ms
2026-05-23 19:03:15.204 [main] INFO  i.g.lystrosaurus.admin.filter.RequestLogFilter - 请求开始: POST /app/users/1/employee  from 127.0.0.1
2026-05-23 19:03:15.204 [main] WARN  i.g.l.admin.handler.GlobalExceptionHandler - 参数校验失败: 员工ID不能为空
2026-05-23 19:03:15.206 [main] INFO  i.g.lystrosaurus.admin.filter.RequestLogFilter - 请求结束: POST /app/users/1/employee status=400 耗时=2ms
2026-05-23 19:03:15.209 [main] INFO  i.g.lystrosaurus.admin.filter.RequestLogFilter - 请求开始: POST /app/users  from 127.0.0.1
2026-05-23 19:03:15.212 [main] WARN  i.g.l.admin.handler.GlobalExceptionHandler - 参数校验失败: 密码不能为空, 密码长度不能小于6位
2026-05-23 19:03:15.212 [main] INFO  i.g.lystrosaurus.admin.filter.RequestLogFilter - 请求结束: POST /app/users status=400 耗时=3ms
2026-05-23 19:03:15.214 [main] INFO  i.g.lystrosaurus.admin.filter.RequestLogFilter - 请求开始: POST /app/users/1/employee  from 127.0.0.1
2026-05-23 19:03:15.216 [main] WARN  i.g.l.admin.handler.GlobalExceptionHandler - 业务异常: code=7001, message=员工不存在
2026-05-23 19:03:15.216 [main] INFO  i.g.lystrosaurus.admin.filter.RequestLogFilter - 请求结束: POST /app/users/1/employee status=200 耗时=2ms
[ERROR] Failures: 
[ERROR]   ErrorCodeTest.should_have_category_number_format_when_defining_error_codes:22 ErrorCode 类别应该是有效的: EMPLOYEE ==> expected: <true> but was: <false>
[ERROR]   ErrorCodeTest.should_have_unique_code_values_when_defining_error_codes:90 ErrorCode 的 code 值应该唯一: USER_EMPLOYEE_NOT_FOUND 和 EMPLOYEE_NOT_FOUND ==> expected: not equal but was: <7001>
[ERROR] Errors: 
[ERROR]   EmployeeCrudIntegrationTest.should_create_employee:45 » BadSqlGrammar PreparedStatementCallback; bad SQL grammar [INSERT INTO hr_employee (id, org_id, employee_no, name, status, created_at, updated_at, created_by, updated_by, deleted, version) VALUES (?, 101, ?, '测试员工', 'ACTIVE', NOW(), NOW(), 'test', 'test', 0, 1)]
[ERROR]   EmployeeCrudIntegrationTest.should_fail_when_duplicate_employee_no:66 » BadSqlGrammar PreparedStatementCallback; bad SQL grammar [INSERT INTO hr_employee (id, org_id, employee_no, name, status, created_at, updated_at, created_by, updated_by, deleted, version) VALUES (?, 101, ?, '员工A', 'ACTIVE', NOW(), NOW(), 'test', 'test', 0, 1)]
[ERROR]   EmployeeCrudIntegrationTest.should_find_employee_by_id:86 » BadSqlGrammar PreparedStatementCallback; bad SQL grammar [INSERT INTO hr_employee (id, org_id, employee_no, name, status, created_at, updated_at, created_by, updated_by, deleted, version) VALUES (?, 101, 'EMP_FIND_001', '查询员工', 'ACTIVE', NOW(), NOW(), 'test', 'test', 0, 1)]
[ERROR]   EmployeeCrudIntegrationTest.should_find_employee_page:146 » BadSqlGrammar PreparedStatementCallback; bad SQL grammar [INSERT INTO hr_employee (id, org_id, employee_no, name, status, created_at, updated_at, created_by, updated_by, deleted, version) VALUES (?, 101, ?, '分页员工', 'ACTIVE', NOW(), NOW(), 'test', 'test', 0, 1)]
[ERROR]   EmployeeCrudIntegrationTest.should_soft_delete_employee:125 » BadSqlGrammar PreparedStatementCallback; bad SQL grammar [INSERT INTO hr_employee (id, org_id, employee_no, name, status, created_at, updated_at, created_by, updated_by, deleted, version) VALUES (?, 101, 'EMP_DEL_001', '删除员工', 'ACTIVE', NOW(), NOW(), 'test', 'test', 0, 1)]
[ERROR]   EmployeeCrudIntegrationTest.should_update_employee:104 » BadSqlGrammar PreparedStatementCallback; bad SQL grammar [INSERT INTO hr_employee (id, org_id, employee_no, name, status, created_at, updated_at, created_by, updated_by, deleted, version) VALUES (?, 101, 'EMP_UPD_001', '更新前', 'ACTIVE', NOW(), NOW(), 'test', 'test', 0, 1)]
[ERROR] Tests run: 485, Failures: 2, Errors: 6, Skipped: 0
[ERROR] Failed to execute goal org.apache.maven.plugins:maven-surefire-plugin:3.1.2:test (default-test) on project admin-management-scaffold: There are test failures.
[ERROR] 
[ERROR] Please refer to C:\workspace\admin-management-scaffold\backend\target\surefire-reports for the individual test results.
[ERROR] Please refer to dump files (if any exist) [date].dump, [date]-jvmRun[N].dump and [date].dumpstream.
[ERROR] -> [Help 1]
[ERROR] 
[ERROR] To see the full stack trace of the errors, re-run Maven with the -e switch.
[ERROR] Re-run Maven using the -X switch to enable full debug logging.
[ERROR] 
[ERROR] For more information about the errors and possible solutions, please read the following articles:
[ERROR] [Help 1] http://cwiki.apache.org/confluence/display/MAVEN/MojoFailureException
